[0;32m[INFO][0m Stage 1: Building Isaac ROS Common interfaces...
[2.340s] WARNING:colcon.colcon_ros.prefix_path.ament:The path '/home/jetros/ros2_ws/install/zed_ros2' in the environment variable AMENT_PREFIX_PATH doesn't exist
[2.340s] WARNING:colcon.colcon_ros.prefix_path.ament:The path '/home/jetros/ros2_ws/install/zed_robot_integration' in the environment variable AMENT_PREFIX_PATH doesn't exist
[2.340s] WARNING:colcon.colcon_ros.prefix_path.ament:The path '/home/jetros/ros2_ws/install/zed_ipc' in the environment variable AMENT_PREFIX_PATH doesn't exist
[2.340s] WARNING:colcon.colcon_ros.prefix_path.ament:The path '/home/jetros/ros2_ws/install/zed_multi_camera' in the environment variable AMENT_PREFIX_PATH doesn't exist
[2.340s] WARNING:colcon.colcon_ros.prefix_path.ament:The path '/home/jetros/ros2_ws/install/zed_display_rviz2' in the environment variable AMENT_PREFIX_PATH doesn't exist
[2.340s] WARNING:colcon.colcon_ros.prefix_path.ament:The path '/home/jetros/ros2_ws/install/zed_depth_to_laserscan' in the environment variable AMENT_PREFIX_PATH doesn't exist
[2.340s] WARNING:colcon.colcon_ros.prefix_path.ament:The path '/home/jetros/ros2_ws/install/zed_wrapper' in the environment variable AMENT_PREFIX_PATH doesn't exist
[2.341s] WARNING:colcon.colcon_ros.prefix_path.ament:The path '/home/jetros/ros2_ws/install/zed_tutorial_video' in the environment variable AMENT_PREFIX_PATH doesn't exist
[2.341s] WARNING:colcon.colcon_ros.prefix_path.ament:The path '/home/jetros/ros2_ws/install/zed_tutorial_pos_tracking' in the environment variable AMENT_PREFIX_PATH doesn't exist
[2.341s] WARNING:colcon.colcon_ros.prefix_path.ament:The path '/home/jetros/ros2_ws/install/zed_tutorial_depth' in the environment variable AMENT_PREFIX_PATH doesn't exist
[2.341s] WARNING:colcon.colcon_ros.prefix_path.ament:The path '/home/jetros/ros2_ws/install/zed_topic_benchmark' in the environment variable AMENT_PREFIX_PATH doesn't exist
[2.341s] WARNING:colcon.colcon_ros.prefix_path.ament:The path '/home/jetros/ros2_ws/install/zed_topic_benchmark_component' in the environment variable AMENT_PREFIX_PATH doesn't exist
[2.341s] WARNING:colcon.colcon_ros.prefix_path.ament:The path '/home/jetros/ros2_ws/install/zed_topic_benchmark_interfaces' in the environment variable AMENT_PREFIX_PATH doesn't exist
[2.341s] WARNING:colcon.colcon_ros.prefix_path.ament:The path '/home/jetros/ros2_ws/install/zed_rgb_convert' in the environment variable AMENT_PREFIX_PATH doesn't exist
[2.341s] WARNING:colcon.colcon_ros.prefix_path.ament:The path '/home/jetros/ros2_ws/install/zed_odom_watcher' in the environment variable AMENT_PREFIX_PATH doesn't exist
[2.341s] WARNING:colcon.colcon_ros.prefix_path.ament:The path '/home/jetros/ros2_ws/install/zed_human_tracker' in the environment variable AMENT_PREFIX_PATH doesn't exist
[2.341s] WARNING:colcon.colcon_ros.prefix_path.ament:The path '/home/jetros/ros2_ws/install/zed_aruco_localization' in the environment variable AMENT_PREFIX_PATH doesn't exist
[2.341s] WARNING:colcon.colcon_ros.prefix_path.ament:The path '/home/jetros/ros2_ws/install/zed_components' in the environment variable AMENT_PREFIX_PATH doesn't exist
[2.341s] WARNING:colcon.colcon_ros.prefix_path.ament:The path '/home/jetros/ros2_ws/install/rviz_plugin_zed_od' in the environment variable AMENT_PREFIX_PATH doesn't exist
[2.342s] WARNING:colcon.colcon_ros.prefix_path.ament:The path '/home/jetros/ros2_ws/install/zed_msgs' in the environment variable AMENT_PREFIX_PATH doesn't exist
[2.342s] WARNING:colcon.colcon_ros.prefix_path.ament:The path '/home/jetros/ros2_ws/install/zed_imu_republisher' in the environment variable AMENT_PREFIX_PATH doesn't exist
[2.342s] WARNING:colcon.colcon_ros.prefix_path.ament:The path '/home/jetros/ros2_ws/install/zed_goal_publisher' in the environment variable AMENT_PREFIX_PATH doesn't exist
[2.342s] WARNING:colcon.colcon_ros.prefix_path.ament:The path '/home/jetros/ros2_ws/install/voicevox_ros2' in the environment variable AMENT_PREFIX_PATH doesn't exist
[2.342s] WARNING:colcon.colcon_ros.prefix_path.ament:The path '/home/jetros/ros2_ws/install/voicevox_ros2_msgs' in the environment variable AMENT_PREFIX_PATH doesn't exist
[2.342s] WARNING:colcon.colcon_ros.prefix_path.ament:The path '/home/jetros/ros2_ws/install/orange_slam' in the environment variable AMENT_PREFIX_PATH doesn't exist
[2.342s] WARNING:colcon.colcon_ros.prefix_path.ament:The path '/home/jetros/ros2_ws/install/orange_navigation' in the environment variable AMENT_PREFIX_PATH doesn't exist
[2.342s] WARNING:colcon.colcon_ros.prefix_path.ament:The path '/home/jetros/ros2_ws/install/orange_bringup' in the environment variable AMENT_PREFIX_PATH doesn't exist
[2.342s] WARNING:colcon.colcon_ros.prefix_path.ament:The path '/home/jetros/ros2_ws/install/velodyne' in the environment variable AMENT_PREFIX_PATH doesn't exist
[2.342s] WARNING:colcon.colcon_ros.prefix_path.ament:The path '/home/jetros/ros2_ws/install/velodyne_pointcloud' in the environment variable AMENT_PREFIX_PATH doesn't exist
[2.342s] WARNING:colcon.colcon_ros.prefix_path.ament:The path '/home/jetros/ros2_ws/install/velodyne_driver' in the environment variable AMENT_PREFIX_PATH doesn't exist
[2.342s] WARNING:colcon.colcon_ros.prefix_path.ament:The path '/home/jetros/ros2_ws/install/velodyne_msgs' in the environment variable AMENT_PREFIX_PATH doesn't exist
[2.342s] WARNING:colcon.colcon_ros.prefix_path.ament:The path '/home/jetros/ros2_ws/install/velodyne_laserscan' in the environment variable AMENT_PREFIX_PATH doesn't exist
[2.342s] WARNING:colcon.colcon_ros.prefix_path.ament:The path '/home/jetros/ros2_ws/install/speech_recognition_msgs' in the environment variable AMENT_PREFIX_PATH doesn't exist
[2.343s] WARNING:colcon.colcon_ros.prefix_path.ament:The path '/home/jetros/ros2_ws/install/sllidar_ros2' in the environment variable AMENT_PREFIX_PATH doesn't exist
[2.343s] WARNING:colcon.colcon_ros.prefix_path.ament:The path '/home/jetros/ros2_ws/install/nav2_system_tests' in the environment variable AMENT_PREFIX_PATH doesn't exist
[2.343s] WARNING:colcon.colcon_ros.prefix_path.ament:The path '/home/jetros/ros2_ws/install/nav2_bringup' in the environment variable AMENT_PREFIX_PATH doesn't exist
[2.343s] WARNING:colcon.colcon_ros.prefix_path.ament:The path '/home/jetros/ros2_ws/install/slam_toolbox' in the environment variable AMENT_PREFIX_PATH doesn't exist
[2.343s] WARNING:colcon.colcon_ros.prefix_path.ament:The path '/home/jetros/ros2_ws/install/slam_gmapping' in the environment variable AMENT_PREFIX_PATH doesn't exist
[2.343s] WARNING:colcon.colcon_ros.prefix_path.ament:The path '/home/jetros/ros2_ws/install/safety_sensor' in the environment variable AMENT_PREFIX_PATH doesn't exist
[2.343s] WARNING:colcon.colcon_ros.prefix_path.ament:The path '/home/jetros/ros2_ws/install/rosidl_typesupport_microxrcedds_test_msg' in the environment variable AMENT_PREFIX_PATH doesn't exist
[2.343s] WARNING:colcon.colcon_ros.prefix_path.ament:The path '/home/jetros/ros2_ws/install/rosidl_typesupport_microxrcedds_cpp_tests' in the environment variable AMENT_PREFIX_PATH doesn't exist
[2.343s] WARNING:colcon.colcon_ros.prefix_path.ament:The path '/home/jetros/ros2_ws/install/micro_ros_demos_rclc' in the environment variable AMENT_PREFIX_PATH doesn't exist
[2.343s] WARNING:colcon.colcon_ros.prefix_path.ament:The path '/home/jetros/ros2_ws/install/rmw_microxrcedds' in the environment variable AMENT_PREFIX_PATH doesn't exist
[2.343s] WARNING:colcon.colcon_ros.prefix_path.ament:The path '/home/jetros/ros2_ws/install/rosidl_typesupport_microxrcedds_cpp' in the environment variable AMENT_PREFIX_PATH doesn't exist
[2.343s] WARNING:colcon.colcon_ros.prefix_path.ament:The path '/home/jetros/ros2_ws/install/rosidl_typesupport_microxrcedds_c_tests' in the environment variable AMENT_PREFIX_PATH doesn't exist
[2.343s] WARNING:colcon.colcon_ros.prefix_path.ament:The path '/home/jetros/ros2_ws/install/rosidl_typesupport_microxrcedds_c' in the environment variable AMENT_PREFIX_PATH doesn't exist
[2.344s] WARNING:colcon.colcon_ros.prefix_path.ament:The path '/home/jetros/ros2_ws/install/ros2_rs_pcl' in the environment variable AMENT_PREFIX_PATH doesn't exist
[2.344s] WARNING:colcon.colcon_ros.prefix_path.ament:The path '/home/jetros/ros2_ws/install/ros2_laser_scan_merger' in the environment variable AMENT_PREFIX_PATH doesn't exist
[2.344s] WARNING:colcon.colcon_ros.prefix_path.ament:The path '/home/jetros/ros2_ws/install/rf2o_laser_odometry' in the environment variable AMENT_PREFIX_PATH doesn't exist
[2.344s] WARNING:colcon.colcon_ros.prefix_path.ament:The path '/home/jetros/ros2_ws/install/rclc_examples' in the environment variable AMENT_PREFIX_PATH doesn't exist
[2.344s] WARNING:colcon.colcon_ros.prefix_path.ament:The path '/home/jetros/ros2_ws/install/rclc_parameter' in the environment variable AMENT_PREFIX_PATH doesn't exist
[2.344s] WARNING:colcon.colcon_ros.prefix_path.ament:The path '/home/jetros/ros2_ws/install/rclc_lifecycle' in the environment variable AMENT_PREFIX_PATH doesn't exist
[2.344s] WARNING:colcon.colcon_ros.prefix_path.ament:The path '/home/jetros/ros2_ws/install/rclc' in the environment variable AMENT_PREFIX_PATH doesn't exist
[2.344s] WARNING:colcon.colcon_ros.prefix_path.ament:The path '/home/jetros/ros2_ws/install/posedetection_msgs' in the environment variable AMENT_PREFIX_PATH doesn't exist
[2.344s] WARNING:colcon.colcon_ros.prefix_path.ament:The path '/home/jetros/ros2_ws/install/orange_gazebo' in the environment variable AMENT_PREFIX_PATH doesn't exist
[2.344s] WARNING:colcon.colcon_ros.prefix_path.ament:The path '/home/jetros/ros2_ws/install/orange_description' in the environment variable AMENT_PREFIX_PATH doesn't exist
[2.344s] WARNING:colcon.colcon_ros.prefix_path.ament:The path '/home/jetros/ros2_ws/install/orange_sensor_tools' in the environment variable AMENT_PREFIX_PATH doesn't exist
[2.344s] WARNING:colcon.colcon_ros.prefix_path.ament:The path '/home/jetros/ros2_ws/install/pointcloud_to_laserscan' in the environment variable AMENT_PREFIX_PATH doesn't exist
[2.344s] WARNING:colcon.colcon_ros.prefix_path.ament:The path '/home/jetros/ros2_ws/install/orange_teleop' in the environment variable AMENT_PREFIX_PATH doesn't exist
[2.345s] WARNING:colcon.colcon_ros.prefix_path.ament:The path '/home/jetros/ros2_ws/install/openslam_gmapping' in the environment variable AMENT_PREFIX_PATH doesn't exist
[2.345s] WARNING:colcon.colcon_ros.prefix_path.ament:The path '/home/jetros/ros2_ws/install/odom_publisher' in the environment variable AMENT_PREFIX_PATH doesn't exist
[2.345s] WARNING:colcon.colcon_ros.prefix_path.ament:The path '/home/jetros/ros2_ws/install/navigation2' in the environment variable AMENT_PREFIX_PATH doesn't exist
[2.345s] WARNING:colcon.colcon_ros.prefix_path.ament:The path '/home/jetros/ros2_ws/install/nav2_smoother' in the environment variable AMENT_PREFIX_PATH doesn't exist
[2.345s] WARNING:colcon.colcon_ros.prefix_path.ament:The path '/home/jetros/ros2_ws/install/nav2_rotation_shim_controller' in the environment variable AMENT_PREFIX_PATH doesn't exist
[2.345s] WARNING:colcon.colcon_ros.prefix_path.ament:The path '/home/jetros/ros2_ws/install/nav2_graceful_controller' in the environment variable AMENT_PREFIX_PATH doesn't exist
[2.345s] WARNING:colcon.colcon_ros.prefix_path.ament:The path '/home/jetros/ros2_ws/install/nav2_dwb_controller' in the environment variable AMENT_PREFIX_PATH doesn't exist
[2.345s] WARNING:colcon.colcon_ros.prefix_path.ament:The path '/home/jetros/ros2_ws/install/nav2_controller' in the environment variable AMENT_PREFIX_PATH doesn't exist
[2.345s] WARNING:colcon.colcon_ros.prefix_path.ament:The path '/home/jetros/ros2_ws/install/dwb_plugins' in the environment variable AMENT_PREFIX_PATH doesn't exist
[2.345s] WARNING:colcon.colcon_ros.prefix_path.ament:The path '/home/jetros/ros2_ws/install/dwb_critics' in the environment variable AMENT_PREFIX_PATH doesn't exist
[2.345s] WARNING:colcon.colcon_ros.prefix_path.ament:The path '/home/jetros/ros2_ws/install/dwb_core' in the environment variable AMENT_PREFIX_PATH doesn't exist
[2.345s] WARNING:colcon.colcon_ros.prefix_path.ament:The path '/home/jetros/ros2_ws/install/nav_2d_utils' in the environment variable AMENT_PREFIX_PATH doesn't exist
[2.345s] WARNING:colcon.colcon_ros.prefix_path.ament:The path '/home/jetros/ros2_ws/install/dwb_msgs' in the environment variable AMENT_PREFIX_PATH doesn't exist
[2.345s] WARNING:colcon.colcon_ros.prefix_path.ament:The path '/home/jetros/ros2_ws/install/nav_2d_msgs' in the environment variable AMENT_PREFIX_PATH doesn't exist
[2.346s] WARNING:colcon.colcon_ros.prefix_path.ament:The path '/home/jetros/ros2_ws/install/nav2_waypoint_follower' in the environment variable AMENT_PREFIX_PATH doesn't exist
[2.346s] WARNING:colcon.colcon_ros.prefix_path.ament:The path '/home/jetros/ros2_ws/install/nav2_theta_star_planner' in the environment variable AMENT_PREFIX_PATH doesn't exist
[2.346s] WARNING:colcon.colcon_ros.prefix_path.ament:The path '/home/jetros/ros2_ws/install/nav2_smac_planner' in the environment variable AMENT_PREFIX_PATH doesn't exist
[2.346s] WARNING:colcon.colcon_ros.prefix_path.ament:The path '/home/jetros/ros2_ws/install/nav2_route' in the environment variable AMENT_PREFIX_PATH doesn't exist
[2.346s] WARNING:colcon.colcon_ros.prefix_path.ament:The path '/home/jetros/ros2_ws/install/nav2_regulated_pure_pursuit_controller' in the environment variable AMENT_PREFIX_PATH doesn't exist
[2.346s] WARNING:colcon.colcon_ros.prefix_path.ament:The path '/home/jetros/ros2_ws/install/nav2_planner' in the environment variable AMENT_PREFIX_PATH doesn't exist
[2.346s] WARNING:colcon.colcon_ros.prefix_path.ament:The path '/home/jetros/ros2_ws/install/nav2_navfn_planner' in the environment variable AMENT_PREFIX_PATH doesn't exist
[2.346s] WARNING:colcon.colcon_ros.prefix_path.ament:The path '/home/jetros/ros2_ws/install/nav2_mppi_controller' in the environment variable AMENT_PREFIX_PATH doesn't exist
[2.346s] WARNING:colcon.colcon_ros.prefix_path.ament:The path '/home/jetros/ros2_ws/install/nav2_constrained_smoother' in the environment variable AMENT_PREFIX_PATH doesn't exist
[2.346s] WARNING:colcon.colcon_ros.prefix_path.ament:The path '/home/jetros/ros2_ws/install/nav2_bt_navigator' in the environment variable AMENT_PREFIX_PATH doesn't exist
[2.346s] WARNING:colcon.colcon_ros.prefix_path.ament:The path '/home/jetros/ros2_ws/install/nav2_behaviors' in the environment variable AMENT_PREFIX_PATH doesn't exist
[2.346s] WARNING:colcon.colcon_ros.prefix_path.ament:The path '/home/jetros/ros2_ws/install/nav2_core' in the environment variable AMENT_PREFIX_PATH doesn't exist
[2.346s] WARNING:colcon.colcon_ros.prefix_path.ament:The path '/home/jetros/ros2_ws/install/nav2_collision_monitor' in the environment variable AMENT_PREFIX_PATH doesn't exist
[2.346s] WARNING:colcon.colcon_ros.prefix_path.ament:The path '/home/jetros/ros2_ws/install/costmap_queue' in the environment variable AMENT_PREFIX_PATH doesn't exist
[2.347s] WARNING:colcon.colcon_ros.prefix_path.ament:The path '/home/jetros/ros2_ws/install/nav2_costmap_2d' in the environment variable AMENT_PREFIX_PATH doesn't exist
[2.347s] WARNING:colcon.colcon_ros.prefix_path.ament:The path '/home/jetros/ros2_ws/install/nav2_voxel_grid' in the environment variable AMENT_PREFIX_PATH doesn't exist
[2.347s] WARNING:colcon.colcon_ros.prefix_path.ament:The path '/home/jetros/ros2_ws/install/nav2_velocity_smoother' in the environment variable AMENT_PREFIX_PATH doesn't exist
[2.347s] WARNING:colcon.colcon_ros.prefix_path.ament:The path '/home/jetros/ros2_ws/install/nav2_rviz_plugins' in the environment variable AMENT_PREFIX_PATH doesn't exist
[2.347s] WARNING:colcon.colcon_ros.prefix_path.ament:The path '/home/jetros/ros2_ws/install/nav2_map_server' in the environment variable AMENT_PREFIX_PATH doesn't exist
[2.347s] WARNING:colcon.colcon_ros.prefix_path.ament:The path '/home/jetros/ros2_ws/install/nav2_lifecycle_manager' in the environment variable AMENT_PREFIX_PATH doesn't exist
[2.347s] WARNING:colcon.colcon_ros.prefix_path.ament:The path '/home/jetros/ros2_ws/install/nav2_behavior_tree' in the environment variable AMENT_PREFIX_PATH doesn't exist
[2.347s] WARNING:colcon.colcon_ros.prefix_path.ament:The path '/home/jetros/ros2_ws/install/nav2_amcl' in the environment variable AMENT_PREFIX_PATH doesn't exist
[2.347s] WARNING:colcon.colcon_ros.prefix_path.ament:The path '/home/jetros/ros2_ws/install/nav2_util' in the environment variable AMENT_PREFIX_PATH doesn't exist
[2.347s] WARNING:colcon.colcon_ros.prefix_path.ament:The path '/home/jetros/ros2_ws/install/nav2_simple_commander' in the environment variable AMENT_PREFIX_PATH doesn't exist
[2.347s] WARNING:colcon.colcon_ros.prefix_path.ament:The path '/home/jetros/ros2_ws/install/nav2_msgs' in the environment variable AMENT_PREFIX_PATH doesn't exist
[2.347s] WARNING:colcon.colcon_ros.prefix_path.ament:The path '/home/jetros/ros2_ws/install/nav2_common' in the environment variable AMENT_PREFIX_PATH doesn't exist
[2.347s] WARNING:colcon.colcon_ros.prefix_path.ament:The path '/home/jetros/ros2_ws/install/micro_ros_utilities' in the environment variable AMENT_PREFIX_PATH doesn't exist
[2.347s] WARNING:colcon.colcon_ros.prefix_path.ament:The path '/home/jetros/ros2_ws/install/micro_ros_setup' in the environment variable AMENT_PREFIX_PATH doesn't exist
[2.348s] WARNING:colcon.colcon_ros.prefix_path.ament:The path '/home/jetros/ros2_ws/install/micro_ros_agent' in the environment variable AMENT_PREFIX_PATH doesn't exist
[2.348s] WARNING:colcon.colcon_ros.prefix_path.ament:The path '/home/jetros/ros2_ws/install/micro_ros_msgs' in the environment variable AMENT_PREFIX_PATH doesn't exist
[2.348s] WARNING:colcon.colcon_ros.prefix_path.ament:The path '/home/jetros/ros2_ws/install/mark3_urdf' in the environment variable AMENT_PREFIX_PATH doesn't exist
[2.348s] WARNING:colcon.colcon_ros.prefix_path.ament:The path '/home/jetros/ros2_ws/install/ldlidar_stl_ros2' in the environment variable AMENT_PREFIX_PATH doesn't exist
[2.348s] WARNING:colcon.colcon_ros.prefix_path.ament:The path '/home/jetros/ros2_ws/install/ldlidar' in the environment variable AMENT_PREFIX_PATH doesn't exist
[2.348s] WARNING:colcon.colcon_ros.prefix_path.ament:The path '/home/jetros/ros2_ws/install/laser_merger2' in the environment variable AMENT_PREFIX_PATH doesn't exist
[2.348s] WARNING:colcon.colcon_ros.prefix_path.ament:The path '/home/jetros/ros2_ws/install/laser_filters' in the environment variable AMENT_PREFIX_PATH doesn't exist
[2.348s] WARNING:colcon.colcon_ros.prefix_path.ament:The path '/home/jetros/ros2_ws/install/jsk_visualization' in the environment variable AMENT_PREFIX_PATH doesn't exist
[2.348s] WARNING:colcon.colcon_ros.prefix_path.ament:The path '/home/jetros/ros2_ws/install/jsk_rviz_plugins' in the environment variable AMENT_PREFIX_PATH doesn't exist
[2.348s] WARNING:colcon.colcon_ros.prefix_path.ament:The path '/home/jetros/ros2_ws/install/jsk_topic_tools' in the environment variable AMENT_PREFIX_PATH doesn't exist
[2.348s] WARNING:colcon.colcon_ros.prefix_path.ament:The path '/home/jetros/ros2_ws/install/jsk_rviz_plugin_msgs' in the environment variable AMENT_PREFIX_PATH doesn't exist
[2.348s] WARNING:colcon.colcon_ros.prefix_path.ament:The path '/home/jetros/ros2_ws/install/jsk_recognition_msgs' in the environment variable AMENT_PREFIX_PATH doesn't exist
[2.349s] WARNING:colcon.colcon_ros.prefix_path.ament:The path '/home/jetros/ros2_ws/install/jsk_hark_msgs' in the environment variable AMENT_PREFIX_PATH doesn't exist
[2.349s] WARNING:colcon.colcon_ros.prefix_path.ament:The path '/home/jetros/ros2_ws/install/jsk_gui_msgs' in the environment variable AMENT_PREFIX_PATH doesn't exist
[2.349s] WARNING:colcon.colcon_ros.prefix_path.ament:The path '/home/jetros/ros2_ws/install/jsk_footstep_msgs' in the environment variable AMENT_PREFIX_PATH doesn't exist
[2.349s] WARNING:colcon.colcon_ros.prefix_path.ament:The path '/home/jetros/ros2_ws/install/joy_mecanum_controller' in the environment variable AMENT_PREFIX_PATH doesn't exist
[2.349s] WARNING:colcon.colcon_ros.prefix_path.ament:The path '/home/jetros/ros2_ws/install/isaac_ros_test' in the environment variable AMENT_PREFIX_PATH doesn't exist
[2.349s] WARNING:colcon.colcon_ros.prefix_path.ament:The path '/home/jetros/ros2_ws/install/isaac_ros_common' in the environment variable AMENT_PREFIX_PATH doesn't exist
[2.350s] WARNING:colcon.colcon_ros.prefix_path.ament:The path '/home/jetros/ros2_ws/install/gazebo_ros_pkgs' in the environment variable AMENT_PREFIX_PATH doesn't exist
[2.350s] WARNING:colcon.colcon_ros.prefix_path.ament:The path '/home/jetros/ros2_ws/install/gazebo_msgs' in the environment variable AMENT_PREFIX_PATH doesn't exist
[2.350s] WARNING:colcon.colcon_ros.prefix_path.ament:The path '/home/jetros/ros2_ws/install/gazebo_dev' in the environment variable AMENT_PREFIX_PATH doesn't exist
[2.350s] WARNING:colcon.colcon_ros.prefix_path.ament:The path '/home/jetros/ros2_ws/install/emcl2' in the environment variable AMENT_PREFIX_PATH doesn't exist
[2.350s] WARNING:colcon.colcon_ros.prefix_path.ament:The path '/home/jetros/ros2_ws/install/complex_msgs' in the environment variable AMENT_PREFIX_PATH doesn't exist
[2.350s] WARNING:colcon.colcon_ros.prefix_path.ament:The path '/home/jetros/ros2_ws/install/cmd_vel_float_changer' in the environment variable AMENT_PREFIX_PATH doesn't exist
[2.350s] WARNING:colcon.colcon_ros.prefix_path.ament:The path '/home/jetros/ros2_ws/install/cartographer_rviz' in the environment variable AMENT_PREFIX_PATH doesn't exist
[2.350s] WARNING:colcon.colcon_ros.prefix_path.ament:The path '/home/jetros/ros2_ws/install/cartographer_ros' in the environment variable AMENT_PREFIX_PATH doesn't exist
[2.350s] WARNING:colcon.colcon_ros.prefix_path.ament:The path '/home/jetros/ros2_ws/install/cartographer_ros_msgs' in the environment variable AMENT_PREFIX_PATH doesn't exist
[2.351s] WARNING:colcon.colcon_ros.prefix_path.ament:The path '/home/jetros/ros2_ws/install/bringup' in the environment variable AMENT_PREFIX_PATH doesn't exist
[2.351s] WARNING:colcon.colcon_ros.prefix_path.catkin:The path '/home/jetros/ros2_ws/install/zed_ros2' in the environment variable CMAKE_PREFIX_PATH doesn't exist
[2.351s] WARNING:colcon.colcon_ros.prefix_path.catkin:The path '/home/jetros/ros2_ws/install/zed_robot_integration' in the environment variable CMAKE_PREFIX_PATH doesn't exist
[2.351s] WARNING:colcon.colcon_ros.prefix_path.catkin:The path '/home/jetros/ros2_ws/install/zed_ipc' in the environment variable CMAKE_PREFIX_PATH doesn't exist
[2.351s] WARNING:colcon.colcon_ros.prefix_path.catkin:The path '/home/jetros/ros2_ws/install/zed_multi_camera' in the environment variable CMAKE_PREFIX_PATH doesn't exist
[2.352s] WARNING:colcon.colcon_ros.prefix_path.catkin:The path '/home/jetros/ros2_ws/install/zed_display_rviz2' in the environment variable CMAKE_PREFIX_PATH doesn't exist
[2.352s] WARNING:colcon.colcon_ros.prefix_path.catkin:The path '/home/jetros/ros2_ws/install/zed_depth_to_laserscan' in the environment variable CMAKE_PREFIX_PATH doesn't exist
[2.352s] WARNING:colcon.colcon_ros.prefix_path.catkin:The path '/home/jetros/ros2_ws/install/zed_wrapper' in the environment variable CMAKE_PREFIX_PATH doesn't exist
[2.352s] WARNING:colcon.colcon_ros.prefix_path.catkin:The path '/home/jetros/ros2_ws/install/zed_tutorial_video' in the environment variable CMAKE_PREFIX_PATH doesn't exist
[2.352s] WARNING:colcon.colcon_ros.prefix_path.catkin:The path '/home/jetros/ros2_ws/install/zed_tutorial_pos_tracking' in the environment variable CMAKE_PREFIX_PATH doesn't exist
[2.352s] WARNING:colcon.colcon_ros.prefix_path.catkin:The path '/home/jetros/ros2_ws/install/zed_tutorial_depth' in the environment variable CMAKE_PREFIX_PATH doesn't exist
[2.352s] WARNING:colcon.colcon_ros.prefix_path.catkin:The path '/home/jetros/ros2_ws/install/zed_topic_benchmark' in the environment variable CMAKE_PREFIX_PATH doesn't exist
[2.352s] WARNING:colcon.colcon_ros.prefix_path.catkin:The path '/home/jetros/ros2_ws/install/zed_topic_benchmark_component' in the environment variable CMAKE_PREFIX_PATH doesn't exist
[2.352s] WARNING:colcon.colcon_ros.prefix_path.catkin:The path '/home/jetros/ros2_ws/install/zed_topic_benchmark_interfaces' in the environment variable CMAKE_PREFIX_PATH doesn't exist
[2.352s] WARNING:colcon.colcon_ros.prefix_path.catkin:The path '/home/jetros/ros2_ws/install/zed_rgb_convert' in the environment variable CMAKE_PREFIX_PATH doesn't exist
[2.352s] WARNING:colcon.colcon_ros.prefix_path.catkin:The path '/home/jetros/ros2_ws/install/zed_odom_watcher' in the environment variable CMAKE_PREFIX_PATH doesn't exist
[2.353s] WARNING:colcon.colcon_ros.prefix_path.catkin:The path '/home/jetros/ros2_ws/install/zed_human_tracker' in the environment variable CMAKE_PREFIX_PATH doesn't exist
[2.353s] WARNING:colcon.colcon_ros.prefix_path.catkin:The path '/home/jetros/ros2_ws/install/zed_aruco_localization' in the environment variable CMAKE_PREFIX_PATH doesn't exist
[2.353s] WARNING:colcon.colcon_ros.prefix_path.catkin:The path '/home/jetros/ros2_ws/install/zed_components' in the environment variable CMAKE_PREFIX_PATH doesn't exist
[2.353s] WARNING:colcon.colcon_ros.prefix_path.catkin:The path '/home/jetros/ros2_ws/install/rviz_plugin_zed_od' in the environment variable CMAKE_PREFIX_PATH doesn't exist
[2.353s] WARNING:colcon.colcon_ros.prefix_path.catkin:The path '/home/jetros/ros2_ws/install/zed_msgs' in the environment variable CMAKE_PREFIX_PATH doesn't exist
[2.353s] WARNING:colcon.colcon_ros.prefix_path.catkin:The path '/home/jetros/ros2_ws/install/zed_imu_republisher' in the environment variable CMAKE_PREFIX_PATH doesn't exist
[2.353s] WARNING:colcon.colcon_ros.prefix_path.catkin:The path '/home/jetros/ros2_ws/install/zed_goal_publisher' in the environment variable CMAKE_PREFIX_PATH doesn't exist
[2.353s] WARNING:colcon.colcon_ros.prefix_path.catkin:The path '/home/jetros/ros2_ws/install/voicevox_ros2_msgs' in the environment variable CMAKE_PREFIX_PATH doesn't exist
[2.353s] WARNING:colcon.colcon_ros.prefix_path.catkin:The path '/home/jetros/ros2_ws/install/orange_slam' in the environment variable CMAKE_PREFIX_PATH doesn't exist
[2.353s] WARNING:colcon.colcon_ros.prefix_path.catkin:The path '/home/jetros/ros2_ws/install/orange_navigation' in the environment variable CMAKE_PREFIX_PATH doesn't exist
[2.353s] WARNING:colcon.colcon_ros.prefix_path.catkin:The path '/home/jetros/ros2_ws/install/velodyne' in the environment variable CMAKE_PREFIX_PATH doesn't exist
[2.353s] WARNING:colcon.colcon_ros.prefix_path.catkin:The path '/home/jetros/ros2_ws/install/velodyne_pointcloud' in the environment variable CMAKE_PREFIX_PATH doesn't exist
[2.353s] WARNING:colcon.colcon_ros.prefix_path.catkin:The path '/home/jetros/ros2_ws/install/velodyne_driver' in the environment variable CMAKE_PREFIX_PATH doesn't exist
[2.353s] WARNING:colcon.colcon_ros.prefix_path.catkin:The path '/home/jetros/ros2_ws/install/velodyne_msgs' in the environment variable CMAKE_PREFIX_PATH doesn't exist
[2.354s] WARNING:colcon.colcon_ros.prefix_path.catkin:The path '/home/jetros/ros2_ws/install/velodyne_laserscan' in the environment variable CMAKE_PREFIX_PATH doesn't exist
[2.354s] WARNING:colcon.colcon_ros.prefix_path.catkin:The path '/home/jetros/ros2_ws/install/speech_recognition_msgs' in the environment variable CMAKE_PREFIX_PATH doesn't exist
[2.354s] WARNING:colcon.colcon_ros.prefix_path.catkin:The path '/home/jetros/ros2_ws/install/sllidar_ros2' in the environment variable CMAKE_PREFIX_PATH doesn't exist
[2.354s] WARNING:colcon.colcon_ros.prefix_path.catkin:The path '/home/jetros/ros2_ws/install/nav2_system_tests' in the environment variable CMAKE_PREFIX_PATH doesn't exist
[2.354s] WARNING:colcon.colcon_ros.prefix_path.catkin:The path '/home/jetros/ros2_ws/install/nav2_bringup' in the environment variable CMAKE_PREFIX_PATH doesn't exist
[2.354s] WARNING:colcon.colcon_ros.prefix_path.catkin:The path '/home/jetros/ros2_ws/install/slam_toolbox' in the environment variable CMAKE_PREFIX_PATH doesn't exist
[2.354s] WARNING:colcon.colcon_ros.prefix_path.catkin:The path '/home/jetros/ros2_ws/install/slam_gmapping' in the environment variable CMAKE_PREFIX_PATH doesn't exist
[2.354s] WARNING:colcon.colcon_ros.prefix_path.catkin:The path '/home/jetros/ros2_ws/install/safety_sensor' in the environment variable CMAKE_PREFIX_PATH doesn't exist
[2.354s] WARNING:colcon.colcon_ros.prefix_path.catkin:The path '/home/jetros/ros2_ws/install/rosidl_typesupport_microxrcedds_test_msg' in the environment variable CMAKE_PREFIX_PATH doesn't exist
[2.354s] WARNING:colcon.colcon_ros.prefix_path.catkin:The path '/home/jetros/ros2_ws/install/rosidl_typesupport_microxrcedds_cpp_tests' in the environment variable CMAKE_PREFIX_PATH doesn't exist
[2.354s] WARNING:colcon.colcon_ros.prefix_path.catkin:The path '/home/jetros/ros2_ws/install/micro_ros_demos_rclc' in the environment variable CMAKE_PREFIX_PATH doesn't exist
[2.354s] WARNING:colcon.colcon_ros.prefix_path.catkin:The path '/home/jetros/ros2_ws/install/rmw_microxrcedds' in the environment variable CMAKE_PREFIX_PATH doesn't exist
[2.354s] WARNING:colcon.colcon_ros.prefix_path.catkin:The path '/home/jetros/ros2_ws/install/rosidl_typesupport_microxrcedds_cpp' in the environment variable CMAKE_PREFIX_PATH doesn't exist
[2.354s] WARNING:colcon.colcon_ros.prefix_path.catkin:The path '/home/jetros/ros2_ws/install/rosidl_typesupport_microxrcedds_c_tests' in the environment variable CMAKE_PREFIX_PATH doesn't exist
[2.354s] WARNING:colcon.colcon_ros.prefix_path.catkin:The path '/home/jetros/ros2_ws/install/rosidl_typesupport_microxrcedds_c' in the environment variable CMAKE_PREFIX_PATH doesn't exist
[2.355s] WARNING:colcon.colcon_ros.prefix_path.catkin:The path '/home/jetros/ros2_ws/install/ros2_rs_pcl' in the environment variable CMAKE_PREFIX_PATH doesn't exist
[2.355s] WARNING:colcon.colcon_ros.prefix_path.catkin:The path '/home/jetros/ros2_ws/install/ros2_laser_scan_merger' in the environment variable CMAKE_PREFIX_PATH doesn't exist
[2.355s] WARNING:colcon.colcon_ros.prefix_path.catkin:The path '/home/jetros/ros2_ws/install/rf2o_laser_odometry' in the environment variable CMAKE_PREFIX_PATH doesn't exist
[2.355s] WARNING:colcon.colcon_ros.prefix_path.catkin:The path '/home/jetros/ros2_ws/install/rclc_examples' in the environment variable CMAKE_PREFIX_PATH doesn't exist
[2.355s] WARNING:colcon.colcon_ros.prefix_path.catkin:The path '/home/jetros/ros2_ws/install/rclc_parameter' in the environment variable CMAKE_PREFIX_PATH doesn't exist
[2.355s] WARNING:colcon.colcon_ros.prefix_path.catkin:The path '/home/jetros/ros2_ws/install/rclc_lifecycle' in the environment variable CMAKE_PREFIX_PATH doesn't exist
[2.355s] WARNING:colcon.colcon_ros.prefix_path.catkin:The path '/home/jetros/ros2_ws/install/rclc' in the environment variable CMAKE_PREFIX_PATH doesn't exist
[2.355s] WARNING:colcon.colcon_ros.prefix_path.catkin:The path '/home/jetros/ros2_ws/install/posedetection_msgs' in the environment variable CMAKE_PREFIX_PATH doesn't exist
[2.355s] WARNING:colcon.colcon_ros.prefix_path.catkin:The path '/home/jetros/ros2_ws/install/orange_gazebo' in the environment variable CMAKE_PREFIX_PATH doesn't exist
[2.355s] WARNING:colcon.colcon_ros.prefix_path.catkin:The path '/home/jetros/ros2_ws/install/orange_description' in the environment variable CMAKE_PREFIX_PATH doesn't exist
[2.355s] WARNING:colcon.colcon_ros.prefix_path.catkin:The path '/home/jetros/ros2_ws/install/orange_sensor_tools' in the environment variable CMAKE_PREFIX_PATH doesn't exist
[2.355s] WARNING:colcon.colcon_ros.prefix_path.catkin:The path '/home/jetros/ros2_ws/install/pointcloud_to_laserscan' in the environment variable CMAKE_PREFIX_PATH doesn't exist
[2.355s] WARNING:colcon.colcon_ros.prefix_path.catkin:The path '/home/jetros/ros2_ws/install/openslam_gmapping' in the environment variable CMAKE_PREFIX_PATH doesn't exist
[2.355s] WARNING:colcon.colcon_ros.prefix_path.catkin:The path '/home/jetros/ros2_ws/install/odom_publisher' in the environment variable CMAKE_PREFIX_PATH doesn't exist
[2.355s] WARNING:colcon.colcon_ros.prefix_path.catkin:The path '/home/jetros/ros2_ws/install/navigation2' in the environment variable CMAKE_PREFIX_PATH doesn't exist
[2.356s] WARNING:colcon.colcon_ros.prefix_path.catkin:The path '/home/jetros/ros2_ws/install/nav2_smoother' in the environment variable CMAKE_PREFIX_PATH doesn't exist
[2.356s] WARNING:colcon.colcon_ros.prefix_path.catkin:The path '/home/jetros/ros2_ws/install/nav2_rotation_shim_controller' in the environment variable CMAKE_PREFIX_PATH doesn't exist
[2.356s] WARNING:colcon.colcon_ros.prefix_path.catkin:The path '/home/jetros/ros2_ws/install/nav2_graceful_controller' in the environment variable CMAKE_PREFIX_PATH doesn't exist
[2.356s] WARNING:colcon.colcon_ros.prefix_path.catkin:The path '/home/jetros/ros2_ws/install/nav2_dwb_controller' in the environment variable CMAKE_PREFIX_PATH doesn't exist
[2.356s] WARNING:colcon.colcon_ros.prefix_path.catkin:The path '/home/jetros/ros2_ws/install/nav2_controller' in the environment variable CMAKE_PREFIX_PATH doesn't exist
[2.356s] WARNING:colcon.colcon_ros.prefix_path.catkin:The path '/home/jetros/ros2_ws/install/dwb_plugins' in the environment variable CMAKE_PREFIX_PATH doesn't exist
[2.356s] WARNING:colcon.colcon_ros.prefix_path.catkin:The path '/home/jetros/ros2_ws/install/dwb_critics' in the environment variable CMAKE_PREFIX_PATH doesn't exist
[2.357s] WARNING:colcon.colcon_ros.prefix_path.catkin:The path '/home/jetros/ros2_ws/install/dwb_core' in the environment variable CMAKE_PREFIX_PATH doesn't exist
[2.357s] WARNING:colcon.colcon_ros.prefix_path.catkin:The path '/home/jetros/ros2_ws/install/nav_2d_utils' in the environment variable CMAKE_PREFIX_PATH doesn't exist
[2.357s] WARNING:colcon.colcon_ros.prefix_path.catkin:The path '/home/jetros/ros2_ws/install/dwb_msgs' in the environment variable CMAKE_PREFIX_PATH doesn't exist
[2.357s] WARNING:colcon.colcon_ros.prefix_path.catkin:The path '/home/jetros/ros2_ws/install/nav_2d_msgs' in the environment variable CMAKE_PREFIX_PATH doesn't exist
[2.357s] WARNING:colcon.colcon_ros.prefix_path.catkin:The path '/home/jetros/ros2_ws/install/nav2_waypoint_follower' in the environment variable CMAKE_PREFIX_PATH doesn't exist
[2.357s] WARNING:colcon.colcon_ros.prefix_path.catkin:The path '/home/jetros/ros2_ws/install/nav2_theta_star_planner' in the environment variable CMAKE_PREFIX_PATH doesn't exist
[2.358s] WARNING:colcon.colcon_ros.prefix_path.catkin:The path '/home/jetros/ros2_ws/install/nav2_smac_planner' in the environment variable CMAKE_PREFIX_PATH doesn't exist
[2.358s] WARNING:colcon.colcon_ros.prefix_path.catkin:The path '/home/jetros/ros2_ws/install/nav2_route' in the environment variable CMAKE_PREFIX_PATH doesn't exist
[2.358s] WARNING:colcon.colcon_ros.prefix_path.catkin:The path '/home/jetros/ros2_ws/install/nav2_regulated_pure_pursuit_controller' in the environment variable CMAKE_PREFIX_PATH doesn't exist
[2.358s] WARNING:colcon.colcon_ros.prefix_path.catkin:The path '/home/jetros/ros2_ws/install/nav2_planner' in the environment variable CMAKE_PREFIX_PATH doesn't exist
[2.358s] WARNING:colcon.colcon_ros.prefix_path.catkin:The path '/home/jetros/ros2_ws/install/nav2_navfn_planner' in the environment variable CMAKE_PREFIX_PATH doesn't exist
[2.358s] WARNING:colcon.colcon_ros.prefix_path.catkin:The path '/home/jetros/ros2_ws/install/nav2_mppi_controller' in the environment variable CMAKE_PREFIX_PATH doesn't exist
[2.358s] WARNING:colcon.colcon_ros.prefix_path.catkin:The path '/home/jetros/ros2_ws/install/nav2_constrained_smoother' in the environment variable CMAKE_PREFIX_PATH doesn't exist
[2.358s] WARNING:colcon.colcon_ros.prefix_path.catkin:The path '/home/jetros/ros2_ws/install/nav2_bt_navigator' in the environment variable CMAKE_PREFIX_PATH doesn't exist
[2.359s] WARNING:colcon.colcon_ros.prefix_path.catkin:The path '/home/jetros/ros2_ws/install/nav2_behaviors' in the environment variable CMAKE_PREFIX_PATH doesn't exist
[2.359s] WARNING:colcon.colcon_ros.prefix_path.catkin:The path '/home/jetros/ros2_ws/install/nav2_core' in the environment variable CMAKE_PREFIX_PATH doesn't exist
[2.359s] WARNING:colcon.colcon_ros.prefix_path.catkin:The path '/home/jetros/ros2_ws/install/nav2_collision_monitor' in the environment variable CMAKE_PREFIX_PATH doesn't exist
[2.359s] WARNING:colcon.colcon_ros.prefix_path.catkin:The path '/home/jetros/ros2_ws/install/costmap_queue' in the environment variable CMAKE_PREFIX_PATH doesn't exist
[2.359s] WARNING:colcon.colcon_ros.prefix_path.catkin:The path '/home/jetros/ros2_ws/install/nav2_costmap_2d' in the environment variable CMAKE_PREFIX_PATH doesn't exist
[2.359s] WARNING:colcon.colcon_ros.prefix_path.catkin:The path '/home/jetros/ros2_ws/install/nav2_voxel_grid' in the environment variable CMAKE_PREFIX_PATH doesn't exist
[2.359s] WARNING:colcon.colcon_ros.prefix_path.catkin:The path '/home/jetros/ros2_ws/install/nav2_velocity_smoother' in the environment variable CMAKE_PREFIX_PATH doesn't exist
[2.359s] WARNING:colcon.colcon_ros.prefix_path.catkin:The path '/home/jetros/ros2_ws/install/nav2_rviz_plugins' in the environment variable CMAKE_PREFIX_PATH doesn't exist
[2.359s] WARNING:colcon.colcon_ros.prefix_path.catkin:The path '/home/jetros/ros2_ws/install/nav2_map_server' in the environment variable CMAKE_PREFIX_PATH doesn't exist
[2.359s] WARNING:colcon.colcon_ros.prefix_path.catkin:The path '/home/jetros/ros2_ws/install/nav2_lifecycle_manager' in the environment variable CMAKE_PREFIX_PATH doesn't exist
[2.359s] WARNING:colcon.colcon_ros.prefix_path.catkin:The path '/home/jetros/ros2_ws/install/nav2_behavior_tree' in the environment variable CMAKE_PREFIX_PATH doesn't exist
[2.360s] WARNING:colcon.colcon_ros.prefix_path.catkin:The path '/home/jetros/ros2_ws/install/nav2_amcl' in the environment variable CMAKE_PREFIX_PATH doesn't exist
[2.360s] WARNING:colcon.colcon_ros.prefix_path.catkin:The path '/home/jetros/ros2_ws/install/nav2_util' in the environment variable CMAKE_PREFIX_PATH doesn't exist
[2.360s] WARNING:colcon.colcon_ros.prefix_path.catkin:The path '/home/jetros/ros2_ws/install/nav2_msgs' in the environment variable CMAKE_PREFIX_PATH doesn't exist
[2.360s] WARNING:colcon.colcon_ros.prefix_path.catkin:The path '/home/jetros/ros2_ws/install/nav2_common' in the environment variable CMAKE_PREFIX_PATH doesn't exist
[2.360s] WARNING:colcon.colcon_ros.prefix_path.catkin:The path '/home/jetros/ros2_ws/install/microxrcedds_client' in the environment variable CMAKE_PREFIX_PATH doesn't exist
[2.360s] WARNING:colcon.colcon_ros.prefix_path.catkin:The path '/home/jetros/ros2_ws/install/microcdr' in the environment variable CMAKE_PREFIX_PATH doesn't exist
[2.360s] WARNING:colcon.colcon_ros.prefix_path.catkin:The path '/home/jetros/ros2_ws/install/micro_ros_utilities' in the environment variable CMAKE_PREFIX_PATH doesn't exist
[2.360s] WARNING:colcon.colcon_ros.prefix_path.catkin:The path '/home/jetros/ros2_ws/install/micro_ros_setup' in the environment variable CMAKE_PREFIX_PATH doesn't exist
[2.360s] WARNING:colcon.colcon_ros.prefix_path.catkin:The path '/home/jetros/ros2_ws/install/micro_ros_agent' in the environment variable CMAKE_PREFIX_PATH doesn't exist
[2.360s] WARNING:colcon.colcon_ros.prefix_path.catkin:The path '/home/jetros/ros2_ws/install/micro_ros_msgs' in the environment variable CMAKE_PREFIX_PATH doesn't exist
[2.360s] WARNING:colcon.colcon_ros.prefix_path.catkin:The path '/home/jetros/ros2_ws/install/mark3_urdf' in the environment variable CMAKE_PREFIX_PATH doesn't exist
[2.360s] WARNING:colcon.colcon_ros.prefix_path.catkin:The path '/home/jetros/ros2_ws/install/ldlidar_stl_ros2' in the environment variable CMAKE_PREFIX_PATH doesn't exist
[2.361s] WARNING:colcon.colcon_ros.prefix_path.catkin:The path '/home/jetros/ros2_ws/install/ldlidar' in the environment variable CMAKE_PREFIX_PATH doesn't exist
[2.361s] WARNING:colcon.colcon_ros.prefix_path.catkin:The path '/home/jetros/ros2_ws/install/laser_merger2' in the environment variable CMAKE_PREFIX_PATH doesn't exist
[2.361s] WARNING:colcon.colcon_ros.prefix_path.catkin:The path '/home/jetros/ros2_ws/install/laser_filters' in the environment variable CMAKE_PREFIX_PATH doesn't exist
[2.361s] WARNING:colcon.colcon_ros.prefix_path.catkin:The path '/home/jetros/ros2_ws/install/jsk_visualization' in the environment variable CMAKE_PREFIX_PATH doesn't exist
[2.361s] WARNING:colcon.colcon_ros.prefix_path.catkin:The path '/home/jetros/ros2_ws/install/jsk_rviz_plugins' in the environment variable CMAKE_PREFIX_PATH doesn't exist
[2.361s] WARNING:colcon.colcon_ros.prefix_path.catkin:The path '/home/jetros/ros2_ws/install/jsk_topic_tools' in the environment variable CMAKE_PREFIX_PATH doesn't exist
[2.361s] WARNING:colcon.colcon_ros.prefix_path.catkin:The path '/home/jetros/ros2_ws/install/jsk_rviz_plugin_msgs' in the environment variable CMAKE_PREFIX_PATH doesn't exist
[2.361s] WARNING:colcon.colcon_ros.prefix_path.catkin:The path '/home/jetros/ros2_ws/install/jsk_recognition_msgs' in the environment variable CMAKE_PREFIX_PATH doesn't exist
[2.361s] WARNING:colcon.colcon_ros.prefix_path.catkin:The path '/home/jetros/ros2_ws/install/jsk_hark_msgs' in the environment variable CMAKE_PREFIX_PATH doesn't exist
[2.361s] WARNING:colcon.colcon_ros.prefix_path.catkin:The path '/home/jetros/ros2_ws/install/jsk_gui_msgs' in the environment variable CMAKE_PREFIX_PATH doesn't exist
[2.361s] WARNING:colcon.colcon_ros.prefix_path.catkin:The path '/home/jetros/ros2_ws/install/jsk_footstep_msgs' in the environment variable CMAKE_PREFIX_PATH doesn't exist
[2.361s] WARNING:colcon.colcon_ros.prefix_path.catkin:The path '/home/jetros/ros2_ws/install/joy_mecanum_controller' in the environment variable CMAKE_PREFIX_PATH doesn't exist
[2.362s] WARNING:colcon.colcon_ros.prefix_path.catkin:The path '/home/jetros/ros2_ws/install/isaac_ros_common' in the environment variable CMAKE_PREFIX_PATH doesn't exist
[2.362s] WARNING:colcon.colcon_ros.prefix_path.catkin:The path '/home/jetros/ros2_ws/install/gazebo_ros_pkgs' in the environment variable CMAKE_PREFIX_PATH doesn't exist
[2.362s] WARNING:colcon.colcon_ros.prefix_path.catkin:The path '/home/jetros/ros2_ws/install/gazebo_msgs' in the environment variable CMAKE_PREFIX_PATH doesn't exist
[2.362s] WARNING:colcon.colcon_ros.prefix_path.catkin:The path '/home/jetros/ros2_ws/install/gazebo_dev' in the environment variable CMAKE_PREFIX_PATH doesn't exist
[2.362s] WARNING:colcon.colcon_ros.prefix_path.catkin:The path '/home/jetros/ros2_ws/install/emcl2' in the environment variable CMAKE_PREFIX_PATH doesn't exist
[2.362s] WARNING:colcon.colcon_ros.prefix_path.catkin:The path '/home/jetros/ros2_ws/install/complex_msgs' in the environment variable CMAKE_PREFIX_PATH doesn't exist
[2.362s] WARNING:colcon.colcon_ros.prefix_path.catkin:The path '/home/jetros/ros2_ws/install/cmd_vel_float_changer' in the environment variable CMAKE_PREFIX_PATH doesn't exist
[2.362s] WARNING:colcon.colcon_ros.prefix_path.catkin:The path '/home/jetros/ros2_ws/install/cartographer_rviz' in the environment variable CMAKE_PREFIX_PATH doesn't exist
[2.362s] WARNING:colcon.colcon_ros.prefix_path.catkin:The path '/home/jetros/ros2_ws/install/cartographer_ros' in the environment variable CMAKE_PREFIX_PATH doesn't exist
[2.362s] WARNING:colcon.colcon_ros.prefix_path.catkin:The path '/home/jetros/ros2_ws/install/cartographer_ros_msgs' in the environment variable CMAKE_PREFIX_PATH doesn't exist
[2.362s] WARNING:colcon.colcon_ros.prefix_path.catkin:The path '/home/jetros/ros2_ws/install/bringup' in the environment variable CMAKE_PREFIX_PATH doesn't exist
Starting >>> isaac_ros_tensor_list_interfaces
[2.502s] ERROR:colcon.colcon_cmake.task.cmake.build:Failed to find the following files:
- /home/jetros/ros2_ws/install/isaac_ros_common/share/isaac_ros_common/package.sh
Check that the following packages have been built:
- isaac_ros_common
Failed   <<< isaac_ros_tensor_list_interfaces [0.02s, exited with code 1]

Summary: 0 packages finished [2.31s]
  1 package failed: isaac_ros_tensor_list_interfaces
  5 packages not processed
[0;32m[INFO][0m Stage 2: Building Isaac ROS Common core packages...
[2.255s] WARNING:colcon.colcon_ros.prefix_path.ament:The path '/home/jetros/ros2_ws/install/zed_ros2' in the environment variable AMENT_PREFIX_PATH doesn't exist
[2.255s] WARNING:colcon.colcon_ros.prefix_path.ament:The path '/home/jetros/ros2_ws/install/zed_robot_integration' in the environment variable AMENT_PREFIX_PATH doesn't exist
[2.256s] WARNING:colcon.colcon_ros.prefix_path.ament:The path '/home/jetros/ros2_ws/install/zed_ipc' in the environment variable AMENT_PREFIX_PATH doesn't exist
[2.256s] WARNING:colcon.colcon_ros.prefix_path.ament:The path '/home/jetros/ros2_ws/install/zed_multi_camera' in the environment variable AMENT_PREFIX_PATH doesn't exist
[2.256s] WARNING:colcon.colcon_ros.prefix_path.ament:The path '/home/jetros/ros2_ws/install/zed_display_rviz2' in the environment variable AMENT_PREFIX_PATH doesn't exist
[2.256s] WARNING:colcon.colcon_ros.prefix_path.ament:The path '/home/jetros/ros2_ws/install/zed_depth_to_laserscan' in the environment variable AMENT_PREFIX_PATH doesn't exist
[2.256s] WARNING:colcon.colcon_ros.prefix_path.ament:The path '/home/jetros/ros2_ws/install/zed_wrapper' in the environment variable AMENT_PREFIX_PATH doesn't exist
[2.256s] WARNING:colcon.colcon_ros.prefix_path.ament:The path '/home/jetros/ros2_ws/install/zed_tutorial_video' in the environment variable AMENT_PREFIX_PATH doesn't exist
[2.256s] WARNING:colcon.colcon_ros.prefix_path.ament:The path '/home/jetros/ros2_ws/install/zed_tutorial_pos_tracking' in the environment variable AMENT_PREFIX_PATH doesn't exist
[2.256s] WARNING:colcon.colcon_ros.prefix_path.ament:The path '/home/jetros/ros2_ws/install/zed_tutorial_depth' in the environment variable AMENT_PREFIX_PATH doesn't exist
[2.256s] WARNING:colcon.colcon_ros.prefix_path.ament:The path '/home/jetros/ros2_ws/install/zed_topic_benchmark' in the environment variable AMENT_PREFIX_PATH doesn't exist
[2.256s] WARNING:colcon.colcon_ros.prefix_path.ament:The path '/home/jetros/ros2_ws/install/zed_topic_benchmark_component' in the environment variable AMENT_PREFIX_PATH doesn't exist
[2.256s] WARNING:colcon.colcon_ros.prefix_path.ament:The path '/home/jetros/ros2_ws/install/zed_topic_benchmark_interfaces' in the environment variable AMENT_PREFIX_PATH doesn't exist
[2.256s] WARNING:colcon.colcon_ros.prefix_path.ament:The path '/home/jetros/ros2_ws/install/zed_rgb_convert' in the environment variable AMENT_PREFIX_PATH doesn't exist
[2.256s] WARNING:colcon.colcon_ros.prefix_path.ament:The path '/home/jetros/ros2_ws/install/zed_odom_watcher' in the environment variable AMENT_PREFIX_PATH doesn't exist
[2.257s] WARNING:colcon.colcon_ros.prefix_path.ament:The path '/home/jetros/ros2_ws/install/zed_human_tracker' in the environment variable AMENT_PREFIX_PATH doesn't exist
[2.257s] WARNING:colcon.colcon_ros.prefix_path.ament:The path '/home/jetros/ros2_ws/install/zed_aruco_localization' in the environment variable AMENT_PREFIX_PATH doesn't exist
[2.257s] WARNING:colcon.colcon_ros.prefix_path.ament:The path '/home/jetros/ros2_ws/install/zed_components' in the environment variable AMENT_PREFIX_PATH doesn't exist
[2.257s] WARNING:colcon.colcon_ros.prefix_path.ament:The path '/home/jetros/ros2_ws/install/rviz_plugin_zed_od' in the environment variable AMENT_PREFIX_PATH doesn't exist
[2.257s] WARNING:colcon.colcon_ros.prefix_path.ament:The path '/home/jetros/ros2_ws/install/zed_msgs' in the environment variable AMENT_PREFIX_PATH doesn't exist
[2.257s] WARNING:colcon.colcon_ros.prefix_path.ament:The path '/home/jetros/ros2_ws/install/zed_imu_republisher' in the environment variable AMENT_PREFIX_PATH doesn't exist
[2.257s] WARNING:colcon.colcon_ros.prefix_path.ament:The path '/home/jetros/ros2_ws/install/zed_goal_publisher' in the environment variable AMENT_PREFIX_PATH doesn't exist
[2.257s] WARNING:colcon.colcon_ros.prefix_path.ament:The path '/home/jetros/ros2_ws/install/voicevox_ros2' in the environment variable AMENT_PREFIX_PATH doesn't exist
[2.257s] WARNING:colcon.colcon_ros.prefix_path.ament:The path '/home/jetros/ros2_ws/install/voicevox_ros2_msgs' in the environment variable AMENT_PREFIX_PATH doesn't exist
[2.257s] WARNING:colcon.colcon_ros.prefix_path.ament:The path '/home/jetros/ros2_ws/install/orange_slam' in the environment variable AMENT_PREFIX_PATH doesn't exist
[2.257s] WARNING:colcon.colcon_ros.prefix_path.ament:The path '/home/jetros/ros2_ws/install/orange_navigation' in the environment variable AMENT_PREFIX_PATH doesn't exist
[2.257s] WARNING:colcon.colcon_ros.prefix_path.ament:The path '/home/jetros/ros2_ws/install/orange_bringup' in the environment variable AMENT_PREFIX_PATH doesn't exist
[2.257s] WARNING:colcon.colcon_ros.prefix_path.ament:The path '/home/jetros/ros2_ws/install/velodyne' in the environment variable AMENT_PREFIX_PATH doesn't exist
[2.257s] WARNING:colcon.colcon_ros.prefix_path.ament:The path '/home/jetros/ros2_ws/install/velodyne_pointcloud' in the environment variable AMENT_PREFIX_PATH doesn't exist
[2.258s] WARNING:colcon.colcon_ros.prefix_path.ament:The path '/home/jetros/ros2_ws/install/velodyne_driver' in the environment variable AMENT_PREFIX_PATH doesn't exist
[2.258s] WARNING:colcon.colcon_ros.prefix_path.ament:The path '/home/jetros/ros2_ws/install/velodyne_msgs' in the environment variable AMENT_PREFIX_PATH doesn't exist
[2.258s] WARNING:colcon.colcon_ros.prefix_path.ament:The path '/home/jetros/ros2_ws/install/velodyne_laserscan' in the environment variable AMENT_PREFIX_PATH doesn't exist
[2.258s] WARNING:colcon.colcon_ros.prefix_path.ament:The path '/home/jetros/ros2_ws/install/speech_recognition_msgs' in the environment variable AMENT_PREFIX_PATH doesn't exist
[2.258s] WARNING:colcon.colcon_ros.prefix_path.ament:The path '/home/jetros/ros2_ws/install/sllidar_ros2' in the environment variable AMENT_PREFIX_PATH doesn't exist
[2.258s] WARNING:colcon.colcon_ros.prefix_path.ament:The path '/home/jetros/ros2_ws/install/nav2_system_tests' in the environment variable AMENT_PREFIX_PATH doesn't exist
[2.258s] WARNING:colcon.colcon_ros.prefix_path.ament:The path '/home/jetros/ros2_ws/install/nav2_bringup' in the environment variable AMENT_PREFIX_PATH doesn't exist
[2.258s] WARNING:colcon.colcon_ros.prefix_path.ament:The path '/home/jetros/ros2_ws/install/slam_toolbox' in the environment variable AMENT_PREFIX_PATH doesn't exist
[2.258s] WARNING:colcon.colcon_ros.prefix_path.ament:The path '/home/jetros/ros2_ws/install/slam_gmapping' in the environment variable AMENT_PREFIX_PATH doesn't exist
[2.258s] WARNING:colcon.colcon_ros.prefix_path.ament:The path '/home/jetros/ros2_ws/install/safety_sensor' in the environment variable AMENT_PREFIX_PATH doesn't exist
[2.258s] WARNING:colcon.colcon_ros.prefix_path.ament:The path '/home/jetros/ros2_ws/install/rosidl_typesupport_microxrcedds_test_msg' in the environment variable AMENT_PREFIX_PATH doesn't exist
[2.258s] WARNING:colcon.colcon_ros.prefix_path.ament:The path '/home/jetros/ros2_ws/install/rosidl_typesupport_microxrcedds_cpp_tests' in the environment variable AMENT_PREFIX_PATH doesn't exist
[2.258s] WARNING:colcon.colcon_ros.prefix_path.ament:The path '/home/jetros/ros2_ws/install/micro_ros_demos_rclc' in the environment variable AMENT_PREFIX_PATH doesn't exist
[2.259s] WARNING:colcon.colcon_ros.prefix_path.ament:The path '/home/jetros/ros2_ws/install/rmw_microxrcedds' in the environment variable AMENT_PREFIX_PATH doesn't exist
[2.259s] WARNING:colcon.colcon_ros.prefix_path.ament:The path '/home/jetros/ros2_ws/install/rosidl_typesupport_microxrcedds_cpp' in the environment variable AMENT_PREFIX_PATH doesn't exist
[2.259s] WARNING:colcon.colcon_ros.prefix_path.ament:The path '/home/jetros/ros2_ws/install/rosidl_typesupport_microxrcedds_c_tests' in the environment variable AMENT_PREFIX_PATH doesn't exist
[2.259s] WARNING:colcon.colcon_ros.prefix_path.ament:The path '/home/jetros/ros2_ws/install/rosidl_typesupport_microxrcedds_c' in the environment variable AMENT_PREFIX_PATH doesn't exist
[2.259s] WARNING:colcon.colcon_ros.prefix_path.ament:The path '/home/jetros/ros2_ws/install/ros2_rs_pcl' in the environment variable AMENT_PREFIX_PATH doesn't exist
[2.259s] WARNING:colcon.colcon_ros.prefix_path.ament:The path '/home/jetros/ros2_ws/install/ros2_laser_scan_merger' in the environment variable AMENT_PREFIX_PATH doesn't exist
[2.259s] WARNING:colcon.colcon_ros.prefix_path.ament:The path '/home/jetros/ros2_ws/install/rf2o_laser_odometry' in the environment variable AMENT_PREFIX_PATH doesn't exist
[2.259s] WARNING:colcon.colcon_ros.prefix_path.ament:The path '/home/jetros/ros2_ws/install/rclc_examples' in the environment variable AMENT_PREFIX_PATH doesn't exist
[2.259s] WARNING:colcon.colcon_ros.prefix_path.ament:The path '/home/jetros/ros2_ws/install/rclc_parameter' in the environment variable AMENT_PREFIX_PATH doesn't exist
[2.259s] WARNING:colcon.colcon_ros.prefix_path.ament:The path '/home/jetros/ros2_ws/install/rclc_lifecycle' in the environment variable AMENT_PREFIX_PATH doesn't exist
[2.259s] WARNING:colcon.colcon_ros.prefix_path.ament:The path '/home/jetros/ros2_ws/install/rclc' in the environment variable AMENT_PREFIX_PATH doesn't exist
[2.259s] WARNING:colcon.colcon_ros.prefix_path.ament:The path '/home/jetros/ros2_ws/install/posedetection_msgs' in the environment variable AMENT_PREFIX_PATH doesn't exist
[2.259s] WARNING:colcon.colcon_ros.prefix_path.ament:The path '/home/jetros/ros2_ws/install/orange_gazebo' in the environment variable AMENT_PREFIX_PATH doesn't exist
[2.259s] WARNING:colcon.colcon_ros.prefix_path.ament:The path '/home/jetros/ros2_ws/install/orange_description' in the environment variable AMENT_PREFIX_PATH doesn't exist
[2.259s] WARNING:colcon.colcon_ros.prefix_path.ament:The path '/home/jetros/ros2_ws/install/orange_sensor_tools' in the environment variable AMENT_PREFIX_PATH doesn't exist
[2.260s] WARNING:colcon.colcon_ros.prefix_path.ament:The path '/home/jetros/ros2_ws/install/pointcloud_to_laserscan' in the environment variable AMENT_PREFIX_PATH doesn't exist
[2.260s] WARNING:colcon.colcon_ros.prefix_path.ament:The path '/home/jetros/ros2_ws/install/orange_teleop' in the environment variable AMENT_PREFIX_PATH doesn't exist
[2.260s] WARNING:colcon.colcon_ros.prefix_path.ament:The path '/home/jetros/ros2_ws/install/openslam_gmapping' in the environment variable AMENT_PREFIX_PATH doesn't exist
[2.260s] WARNING:colcon.colcon_ros.prefix_path.ament:The path '/home/jetros/ros2_ws/install/odom_publisher' in the environment variable AMENT_PREFIX_PATH doesn't exist
[2.260s] WARNING:colcon.colcon_ros.prefix_path.ament:The path '/home/jetros/ros2_ws/install/navigation2' in the environment variable AMENT_PREFIX_PATH doesn't exist
[2.260s] WARNING:colcon.colcon_ros.prefix_path.ament:The path '/home/jetros/ros2_ws/install/nav2_smoother' in the environment variable AMENT_PREFIX_PATH doesn't exist
[2.260s] WARNING:colcon.colcon_ros.prefix_path.ament:The path '/home/jetros/ros2_ws/install/nav2_rotation_shim_controller' in the environment variable AMENT_PREFIX_PATH doesn't exist
[2.260s] WARNING:colcon.colcon_ros.prefix_path.ament:The path '/home/jetros/ros2_ws/install/nav2_graceful_controller' in the environment variable AMENT_PREFIX_PATH doesn't exist
[2.260s] WARNING:colcon.colcon_ros.prefix_path.ament:The path '/home/jetros/ros2_ws/install/nav2_dwb_controller' in the environment variable AMENT_PREFIX_PATH doesn't exist
[2.261s] WARNING:colcon.colcon_ros.prefix_path.ament:The path '/home/jetros/ros2_ws/install/nav2_controller' in the environment variable AMENT_PREFIX_PATH doesn't exist
[2.261s] WARNING:colcon.colcon_ros.prefix_path.ament:The path '/home/jetros/ros2_ws/install/dwb_plugins' in the environment variable AMENT_PREFIX_PATH doesn't exist
[2.261s] WARNING:colcon.colcon_ros.prefix_path.ament:The path '/home/jetros/ros2_ws/install/dwb_critics' in the environment variable AMENT_PREFIX_PATH doesn't exist
[2.261s] WARNING:colcon.colcon_ros.prefix_path.ament:The path '/home/jetros/ros2_ws/install/dwb_core' in the environment variable AMENT_PREFIX_PATH doesn't exist
[2.261s] WARNING:colcon.colcon_ros.prefix_path.ament:The path '/home/jetros/ros2_ws/install/nav_2d_utils' in the environment variable AMENT_PREFIX_PATH doesn't exist
[2.261s] WARNING:colcon.colcon_ros.prefix_path.ament:The path '/home/jetros/ros2_ws/install/dwb_msgs' in the environment variable AMENT_PREFIX_PATH doesn't exist
[2.261s] WARNING:colcon.colcon_ros.prefix_path.ament:The path '/home/jetros/ros2_ws/install/nav_2d_msgs' in the environment variable AMENT_PREFIX_PATH doesn't exist
[2.261s] WARNING:colcon.colcon_ros.prefix_path.ament:The path '/home/jetros/ros2_ws/install/nav2_waypoint_follower' in the environment variable AMENT_PREFIX_PATH doesn't exist
[2.261s] WARNING:colcon.colcon_ros.prefix_path.ament:The path '/home/jetros/ros2_ws/install/nav2_theta_star_planner' in the environment variable AMENT_PREFIX_PATH doesn't exist
[2.261s] WARNING:colcon.colcon_ros.prefix_path.ament:The path '/home/jetros/ros2_ws/install/nav2_smac_planner' in the environment variable AMENT_PREFIX_PATH doesn't exist
[2.261s] WARNING:colcon.colcon_ros.prefix_path.ament:The path '/home/jetros/ros2_ws/install/nav2_route' in the environment variable AMENT_PREFIX_PATH doesn't exist
[2.261s] WARNING:colcon.colcon_ros.prefix_path.ament:The path '/home/jetros/ros2_ws/install/nav2_regulated_pure_pursuit_controller' in the environment variable AMENT_PREFIX_PATH doesn't exist
[2.261s] WARNING:colcon.colcon_ros.prefix_path.ament:The path '/home/jetros/ros2_ws/install/nav2_planner' in the environment variable AMENT_PREFIX_PATH doesn't exist
[2.261s] WARNING:colcon.colcon_ros.prefix_path.ament:The path '/home/jetros/ros2_ws/install/nav2_navfn_planner' in the environment variable AMENT_PREFIX_PATH doesn't exist
[2.261s] WARNING:colcon.colcon_ros.prefix_path.ament:The path '/home/jetros/ros2_ws/install/nav2_mppi_controller' in the environment variable AMENT_PREFIX_PATH doesn't exist
[2.261s] WARNING:colcon.colcon_ros.prefix_path.ament:The path '/home/jetros/ros2_ws/install/nav2_constrained_smoother' in the environment variable AMENT_PREFIX_PATH doesn't exist
[2.262s] WARNING:colcon.colcon_ros.prefix_path.ament:The path '/home/jetros/ros2_ws/install/nav2_bt_navigator' in the environment variable AMENT_PREFIX_PATH doesn't exist
[2.262s] WARNING:colcon.colcon_ros.prefix_path.ament:The path '/home/jetros/ros2_ws/install/nav2_behaviors' in the environment variable AMENT_PREFIX_PATH doesn't exist
[2.262s] WARNING:colcon.colcon_ros.prefix_path.ament:The path '/home/jetros/ros2_ws/install/nav2_core' in the environment variable AMENT_PREFIX_PATH doesn't exist
[2.262s] WARNING:colcon.colcon_ros.prefix_path.ament:The path '/home/jetros/ros2_ws/install/nav2_collision_monitor' in the environment variable AMENT_PREFIX_PATH doesn't exist
[2.262s] WARNING:colcon.colcon_ros.prefix_path.ament:The path '/home/jetros/ros2_ws/install/costmap_queue' in the environment variable AMENT_PREFIX_PATH doesn't exist
[2.262s] WARNING:colcon.colcon_ros.prefix_path.ament:The path '/home/jetros/ros2_ws/install/nav2_costmap_2d' in the environment variable AMENT_PREFIX_PATH doesn't exist
[2.262s] WARNING:colcon.colcon_ros.prefix_path.ament:The path '/home/jetros/ros2_ws/install/nav2_voxel_grid' in the environment variable AMENT_PREFIX_PATH doesn't exist
[2.262s] WARNING:colcon.colcon_ros.prefix_path.ament:The path '/home/jetros/ros2_ws/install/nav2_velocity_smoother' in the environment variable AMENT_PREFIX_PATH doesn't exist
[2.262s] WARNING:colcon.colcon_ros.prefix_path.ament:The path '/home/jetros/ros2_ws/install/nav2_rviz_plugins' in the environment variable AMENT_PREFIX_PATH doesn't exist
[2.262s] WARNING:colcon.colcon_ros.prefix_path.ament:The path '/home/jetros/ros2_ws/install/nav2_map_server' in the environment variable AMENT_PREFIX_PATH doesn't exist
[2.262s] WARNING:colcon.colcon_ros.prefix_path.ament:The path '/home/jetros/ros2_ws/install/nav2_lifecycle_manager' in the environment variable AMENT_PREFIX_PATH doesn't exist
[2.262s] WARNING:colcon.colcon_ros.prefix_path.ament:The path '/home/jetros/ros2_ws/install/nav2_behavior_tree' in the environment variable AMENT_PREFIX_PATH doesn't exist
[2.262s] WARNING:colcon.colcon_ros.prefix_path.ament:The path '/home/jetros/ros2_ws/install/nav2_amcl' in the environment variable AMENT_PREFIX_PATH doesn't exist
[2.263s] WARNING:colcon.colcon_ros.prefix_path.ament:The path '/home/jetros/ros2_ws/install/nav2_util' in the environment variable AMENT_PREFIX_PATH doesn't exist
[2.263s] WARNING:colcon.colcon_ros.prefix_path.ament:The path '/home/jetros/ros2_ws/install/nav2_simple_commander' in the environment variable AMENT_PREFIX_PATH doesn't exist
[2.263s] WARNING:colcon.colcon_ros.prefix_path.ament:The path '/home/jetros/ros2_ws/install/nav2_msgs' in the environment variable AMENT_PREFIX_PATH doesn't exist
[2.263s] WARNING:colcon.colcon_ros.prefix_path.ament:The path '/home/jetros/ros2_ws/install/nav2_common' in the environment variable AMENT_PREFIX_PATH doesn't exist
[2.263s] WARNING:colcon.colcon_ros.prefix_path.ament:The path '/home/jetros/ros2_ws/install/micro_ros_utilities' in the environment variable AMENT_PREFIX_PATH doesn't exist
[2.263s] WARNING:colcon.colcon_ros.prefix_path.ament:The path '/home/jetros/ros2_ws/install/micro_ros_setup' in the environment variable AMENT_PREFIX_PATH doesn't exist
[2.263s] WARNING:colcon.colcon_ros.prefix_path.ament:The path '/home/jetros/ros2_ws/install/micro_ros_agent' in the environment variable AMENT_PREFIX_PATH doesn't exist
[2.263s] WARNING:colcon.colcon_ros.prefix_path.ament:The path '/home/jetros/ros2_ws/install/micro_ros_msgs' in the environment variable AMENT_PREFIX_PATH doesn't exist
[2.263s] WARNING:colcon.colcon_ros.prefix_path.ament:The path '/home/jetros/ros2_ws/install/mark3_urdf' in the environment variable AMENT_PREFIX_PATH doesn't exist
[2.263s] WARNING:colcon.colcon_ros.prefix_path.ament:The path '/home/jetros/ros2_ws/install/ldlidar_stl_ros2' in the environment variable AMENT_PREFIX_PATH doesn't exist
[2.263s] WARNING:colcon.colcon_ros.prefix_path.ament:The path '/home/jetros/ros2_ws/install/ldlidar' in the environment variable AMENT_PREFIX_PATH doesn't exist
[2.263s] WARNING:colcon.colcon_ros.prefix_path.ament:The path '/home/jetros/ros2_ws/install/laser_merger2' in the environment variable AMENT_PREFIX_PATH doesn't exist
[2.263s] WARNING:colcon.colcon_ros.prefix_path.ament:The path '/home/jetros/ros2_ws/install/laser_filters' in the environment variable AMENT_PREFIX_PATH doesn't exist
[2.263s] WARNING:colcon.colcon_ros.prefix_path.ament:The path '/home/jetros/ros2_ws/install/jsk_visualization' in the environment variable AMENT_PREFIX_PATH doesn't exist
[2.263s] WARNING:colcon.colcon_ros.prefix_path.ament:The path '/home/jetros/ros2_ws/install/jsk_rviz_plugins' in the environment variable AMENT_PREFIX_PATH doesn't exist
[2.264s] WARNING:colcon.colcon_ros.prefix_path.ament:The path '/home/jetros/ros2_ws/install/jsk_topic_tools' in the environment variable AMENT_PREFIX_PATH doesn't exist
[2.264s] WARNING:colcon.colcon_ros.prefix_path.ament:The path '/home/jetros/ros2_ws/install/jsk_rviz_plugin_msgs' in the environment variable AMENT_PREFIX_PATH doesn't exist
[2.264s] WARNING:colcon.colcon_ros.prefix_path.ament:The path '/home/jetros/ros2_ws/install/jsk_recognition_msgs' in the environment variable AMENT_PREFIX_PATH doesn't exist
[2.264s] WARNING:colcon.colcon_ros.prefix_path.ament:The path '/home/jetros/ros2_ws/install/jsk_hark_msgs' in the environment variable AMENT_PREFIX_PATH doesn't exist
[2.264s] WARNING:colcon.colcon_ros.prefix_path.ament:The path '/home/jetros/ros2_ws/install/jsk_gui_msgs' in the environment variable AMENT_PREFIX_PATH doesn't exist
[2.264s] WARNING:colcon.colcon_ros.prefix_path.ament:The path '/home/jetros/ros2_ws/install/jsk_footstep_msgs' in the environment variable AMENT_PREFIX_PATH doesn't exist
[2.264s] WARNING:colcon.colcon_ros.prefix_path.ament:The path '/home/jetros/ros2_ws/install/joy_mecanum_controller' in the environment variable AMENT_PREFIX_PATH doesn't exist
[2.264s] WARNING:colcon.colcon_ros.prefix_path.ament:The path '/home/jetros/ros2_ws/install/isaac_ros_test' in the environment variable AMENT_PREFIX_PATH doesn't exist
[2.264s] WARNING:colcon.colcon_ros.prefix_path.ament:The path '/home/jetros/ros2_ws/install/isaac_ros_common' in the environment variable AMENT_PREFIX_PATH doesn't exist
[2.264s] WARNING:colcon.colcon_ros.prefix_path.ament:The path '/home/jetros/ros2_ws/install/gazebo_ros_pkgs' in the environment variable AMENT_PREFIX_PATH doesn't exist
[2.264s] WARNING:colcon.colcon_ros.prefix_path.ament:The path '/home/jetros/ros2_ws/install/gazebo_msgs' in the environment variable AMENT_PREFIX_PATH doesn't exist
[2.264s] WARNING:colcon.colcon_ros.prefix_path.ament:The path '/home/jetros/ros2_ws/install/gazebo_dev' in the environment variable AMENT_PREFIX_PATH doesn't exist
[2.264s] WARNING:colcon.colcon_ros.prefix_path.ament:The path '/home/jetros/ros2_ws/install/emcl2' in the environment variable AMENT_PREFIX_PATH doesn't exist
[2.264s] WARNING:colcon.colcon_ros.prefix_path.ament:The path '/home/jetros/ros2_ws/install/complex_msgs' in the environment variable AMENT_PREFIX_PATH doesn't exist
[2.264s] WARNING:colcon.colcon_ros.prefix_path.ament:The path '/home/jetros/ros2_ws/install/cmd_vel_float_changer' in the environment variable AMENT_PREFIX_PATH doesn't exist
[2.265s] WARNING:colcon.colcon_ros.prefix_path.ament:The path '/home/jetros/ros2_ws/install/cartographer_rviz' in the environment variable AMENT_PREFIX_PATH doesn't exist
[2.265s] WARNING:colcon.colcon_ros.prefix_path.ament:The path '/home/jetros/ros2_ws/install/cartographer_ros' in the environment variable AMENT_PREFIX_PATH doesn't exist
[2.265s] WARNING:colcon.colcon_ros.prefix_path.ament:The path '/home/jetros/ros2_ws/install/cartographer_ros_msgs' in the environment variable AMENT_PREFIX_PATH doesn't exist
[2.265s] WARNING:colcon.colcon_ros.prefix_path.ament:The path '/home/jetros/ros2_ws/install/bringup' in the environment variable AMENT_PREFIX_PATH doesn't exist
[2.265s] WARNING:colcon.colcon_ros.prefix_path.catkin:The path '/home/jetros/ros2_ws/install/zed_ros2' in the environment variable CMAKE_PREFIX_PATH doesn't exist
[2.265s] WARNING:colcon.colcon_ros.prefix_path.catkin:The path '/home/jetros/ros2_ws/install/zed_robot_integration' in the environment variable CMAKE_PREFIX_PATH doesn't exist
[2.265s] WARNING:colcon.colcon_ros.prefix_path.catkin:The path '/home/jetros/ros2_ws/install/zed_ipc' in the environment variable CMAKE_PREFIX_PATH doesn't exist
[2.265s] WARNING:colcon.colcon_ros.prefix_path.catkin:The path '/home/jetros/ros2_ws/install/zed_multi_camera' in the environment variable CMAKE_PREFIX_PATH doesn't exist
[2.265s] WARNING:colcon.colcon_ros.prefix_path.catkin:The path '/home/jetros/ros2_ws/install/zed_display_rviz2' in the environment variable CMAKE_PREFIX_PATH doesn't exist
[2.265s] WARNING:colcon.colcon_ros.prefix_path.catkin:The path '/home/jetros/ros2_ws/install/zed_depth_to_laserscan' in the environment variable CMAKE_PREFIX_PATH doesn't exist
[2.266s] WARNING:colcon.colcon_ros.prefix_path.catkin:The path '/home/jetros/ros2_ws/install/zed_wrapper' in the environment variable CMAKE_PREFIX_PATH doesn't exist
[2.266s] WARNING:colcon.colcon_ros.prefix_path.catkin:The path '/home/jetros/ros2_ws/install/zed_tutorial_video' in the environment variable CMAKE_PREFIX_PATH doesn't exist
[2.266s] WARNING:colcon.colcon_ros.prefix_path.catkin:The path '/home/jetros/ros2_ws/install/zed_tutorial_pos_tracking' in the environment variable CMAKE_PREFIX_PATH doesn't exist
[2.266s] WARNING:colcon.colcon_ros.prefix_path.catkin:The path '/home/jetros/ros2_ws/install/zed_tutorial_depth' in the environment variable CMAKE_PREFIX_PATH doesn't exist
[2.266s] WARNING:colcon.colcon_ros.prefix_path.catkin:The path '/home/jetros/ros2_ws/install/zed_topic_benchmark' in the environment variable CMAKE_PREFIX_PATH doesn't exist
[2.266s] WARNING:colcon.colcon_ros.prefix_path.catkin:The path '/home/jetros/ros2_ws/install/zed_topic_benchmark_component' in the environment variable CMAKE_PREFIX_PATH doesn't exist
[2.266s] WARNING:colcon.colcon_ros.prefix_path.catkin:The path '/home/jetros/ros2_ws/install/zed_topic_benchmark_interfaces' in the environment variable CMAKE_PREFIX_PATH doesn't exist
[2.266s] WARNING:colcon.colcon_ros.prefix_path.catkin:The path '/home/jetros/ros2_ws/install/zed_rgb_convert' in the environment variable CMAKE_PREFIX_PATH doesn't exist
[2.266s] WARNING:colcon.colcon_ros.prefix_path.catkin:The path '/home/jetros/ros2_ws/install/zed_odom_watcher' in the environment variable CMAKE_PREFIX_PATH doesn't exist
[2.266s] WARNING:colcon.colcon_ros.prefix_path.catkin:The path '/home/jetros/ros2_ws/install/zed_human_tracker' in the environment variable CMAKE_PREFIX_PATH doesn't exist
[2.266s] WARNING:colcon.colcon_ros.prefix_path.catkin:The path '/home/jetros/ros2_ws/install/zed_aruco_localization' in the environment variable CMAKE_PREFIX_PATH doesn't exist
[2.266s] WARNING:colcon.colcon_ros.prefix_path.catkin:The path '/home/jetros/ros2_ws/install/zed_components' in the environment variable CMAKE_PREFIX_PATH doesn't exist
[2.266s] WARNING:colcon.colcon_ros.prefix_path.catkin:The path '/home/jetros/ros2_ws/install/rviz_plugin_zed_od' in the environment variable CMAKE_PREFIX_PATH doesn't exist
[2.266s] WARNING:colcon.colcon_ros.prefix_path.catkin:The path '/home/jetros/ros2_ws/install/zed_msgs' in the environment variable CMAKE_PREFIX_PATH doesn't exist
[2.266s] WARNING:colcon.colcon_ros.prefix_path.catkin:The path '/home/jetros/ros2_ws/install/zed_imu_republisher' in the environment variable CMAKE_PREFIX_PATH doesn't exist
[2.267s] WARNING:colcon.colcon_ros.prefix_path.catkin:The path '/home/jetros/ros2_ws/install/zed_goal_publisher' in the environment variable CMAKE_PREFIX_PATH doesn't exist
[2.267s] WARNING:colcon.colcon_ros.prefix_path.catkin:The path '/home/jetros/ros2_ws/install/voicevox_ros2_msgs' in the environment variable CMAKE_PREFIX_PATH doesn't exist
[2.267s] WARNING:colcon.colcon_ros.prefix_path.catkin:The path '/home/jetros/ros2_ws/install/orange_slam' in the environment variable CMAKE_PREFIX_PATH doesn't exist
[2.267s] WARNING:colcon.colcon_ros.prefix_path.catkin:The path '/home/jetros/ros2_ws/install/orange_navigation' in the environment variable CMAKE_PREFIX_PATH doesn't exist
[2.267s] WARNING:colcon.colcon_ros.prefix_path.catkin:The path '/home/jetros/ros2_ws/install/velodyne' in the environment variable CMAKE_PREFIX_PATH doesn't exist
[2.267s] WARNING:colcon.colcon_ros.prefix_path.catkin:The path '/home/jetros/ros2_ws/install/velodyne_pointcloud' in the environment variable CMAKE_PREFIX_PATH doesn't exist
[2.267s] WARNING:colcon.colcon_ros.prefix_path.catkin:The path '/home/jetros/ros2_ws/install/velodyne_driver' in the environment variable CMAKE_PREFIX_PATH doesn't exist
[2.267s] WARNING:colcon.colcon_ros.prefix_path.catkin:The path '/home/jetros/ros2_ws/install/velodyne_msgs' in the environment variable CMAKE_PREFIX_PATH doesn't exist
[2.267s] WARNING:colcon.colcon_ros.prefix_path.catkin:The path '/home/jetros/ros2_ws/install/velodyne_laserscan' in the environment variable CMAKE_PREFIX_PATH doesn't exist
[2.267s] WARNING:colcon.colcon_ros.prefix_path.catkin:The path '/home/jetros/ros2_ws/install/speech_recognition_msgs' in the environment variable CMAKE_PREFIX_PATH doesn't exist
[2.267s] WARNING:colcon.colcon_ros.prefix_path.catkin:The path '/home/jetros/ros2_ws/install/sllidar_ros2' in the environment variable CMAKE_PREFIX_PATH doesn't exist
[2.267s] WARNING:colcon.colcon_ros.prefix_path.catkin:The path '/home/jetros/ros2_ws/install/nav2_system_tests' in the environment variable CMAKE_PREFIX_PATH doesn't exist
[2.268s] WARNING:colcon.colcon_ros.prefix_path.catkin:The path '/home/jetros/ros2_ws/install/nav2_bringup' in the environment variable CMAKE_PREFIX_PATH doesn't exist
[2.268s] WARNING:colcon.colcon_ros.prefix_path.catkin:The path '/home/jetros/ros2_ws/install/slam_toolbox' in the environment variable CMAKE_PREFIX_PATH doesn't exist
[2.268s] WARNING:colcon.colcon_ros.prefix_path.catkin:The path '/home/jetros/ros2_ws/install/slam_gmapping' in the environment variable CMAKE_PREFIX_PATH doesn't exist
[2.268s] WARNING:colcon.colcon_ros.prefix_path.catkin:The path '/home/jetros/ros2_ws/install/safety_sensor' in the environment variable CMAKE_PREFIX_PATH doesn't exist
[2.268s] WARNING:colcon.colcon_ros.prefix_path.catkin:The path '/home/jetros/ros2_ws/install/rosidl_typesupport_microxrcedds_test_msg' in the environment variable CMAKE_PREFIX_PATH doesn't exist
[2.268s] WARNING:colcon.colcon_ros.prefix_path.catkin:The path '/home/jetros/ros2_ws/install/rosidl_typesupport_microxrcedds_cpp_tests' in the environment variable CMAKE_PREFIX_PATH doesn't exist
[2.268s] WARNING:colcon.colcon_ros.prefix_path.catkin:The path '/home/jetros/ros2_ws/install/micro_ros_demos_rclc' in the environment variable CMAKE_PREFIX_PATH doesn't exist
[2.268s] WARNING:colcon.colcon_ros.prefix_path.catkin:The path '/home/jetros/ros2_ws/install/rmw_microxrcedds' in the environment variable CMAKE_PREFIX_PATH doesn't exist
[2.269s] WARNING:colcon.colcon_ros.prefix_path.catkin:The path '/home/jetros/ros2_ws/install/rosidl_typesupport_microxrcedds_cpp' in the environment variable CMAKE_PREFIX_PATH doesn't exist
[2.269s] WARNING:colcon.colcon_ros.prefix_path.catkin:The path '/home/jetros/ros2_ws/install/rosidl_typesupport_microxrcedds_c_tests' in the environment variable CMAKE_PREFIX_PATH doesn't exist
[2.269s] WARNING:colcon.colcon_ros.prefix_path.catkin:The path '/home/jetros/ros2_ws/install/rosidl_typesupport_microxrcedds_c' in the environment variable CMAKE_PREFIX_PATH doesn't exist
[2.269s] WARNING:colcon.colcon_ros.prefix_path.catkin:The path '/home/jetros/ros2_ws/install/ros2_rs_pcl' in the environment variable CMAKE_PREFIX_PATH doesn't exist
[2.269s] WARNING:colcon.colcon_ros.prefix_path.catkin:The path '/home/jetros/ros2_ws/install/ros2_laser_scan_merger' in the environment variable CMAKE_PREFIX_PATH doesn't exist
[2.269s] WARNING:colcon.colcon_ros.prefix_path.catkin:The path '/home/jetros/ros2_ws/install/rf2o_laser_odometry' in the environment variable CMAKE_PREFIX_PATH doesn't exist
[2.269s] WARNING:colcon.colcon_ros.prefix_path.catkin:The path '/home/jetros/ros2_ws/install/rclc_examples' in the environment variable CMAKE_PREFIX_PATH doesn't exist
[2.269s] WARNING:colcon.colcon_ros.prefix_path.catkin:The path '/home/jetros/ros2_ws/install/rclc_parameter' in the environment variable CMAKE_PREFIX_PATH doesn't exist
[2.270s] WARNING:colcon.colcon_ros.prefix_path.catkin:The path '/home/jetros/ros2_ws/install/rclc_lifecycle' in the environment variable CMAKE_PREFIX_PATH doesn't exist
[2.270s] WARNING:colcon.colcon_ros.prefix_path.catkin:The path '/home/jetros/ros2_ws/install/rclc' in the environment variable CMAKE_PREFIX_PATH doesn't exist
[2.270s] WARNING:colcon.colcon_ros.prefix_path.catkin:The path '/home/jetros/ros2_ws/install/posedetection_msgs' in the environment variable CMAKE_PREFIX_PATH doesn't exist
[2.270s] WARNING:colcon.colcon_ros.prefix_path.catkin:The path '/home/jetros/ros2_ws/install/orange_gazebo' in the environment variable CMAKE_PREFIX_PATH doesn't exist
[2.270s] WARNING:colcon.colcon_ros.prefix_path.catkin:The path '/home/jetros/ros2_ws/install/orange_description' in the environment variable CMAKE_PREFIX_PATH doesn't exist
[2.270s] WARNING:colcon.colcon_ros.prefix_path.catkin:The path '/home/jetros/ros2_ws/install/orange_sensor_tools' in the environment variable CMAKE_PREFIX_PATH doesn't exist
[2.270s] WARNING:colcon.colcon_ros.prefix_path.catkin:The path '/home/jetros/ros2_ws/install/pointcloud_to_laserscan' in the environment variable CMAKE_PREFIX_PATH doesn't exist
[2.270s] WARNING:colcon.colcon_ros.prefix_path.catkin:The path '/home/jetros/ros2_ws/install/openslam_gmapping' in the environment variable CMAKE_PREFIX_PATH doesn't exist
[2.271s] WARNING:colcon.colcon_ros.prefix_path.catkin:The path '/home/jetros/ros2_ws/install/odom_publisher' in the environment variable CMAKE_PREFIX_PATH doesn't exist
[2.271s] WARNING:colcon.colcon_ros.prefix_path.catkin:The path '/home/jetros/ros2_ws/install/navigation2' in the environment variable CMAKE_PREFIX_PATH doesn't exist
[2.271s] WARNING:colcon.colcon_ros.prefix_path.catkin:The path '/home/jetros/ros2_ws/install/nav2_smoother' in the environment variable CMAKE_PREFIX_PATH doesn't exist
[2.271s] WARNING:colcon.colcon_ros.prefix_path.catkin:The path '/home/jetros/ros2_ws/install/nav2_rotation_shim_controller' in the environment variable CMAKE_PREFIX_PATH doesn't exist
[2.271s] WARNING:colcon.colcon_ros.prefix_path.catkin:The path '/home/jetros/ros2_ws/install/nav2_graceful_controller' in the environment variable CMAKE_PREFIX_PATH doesn't exist
[2.271s] WARNING:colcon.colcon_ros.prefix_path.catkin:The path '/home/jetros/ros2_ws/install/nav2_dwb_controller' in the environment variable CMAKE_PREFIX_PATH doesn't exist
[2.271s] WARNING:colcon.colcon_ros.prefix_path.catkin:The path '/home/jetros/ros2_ws/install/nav2_controller' in the environment variable CMAKE_PREFIX_PATH doesn't exist
[2.271s] WARNING:colcon.colcon_ros.prefix_path.catkin:The path '/home/jetros/ros2_ws/install/dwb_plugins' in the environment variable CMAKE_PREFIX_PATH doesn't exist
[2.271s] WARNING:colcon.colcon_ros.prefix_path.catkin:The path '/home/jetros/ros2_ws/install/dwb_critics' in the environment variable CMAKE_PREFIX_PATH doesn't exist
[2.271s] WARNING:colcon.colcon_ros.prefix_path.catkin:The path '/home/jetros/ros2_ws/install/dwb_core' in the environment variable CMAKE_PREFIX_PATH doesn't exist
[2.272s] WARNING:colcon.colcon_ros.prefix_path.catkin:The path '/home/jetros/ros2_ws/install/nav_2d_utils' in the environment variable CMAKE_PREFIX_PATH doesn't exist
[2.272s] WARNING:colcon.colcon_ros.prefix_path.catkin:The path '/home/jetros/ros2_ws/install/dwb_msgs' in the environment variable CMAKE_PREFIX_PATH doesn't exist
[2.272s] WARNING:colcon.colcon_ros.prefix_path.catkin:The path '/home/jetros/ros2_ws/install/nav_2d_msgs' in the environment variable CMAKE_PREFIX_PATH doesn't exist
[2.272s] WARNING:colcon.colcon_ros.prefix_path.catkin:The path '/home/jetros/ros2_ws/install/nav2_waypoint_follower' in the environment variable CMAKE_PREFIX_PATH doesn't exist
[2.272s] WARNING:colcon.colcon_ros.prefix_path.catkin:The path '/home/jetros/ros2_ws/install/nav2_theta_star_planner' in the environment variable CMAKE_PREFIX_PATH doesn't exist
[2.272s] WARNING:colcon.colcon_ros.prefix_path.catkin:The path '/home/jetros/ros2_ws/install/nav2_smac_planner' in the environment variable CMAKE_PREFIX_PATH doesn't exist
[2.272s] WARNING:colcon.colcon_ros.prefix_path.catkin:The path '/home/jetros/ros2_ws/install/nav2_route' in the environment variable CMAKE_PREFIX_PATH doesn't exist
[2.272s] WARNING:colcon.colcon_ros.prefix_path.catkin:The path '/home/jetros/ros2_ws/install/nav2_regulated_pure_pursuit_controller' in the environment variable CMAKE_PREFIX_PATH doesn't exist
[2.273s] WARNING:colcon.colcon_ros.prefix_path.catkin:The path '/home/jetros/ros2_ws/install/nav2_planner' in the environment variable CMAKE_PREFIX_PATH doesn't exist
[2.273s] WARNING:colcon.colcon_ros.prefix_path.catkin:The path '/home/jetros/ros2_ws/install/nav2_navfn_planner' in the environment variable CMAKE_PREFIX_PATH doesn't exist
[2.273s] WARNING:colcon.colcon_ros.prefix_path.catkin:The path '/home/jetros/ros2_ws/install/nav2_mppi_controller' in the environment variable CMAKE_PREFIX_PATH doesn't exist
[2.273s] WARNING:colcon.colcon_ros.prefix_path.catkin:The path '/home/jetros/ros2_ws/install/nav2_constrained_smoother' in the environment variable CMAKE_PREFIX_PATH doesn't exist
[2.273s] WARNING:colcon.colcon_ros.prefix_path.catkin:The path '/home/jetros/ros2_ws/install/nav2_bt_navigator' in the environment variable CMAKE_PREFIX_PATH doesn't exist
[2.273s] WARNING:colcon.colcon_ros.prefix_path.catkin:The path '/home/jetros/ros2_ws/install/nav2_behaviors' in the environment variable CMAKE_PREFIX_PATH doesn't exist
[2.273s] WARNING:colcon.colcon_ros.prefix_path.catkin:The path '/home/jetros/ros2_ws/install/nav2_core' in the environment variable CMAKE_PREFIX_PATH doesn't exist
[2.273s] WARNING:colcon.colcon_ros.prefix_path.catkin:The path '/home/jetros/ros2_ws/install/nav2_collision_monitor' in the environment variable CMAKE_PREFIX_PATH doesn't exist
[2.274s] WARNING:colcon.colcon_ros.prefix_path.catkin:The path '/home/jetros/ros2_ws/install/costmap_queue' in the environment variable CMAKE_PREFIX_PATH doesn't exist
[2.274s] WARNING:colcon.colcon_ros.prefix_path.catkin:The path '/home/jetros/ros2_ws/install/nav2_costmap_2d' in the environment variable CMAKE_PREFIX_PATH doesn't exist
[2.274s] WARNING:colcon.colcon_ros.prefix_path.catkin:The path '/home/jetros/ros2_ws/install/nav2_voxel_grid' in the environment variable CMAKE_PREFIX_PATH doesn't exist
[2.274s] WARNING:colcon.colcon_ros.prefix_path.catkin:The path '/home/jetros/ros2_ws/install/nav2_velocity_smoother' in the environment variable CMAKE_PREFIX_PATH doesn't exist
[2.274s] WARNING:colcon.colcon_ros.prefix_path.catkin:The path '/home/jetros/ros2_ws/install/nav2_rviz_plugins' in the environment variable CMAKE_PREFIX_PATH doesn't exist
[2.274s] WARNING:colcon.colcon_ros.prefix_path.catkin:The path '/home/jetros/ros2_ws/install/nav2_map_server' in the environment variable CMAKE_PREFIX_PATH doesn't exist
[2.274s] WARNING:colcon.colcon_ros.prefix_path.catkin:The path '/home/jetros/ros2_ws/install/nav2_lifecycle_manager' in the environment variable CMAKE_PREFIX_PATH doesn't exist
[2.274s] WARNING:colcon.colcon_ros.prefix_path.catkin:The path '/home/jetros/ros2_ws/install/nav2_behavior_tree' in the environment variable CMAKE_PREFIX_PATH doesn't exist
[2.275s] WARNING:colcon.colcon_ros.prefix_path.catkin:The path '/home/jetros/ros2_ws/install/nav2_amcl' in the environment variable CMAKE_PREFIX_PATH doesn't exist
[2.275s] WARNING:colcon.colcon_ros.prefix_path.catkin:The path '/home/jetros/ros2_ws/install/nav2_util' in the environment variable CMAKE_PREFIX_PATH doesn't exist
[2.275s] WARNING:colcon.colcon_ros.prefix_path.catkin:The path '/home/jetros/ros2_ws/install/nav2_msgs' in the environment variable CMAKE_PREFIX_PATH doesn't exist
[2.275s] WARNING:colcon.colcon_ros.prefix_path.catkin:The path '/home/jetros/ros2_ws/install/nav2_common' in the environment variable CMAKE_PREFIX_PATH doesn't exist
[2.275s] WARNING:colcon.colcon_ros.prefix_path.catkin:The path '/home/jetros/ros2_ws/install/microxrcedds_client' in the environment variable CMAKE_PREFIX_PATH doesn't exist
[2.275s] WARNING:colcon.colcon_ros.prefix_path.catkin:The path '/home/jetros/ros2_ws/install/microcdr' in the environment variable CMAKE_PREFIX_PATH doesn't exist
[2.275s] WARNING:colcon.colcon_ros.prefix_path.catkin:The path '/home/jetros/ros2_ws/install/micro_ros_utilities' in the environment variable CMAKE_PREFIX_PATH doesn't exist
[2.275s] WARNING:colcon.colcon_ros.prefix_path.catkin:The path '/home/jetros/ros2_ws/install/micro_ros_setup' in the environment variable CMAKE_PREFIX_PATH doesn't exist
[2.275s] WARNING:colcon.colcon_ros.prefix_path.catkin:The path '/home/jetros/ros2_ws/install/micro_ros_agent' in the environment variable CMAKE_PREFIX_PATH doesn't exist
[2.275s] WARNING:colcon.colcon_ros.prefix_path.catkin:The path '/home/jetros/ros2_ws/install/micro_ros_msgs' in the environment variable CMAKE_PREFIX_PATH doesn't exist
[2.276s] WARNING:colcon.colcon_ros.prefix_path.catkin:The path '/home/jetros/ros2_ws/install/mark3_urdf' in the environment variable CMAKE_PREFIX_PATH doesn't exist
[2.276s] WARNING:colcon.colcon_ros.prefix_path.catkin:The path '/home/jetros/ros2_ws/install/ldlidar_stl_ros2' in the environment variable CMAKE_PREFIX_PATH doesn't exist
[2.276s] WARNING:colcon.colcon_ros.prefix_path.catkin:The path '/home/jetros/ros2_ws/install/ldlidar' in the environment variable CMAKE_PREFIX_PATH doesn't exist
[2.276s] WARNING:colcon.colcon_ros.prefix_path.catkin:The path '/home/jetros/ros2_ws/install/laser_merger2' in the environment variable CMAKE_PREFIX_PATH doesn't exist
[2.276s] WARNING:colcon.colcon_ros.prefix_path.catkin:The path '/home/jetros/ros2_ws/install/laser_filters' in the environment variable CMAKE_PREFIX_PATH doesn't exist
[2.276s] WARNING:colcon.colcon_ros.prefix_path.catkin:The path '/home/jetros/ros2_ws/install/jsk_visualization' in the environment variable CMAKE_PREFIX_PATH doesn't exist
[2.276s] WARNING:colcon.colcon_ros.prefix_path.catkin:The path '/home/jetros/ros2_ws/install/jsk_rviz_plugins' in the environment variable CMAKE_PREFIX_PATH doesn't exist
[2.276s] WARNING:colcon.colcon_ros.prefix_path.catkin:The path '/home/jetros/ros2_ws/install/jsk_topic_tools' in the environment variable CMAKE_PREFIX_PATH doesn't exist
[2.277s] WARNING:colcon.colcon_ros.prefix_path.catkin:The path '/home/jetros/ros2_ws/install/jsk_rviz_plugin_msgs' in the environment variable CMAKE_PREFIX_PATH doesn't exist
[2.277s] WARNING:colcon.colcon_ros.prefix_path.catkin:The path '/home/jetros/ros2_ws/install/jsk_recognition_msgs' in the environment variable CMAKE_PREFIX_PATH doesn't exist
[2.277s] WARNING:colcon.colcon_ros.prefix_path.catkin:The path '/home/jetros/ros2_ws/install/jsk_hark_msgs' in the environment variable CMAKE_PREFIX_PATH doesn't exist
[2.277s] WARNING:colcon.colcon_ros.prefix_path.catkin:The path '/home/jetros/ros2_ws/install/jsk_gui_msgs' in the environment variable CMAKE_PREFIX_PATH doesn't exist
[2.277s] WARNING:colcon.colcon_ros.prefix_path.catkin:The path '/home/jetros/ros2_ws/install/jsk_footstep_msgs' in the environment variable CMAKE_PREFIX_PATH doesn't exist
[2.277s] WARNING:colcon.colcon_ros.prefix_path.catkin:The path '/home/jetros/ros2_ws/install/joy_mecanum_controller' in the environment variable CMAKE_PREFIX_PATH doesn't exist
[2.277s] WARNING:colcon.colcon_ros.prefix_path.catkin:The path '/home/jetros/ros2_ws/install/isaac_ros_common' in the environment variable CMAKE_PREFIX_PATH doesn't exist
[2.277s] WARNING:colcon.colcon_ros.prefix_path.catkin:The path '/home/jetros/ros2_ws/install/gazebo_ros_pkgs' in the environment variable CMAKE_PREFIX_PATH doesn't exist
[2.278s] WARNING:colcon.colcon_ros.prefix_path.catkin:The path '/home/jetros/ros2_ws/install/gazebo_msgs' in the environment variable CMAKE_PREFIX_PATH doesn't exist
[2.278s] WARNING:colcon.colcon_ros.prefix_path.catkin:The path '/home/jetros/ros2_ws/install/gazebo_dev' in the environment variable CMAKE_PREFIX_PATH doesn't exist
[2.278s] WARNING:colcon.colcon_ros.prefix_path.catkin:The path '/home/jetros/ros2_ws/install/emcl2' in the environment variable CMAKE_PREFIX_PATH doesn't exist
[2.278s] WARNING:colcon.colcon_ros.prefix_path.catkin:The path '/home/jetros/ros2_ws/install/complex_msgs' in the environment variable CMAKE_PREFIX_PATH doesn't exist
[2.278s] WARNING:colcon.colcon_ros.prefix_path.catkin:The path '/home/jetros/ros2_ws/install/cmd_vel_float_changer' in the environment variable CMAKE_PREFIX_PATH doesn't exist
[2.278s] WARNING:colcon.colcon_ros.prefix_path.catkin:The path '/home/jetros/ros2_ws/install/cartographer_rviz' in the environment variable CMAKE_PREFIX_PATH doesn't exist
[2.278s] WARNING:colcon.colcon_ros.prefix_path.catkin:The path '/home/jetros/ros2_ws/install/cartographer_ros' in the environment variable CMAKE_PREFIX_PATH doesn't exist
[2.278s] WARNING:colcon.colcon_ros.prefix_path.catkin:The path '/home/jetros/ros2_ws/install/cartographer_ros_msgs' in the environment variable CMAKE_PREFIX_PATH doesn't exist
[2.278s] WARNING:colcon.colcon_ros.prefix_path.catkin:The path '/home/jetros/ros2_ws/install/bringup' in the environment variable CMAKE_PREFIX_PATH doesn't exist
Starting >>> isaac_ros_common
--- stderr: isaac_ros_common
In this package, headers install destination is set to `include` by ament_auto_package. It is recommended to install `include/isaac_ros_common` instead and will be the default behavior of ament_auto_package from ROS 2 Kilted Kaiju. On distributions before Kilted, ament_auto_package behaves the same way when you use USE_SCOPED_HEADER_INSTALL_DIR option.
---
Finished <<< isaac_ros_common [12.3s]
Starting >>> isaac_ros_launch_utils
Finished <<< isaac_ros_launch_utils [3.17s]
Starting >>> isaac_ros_r2b_galileo
[Processing: isaac_ros_r2b_galileo]
Finished <<< isaac_ros_r2b_galileo [37.2s]
Starting >>> isaac_common
--- stderr: isaac_common
In this package, headers install destination is set to `include` by ament_auto_package. It is recommended to install `include/isaac_common` instead and will be the default behavior of ament_auto_package from ROS 2 Kilted Kaiju. On distributions before Kilted, ament_auto_package behaves the same way when you use USE_SCOPED_HEADER_INSTALL_DIR option.
---
Finished <<< isaac_common [25.0s]
Starting >>> isaac_common_py
Finished <<< isaac_common_py [3.15s]
Starting >>> isaac_ros_test
Finished <<< isaac_ros_test [3.26s]
Starting >>> isaac_ros_rosbag_utils
--- stderr: isaac_ros_rosbag_utils
package init file 'isaac_ros_rosbag_utils/scripts/__init__.py' not found (or not a regular file)
---
Finished <<< isaac_ros_rosbag_utils [3.45s]
Starting >>> isaac_ros_test_cmake
Finished <<< isaac_ros_test_cmake [4.56s]

Summary: 8 packages finished [1min 34s]
  3 packages had stderr output: isaac_common isaac_ros_common isaac_ros_rosbag_utils
[0;32m[INFO][0m Stage 3: Building Isaac ROS GXF Extensions (image pipeline)...
[2.295s] WARNING:colcon.colcon_ros.prefix_path.ament:The path '/home/jetros/ros2_ws/install/zed_ros2' in the environment variable AMENT_PREFIX_PATH doesn't exist
[2.295s] WARNING:colcon.colcon_ros.prefix_path.ament:The path '/home/jetros/ros2_ws/install/zed_robot_integration' in the environment variable AMENT_PREFIX_PATH doesn't exist
[2.295s] WARNING:colcon.colcon_ros.prefix_path.ament:The path '/home/jetros/ros2_ws/install/zed_ipc' in the environment variable AMENT_PREFIX_PATH doesn't exist
[2.296s] WARNING:colcon.colcon_ros.prefix_path.ament:The path '/home/jetros/ros2_ws/install/zed_multi_camera' in the environment variable AMENT_PREFIX_PATH doesn't exist
[2.296s] WARNING:colcon.colcon_ros.prefix_path.ament:The path '/home/jetros/ros2_ws/install/zed_display_rviz2' in the environment variable AMENT_PREFIX_PATH doesn't exist
[2.296s] WARNING:colcon.colcon_ros.prefix_path.ament:The path '/home/jetros/ros2_ws/install/zed_depth_to_laserscan' in the environment variable AMENT_PREFIX_PATH doesn't exist
[2.296s] WARNING:colcon.colcon_ros.prefix_path.ament:The path '/home/jetros/ros2_ws/install/zed_wrapper' in the environment variable AMENT_PREFIX_PATH doesn't exist
[2.296s] WARNING:colcon.colcon_ros.prefix_path.ament:The path '/home/jetros/ros2_ws/install/zed_tutorial_video' in the environment variable AMENT_PREFIX_PATH doesn't exist
[2.296s] WARNING:colcon.colcon_ros.prefix_path.ament:The path '/home/jetros/ros2_ws/install/zed_tutorial_pos_tracking' in the environment variable AMENT_PREFIX_PATH doesn't exist
[2.296s] WARNING:colcon.colcon_ros.prefix_path.ament:The path '/home/jetros/ros2_ws/install/zed_tutorial_depth' in the environment variable AMENT_PREFIX_PATH doesn't exist
[2.296s] WARNING:colcon.colcon_ros.prefix_path.ament:The path '/home/jetros/ros2_ws/install/zed_topic_benchmark' in the environment variable AMENT_PREFIX_PATH doesn't exist
[2.296s] WARNING:colcon.colcon_ros.prefix_path.ament:The path '/home/jetros/ros2_ws/install/zed_topic_benchmark_component' in the environment variable AMENT_PREFIX_PATH doesn't exist
[2.296s] WARNING:colcon.colcon_ros.prefix_path.ament:The path '/home/jetros/ros2_ws/install/zed_topic_benchmark_interfaces' in the environment variable AMENT_PREFIX_PATH doesn't exist
[2.296s] WARNING:colcon.colcon_ros.prefix_path.ament:The path '/home/jetros/ros2_ws/install/zed_rgb_convert' in the environment variable AMENT_PREFIX_PATH doesn't exist
[2.296s] WARNING:colcon.colcon_ros.prefix_path.ament:The path '/home/jetros/ros2_ws/install/zed_odom_watcher' in the environment variable AMENT_PREFIX_PATH doesn't exist
[2.297s] WARNING:colcon.colcon_ros.prefix_path.ament:The path '/home/jetros/ros2_ws/install/zed_human_tracker' in the environment variable AMENT_PREFIX_PATH doesn't exist
[2.297s] WARNING:colcon.colcon_ros.prefix_path.ament:The path '/home/jetros/ros2_ws/install/zed_aruco_localization' in the environment variable AMENT_PREFIX_PATH doesn't exist
[2.297s] WARNING:colcon.colcon_ros.prefix_path.ament:The path '/home/jetros/ros2_ws/install/zed_components' in the environment variable AMENT_PREFIX_PATH doesn't exist
[2.297s] WARNING:colcon.colcon_ros.prefix_path.ament:The path '/home/jetros/ros2_ws/install/rviz_plugin_zed_od' in the environment variable AMENT_PREFIX_PATH doesn't exist
[2.297s] WARNING:colcon.colcon_ros.prefix_path.ament:The path '/home/jetros/ros2_ws/install/zed_msgs' in the environment variable AMENT_PREFIX_PATH doesn't exist
[2.297s] WARNING:colcon.colcon_ros.prefix_path.ament:The path '/home/jetros/ros2_ws/install/zed_imu_republisher' in the environment variable AMENT_PREFIX_PATH doesn't exist
[2.297s] WARNING:colcon.colcon_ros.prefix_path.ament:The path '/home/jetros/ros2_ws/install/zed_goal_publisher' in the environment variable AMENT_PREFIX_PATH doesn't exist
[2.297s] WARNING:colcon.colcon_ros.prefix_path.ament:The path '/home/jetros/ros2_ws/install/voicevox_ros2' in the environment variable AMENT_PREFIX_PATH doesn't exist
[2.297s] WARNING:colcon.colcon_ros.prefix_path.ament:The path '/home/jetros/ros2_ws/install/voicevox_ros2_msgs' in the environment variable AMENT_PREFIX_PATH doesn't exist
[2.297s] WARNING:colcon.colcon_ros.prefix_path.ament:The path '/home/jetros/ros2_ws/install/orange_slam' in the environment variable AMENT_PREFIX_PATH doesn't exist
[2.297s] WARNING:colcon.colcon_ros.prefix_path.ament:The path '/home/jetros/ros2_ws/install/orange_navigation' in the environment variable AMENT_PREFIX_PATH doesn't exist
[2.297s] WARNING:colcon.colcon_ros.prefix_path.ament:The path '/home/jetros/ros2_ws/install/orange_bringup' in the environment variable AMENT_PREFIX_PATH doesn't exist
[2.297s] WARNING:colcon.colcon_ros.prefix_path.ament:The path '/home/jetros/ros2_ws/install/velodyne' in the environment variable AMENT_PREFIX_PATH doesn't exist
[2.298s] WARNING:colcon.colcon_ros.prefix_path.ament:The path '/home/jetros/ros2_ws/install/velodyne_pointcloud' in the environment variable AMENT_PREFIX_PATH doesn't exist
[2.298s] WARNING:colcon.colcon_ros.prefix_path.ament:The path '/home/jetros/ros2_ws/install/velodyne_driver' in the environment variable AMENT_PREFIX_PATH doesn't exist
[2.298s] WARNING:colcon.colcon_ros.prefix_path.ament:The path '/home/jetros/ros2_ws/install/velodyne_msgs' in the environment variable AMENT_PREFIX_PATH doesn't exist
[2.298s] WARNING:colcon.colcon_ros.prefix_path.ament:The path '/home/jetros/ros2_ws/install/velodyne_laserscan' in the environment variable AMENT_PREFIX_PATH doesn't exist
[2.298s] WARNING:colcon.colcon_ros.prefix_path.ament:The path '/home/jetros/ros2_ws/install/speech_recognition_msgs' in the environment variable AMENT_PREFIX_PATH doesn't exist
[2.298s] WARNING:colcon.colcon_ros.prefix_path.ament:The path '/home/jetros/ros2_ws/install/sllidar_ros2' in the environment variable AMENT_PREFIX_PATH doesn't exist
[2.298s] WARNING:colcon.colcon_ros.prefix_path.ament:The path '/home/jetros/ros2_ws/install/nav2_system_tests' in the environment variable AMENT_PREFIX_PATH doesn't exist
[2.298s] WARNING:colcon.colcon_ros.prefix_path.ament:The path '/home/jetros/ros2_ws/install/nav2_bringup' in the environment variable AMENT_PREFIX_PATH doesn't exist
[2.298s] WARNING:colcon.colcon_ros.prefix_path.ament:The path '/home/jetros/ros2_ws/install/slam_toolbox' in the environment variable AMENT_PREFIX_PATH doesn't exist
[2.298s] WARNING:colcon.colcon_ros.prefix_path.ament:The path '/home/jetros/ros2_ws/install/slam_gmapping' in the environment variable AMENT_PREFIX_PATH doesn't exist
[2.298s] WARNING:colcon.colcon_ros.prefix_path.ament:The path '/home/jetros/ros2_ws/install/safety_sensor' in the environment variable AMENT_PREFIX_PATH doesn't exist
[2.298s] WARNING:colcon.colcon_ros.prefix_path.ament:The path '/home/jetros/ros2_ws/install/rosidl_typesupport_microxrcedds_test_msg' in the environment variable AMENT_PREFIX_PATH doesn't exist
[2.298s] WARNING:colcon.colcon_ros.prefix_path.ament:The path '/home/jetros/ros2_ws/install/rosidl_typesupport_microxrcedds_cpp_tests' in the environment variable AMENT_PREFIX_PATH doesn't exist
[2.299s] WARNING:colcon.colcon_ros.prefix_path.ament:The path '/home/jetros/ros2_ws/install/micro_ros_demos_rclc' in the environment variable AMENT_PREFIX_PATH doesn't exist
[2.299s] WARNING:colcon.colcon_ros.prefix_path.ament:The path '/home/jetros/ros2_ws/install/rmw_microxrcedds' in the environment variable AMENT_PREFIX_PATH doesn't exist
[2.299s] WARNING:colcon.colcon_ros.prefix_path.ament:The path '/home/jetros/ros2_ws/install/rosidl_typesupport_microxrcedds_cpp' in the environment variable AMENT_PREFIX_PATH doesn't exist
[2.299s] WARNING:colcon.colcon_ros.prefix_path.ament:The path '/home/jetros/ros2_ws/install/rosidl_typesupport_microxrcedds_c_tests' in the environment variable AMENT_PREFIX_PATH doesn't exist
[2.299s] WARNING:colcon.colcon_ros.prefix_path.ament:The path '/home/jetros/ros2_ws/install/rosidl_typesupport_microxrcedds_c' in the environment variable AMENT_PREFIX_PATH doesn't exist
[2.299s] WARNING:colcon.colcon_ros.prefix_path.ament:The path '/home/jetros/ros2_ws/install/ros2_rs_pcl' in the environment variable AMENT_PREFIX_PATH doesn't exist
[2.299s] WARNING:colcon.colcon_ros.prefix_path.ament:The path '/home/jetros/ros2_ws/install/ros2_laser_scan_merger' in the environment variable AMENT_PREFIX_PATH doesn't exist
[2.299s] WARNING:colcon.colcon_ros.prefix_path.ament:The path '/home/jetros/ros2_ws/install/rf2o_laser_odometry' in the environment variable AMENT_PREFIX_PATH doesn't exist
[2.299s] WARNING:colcon.colcon_ros.prefix_path.ament:The path '/home/jetros/ros2_ws/install/rclc_examples' in the environment variable AMENT_PREFIX_PATH doesn't exist
[2.299s] WARNING:colcon.colcon_ros.prefix_path.ament:The path '/home/jetros/ros2_ws/install/rclc_parameter' in the environment variable AMENT_PREFIX_PATH doesn't exist
[2.299s] WARNING:colcon.colcon_ros.prefix_path.ament:The path '/home/jetros/ros2_ws/install/rclc_lifecycle' in the environment variable AMENT_PREFIX_PATH doesn't exist
[2.299s] WARNING:colcon.colcon_ros.prefix_path.ament:The path '/home/jetros/ros2_ws/install/rclc' in the environment variable AMENT_PREFIX_PATH doesn't exist
[2.299s] WARNING:colcon.colcon_ros.prefix_path.ament:The path '/home/jetros/ros2_ws/install/posedetection_msgs' in the environment variable AMENT_PREFIX_PATH doesn't exist
[2.300s] WARNING:colcon.colcon_ros.prefix_path.ament:The path '/home/jetros/ros2_ws/install/orange_gazebo' in the environment variable AMENT_PREFIX_PATH doesn't exist
[2.300s] WARNING:colcon.colcon_ros.prefix_path.ament:The path '/home/jetros/ros2_ws/install/orange_description' in the environment variable AMENT_PREFIX_PATH doesn't exist
[2.300s] WARNING:colcon.colcon_ros.prefix_path.ament:The path '/home/jetros/ros2_ws/install/orange_sensor_tools' in the environment variable AMENT_PREFIX_PATH doesn't exist
[2.300s] WARNING:colcon.colcon_ros.prefix_path.ament:The path '/home/jetros/ros2_ws/install/pointcloud_to_laserscan' in the environment variable AMENT_PREFIX_PATH doesn't exist
[2.300s] WARNING:colcon.colcon_ros.prefix_path.ament:The path '/home/jetros/ros2_ws/install/orange_teleop' in the environment variable AMENT_PREFIX_PATH doesn't exist
[2.300s] WARNING:colcon.colcon_ros.prefix_path.ament:The path '/home/jetros/ros2_ws/install/openslam_gmapping' in the environment variable AMENT_PREFIX_PATH doesn't exist
[2.300s] WARNING:colcon.colcon_ros.prefix_path.ament:The path '/home/jetros/ros2_ws/install/odom_publisher' in the environment variable AMENT_PREFIX_PATH doesn't exist
[2.300s] WARNING:colcon.colcon_ros.prefix_path.ament:The path '/home/jetros/ros2_ws/install/navigation2' in the environment variable AMENT_PREFIX_PATH doesn't exist
[2.300s] WARNING:colcon.colcon_ros.prefix_path.ament:The path '/home/jetros/ros2_ws/install/nav2_smoother' in the environment variable AMENT_PREFIX_PATH doesn't exist
[2.300s] WARNING:colcon.colcon_ros.prefix_path.ament:The path '/home/jetros/ros2_ws/install/nav2_rotation_shim_controller' in the environment variable AMENT_PREFIX_PATH doesn't exist
[2.300s] WARNING:colcon.colcon_ros.prefix_path.ament:The path '/home/jetros/ros2_ws/install/nav2_graceful_controller' in the environment variable AMENT_PREFIX_PATH doesn't exist
[2.300s] WARNING:colcon.colcon_ros.prefix_path.ament:The path '/home/jetros/ros2_ws/install/nav2_dwb_controller' in the environment variable AMENT_PREFIX_PATH doesn't exist
[2.300s] WARNING:colcon.colcon_ros.prefix_path.ament:The path '/home/jetros/ros2_ws/install/nav2_controller' in the environment variable AMENT_PREFIX_PATH doesn't exist
[2.301s] WARNING:colcon.colcon_ros.prefix_path.ament:The path '/home/jetros/ros2_ws/install/dwb_plugins' in the environment variable AMENT_PREFIX_PATH doesn't exist
[2.301s] WARNING:colcon.colcon_ros.prefix_path.ament:The path '/home/jetros/ros2_ws/install/dwb_critics' in the environment variable AMENT_PREFIX_PATH doesn't exist
[2.301s] WARNING:colcon.colcon_ros.prefix_path.ament:The path '/home/jetros/ros2_ws/install/dwb_core' in the environment variable AMENT_PREFIX_PATH doesn't exist
[2.301s] WARNING:colcon.colcon_ros.prefix_path.ament:The path '/home/jetros/ros2_ws/install/nav_2d_utils' in the environment variable AMENT_PREFIX_PATH doesn't exist
[2.301s] WARNING:colcon.colcon_ros.prefix_path.ament:The path '/home/jetros/ros2_ws/install/dwb_msgs' in the environment variable AMENT_PREFIX_PATH doesn't exist
[2.301s] WARNING:colcon.colcon_ros.prefix_path.ament:The path '/home/jetros/ros2_ws/install/nav_2d_msgs' in the environment variable AMENT_PREFIX_PATH doesn't exist
[2.301s] WARNING:colcon.colcon_ros.prefix_path.ament:The path '/home/jetros/ros2_ws/install/nav2_waypoint_follower' in the environment variable AMENT_PREFIX_PATH doesn't exist
[2.301s] WARNING:colcon.colcon_ros.prefix_path.ament:The path '/home/jetros/ros2_ws/install/nav2_theta_star_planner' in the environment variable AMENT_PREFIX_PATH doesn't exist
[2.301s] WARNING:colcon.colcon_ros.prefix_path.ament:The path '/home/jetros/ros2_ws/install/nav2_smac_planner' in the environment variable AMENT_PREFIX_PATH doesn't exist
[2.301s] WARNING:colcon.colcon_ros.prefix_path.ament:The path '/home/jetros/ros2_ws/install/nav2_route' in the environment variable AMENT_PREFIX_PATH doesn't exist
[2.301s] WARNING:colcon.colcon_ros.prefix_path.ament:The path '/home/jetros/ros2_ws/install/nav2_regulated_pure_pursuit_controller' in the environment variable AMENT_PREFIX_PATH doesn't exist
[2.301s] WARNING:colcon.colcon_ros.prefix_path.ament:The path '/home/jetros/ros2_ws/install/nav2_planner' in the environment variable AMENT_PREFIX_PATH doesn't exist
[2.301s] WARNING:colcon.colcon_ros.prefix_path.ament:The path '/home/jetros/ros2_ws/install/nav2_navfn_planner' in the environment variable AMENT_PREFIX_PATH doesn't exist
[2.302s] WARNING:colcon.colcon_ros.prefix_path.ament:The path '/home/jetros/ros2_ws/install/nav2_mppi_controller' in the environment variable AMENT_PREFIX_PATH doesn't exist
[2.302s] WARNING:colcon.colcon_ros.prefix_path.ament:The path '/home/jetros/ros2_ws/install/nav2_constrained_smoother' in the environment variable AMENT_PREFIX_PATH doesn't exist
[2.302s] WARNING:colcon.colcon_ros.prefix_path.ament:The path '/home/jetros/ros2_ws/install/nav2_bt_navigator' in the environment variable AMENT_PREFIX_PATH doesn't exist
[2.302s] WARNING:colcon.colcon_ros.prefix_path.ament:The path '/home/jetros/ros2_ws/install/nav2_behaviors' in the environment variable AMENT_PREFIX_PATH doesn't exist
[2.302s] WARNING:colcon.colcon_ros.prefix_path.ament:The path '/home/jetros/ros2_ws/install/nav2_core' in the environment variable AMENT_PREFIX_PATH doesn't exist
[2.302s] WARNING:colcon.colcon_ros.prefix_path.ament:The path '/home/jetros/ros2_ws/install/nav2_collision_monitor' in the environment variable AMENT_PREFIX_PATH doesn't exist
[2.302s] WARNING:colcon.colcon_ros.prefix_path.ament:The path '/home/jetros/ros2_ws/install/costmap_queue' in the environment variable AMENT_PREFIX_PATH doesn't exist
[2.302s] WARNING:colcon.colcon_ros.prefix_path.ament:The path '/home/jetros/ros2_ws/install/nav2_costmap_2d' in the environment variable AMENT_PREFIX_PATH doesn't exist
[2.302s] WARNING:colcon.colcon_ros.prefix_path.ament:The path '/home/jetros/ros2_ws/install/nav2_voxel_grid' in the environment variable AMENT_PREFIX_PATH doesn't exist
[2.302s] WARNING:colcon.colcon_ros.prefix_path.ament:The path '/home/jetros/ros2_ws/install/nav2_velocity_smoother' in the environment variable AMENT_PREFIX_PATH doesn't exist
[2.302s] WARNING:colcon.colcon_ros.prefix_path.ament:The path '/home/jetros/ros2_ws/install/nav2_rviz_plugins' in the environment variable AMENT_PREFIX_PATH doesn't exist
[2.302s] WARNING:colcon.colcon_ros.prefix_path.ament:The path '/home/jetros/ros2_ws/install/nav2_map_server' in the environment variable AMENT_PREFIX_PATH doesn't exist
[2.302s] WARNING:colcon.colcon_ros.prefix_path.ament:The path '/home/jetros/ros2_ws/install/nav2_lifecycle_manager' in the environment variable AMENT_PREFIX_PATH doesn't exist
[2.303s] WARNING:colcon.colcon_ros.prefix_path.ament:The path '/home/jetros/ros2_ws/install/nav2_behavior_tree' in the environment variable AMENT_PREFIX_PATH doesn't exist
[2.303s] WARNING:colcon.colcon_ros.prefix_path.ament:The path '/home/jetros/ros2_ws/install/nav2_amcl' in the environment variable AMENT_PREFIX_PATH doesn't exist
[2.303s] WARNING:colcon.colcon_ros.prefix_path.ament:The path '/home/jetros/ros2_ws/install/nav2_util' in the environment variable AMENT_PREFIX_PATH doesn't exist
[2.303s] WARNING:colcon.colcon_ros.prefix_path.ament:The path '/home/jetros/ros2_ws/install/nav2_simple_commander' in the environment variable AMENT_PREFIX_PATH doesn't exist
[2.303s] WARNING:colcon.colcon_ros.prefix_path.ament:The path '/home/jetros/ros2_ws/install/nav2_msgs' in the environment variable AMENT_PREFIX_PATH doesn't exist
[2.303s] WARNING:colcon.colcon_ros.prefix_path.ament:The path '/home/jetros/ros2_ws/install/nav2_common' in the environment variable AMENT_PREFIX_PATH doesn't exist
[2.303s] WARNING:colcon.colcon_ros.prefix_path.ament:The path '/home/jetros/ros2_ws/install/micro_ros_utilities' in the environment variable AMENT_PREFIX_PATH doesn't exist
[2.303s] WARNING:colcon.colcon_ros.prefix_path.ament:The path '/home/jetros/ros2_ws/install/micro_ros_setup' in the environment variable AMENT_PREFIX_PATH doesn't exist
[2.303s] WARNING:colcon.colcon_ros.prefix_path.ament:The path '/home/jetros/ros2_ws/install/micro_ros_agent' in the environment variable AMENT_PREFIX_PATH doesn't exist
[2.303s] WARNING:colcon.colcon_ros.prefix_path.ament:The path '/home/jetros/ros2_ws/install/micro_ros_msgs' in the environment variable AMENT_PREFIX_PATH doesn't exist
[2.303s] WARNING:colcon.colcon_ros.prefix_path.ament:The path '/home/jetros/ros2_ws/install/mark3_urdf' in the environment variable AMENT_PREFIX_PATH doesn't exist
[2.303s] WARNING:colcon.colcon_ros.prefix_path.ament:The path '/home/jetros/ros2_ws/install/ldlidar_stl_ros2' in the environment variable AMENT_PREFIX_PATH doesn't exist
[2.303s] WARNING:colcon.colcon_ros.prefix_path.ament:The path '/home/jetros/ros2_ws/install/ldlidar' in the environment variable AMENT_PREFIX_PATH doesn't exist
[2.303s] WARNING:colcon.colcon_ros.prefix_path.ament:The path '/home/jetros/ros2_ws/install/laser_merger2' in the environment variable AMENT_PREFIX_PATH doesn't exist
[2.304s] WARNING:colcon.colcon_ros.prefix_path.ament:The path '/home/jetros/ros2_ws/install/laser_filters' in the environment variable AMENT_PREFIX_PATH doesn't exist
[2.304s] WARNING:colcon.colcon_ros.prefix_path.ament:The path '/home/jetros/ros2_ws/install/jsk_visualization' in the environment variable AMENT_PREFIX_PATH doesn't exist
[2.304s] WARNING:colcon.colcon_ros.prefix_path.ament:The path '/home/jetros/ros2_ws/install/jsk_rviz_plugins' in the environment variable AMENT_PREFIX_PATH doesn't exist
[2.304s] WARNING:colcon.colcon_ros.prefix_path.ament:The path '/home/jetros/ros2_ws/install/jsk_topic_tools' in the environment variable AMENT_PREFIX_PATH doesn't exist
[2.304s] WARNING:colcon.colcon_ros.prefix_path.ament:The path '/home/jetros/ros2_ws/install/jsk_rviz_plugin_msgs' in the environment variable AMENT_PREFIX_PATH doesn't exist
[2.304s] WARNING:colcon.colcon_ros.prefix_path.ament:The path '/home/jetros/ros2_ws/install/jsk_recognition_msgs' in the environment variable AMENT_PREFIX_PATH doesn't exist
[2.304s] WARNING:colcon.colcon_ros.prefix_path.ament:The path '/home/jetros/ros2_ws/install/jsk_hark_msgs' in the environment variable AMENT_PREFIX_PATH doesn't exist
[2.304s] WARNING:colcon.colcon_ros.prefix_path.ament:The path '/home/jetros/ros2_ws/install/jsk_gui_msgs' in the environment variable AMENT_PREFIX_PATH doesn't exist
[2.304s] WARNING:colcon.colcon_ros.prefix_path.ament:The path '/home/jetros/ros2_ws/install/jsk_footstep_msgs' in the environment variable AMENT_PREFIX_PATH doesn't exist
[2.304s] WARNING:colcon.colcon_ros.prefix_path.ament:The path '/home/jetros/ros2_ws/install/joy_mecanum_controller' in the environment variable AMENT_PREFIX_PATH doesn't exist
[2.305s] WARNING:colcon.colcon_ros.prefix_path.ament:The path '/home/jetros/ros2_ws/install/gazebo_ros_pkgs' in the environment variable AMENT_PREFIX_PATH doesn't exist
[2.305s] WARNING:colcon.colcon_ros.prefix_path.ament:The path '/home/jetros/ros2_ws/install/gazebo_msgs' in the environment variable AMENT_PREFIX_PATH doesn't exist
[2.305s] WARNING:colcon.colcon_ros.prefix_path.ament:The path '/home/jetros/ros2_ws/install/gazebo_dev' in the environment variable AMENT_PREFIX_PATH doesn't exist
[2.305s] WARNING:colcon.colcon_ros.prefix_path.ament:The path '/home/jetros/ros2_ws/install/emcl2' in the environment variable AMENT_PREFIX_PATH doesn't exist
[2.305s] WARNING:colcon.colcon_ros.prefix_path.ament:The path '/home/jetros/ros2_ws/install/complex_msgs' in the environment variable AMENT_PREFIX_PATH doesn't exist
[2.305s] WARNING:colcon.colcon_ros.prefix_path.ament:The path '/home/jetros/ros2_ws/install/cmd_vel_float_changer' in the environment variable AMENT_PREFIX_PATH doesn't exist
[2.305s] WARNING:colcon.colcon_ros.prefix_path.ament:The path '/home/jetros/ros2_ws/install/cartographer_rviz' in the environment variable AMENT_PREFIX_PATH doesn't exist
[2.305s] WARNING:colcon.colcon_ros.prefix_path.ament:The path '/home/jetros/ros2_ws/install/cartographer_ros' in the environment variable AMENT_PREFIX_PATH doesn't exist
[2.305s] WARNING:colcon.colcon_ros.prefix_path.ament:The path '/home/jetros/ros2_ws/install/cartographer_ros_msgs' in the environment variable AMENT_PREFIX_PATH doesn't exist
[2.305s] WARNING:colcon.colcon_ros.prefix_path.ament:The path '/home/jetros/ros2_ws/install/bringup' in the environment variable AMENT_PREFIX_PATH doesn't exist
[2.306s] WARNING:colcon.colcon_ros.prefix_path.catkin:The path '/home/jetros/ros2_ws/install/zed_ros2' in the environment variable CMAKE_PREFIX_PATH doesn't exist
[2.306s] WARNING:colcon.colcon_ros.prefix_path.catkin:The path '/home/jetros/ros2_ws/install/zed_robot_integration' in the environment variable CMAKE_PREFIX_PATH doesn't exist
[2.306s] WARNING:colcon.colcon_ros.prefix_path.catkin:The path '/home/jetros/ros2_ws/install/zed_ipc' in the environment variable CMAKE_PREFIX_PATH doesn't exist
[2.306s] WARNING:colcon.colcon_ros.prefix_path.catkin:The path '/home/jetros/ros2_ws/install/zed_multi_camera' in the environment variable CMAKE_PREFIX_PATH doesn't exist
[2.306s] WARNING:colcon.colcon_ros.prefix_path.catkin:The path '/home/jetros/ros2_ws/install/zed_display_rviz2' in the environment variable CMAKE_PREFIX_PATH doesn't exist
[2.306s] WARNING:colcon.colcon_ros.prefix_path.catkin:The path '/home/jetros/ros2_ws/install/zed_depth_to_laserscan' in the environment variable CMAKE_PREFIX_PATH doesn't exist
[2.306s] WARNING:colcon.colcon_ros.prefix_path.catkin:The path '/home/jetros/ros2_ws/install/zed_wrapper' in the environment variable CMAKE_PREFIX_PATH doesn't exist
[2.306s] WARNING:colcon.colcon_ros.prefix_path.catkin:The path '/home/jetros/ros2_ws/install/zed_tutorial_video' in the environment variable CMAKE_PREFIX_PATH doesn't exist
[2.306s] WARNING:colcon.colcon_ros.prefix_path.catkin:The path '/home/jetros/ros2_ws/install/zed_tutorial_pos_tracking' in the environment variable CMAKE_PREFIX_PATH doesn't exist
[2.306s] WARNING:colcon.colcon_ros.prefix_path.catkin:The path '/home/jetros/ros2_ws/install/zed_tutorial_depth' in the environment variable CMAKE_PREFIX_PATH doesn't exist
[2.307s] WARNING:colcon.colcon_ros.prefix_path.catkin:The path '/home/jetros/ros2_ws/install/zed_topic_benchmark' in the environment variable CMAKE_PREFIX_PATH doesn't exist
[2.307s] WARNING:colcon.colcon_ros.prefix_path.catkin:The path '/home/jetros/ros2_ws/install/zed_topic_benchmark_component' in the environment variable CMAKE_PREFIX_PATH doesn't exist
[2.307s] WARNING:colcon.colcon_ros.prefix_path.catkin:The path '/home/jetros/ros2_ws/install/zed_topic_benchmark_interfaces' in the environment variable CMAKE_PREFIX_PATH doesn't exist
[2.307s] WARNING:colcon.colcon_ros.prefix_path.catkin:The path '/home/jetros/ros2_ws/install/zed_rgb_convert' in the environment variable CMAKE_PREFIX_PATH doesn't exist
[2.307s] WARNING:colcon.colcon_ros.prefix_path.catkin:The path '/home/jetros/ros2_ws/install/zed_odom_watcher' in the environment variable CMAKE_PREFIX_PATH doesn't exist
[2.307s] WARNING:colcon.colcon_ros.prefix_path.catkin:The path '/home/jetros/ros2_ws/install/zed_human_tracker' in the environment variable CMAKE_PREFIX_PATH doesn't exist
[2.307s] WARNING:colcon.colcon_ros.prefix_path.catkin:The path '/home/jetros/ros2_ws/install/zed_aruco_localization' in the environment variable CMAKE_PREFIX_PATH doesn't exist
[2.307s] WARNING:colcon.colcon_ros.prefix_path.catkin:The path '/home/jetros/ros2_ws/install/zed_components' in the environment variable CMAKE_PREFIX_PATH doesn't exist
[2.307s] WARNING:colcon.colcon_ros.prefix_path.catkin:The path '/home/jetros/ros2_ws/install/rviz_plugin_zed_od' in the environment variable CMAKE_PREFIX_PATH doesn't exist
[2.307s] WARNING:colcon.colcon_ros.prefix_path.catkin:The path '/home/jetros/ros2_ws/install/zed_msgs' in the environment variable CMAKE_PREFIX_PATH doesn't exist
[2.307s] WARNING:colcon.colcon_ros.prefix_path.catkin:The path '/home/jetros/ros2_ws/install/zed_imu_republisher' in the environment variable CMAKE_PREFIX_PATH doesn't exist
[2.307s] WARNING:colcon.colcon_ros.prefix_path.catkin:The path '/home/jetros/ros2_ws/install/zed_goal_publisher' in the environment variable CMAKE_PREFIX_PATH doesn't exist
[2.307s] WARNING:colcon.colcon_ros.prefix_path.catkin:The path '/home/jetros/ros2_ws/install/voicevox_ros2_msgs' in the environment variable CMAKE_PREFIX_PATH doesn't exist
[2.308s] WARNING:colcon.colcon_ros.prefix_path.catkin:The path '/home/jetros/ros2_ws/install/orange_slam' in the environment variable CMAKE_PREFIX_PATH doesn't exist
[2.308s] WARNING:colcon.colcon_ros.prefix_path.catkin:The path '/home/jetros/ros2_ws/install/orange_navigation' in the environment variable CMAKE_PREFIX_PATH doesn't exist
[2.308s] WARNING:colcon.colcon_ros.prefix_path.catkin:The path '/home/jetros/ros2_ws/install/velodyne' in the environment variable CMAKE_PREFIX_PATH doesn't exist
[2.308s] WARNING:colcon.colcon_ros.prefix_path.catkin:The path '/home/jetros/ros2_ws/install/velodyne_pointcloud' in the environment variable CMAKE_PREFIX_PATH doesn't exist
[2.308s] WARNING:colcon.colcon_ros.prefix_path.catkin:The path '/home/jetros/ros2_ws/install/velodyne_driver' in the environment variable CMAKE_PREFIX_PATH doesn't exist
[2.308s] WARNING:colcon.colcon_ros.prefix_path.catkin:The path '/home/jetros/ros2_ws/install/velodyne_msgs' in the environment variable CMAKE_PREFIX_PATH doesn't exist
[2.308s] WARNING:colcon.colcon_ros.prefix_path.catkin:The path '/home/jetros/ros2_ws/install/velodyne_laserscan' in the environment variable CMAKE_PREFIX_PATH doesn't exist
[2.308s] WARNING:colcon.colcon_ros.prefix_path.catkin:The path '/home/jetros/ros2_ws/install/speech_recognition_msgs' in the environment variable CMAKE_PREFIX_PATH doesn't exist
[2.308s] WARNING:colcon.colcon_ros.prefix_path.catkin:The path '/home/jetros/ros2_ws/install/sllidar_ros2' in the environment variable CMAKE_PREFIX_PATH doesn't exist
[2.308s] WARNING:colcon.colcon_ros.prefix_path.catkin:The path '/home/jetros/ros2_ws/install/nav2_system_tests' in the environment variable CMAKE_PREFIX_PATH doesn't exist
[2.308s] WARNING:colcon.colcon_ros.prefix_path.catkin:The path '/home/jetros/ros2_ws/install/nav2_bringup' in the environment variable CMAKE_PREFIX_PATH doesn't exist
[2.308s] WARNING:colcon.colcon_ros.prefix_path.catkin:The path '/home/jetros/ros2_ws/install/slam_toolbox' in the environment variable CMAKE_PREFIX_PATH doesn't exist
[2.308s] WARNING:colcon.colcon_ros.prefix_path.catkin:The path '/home/jetros/ros2_ws/install/slam_gmapping' in the environment variable CMAKE_PREFIX_PATH doesn't exist
[2.308s] WARNING:colcon.colcon_ros.prefix_path.catkin:The path '/home/jetros/ros2_ws/install/safety_sensor' in the environment variable CMAKE_PREFIX_PATH doesn't exist
[2.309s] WARNING:colcon.colcon_ros.prefix_path.catkin:The path '/home/jetros/ros2_ws/install/rosidl_typesupport_microxrcedds_test_msg' in the environment variable CMAKE_PREFIX_PATH doesn't exist
[2.309s] WARNING:colcon.colcon_ros.prefix_path.catkin:The path '/home/jetros/ros2_ws/install/rosidl_typesupport_microxrcedds_cpp_tests' in the environment variable CMAKE_PREFIX_PATH doesn't exist
[2.309s] WARNING:colcon.colcon_ros.prefix_path.catkin:The path '/home/jetros/ros2_ws/install/micro_ros_demos_rclc' in the environment variable CMAKE_PREFIX_PATH doesn't exist
[2.309s] WARNING:colcon.colcon_ros.prefix_path.catkin:The path '/home/jetros/ros2_ws/install/rmw_microxrcedds' in the environment variable CMAKE_PREFIX_PATH doesn't exist
[2.309s] WARNING:colcon.colcon_ros.prefix_path.catkin:The path '/home/jetros/ros2_ws/install/rosidl_typesupport_microxrcedds_cpp' in the environment variable CMAKE_PREFIX_PATH doesn't exist
[2.309s] WARNING:colcon.colcon_ros.prefix_path.catkin:The path '/home/jetros/ros2_ws/install/rosidl_typesupport_microxrcedds_c_tests' in the environment variable CMAKE_PREFIX_PATH doesn't exist
[2.309s] WARNING:colcon.colcon_ros.prefix_path.catkin:The path '/home/jetros/ros2_ws/install/rosidl_typesupport_microxrcedds_c' in the environment variable CMAKE_PREFIX_PATH doesn't exist
[2.309s] WARNING:colcon.colcon_ros.prefix_path.catkin:The path '/home/jetros/ros2_ws/install/ros2_rs_pcl' in the environment variable CMAKE_PREFIX_PATH doesn't exist
[2.309s] WARNING:colcon.colcon_ros.prefix_path.catkin:The path '/home/jetros/ros2_ws/install/ros2_laser_scan_merger' in the environment variable CMAKE_PREFIX_PATH doesn't exist
[2.309s] WARNING:colcon.colcon_ros.prefix_path.catkin:The path '/home/jetros/ros2_ws/install/rf2o_laser_odometry' in the environment variable CMAKE_PREFIX_PATH doesn't exist
[2.309s] WARNING:colcon.colcon_ros.prefix_path.catkin:The path '/home/jetros/ros2_ws/install/rclc_examples' in the environment variable CMAKE_PREFIX_PATH doesn't exist
[2.309s] WARNING:colcon.colcon_ros.prefix_path.catkin:The path '/home/jetros/ros2_ws/install/rclc_parameter' in the environment variable CMAKE_PREFIX_PATH doesn't exist
[2.309s] WARNING:colcon.colcon_ros.prefix_path.catkin:The path '/home/jetros/ros2_ws/install/rclc_lifecycle' in the environment variable CMAKE_PREFIX_PATH doesn't exist
[2.310s] WARNING:colcon.colcon_ros.prefix_path.catkin:The path '/home/jetros/ros2_ws/install/rclc' in the environment variable CMAKE_PREFIX_PATH doesn't exist
[2.310s] WARNING:colcon.colcon_ros.prefix_path.catkin:The path '/home/jetros/ros2_ws/install/posedetection_msgs' in the environment variable CMAKE_PREFIX_PATH doesn't exist
[2.310s] WARNING:colcon.colcon_ros.prefix_path.catkin:The path '/home/jetros/ros2_ws/install/orange_gazebo' in the environment variable CMAKE_PREFIX_PATH doesn't exist
[2.310s] WARNING:colcon.colcon_ros.prefix_path.catkin:The path '/home/jetros/ros2_ws/install/orange_description' in the environment variable CMAKE_PREFIX_PATH doesn't exist
[2.310s] WARNING:colcon.colcon_ros.prefix_path.catkin:The path '/home/jetros/ros2_ws/install/orange_sensor_tools' in the environment variable CMAKE_PREFIX_PATH doesn't exist
[2.310s] WARNING:colcon.colcon_ros.prefix_path.catkin:The path '/home/jetros/ros2_ws/install/pointcloud_to_laserscan' in the environment variable CMAKE_PREFIX_PATH doesn't exist
[2.310s] WARNING:colcon.colcon_ros.prefix_path.catkin:The path '/home/jetros/ros2_ws/install/openslam_gmapping' in the environment variable CMAKE_PREFIX_PATH doesn't exist
[2.310s] WARNING:colcon.colcon_ros.prefix_path.catkin:The path '/home/jetros/ros2_ws/install/odom_publisher' in the environment variable CMAKE_PREFIX_PATH doesn't exist
[2.310s] WARNING:colcon.colcon_ros.prefix_path.catkin:The path '/home/jetros/ros2_ws/install/navigation2' in the environment variable CMAKE_PREFIX_PATH doesn't exist
[2.310s] WARNING:colcon.colcon_ros.prefix_path.catkin:The path '/home/jetros/ros2_ws/install/nav2_smoother' in the environment variable CMAKE_PREFIX_PATH doesn't exist
[2.310s] WARNING:colcon.colcon_ros.prefix_path.catkin:The path '/home/jetros/ros2_ws/install/nav2_rotation_shim_controller' in the environment variable CMAKE_PREFIX_PATH doesn't exist
[2.310s] WARNING:colcon.colcon_ros.prefix_path.catkin:The path '/home/jetros/ros2_ws/install/nav2_graceful_controller' in the environment variable CMAKE_PREFIX_PATH doesn't exist
[2.310s] WARNING:colcon.colcon_ros.prefix_path.catkin:The path '/home/jetros/ros2_ws/install/nav2_dwb_controller' in the environment variable CMAKE_PREFIX_PATH doesn't exist
[2.311s] WARNING:colcon.colcon_ros.prefix_path.catkin:The path '/home/jetros/ros2_ws/install/nav2_controller' in the environment variable CMAKE_PREFIX_PATH doesn't exist
[2.311s] WARNING:colcon.colcon_ros.prefix_path.catkin:The path '/home/jetros/ros2_ws/install/dwb_plugins' in the environment variable CMAKE_PREFIX_PATH doesn't exist
[2.311s] WARNING:colcon.colcon_ros.prefix_path.catkin:The path '/home/jetros/ros2_ws/install/dwb_critics' in the environment variable CMAKE_PREFIX_PATH doesn't exist
[2.311s] WARNING:colcon.colcon_ros.prefix_path.catkin:The path '/home/jetros/ros2_ws/install/dwb_core' in the environment variable CMAKE_PREFIX_PATH doesn't exist
[2.311s] WARNING:colcon.colcon_ros.prefix_path.catkin:The path '/home/jetros/ros2_ws/install/nav_2d_utils' in the environment variable CMAKE_PREFIX_PATH doesn't exist
[2.311s] WARNING:colcon.colcon_ros.prefix_path.catkin:The path '/home/jetros/ros2_ws/install/dwb_msgs' in the environment variable CMAKE_PREFIX_PATH doesn't exist
[2.311s] WARNING:colcon.colcon_ros.prefix_path.catkin:The path '/home/jetros/ros2_ws/install/nav_2d_msgs' in the environment variable CMAKE_PREFIX_PATH doesn't exist
[2.311s] WARNING:colcon.colcon_ros.prefix_path.catkin:The path '/home/jetros/ros2_ws/install/nav2_waypoint_follower' in the environment variable CMAKE_PREFIX_PATH doesn't exist
[2.311s] WARNING:colcon.colcon_ros.prefix_path.catkin:The path '/home/jetros/ros2_ws/install/nav2_theta_star_planner' in the environment variable CMAKE_PREFIX_PATH doesn't exist
[2.311s] WARNING:colcon.colcon_ros.prefix_path.catkin:The path '/home/jetros/ros2_ws/install/nav2_smac_planner' in the environment variable CMAKE_PREFIX_PATH doesn't exist
[2.311s] WARNING:colcon.colcon_ros.prefix_path.catkin:The path '/home/jetros/ros2_ws/install/nav2_route' in the environment variable CMAKE_PREFIX_PATH doesn't exist
[2.311s] WARNING:colcon.colcon_ros.prefix_path.catkin:The path '/home/jetros/ros2_ws/install/nav2_regulated_pure_pursuit_controller' in the environment variable CMAKE_PREFIX_PATH doesn't exist
[2.311s] WARNING:colcon.colcon_ros.prefix_path.catkin:The path '/home/jetros/ros2_ws/install/nav2_planner' in the environment variable CMAKE_PREFIX_PATH doesn't exist
[2.311s] WARNING:colcon.colcon_ros.prefix_path.catkin:The path '/home/jetros/ros2_ws/install/nav2_navfn_planner' in the environment variable CMAKE_PREFIX_PATH doesn't exist
[2.312s] WARNING:colcon.colcon_ros.prefix_path.catkin:The path '/home/jetros/ros2_ws/install/nav2_mppi_controller' in the environment variable CMAKE_PREFIX_PATH doesn't exist
[2.312s] WARNING:colcon.colcon_ros.prefix_path.catkin:The path '/home/jetros/ros2_ws/install/nav2_constrained_smoother' in the environment variable CMAKE_PREFIX_PATH doesn't exist
[2.312s] WARNING:colcon.colcon_ros.prefix_path.catkin:The path '/home/jetros/ros2_ws/install/nav2_bt_navigator' in the environment variable CMAKE_PREFIX_PATH doesn't exist
[2.312s] WARNING:colcon.colcon_ros.prefix_path.catkin:The path '/home/jetros/ros2_ws/install/nav2_behaviors' in the environment variable CMAKE_PREFIX_PATH doesn't exist
[2.312s] WARNING:colcon.colcon_ros.prefix_path.catkin:The path '/home/jetros/ros2_ws/install/nav2_core' in the environment variable CMAKE_PREFIX_PATH doesn't exist
[2.312s] WARNING:colcon.colcon_ros.prefix_path.catkin:The path '/home/jetros/ros2_ws/install/nav2_collision_monitor' in the environment variable CMAKE_PREFIX_PATH doesn't exist
[2.312s] WARNING:colcon.colcon_ros.prefix_path.catkin:The path '/home/jetros/ros2_ws/install/costmap_queue' in the environment variable CMAKE_PREFIX_PATH doesn't exist
[2.312s] WARNING:colcon.colcon_ros.prefix_path.catkin:The path '/home/jetros/ros2_ws/install/nav2_costmap_2d' in the environment variable CMAKE_PREFIX_PATH doesn't exist
[2.312s] WARNING:colcon.colcon_ros.prefix_path.catkin:The path '/home/jetros/ros2_ws/install/nav2_voxel_grid' in the environment variable CMAKE_PREFIX_PATH doesn't exist
[2.312s] WARNING:colcon.colcon_ros.prefix_path.catkin:The path '/home/jetros/ros2_ws/install/nav2_velocity_smoother' in the environment variable CMAKE_PREFIX_PATH doesn't exist
[2.312s] WARNING:colcon.colcon_ros.prefix_path.catkin:The path '/home/jetros/ros2_ws/install/nav2_rviz_plugins' in the environment variable CMAKE_PREFIX_PATH doesn't exist
[2.312s] WARNING:colcon.colcon_ros.prefix_path.catkin:The path '/home/jetros/ros2_ws/install/nav2_map_server' in the environment variable CMAKE_PREFIX_PATH doesn't exist
[2.312s] WARNING:colcon.colcon_ros.prefix_path.catkin:The path '/home/jetros/ros2_ws/install/nav2_lifecycle_manager' in the environment variable CMAKE_PREFIX_PATH doesn't exist
[2.313s] WARNING:colcon.colcon_ros.prefix_path.catkin:The path '/home/jetros/ros2_ws/install/nav2_behavior_tree' in the environment variable CMAKE_PREFIX_PATH doesn't exist
[2.313s] WARNING:colcon.colcon_ros.prefix_path.catkin:The path '/home/jetros/ros2_ws/install/nav2_amcl' in the environment variable CMAKE_PREFIX_PATH doesn't exist
[2.313s] WARNING:colcon.colcon_ros.prefix_path.catkin:The path '/home/jetros/ros2_ws/install/nav2_util' in the environment variable CMAKE_PREFIX_PATH doesn't exist
[2.313s] WARNING:colcon.colcon_ros.prefix_path.catkin:The path '/home/jetros/ros2_ws/install/nav2_msgs' in the environment variable CMAKE_PREFIX_PATH doesn't exist
[2.313s] WARNING:colcon.colcon_ros.prefix_path.catkin:The path '/home/jetros/ros2_ws/install/nav2_common' in the environment variable CMAKE_PREFIX_PATH doesn't exist
[2.313s] WARNING:colcon.colcon_ros.prefix_path.catkin:The path '/home/jetros/ros2_ws/install/microxrcedds_client' in the environment variable CMAKE_PREFIX_PATH doesn't exist
[2.313s] WARNING:colcon.colcon_ros.prefix_path.catkin:The path '/home/jetros/ros2_ws/install/microcdr' in the environment variable CMAKE_PREFIX_PATH doesn't exist
[2.313s] WARNING:colcon.colcon_ros.prefix_path.catkin:The path '/home/jetros/ros2_ws/install/micro_ros_utilities' in the environment variable CMAKE_PREFIX_PATH doesn't exist
[2.313s] WARNING:colcon.colcon_ros.prefix_path.catkin:The path '/home/jetros/ros2_ws/install/micro_ros_setup' in the environment variable CMAKE_PREFIX_PATH doesn't exist
[2.313s] WARNING:colcon.colcon_ros.prefix_path.catkin:The path '/home/jetros/ros2_ws/install/micro_ros_agent' in the environment variable CMAKE_PREFIX_PATH doesn't exist
[2.313s] WARNING:colcon.colcon_ros.prefix_path.catkin:The path '/home/jetros/ros2_ws/install/micro_ros_msgs' in the environment variable CMAKE_PREFIX_PATH doesn't exist
[2.313s] WARNING:colcon.colcon_ros.prefix_path.catkin:The path '/home/jetros/ros2_ws/install/mark3_urdf' in the environment variable CMAKE_PREFIX_PATH doesn't exist
[2.313s] WARNING:colcon.colcon_ros.prefix_path.catkin:The path '/home/jetros/ros2_ws/install/ldlidar_stl_ros2' in the environment variable CMAKE_PREFIX_PATH doesn't exist
[2.313s] WARNING:colcon.colcon_ros.prefix_path.catkin:The path '/home/jetros/ros2_ws/install/ldlidar' in the environment variable CMAKE_PREFIX_PATH doesn't exist
[2.314s] WARNING:colcon.colcon_ros.prefix_path.catkin:The path '/home/jetros/ros2_ws/install/laser_merger2' in the environment variable CMAKE_PREFIX_PATH doesn't exist
[2.314s] WARNING:colcon.colcon_ros.prefix_path.catkin:The path '/home/jetros/ros2_ws/install/laser_filters' in the environment variable CMAKE_PREFIX_PATH doesn't exist
[2.314s] WARNING:colcon.colcon_ros.prefix_path.catkin:The path '/home/jetros/ros2_ws/install/jsk_visualization' in the environment variable CMAKE_PREFIX_PATH doesn't exist
[2.314s] WARNING:colcon.colcon_ros.prefix_path.catkin:The path '/home/jetros/ros2_ws/install/jsk_rviz_plugins' in the environment variable CMAKE_PREFIX_PATH doesn't exist
[2.314s] WARNING:colcon.colcon_ros.prefix_path.catkin:The path '/home/jetros/ros2_ws/install/jsk_topic_tools' in the environment variable CMAKE_PREFIX_PATH doesn't exist
[2.314s] WARNING:colcon.colcon_ros.prefix_path.catkin:The path '/home/jetros/ros2_ws/install/jsk_rviz_plugin_msgs' in the environment variable CMAKE_PREFIX_PATH doesn't exist
[2.314s] WARNING:colcon.colcon_ros.prefix_path.catkin:The path '/home/jetros/ros2_ws/install/jsk_recognition_msgs' in the environment variable CMAKE_PREFIX_PATH doesn't exist
[2.314s] WARNING:colcon.colcon_ros.prefix_path.catkin:The path '/home/jetros/ros2_ws/install/jsk_hark_msgs' in the environment variable CMAKE_PREFIX_PATH doesn't exist
[2.314s] WARNING:colcon.colcon_ros.prefix_path.catkin:The path '/home/jetros/ros2_ws/install/jsk_gui_msgs' in the environment variable CMAKE_PREFIX_PATH doesn't exist
[2.314s] WARNING:colcon.colcon_ros.prefix_path.catkin:The path '/home/jetros/ros2_ws/install/jsk_footstep_msgs' in the environment variable CMAKE_PREFIX_PATH doesn't exist
[2.314s] WARNING:colcon.colcon_ros.prefix_path.catkin:The path '/home/jetros/ros2_ws/install/joy_mecanum_controller' in the environment variable CMAKE_PREFIX_PATH doesn't exist
[2.314s] WARNING:colcon.colcon_ros.prefix_path.catkin:The path '/home/jetros/ros2_ws/install/gazebo_ros_pkgs' in the environment variable CMAKE_PREFIX_PATH doesn't exist
[2.315s] WARNING:colcon.colcon_ros.prefix_path.catkin:The path '/home/jetros/ros2_ws/install/gazebo_msgs' in the environment variable CMAKE_PREFIX_PATH doesn't exist
[2.315s] WARNING:colcon.colcon_ros.prefix_path.catkin:The path '/home/jetros/ros2_ws/install/gazebo_dev' in the environment variable CMAKE_PREFIX_PATH doesn't exist
[2.315s] WARNING:colcon.colcon_ros.prefix_path.catkin:The path '/home/jetros/ros2_ws/install/emcl2' in the environment variable CMAKE_PREFIX_PATH doesn't exist
[2.315s] WARNING:colcon.colcon_ros.prefix_path.catkin:The path '/home/jetros/ros2_ws/install/complex_msgs' in the environment variable CMAKE_PREFIX_PATH doesn't exist
[2.315s] WARNING:colcon.colcon_ros.prefix_path.catkin:The path '/home/jetros/ros2_ws/install/cmd_vel_float_changer' in the environment variable CMAKE_PREFIX_PATH doesn't exist
[2.315s] WARNING:colcon.colcon_ros.prefix_path.catkin:The path '/home/jetros/ros2_ws/install/cartographer_rviz' in the environment variable CMAKE_PREFIX_PATH doesn't exist
[2.315s] WARNING:colcon.colcon_ros.prefix_path.catkin:The path '/home/jetros/ros2_ws/install/cartographer_ros' in the environment variable CMAKE_PREFIX_PATH doesn't exist
[2.315s] WARNING:colcon.colcon_ros.prefix_path.catkin:The path '/home/jetros/ros2_ws/install/cartographer_ros_msgs' in the environment variable CMAKE_PREFIX_PATH doesn't exist
[2.315s] WARNING:colcon.colcon_ros.prefix_path.catkin:The path '/home/jetros/ros2_ws/install/bringup' in the environment variable CMAKE_PREFIX_PATH doesn't exist
Starting >>> gxf_isaac_image_flip
[2.502s] ERROR:colcon.colcon_cmake.task.cmake.build:Failed to find the following files:
- /home/jetros/ros2_ws/install/isaac_ros_gxf/share/isaac_ros_gxf/package.sh
Check that the following packages have been built:
- isaac_ros_gxf
Failed   <<< gxf_isaac_image_flip [0.02s, exited with code 1]

Summary: 0 packages finished [2.31s]
  1 package failed: gxf_isaac_image_flip
  4 packages not processed
[0;32m[INFO][0m Stage 4: Building Isaac ROS Image Pipeline...
[2.253s] WARNING:colcon.colcon_ros.prefix_path.ament:The path '/home/jetros/ros2_ws/install/zed_ros2' in the environment variable AMENT_PREFIX_PATH doesn't exist
[2.254s] WARNING:colcon.colcon_ros.prefix_path.ament:The path '/home/jetros/ros2_ws/install/zed_robot_integration' in the environment variable AMENT_PREFIX_PATH doesn't exist
[2.254s] WARNING:colcon.colcon_ros.prefix_path.ament:The path '/home/jetros/ros2_ws/install/zed_ipc' in the environment variable AMENT_PREFIX_PATH doesn't exist
[2.254s] WARNING:colcon.colcon_ros.prefix_path.ament:The path '/home/jetros/ros2_ws/install/zed_multi_camera' in the environment variable AMENT_PREFIX_PATH doesn't exist
[2.254s] WARNING:colcon.colcon_ros.prefix_path.ament:The path '/home/jetros/ros2_ws/install/zed_display_rviz2' in the environment variable AMENT_PREFIX_PATH doesn't exist
[2.254s] WARNING:colcon.colcon_ros.prefix_path.ament:The path '/home/jetros/ros2_ws/install/zed_depth_to_laserscan' in the environment variable AMENT_PREFIX_PATH doesn't exist
[2.254s] WARNING:colcon.colcon_ros.prefix_path.ament:The path '/home/jetros/ros2_ws/install/zed_wrapper' in the environment variable AMENT_PREFIX_PATH doesn't exist
[2.254s] WARNING:colcon.colcon_ros.prefix_path.ament:The path '/home/jetros/ros2_ws/install/zed_tutorial_video' in the environment variable AMENT_PREFIX_PATH doesn't exist
[2.254s] WARNING:colcon.colcon_ros.prefix_path.ament:The path '/home/jetros/ros2_ws/install/zed_tutorial_pos_tracking' in the environment variable AMENT_PREFIX_PATH doesn't exist
[2.254s] WARNING:colcon.colcon_ros.prefix_path.ament:The path '/home/jetros/ros2_ws/install/zed_tutorial_depth' in the environment variable AMENT_PREFIX_PATH doesn't exist
[2.254s] WARNING:colcon.colcon_ros.prefix_path.ament:The path '/home/jetros/ros2_ws/install/zed_topic_benchmark' in the environment variable AMENT_PREFIX_PATH doesn't exist
[2.254s] WARNING:colcon.colcon_ros.prefix_path.ament:The path '/home/jetros/ros2_ws/install/zed_topic_benchmark_component' in the environment variable AMENT_PREFIX_PATH doesn't exist
[2.254s] WARNING:colcon.colcon_ros.prefix_path.ament:The path '/home/jetros/ros2_ws/install/zed_topic_benchmark_interfaces' in the environment variable AMENT_PREFIX_PATH doesn't exist
[2.255s] WARNING:colcon.colcon_ros.prefix_path.ament:The path '/home/jetros/ros2_ws/install/zed_rgb_convert' in the environment variable AMENT_PREFIX_PATH doesn't exist
[2.255s] WARNING:colcon.colcon_ros.prefix_path.ament:The path '/home/jetros/ros2_ws/install/zed_odom_watcher' in the environment variable AMENT_PREFIX_PATH doesn't exist
[2.255s] WARNING:colcon.colcon_ros.prefix_path.ament:The path '/home/jetros/ros2_ws/install/zed_human_tracker' in the environment variable AMENT_PREFIX_PATH doesn't exist
[2.255s] WARNING:colcon.colcon_ros.prefix_path.ament:The path '/home/jetros/ros2_ws/install/zed_aruco_localization' in the environment variable AMENT_PREFIX_PATH doesn't exist
[2.255s] WARNING:colcon.colcon_ros.prefix_path.ament:The path '/home/jetros/ros2_ws/install/zed_components' in the environment variable AMENT_PREFIX_PATH doesn't exist
[2.255s] WARNING:colcon.colcon_ros.prefix_path.ament:The path '/home/jetros/ros2_ws/install/rviz_plugin_zed_od' in the environment variable AMENT_PREFIX_PATH doesn't exist
[2.255s] WARNING:colcon.colcon_ros.prefix_path.ament:The path '/home/jetros/ros2_ws/install/zed_msgs' in the environment variable AMENT_PREFIX_PATH doesn't exist
[2.255s] WARNING:colcon.colcon_ros.prefix_path.ament:The path '/home/jetros/ros2_ws/install/zed_imu_republisher' in the environment variable AMENT_PREFIX_PATH doesn't exist
[2.255s] WARNING:colcon.colcon_ros.prefix_path.ament:The path '/home/jetros/ros2_ws/install/zed_goal_publisher' in the environment variable AMENT_PREFIX_PATH doesn't exist
[2.256s] WARNING:colcon.colcon_ros.prefix_path.ament:The path '/home/jetros/ros2_ws/install/voicevox_ros2' in the environment variable AMENT_PREFIX_PATH doesn't exist
[2.256s] WARNING:colcon.colcon_ros.prefix_path.ament:The path '/home/jetros/ros2_ws/install/voicevox_ros2_msgs' in the environment variable AMENT_PREFIX_PATH doesn't exist
[2.256s] WARNING:colcon.colcon_ros.prefix_path.ament:The path '/home/jetros/ros2_ws/install/orange_slam' in the environment variable AMENT_PREFIX_PATH doesn't exist
[2.256s] WARNING:colcon.colcon_ros.prefix_path.ament:The path '/home/jetros/ros2_ws/install/orange_navigation' in the environment variable AMENT_PREFIX_PATH doesn't exist
[2.256s] WARNING:colcon.colcon_ros.prefix_path.ament:The path '/home/jetros/ros2_ws/install/orange_bringup' in the environment variable AMENT_PREFIX_PATH doesn't exist
[2.256s] WARNING:colcon.colcon_ros.prefix_path.ament:The path '/home/jetros/ros2_ws/install/velodyne' in the environment variable AMENT_PREFIX_PATH doesn't exist
[2.256s] WARNING:colcon.colcon_ros.prefix_path.ament:The path '/home/jetros/ros2_ws/install/velodyne_pointcloud' in the environment variable AMENT_PREFIX_PATH doesn't exist
[2.256s] WARNING:colcon.colcon_ros.prefix_path.ament:The path '/home/jetros/ros2_ws/install/velodyne_driver' in the environment variable AMENT_PREFIX_PATH doesn't exist
[2.256s] WARNING:colcon.colcon_ros.prefix_path.ament:The path '/home/jetros/ros2_ws/install/velodyne_msgs' in the environment variable AMENT_PREFIX_PATH doesn't exist
[2.256s] WARNING:colcon.colcon_ros.prefix_path.ament:The path '/home/jetros/ros2_ws/install/velodyne_laserscan' in the environment variable AMENT_PREFIX_PATH doesn't exist
[2.256s] WARNING:colcon.colcon_ros.prefix_path.ament:The path '/home/jetros/ros2_ws/install/speech_recognition_msgs' in the environment variable AMENT_PREFIX_PATH doesn't exist
[2.256s] WARNING:colcon.colcon_ros.prefix_path.ament:The path '/home/jetros/ros2_ws/install/sllidar_ros2' in the environment variable AMENT_PREFIX_PATH doesn't exist
[2.257s] WARNING:colcon.colcon_ros.prefix_path.ament:The path '/home/jetros/ros2_ws/install/nav2_system_tests' in the environment variable AMENT_PREFIX_PATH doesn't exist
[2.257s] WARNING:colcon.colcon_ros.prefix_path.ament:The path '/home/jetros/ros2_ws/install/nav2_bringup' in the environment variable AMENT_PREFIX_PATH doesn't exist
[2.257s] WARNING:colcon.colcon_ros.prefix_path.ament:The path '/home/jetros/ros2_ws/install/slam_toolbox' in the environment variable AMENT_PREFIX_PATH doesn't exist
[2.257s] WARNING:colcon.colcon_ros.prefix_path.ament:The path '/home/jetros/ros2_ws/install/slam_gmapping' in the environment variable AMENT_PREFIX_PATH doesn't exist
[2.257s] WARNING:colcon.colcon_ros.prefix_path.ament:The path '/home/jetros/ros2_ws/install/safety_sensor' in the environment variable AMENT_PREFIX_PATH doesn't exist
[2.257s] WARNING:colcon.colcon_ros.prefix_path.ament:The path '/home/jetros/ros2_ws/install/rosidl_typesupport_microxrcedds_test_msg' in the environment variable AMENT_PREFIX_PATH doesn't exist
[2.257s] WARNING:colcon.colcon_ros.prefix_path.ament:The path '/home/jetros/ros2_ws/install/rosidl_typesupport_microxrcedds_cpp_tests' in the environment variable AMENT_PREFIX_PATH doesn't exist
[2.257s] WARNING:colcon.colcon_ros.prefix_path.ament:The path '/home/jetros/ros2_ws/install/micro_ros_demos_rclc' in the environment variable AMENT_PREFIX_PATH doesn't exist
[2.257s] WARNING:colcon.colcon_ros.prefix_path.ament:The path '/home/jetros/ros2_ws/install/rmw_microxrcedds' in the environment variable AMENT_PREFIX_PATH doesn't exist
[2.257s] WARNING:colcon.colcon_ros.prefix_path.ament:The path '/home/jetros/ros2_ws/install/rosidl_typesupport_microxrcedds_cpp' in the environment variable AMENT_PREFIX_PATH doesn't exist
[2.257s] WARNING:colcon.colcon_ros.prefix_path.ament:The path '/home/jetros/ros2_ws/install/rosidl_typesupport_microxrcedds_c_tests' in the environment variable AMENT_PREFIX_PATH doesn't exist
[2.257s] WARNING:colcon.colcon_ros.prefix_path.ament:The path '/home/jetros/ros2_ws/install/rosidl_typesupport_microxrcedds_c' in the environment variable AMENT_PREFIX_PATH doesn't exist
[2.257s] WARNING:colcon.colcon_ros.prefix_path.ament:The path '/home/jetros/ros2_ws/install/ros2_rs_pcl' in the environment variable AMENT_PREFIX_PATH doesn't exist
[2.257s] WARNING:colcon.colcon_ros.prefix_path.ament:The path '/home/jetros/ros2_ws/install/ros2_laser_scan_merger' in the environment variable AMENT_PREFIX_PATH doesn't exist
[2.257s] WARNING:colcon.colcon_ros.prefix_path.ament:The path '/home/jetros/ros2_ws/install/rf2o_laser_odometry' in the environment variable AMENT_PREFIX_PATH doesn't exist
[2.258s] WARNING:colcon.colcon_ros.prefix_path.ament:The path '/home/jetros/ros2_ws/install/rclc_examples' in the environment variable AMENT_PREFIX_PATH doesn't exist
[2.258s] WARNING:colcon.colcon_ros.prefix_path.ament:The path '/home/jetros/ros2_ws/install/rclc_parameter' in the environment variable AMENT_PREFIX_PATH doesn't exist
[2.258s] WARNING:colcon.colcon_ros.prefix_path.ament:The path '/home/jetros/ros2_ws/install/rclc_lifecycle' in the environment variable AMENT_PREFIX_PATH doesn't exist
[2.258s] WARNING:colcon.colcon_ros.prefix_path.ament:The path '/home/jetros/ros2_ws/install/rclc' in the environment variable AMENT_PREFIX_PATH doesn't exist
[2.258s] WARNING:colcon.colcon_ros.prefix_path.ament:The path '/home/jetros/ros2_ws/install/posedetection_msgs' in the environment variable AMENT_PREFIX_PATH doesn't exist
[2.258s] WARNING:colcon.colcon_ros.prefix_path.ament:The path '/home/jetros/ros2_ws/install/orange_gazebo' in the environment variable AMENT_PREFIX_PATH doesn't exist
[2.258s] WARNING:colcon.colcon_ros.prefix_path.ament:The path '/home/jetros/ros2_ws/install/orange_description' in the environment variable AMENT_PREFIX_PATH doesn't exist
[2.258s] WARNING:colcon.colcon_ros.prefix_path.ament:The path '/home/jetros/ros2_ws/install/orange_sensor_tools' in the environment variable AMENT_PREFIX_PATH doesn't exist
[2.258s] WARNING:colcon.colcon_ros.prefix_path.ament:The path '/home/jetros/ros2_ws/install/pointcloud_to_laserscan' in the environment variable AMENT_PREFIX_PATH doesn't exist
[2.258s] WARNING:colcon.colcon_ros.prefix_path.ament:The path '/home/jetros/ros2_ws/install/orange_teleop' in the environment variable AMENT_PREFIX_PATH doesn't exist
[2.258s] WARNING:colcon.colcon_ros.prefix_path.ament:The path '/home/jetros/ros2_ws/install/openslam_gmapping' in the environment variable AMENT_PREFIX_PATH doesn't exist
[2.258s] WARNING:colcon.colcon_ros.prefix_path.ament:The path '/home/jetros/ros2_ws/install/odom_publisher' in the environment variable AMENT_PREFIX_PATH doesn't exist
[2.258s] WARNING:colcon.colcon_ros.prefix_path.ament:The path '/home/jetros/ros2_ws/install/navigation2' in the environment variable AMENT_PREFIX_PATH doesn't exist
[2.258s] WARNING:colcon.colcon_ros.prefix_path.ament:The path '/home/jetros/ros2_ws/install/nav2_smoother' in the environment variable AMENT_PREFIX_PATH doesn't exist
[2.259s] WARNING:colcon.colcon_ros.prefix_path.ament:The path '/home/jetros/ros2_ws/install/nav2_rotation_shim_controller' in the environment variable AMENT_PREFIX_PATH doesn't exist
[2.259s] WARNING:colcon.colcon_ros.prefix_path.ament:The path '/home/jetros/ros2_ws/install/nav2_graceful_controller' in the environment variable AMENT_PREFIX_PATH doesn't exist
[2.259s] WARNING:colcon.colcon_ros.prefix_path.ament:The path '/home/jetros/ros2_ws/install/nav2_dwb_controller' in the environment variable AMENT_PREFIX_PATH doesn't exist
[2.259s] WARNING:colcon.colcon_ros.prefix_path.ament:The path '/home/jetros/ros2_ws/install/nav2_controller' in the environment variable AMENT_PREFIX_PATH doesn't exist
[2.259s] WARNING:colcon.colcon_ros.prefix_path.ament:The path '/home/jetros/ros2_ws/install/dwb_plugins' in the environment variable AMENT_PREFIX_PATH doesn't exist
[2.259s] WARNING:colcon.colcon_ros.prefix_path.ament:The path '/home/jetros/ros2_ws/install/dwb_critics' in the environment variable AMENT_PREFIX_PATH doesn't exist
[2.259s] WARNING:colcon.colcon_ros.prefix_path.ament:The path '/home/jetros/ros2_ws/install/dwb_core' in the environment variable AMENT_PREFIX_PATH doesn't exist
[2.259s] WARNING:colcon.colcon_ros.prefix_path.ament:The path '/home/jetros/ros2_ws/install/nav_2d_utils' in the environment variable AMENT_PREFIX_PATH doesn't exist
[2.259s] WARNING:colcon.colcon_ros.prefix_path.ament:The path '/home/jetros/ros2_ws/install/dwb_msgs' in the environment variable AMENT_PREFIX_PATH doesn't exist
[2.259s] WARNING:colcon.colcon_ros.prefix_path.ament:The path '/home/jetros/ros2_ws/install/nav_2d_msgs' in the environment variable AMENT_PREFIX_PATH doesn't exist
[2.259s] WARNING:colcon.colcon_ros.prefix_path.ament:The path '/home/jetros/ros2_ws/install/nav2_waypoint_follower' in the environment variable AMENT_PREFIX_PATH doesn't exist
[2.259s] WARNING:colcon.colcon_ros.prefix_path.ament:The path '/home/jetros/ros2_ws/install/nav2_theta_star_planner' in the environment variable AMENT_PREFIX_PATH doesn't exist
[2.259s] WARNING:colcon.colcon_ros.prefix_path.ament:The path '/home/jetros/ros2_ws/install/nav2_smac_planner' in the environment variable AMENT_PREFIX_PATH doesn't exist
[2.259s] WARNING:colcon.colcon_ros.prefix_path.ament:The path '/home/jetros/ros2_ws/install/nav2_route' in the environment variable AMENT_PREFIX_PATH doesn't exist
[2.259s] WARNING:colcon.colcon_ros.prefix_path.ament:The path '/home/jetros/ros2_ws/install/nav2_regulated_pure_pursuit_controller' in the environment variable AMENT_PREFIX_PATH doesn't exist
[2.260s] WARNING:colcon.colcon_ros.prefix_path.ament:The path '/home/jetros/ros2_ws/install/nav2_planner' in the environment variable AMENT_PREFIX_PATH doesn't exist
[2.260s] WARNING:colcon.colcon_ros.prefix_path.ament:The path '/home/jetros/ros2_ws/install/nav2_navfn_planner' in the environment variable AMENT_PREFIX_PATH doesn't exist
[2.260s] WARNING:colcon.colcon_ros.prefix_path.ament:The path '/home/jetros/ros2_ws/install/nav2_mppi_controller' in the environment variable AMENT_PREFIX_PATH doesn't exist
[2.260s] WARNING:colcon.colcon_ros.prefix_path.ament:The path '/home/jetros/ros2_ws/install/nav2_constrained_smoother' in the environment variable AMENT_PREFIX_PATH doesn't exist
[2.260s] WARNING:colcon.colcon_ros.prefix_path.ament:The path '/home/jetros/ros2_ws/install/nav2_bt_navigator' in the environment variable AMENT_PREFIX_PATH doesn't exist
[2.260s] WARNING:colcon.colcon_ros.prefix_path.ament:The path '/home/jetros/ros2_ws/install/nav2_behaviors' in the environment variable AMENT_PREFIX_PATH doesn't exist
[2.260s] WARNING:colcon.colcon_ros.prefix_path.ament:The path '/home/jetros/ros2_ws/install/nav2_core' in the environment variable AMENT_PREFIX_PATH doesn't exist
[2.260s] WARNING:colcon.colcon_ros.prefix_path.ament:The path '/home/jetros/ros2_ws/install/nav2_collision_monitor' in the environment variable AMENT_PREFIX_PATH doesn't exist
[2.260s] WARNING:colcon.colcon_ros.prefix_path.ament:The path '/home/jetros/ros2_ws/install/costmap_queue' in the environment variable AMENT_PREFIX_PATH doesn't exist
[2.260s] WARNING:colcon.colcon_ros.prefix_path.ament:The path '/home/jetros/ros2_ws/install/nav2_costmap_2d' in the environment variable AMENT_PREFIX_PATH doesn't exist
[2.260s] WARNING:colcon.colcon_ros.prefix_path.ament:The path '/home/jetros/ros2_ws/install/nav2_voxel_grid' in the environment variable AMENT_PREFIX_PATH doesn't exist
[2.260s] WARNING:colcon.colcon_ros.prefix_path.ament:The path '/home/jetros/ros2_ws/install/nav2_velocity_smoother' in the environment variable AMENT_PREFIX_PATH doesn't exist
[2.260s] WARNING:colcon.colcon_ros.prefix_path.ament:The path '/home/jetros/ros2_ws/install/nav2_rviz_plugins' in the environment variable AMENT_PREFIX_PATH doesn't exist
[2.260s] WARNING:colcon.colcon_ros.prefix_path.ament:The path '/home/jetros/ros2_ws/install/nav2_map_server' in the environment variable AMENT_PREFIX_PATH doesn't exist
[2.261s] WARNING:colcon.colcon_ros.prefix_path.ament:The path '/home/jetros/ros2_ws/install/nav2_lifecycle_manager' in the environment variable AMENT_PREFIX_PATH doesn't exist
[2.261s] WARNING:colcon.colcon_ros.prefix_path.ament:The path '/home/jetros/ros2_ws/install/nav2_behavior_tree' in the environment variable AMENT_PREFIX_PATH doesn't exist
[2.261s] WARNING:colcon.colcon_ros.prefix_path.ament:The path '/home/jetros/ros2_ws/install/nav2_amcl' in the environment variable AMENT_PREFIX_PATH doesn't exist
[2.261s] WARNING:colcon.colcon_ros.prefix_path.ament:The path '/home/jetros/ros2_ws/install/nav2_util' in the environment variable AMENT_PREFIX_PATH doesn't exist
[2.261s] WARNING:colcon.colcon_ros.prefix_path.ament:The path '/home/jetros/ros2_ws/install/nav2_simple_commander' in the environment variable AMENT_PREFIX_PATH doesn't exist
[2.261s] WARNING:colcon.colcon_ros.prefix_path.ament:The path '/home/jetros/ros2_ws/install/nav2_msgs' in the environment variable AMENT_PREFIX_PATH doesn't exist
[2.261s] WARNING:colcon.colcon_ros.prefix_path.ament:The path '/home/jetros/ros2_ws/install/nav2_common' in the environment variable AMENT_PREFIX_PATH doesn't exist
[2.261s] WARNING:colcon.colcon_ros.prefix_path.ament:The path '/home/jetros/ros2_ws/install/micro_ros_utilities' in the environment variable AMENT_PREFIX_PATH doesn't exist
[2.261s] WARNING:colcon.colcon_ros.prefix_path.ament:The path '/home/jetros/ros2_ws/install/micro_ros_setup' in the environment variable AMENT_PREFIX_PATH doesn't exist
[2.261s] WARNING:colcon.colcon_ros.prefix_path.ament:The path '/home/jetros/ros2_ws/install/micro_ros_agent' in the environment variable AMENT_PREFIX_PATH doesn't exist
[2.261s] WARNING:colcon.colcon_ros.prefix_path.ament:The path '/home/jetros/ros2_ws/install/micro_ros_msgs' in the environment variable AMENT_PREFIX_PATH doesn't exist
[2.261s] WARNING:colcon.colcon_ros.prefix_path.ament:The path '/home/jetros/ros2_ws/install/mark3_urdf' in the environment variable AMENT_PREFIX_PATH doesn't exist
[2.261s] WARNING:colcon.colcon_ros.prefix_path.ament:The path '/home/jetros/ros2_ws/install/ldlidar_stl_ros2' in the environment variable AMENT_PREFIX_PATH doesn't exist
[2.261s] WARNING:colcon.colcon_ros.prefix_path.ament:The path '/home/jetros/ros2_ws/install/ldlidar' in the environment variable AMENT_PREFIX_PATH doesn't exist
[2.261s] WARNING:colcon.colcon_ros.prefix_path.ament:The path '/home/jetros/ros2_ws/install/laser_merger2' in the environment variable AMENT_PREFIX_PATH doesn't exist
[2.262s] WARNING:colcon.colcon_ros.prefix_path.ament:The path '/home/jetros/ros2_ws/install/laser_filters' in the environment variable AMENT_PREFIX_PATH doesn't exist
[2.262s] WARNING:colcon.colcon_ros.prefix_path.ament:The path '/home/jetros/ros2_ws/install/jsk_visualization' in the environment variable AMENT_PREFIX_PATH doesn't exist
[2.262s] WARNING:colcon.colcon_ros.prefix_path.ament:The path '/home/jetros/ros2_ws/install/jsk_rviz_plugins' in the environment variable AMENT_PREFIX_PATH doesn't exist
[2.262s] WARNING:colcon.colcon_ros.prefix_path.ament:The path '/home/jetros/ros2_ws/install/jsk_topic_tools' in the environment variable AMENT_PREFIX_PATH doesn't exist
[2.262s] WARNING:colcon.colcon_ros.prefix_path.ament:The path '/home/jetros/ros2_ws/install/jsk_rviz_plugin_msgs' in the environment variable AMENT_PREFIX_PATH doesn't exist
[2.262s] WARNING:colcon.colcon_ros.prefix_path.ament:The path '/home/jetros/ros2_ws/install/jsk_recognition_msgs' in the environment variable AMENT_PREFIX_PATH doesn't exist
[2.262s] WARNING:colcon.colcon_ros.prefix_path.ament:The path '/home/jetros/ros2_ws/install/jsk_hark_msgs' in the environment variable AMENT_PREFIX_PATH doesn't exist
[2.262s] WARNING:colcon.colcon_ros.prefix_path.ament:The path '/home/jetros/ros2_ws/install/jsk_gui_msgs' in the environment variable AMENT_PREFIX_PATH doesn't exist
[2.263s] WARNING:colcon.colcon_ros.prefix_path.ament:The path '/home/jetros/ros2_ws/install/jsk_footstep_msgs' in the environment variable AMENT_PREFIX_PATH doesn't exist
[2.263s] WARNING:colcon.colcon_ros.prefix_path.ament:The path '/home/jetros/ros2_ws/install/joy_mecanum_controller' in the environment variable AMENT_PREFIX_PATH doesn't exist
[2.263s] WARNING:colcon.colcon_ros.prefix_path.ament:The path '/home/jetros/ros2_ws/install/gazebo_ros_pkgs' in the environment variable AMENT_PREFIX_PATH doesn't exist
[2.263s] WARNING:colcon.colcon_ros.prefix_path.ament:The path '/home/jetros/ros2_ws/install/gazebo_msgs' in the environment variable AMENT_PREFIX_PATH doesn't exist
[2.263s] WARNING:colcon.colcon_ros.prefix_path.ament:The path '/home/jetros/ros2_ws/install/gazebo_dev' in the environment variable AMENT_PREFIX_PATH doesn't exist
[2.263s] WARNING:colcon.colcon_ros.prefix_path.ament:The path '/home/jetros/ros2_ws/install/emcl2' in the environment variable AMENT_PREFIX_PATH doesn't exist
[2.264s] WARNING:colcon.colcon_ros.prefix_path.ament:The path '/home/jetros/ros2_ws/install/complex_msgs' in the environment variable AMENT_PREFIX_PATH doesn't exist
[2.264s] WARNING:colcon.colcon_ros.prefix_path.ament:The path '/home/jetros/ros2_ws/install/cmd_vel_float_changer' in the environment variable AMENT_PREFIX_PATH doesn't exist
[2.264s] WARNING:colcon.colcon_ros.prefix_path.ament:The path '/home/jetros/ros2_ws/install/cartographer_rviz' in the environment variable AMENT_PREFIX_PATH doesn't exist
[2.264s] WARNING:colcon.colcon_ros.prefix_path.ament:The path '/home/jetros/ros2_ws/install/cartographer_ros' in the environment variable AMENT_PREFIX_PATH doesn't exist
[2.264s] WARNING:colcon.colcon_ros.prefix_path.ament:The path '/home/jetros/ros2_ws/install/cartographer_ros_msgs' in the environment variable AMENT_PREFIX_PATH doesn't exist
[2.264s] WARNING:colcon.colcon_ros.prefix_path.ament:The path '/home/jetros/ros2_ws/install/bringup' in the environment variable AMENT_PREFIX_PATH doesn't exist
[2.264s] WARNING:colcon.colcon_ros.prefix_path.catkin:The path '/home/jetros/ros2_ws/install/zed_ros2' in the environment variable CMAKE_PREFIX_PATH doesn't exist
[2.264s] WARNING:colcon.colcon_ros.prefix_path.catkin:The path '/home/jetros/ros2_ws/install/zed_robot_integration' in the environment variable CMAKE_PREFIX_PATH doesn't exist
[2.264s] WARNING:colcon.colcon_ros.prefix_path.catkin:The path '/home/jetros/ros2_ws/install/zed_ipc' in the environment variable CMAKE_PREFIX_PATH doesn't exist
[2.264s] WARNING:colcon.colcon_ros.prefix_path.catkin:The path '/home/jetros/ros2_ws/install/zed_multi_camera' in the environment variable CMAKE_PREFIX_PATH doesn't exist
[2.265s] WARNING:colcon.colcon_ros.prefix_path.catkin:The path '/home/jetros/ros2_ws/install/zed_display_rviz2' in the environment variable CMAKE_PREFIX_PATH doesn't exist
[2.265s] WARNING:colcon.colcon_ros.prefix_path.catkin:The path '/home/jetros/ros2_ws/install/zed_depth_to_laserscan' in the environment variable CMAKE_PREFIX_PATH doesn't exist
[2.265s] WARNING:colcon.colcon_ros.prefix_path.catkin:The path '/home/jetros/ros2_ws/install/zed_wrapper' in the environment variable CMAKE_PREFIX_PATH doesn't exist
[2.265s] WARNING:colcon.colcon_ros.prefix_path.catkin:The path '/home/jetros/ros2_ws/install/zed_tutorial_video' in the environment variable CMAKE_PREFIX_PATH doesn't exist
[2.265s] WARNING:colcon.colcon_ros.prefix_path.catkin:The path '/home/jetros/ros2_ws/install/zed_tutorial_pos_tracking' in the environment variable CMAKE_PREFIX_PATH doesn't exist
[2.265s] WARNING:colcon.colcon_ros.prefix_path.catkin:The path '/home/jetros/ros2_ws/install/zed_tutorial_depth' in the environment variable CMAKE_PREFIX_PATH doesn't exist
[2.265s] WARNING:colcon.colcon_ros.prefix_path.catkin:The path '/home/jetros/ros2_ws/install/zed_topic_benchmark' in the environment variable CMAKE_PREFIX_PATH doesn't exist
[2.265s] WARNING:colcon.colcon_ros.prefix_path.catkin:The path '/home/jetros/ros2_ws/install/zed_topic_benchmark_component' in the environment variable CMAKE_PREFIX_PATH doesn't exist
[2.265s] WARNING:colcon.colcon_ros.prefix_path.catkin:The path '/home/jetros/ros2_ws/install/zed_topic_benchmark_interfaces' in the environment variable CMAKE_PREFIX_PATH doesn't exist
[2.265s] WARNING:colcon.colcon_ros.prefix_path.catkin:The path '/home/jetros/ros2_ws/install/zed_rgb_convert' in the environment variable CMAKE_PREFIX_PATH doesn't exist
[2.265s] WARNING:colcon.colcon_ros.prefix_path.catkin:The path '/home/jetros/ros2_ws/install/zed_odom_watcher' in the environment variable CMAKE_PREFIX_PATH doesn't exist
[2.265s] WARNING:colcon.colcon_ros.prefix_path.catkin:The path '/home/jetros/ros2_ws/install/zed_human_tracker' in the environment variable CMAKE_PREFIX_PATH doesn't exist
[2.265s] WARNING:colcon.colcon_ros.prefix_path.catkin:The path '/home/jetros/ros2_ws/install/zed_aruco_localization' in the environment variable CMAKE_PREFIX_PATH doesn't exist
[2.265s] WARNING:colcon.colcon_ros.prefix_path.catkin:The path '/home/jetros/ros2_ws/install/zed_components' in the environment variable CMAKE_PREFIX_PATH doesn't exist
[2.266s] WARNING:colcon.colcon_ros.prefix_path.catkin:The path '/home/jetros/ros2_ws/install/rviz_plugin_zed_od' in the environment variable CMAKE_PREFIX_PATH doesn't exist
[2.266s] WARNING:colcon.colcon_ros.prefix_path.catkin:The path '/home/jetros/ros2_ws/install/zed_msgs' in the environment variable CMAKE_PREFIX_PATH doesn't exist
[2.266s] WARNING:colcon.colcon_ros.prefix_path.catkin:The path '/home/jetros/ros2_ws/install/zed_imu_republisher' in the environment variable CMAKE_PREFIX_PATH doesn't exist
[2.266s] WARNING:colcon.colcon_ros.prefix_path.catkin:The path '/home/jetros/ros2_ws/install/zed_goal_publisher' in the environment variable CMAKE_PREFIX_PATH doesn't exist
[2.266s] WARNING:colcon.colcon_ros.prefix_path.catkin:The path '/home/jetros/ros2_ws/install/voicevox_ros2_msgs' in the environment variable CMAKE_PREFIX_PATH doesn't exist
[2.266s] WARNING:colcon.colcon_ros.prefix_path.catkin:The path '/home/jetros/ros2_ws/install/orange_slam' in the environment variable CMAKE_PREFIX_PATH doesn't exist
[2.266s] WARNING:colcon.colcon_ros.prefix_path.catkin:The path '/home/jetros/ros2_ws/install/orange_navigation' in the environment variable CMAKE_PREFIX_PATH doesn't exist
[2.266s] WARNING:colcon.colcon_ros.prefix_path.catkin:The path '/home/jetros/ros2_ws/install/velodyne' in the environment variable CMAKE_PREFIX_PATH doesn't exist
[2.266s] WARNING:colcon.colcon_ros.prefix_path.catkin:The path '/home/jetros/ros2_ws/install/velodyne_pointcloud' in the environment variable CMAKE_PREFIX_PATH doesn't exist
[2.266s] WARNING:colcon.colcon_ros.prefix_path.catkin:The path '/home/jetros/ros2_ws/install/velodyne_driver' in the environment variable CMAKE_PREFIX_PATH doesn't exist
[2.266s] WARNING:colcon.colcon_ros.prefix_path.catkin:The path '/home/jetros/ros2_ws/install/velodyne_msgs' in the environment variable CMAKE_PREFIX_PATH doesn't exist
[2.266s] WARNING:colcon.colcon_ros.prefix_path.catkin:The path '/home/jetros/ros2_ws/install/velodyne_laserscan' in the environment variable CMAKE_PREFIX_PATH doesn't exist
[2.266s] WARNING:colcon.colcon_ros.prefix_path.catkin:The path '/home/jetros/ros2_ws/install/speech_recognition_msgs' in the environment variable CMAKE_PREFIX_PATH doesn't exist
[2.266s] WARNING:colcon.colcon_ros.prefix_path.catkin:The path '/home/jetros/ros2_ws/install/sllidar_ros2' in the environment variable CMAKE_PREFIX_PATH doesn't exist
[2.267s] WARNING:colcon.colcon_ros.prefix_path.catkin:The path '/home/jetros/ros2_ws/install/nav2_system_tests' in the environment variable CMAKE_PREFIX_PATH doesn't exist
[2.267s] WARNING:colcon.colcon_ros.prefix_path.catkin:The path '/home/jetros/ros2_ws/install/nav2_bringup' in the environment variable CMAKE_PREFIX_PATH doesn't exist
[2.267s] WARNING:colcon.colcon_ros.prefix_path.catkin:The path '/home/jetros/ros2_ws/install/slam_toolbox' in the environment variable CMAKE_PREFIX_PATH doesn't exist
[2.267s] WARNING:colcon.colcon_ros.prefix_path.catkin:The path '/home/jetros/ros2_ws/install/slam_gmapping' in the environment variable CMAKE_PREFIX_PATH doesn't exist
[2.267s] WARNING:colcon.colcon_ros.prefix_path.catkin:The path '/home/jetros/ros2_ws/install/safety_sensor' in the environment variable CMAKE_PREFIX_PATH doesn't exist
[2.267s] WARNING:colcon.colcon_ros.prefix_path.catkin:The path '/home/jetros/ros2_ws/install/rosidl_typesupport_microxrcedds_test_msg' in the environment variable CMAKE_PREFIX_PATH doesn't exist
[2.267s] WARNING:colcon.colcon_ros.prefix_path.catkin:The path '/home/jetros/ros2_ws/install/rosidl_typesupport_microxrcedds_cpp_tests' in the environment variable CMAKE_PREFIX_PATH doesn't exist
[2.267s] WARNING:colcon.colcon_ros.prefix_path.catkin:The path '/home/jetros/ros2_ws/install/micro_ros_demos_rclc' in the environment variable CMAKE_PREFIX_PATH doesn't exist
[2.267s] WARNING:colcon.colcon_ros.prefix_path.catkin:The path '/home/jetros/ros2_ws/install/rmw_microxrcedds' in the environment variable CMAKE_PREFIX_PATH doesn't exist
[2.267s] WARNING:colcon.colcon_ros.prefix_path.catkin:The path '/home/jetros/ros2_ws/install/rosidl_typesupport_microxrcedds_cpp' in the environment variable CMAKE_PREFIX_PATH doesn't exist
[2.267s] WARNING:colcon.colcon_ros.prefix_path.catkin:The path '/home/jetros/ros2_ws/install/rosidl_typesupport_microxrcedds_c_tests' in the environment variable CMAKE_PREFIX_PATH doesn't exist
[2.267s] WARNING:colcon.colcon_ros.prefix_path.catkin:The path '/home/jetros/ros2_ws/install/rosidl_typesupport_microxrcedds_c' in the environment variable CMAKE_PREFIX_PATH doesn't exist
[2.267s] WARNING:colcon.colcon_ros.prefix_path.catkin:The path '/home/jetros/ros2_ws/install/ros2_rs_pcl' in the environment variable CMAKE_PREFIX_PATH doesn't exist
[2.267s] WARNING:colcon.colcon_ros.prefix_path.catkin:The path '/home/jetros/ros2_ws/install/ros2_laser_scan_merger' in the environment variable CMAKE_PREFIX_PATH doesn't exist
[2.268s] WARNING:colcon.colcon_ros.prefix_path.catkin:The path '/home/jetros/ros2_ws/install/rf2o_laser_odometry' in the environment variable CMAKE_PREFIX_PATH doesn't exist
[2.268s] WARNING:colcon.colcon_ros.prefix_path.catkin:The path '/home/jetros/ros2_ws/install/rclc_examples' in the environment variable CMAKE_PREFIX_PATH doesn't exist
[2.268s] WARNING:colcon.colcon_ros.prefix_path.catkin:The path '/home/jetros/ros2_ws/install/rclc_parameter' in the environment variable CMAKE_PREFIX_PATH doesn't exist
[2.268s] WARNING:colcon.colcon_ros.prefix_path.catkin:The path '/home/jetros/ros2_ws/install/rclc_lifecycle' in the environment variable CMAKE_PREFIX_PATH doesn't exist
[2.268s] WARNING:colcon.colcon_ros.prefix_path.catkin:The path '/home/jetros/ros2_ws/install/rclc' in the environment variable CMAKE_PREFIX_PATH doesn't exist
[2.268s] WARNING:colcon.colcon_ros.prefix_path.catkin:The path '/home/jetros/ros2_ws/install/posedetection_msgs' in the environment variable CMAKE_PREFIX_PATH doesn't exist
[2.268s] WARNING:colcon.colcon_ros.prefix_path.catkin:The path '/home/jetros/ros2_ws/install/orange_gazebo' in the environment variable CMAKE_PREFIX_PATH doesn't exist
[2.268s] WARNING:colcon.colcon_ros.prefix_path.catkin:The path '/home/jetros/ros2_ws/install/orange_description' in the environment variable CMAKE_PREFIX_PATH doesn't exist
[2.268s] WARNING:colcon.colcon_ros.prefix_path.catkin:The path '/home/jetros/ros2_ws/install/orange_sensor_tools' in the environment variable CMAKE_PREFIX_PATH doesn't exist
[2.269s] WARNING:colcon.colcon_ros.prefix_path.catkin:The path '/home/jetros/ros2_ws/install/pointcloud_to_laserscan' in the environment variable CMAKE_PREFIX_PATH doesn't exist
[2.269s] WARNING:colcon.colcon_ros.prefix_path.catkin:The path '/home/jetros/ros2_ws/install/openslam_gmapping' in the environment variable CMAKE_PREFIX_PATH doesn't exist
[2.269s] WARNING:colcon.colcon_ros.prefix_path.catkin:The path '/home/jetros/ros2_ws/install/odom_publisher' in the environment variable CMAKE_PREFIX_PATH doesn't exist
[2.269s] WARNING:colcon.colcon_ros.prefix_path.catkin:The path '/home/jetros/ros2_ws/install/navigation2' in the environment variable CMAKE_PREFIX_PATH doesn't exist
[2.269s] WARNING:colcon.colcon_ros.prefix_path.catkin:The path '/home/jetros/ros2_ws/install/nav2_smoother' in the environment variable CMAKE_PREFIX_PATH doesn't exist
[2.269s] WARNING:colcon.colcon_ros.prefix_path.catkin:The path '/home/jetros/ros2_ws/install/nav2_rotation_shim_controller' in the environment variable CMAKE_PREFIX_PATH doesn't exist
[2.269s] WARNING:colcon.colcon_ros.prefix_path.catkin:The path '/home/jetros/ros2_ws/install/nav2_graceful_controller' in the environment variable CMAKE_PREFIX_PATH doesn't exist
[2.269s] WARNING:colcon.colcon_ros.prefix_path.catkin:The path '/home/jetros/ros2_ws/install/nav2_dwb_controller' in the environment variable CMAKE_PREFIX_PATH doesn't exist
[2.270s] WARNING:colcon.colcon_ros.prefix_path.catkin:The path '/home/jetros/ros2_ws/install/nav2_controller' in the environment variable CMAKE_PREFIX_PATH doesn't exist
[2.270s] WARNING:colcon.colcon_ros.prefix_path.catkin:The path '/home/jetros/ros2_ws/install/dwb_plugins' in the environment variable CMAKE_PREFIX_PATH doesn't exist
[2.270s] WARNING:colcon.colcon_ros.prefix_path.catkin:The path '/home/jetros/ros2_ws/install/dwb_critics' in the environment variable CMAKE_PREFIX_PATH doesn't exist
[2.270s] WARNING:colcon.colcon_ros.prefix_path.catkin:The path '/home/jetros/ros2_ws/install/dwb_core' in the environment variable CMAKE_PREFIX_PATH doesn't exist
[2.270s] WARNING:colcon.colcon_ros.prefix_path.catkin:The path '/home/jetros/ros2_ws/install/nav_2d_utils' in the environment variable CMAKE_PREFIX_PATH doesn't exist
[2.270s] WARNING:colcon.colcon_ros.prefix_path.catkin:The path '/home/jetros/ros2_ws/install/dwb_msgs' in the environment variable CMAKE_PREFIX_PATH doesn't exist
[2.270s] WARNING:colcon.colcon_ros.prefix_path.catkin:The path '/home/jetros/ros2_ws/install/nav_2d_msgs' in the environment variable CMAKE_PREFIX_PATH doesn't exist
[2.270s] WARNING:colcon.colcon_ros.prefix_path.catkin:The path '/home/jetros/ros2_ws/install/nav2_waypoint_follower' in the environment variable CMAKE_PREFIX_PATH doesn't exist
[2.270s] WARNING:colcon.colcon_ros.prefix_path.catkin:The path '/home/jetros/ros2_ws/install/nav2_theta_star_planner' in the environment variable CMAKE_PREFIX_PATH doesn't exist
[2.270s] WARNING:colcon.colcon_ros.prefix_path.catkin:The path '/home/jetros/ros2_ws/install/nav2_smac_planner' in the environment variable CMAKE_PREFIX_PATH doesn't exist
[2.270s] WARNING:colcon.colcon_ros.prefix_path.catkin:The path '/home/jetros/ros2_ws/install/nav2_route' in the environment variable CMAKE_PREFIX_PATH doesn't exist
[2.270s] WARNING:colcon.colcon_ros.prefix_path.catkin:The path '/home/jetros/ros2_ws/install/nav2_regulated_pure_pursuit_controller' in the environment variable CMAKE_PREFIX_PATH doesn't exist
[2.270s] WARNING:colcon.colcon_ros.prefix_path.catkin:The path '/home/jetros/ros2_ws/install/nav2_planner' in the environment variable CMAKE_PREFIX_PATH doesn't exist
[2.270s] WARNING:colcon.colcon_ros.prefix_path.catkin:The path '/home/jetros/ros2_ws/install/nav2_navfn_planner' in the environment variable CMAKE_PREFIX_PATH doesn't exist
[2.271s] WARNING:colcon.colcon_ros.prefix_path.catkin:The path '/home/jetros/ros2_ws/install/nav2_mppi_controller' in the environment variable CMAKE_PREFIX_PATH doesn't exist
[2.271s] WARNING:colcon.colcon_ros.prefix_path.catkin:The path '/home/jetros/ros2_ws/install/nav2_constrained_smoother' in the environment variable CMAKE_PREFIX_PATH doesn't exist
[2.271s] WARNING:colcon.colcon_ros.prefix_path.catkin:The path '/home/jetros/ros2_ws/install/nav2_bt_navigator' in the environment variable CMAKE_PREFIX_PATH doesn't exist
[2.271s] WARNING:colcon.colcon_ros.prefix_path.catkin:The path '/home/jetros/ros2_ws/install/nav2_behaviors' in the environment variable CMAKE_PREFIX_PATH doesn't exist
[2.271s] WARNING:colcon.colcon_ros.prefix_path.catkin:The path '/home/jetros/ros2_ws/install/nav2_core' in the environment variable CMAKE_PREFIX_PATH doesn't exist
[2.271s] WARNING:colcon.colcon_ros.prefix_path.catkin:The path '/home/jetros/ros2_ws/install/nav2_collision_monitor' in the environment variable CMAKE_PREFIX_PATH doesn't exist
[2.271s] WARNING:colcon.colcon_ros.prefix_path.catkin:The path '/home/jetros/ros2_ws/install/costmap_queue' in the environment variable CMAKE_PREFIX_PATH doesn't exist
[2.271s] WARNING:colcon.colcon_ros.prefix_path.catkin:The path '/home/jetros/ros2_ws/install/nav2_costmap_2d' in the environment variable CMAKE_PREFIX_PATH doesn't exist
[2.271s] WARNING:colcon.colcon_ros.prefix_path.catkin:The path '/home/jetros/ros2_ws/install/nav2_voxel_grid' in the environment variable CMAKE_PREFIX_PATH doesn't exist
[2.271s] WARNING:colcon.colcon_ros.prefix_path.catkin:The path '/home/jetros/ros2_ws/install/nav2_velocity_smoother' in the environment variable CMAKE_PREFIX_PATH doesn't exist
[2.271s] WARNING:colcon.colcon_ros.prefix_path.catkin:The path '/home/jetros/ros2_ws/install/nav2_rviz_plugins' in the environment variable CMAKE_PREFIX_PATH doesn't exist
[2.271s] WARNING:colcon.colcon_ros.prefix_path.catkin:The path '/home/jetros/ros2_ws/install/nav2_map_server' in the environment variable CMAKE_PREFIX_PATH doesn't exist
[2.271s] WARNING:colcon.colcon_ros.prefix_path.catkin:The path '/home/jetros/ros2_ws/install/nav2_lifecycle_manager' in the environment variable CMAKE_PREFIX_PATH doesn't exist
[2.272s] WARNING:colcon.colcon_ros.prefix_path.catkin:The path '/home/jetros/ros2_ws/install/nav2_behavior_tree' in the environment variable CMAKE_PREFIX_PATH doesn't exist
[2.272s] WARNING:colcon.colcon_ros.prefix_path.catkin:The path '/home/jetros/ros2_ws/install/nav2_amcl' in the environment variable CMAKE_PREFIX_PATH doesn't exist
[2.272s] WARNING:colcon.colcon_ros.prefix_path.catkin:The path '/home/jetros/ros2_ws/install/nav2_util' in the environment variable CMAKE_PREFIX_PATH doesn't exist
[2.272s] WARNING:colcon.colcon_ros.prefix_path.catkin:The path '/home/jetros/ros2_ws/install/nav2_msgs' in the environment variable CMAKE_PREFIX_PATH doesn't exist
[2.272s] WARNING:colcon.colcon_ros.prefix_path.catkin:The path '/home/jetros/ros2_ws/install/nav2_common' in the environment variable CMAKE_PREFIX_PATH doesn't exist
[2.272s] WARNING:colcon.colcon_ros.prefix_path.catkin:The path '/home/jetros/ros2_ws/install/microxrcedds_client' in the environment variable CMAKE_PREFIX_PATH doesn't exist
[2.272s] WARNING:colcon.colcon_ros.prefix_path.catkin:The path '/home/jetros/ros2_ws/install/microcdr' in the environment variable CMAKE_PREFIX_PATH doesn't exist
[2.272s] WARNING:colcon.colcon_ros.prefix_path.catkin:The path '/home/jetros/ros2_ws/install/micro_ros_utilities' in the environment variable CMAKE_PREFIX_PATH doesn't exist
[2.272s] WARNING:colcon.colcon_ros.prefix_path.catkin:The path '/home/jetros/ros2_ws/install/micro_ros_setup' in the environment variable CMAKE_PREFIX_PATH doesn't exist
[2.273s] WARNING:colcon.colcon_ros.prefix_path.catkin:The path '/home/jetros/ros2_ws/install/micro_ros_agent' in the environment variable CMAKE_PREFIX_PATH doesn't exist
[2.273s] WARNING:colcon.colcon_ros.prefix_path.catkin:The path '/home/jetros/ros2_ws/install/micro_ros_msgs' in the environment variable CMAKE_PREFIX_PATH doesn't exist
[2.273s] WARNING:colcon.colcon_ros.prefix_path.catkin:The path '/home/jetros/ros2_ws/install/mark3_urdf' in the environment variable CMAKE_PREFIX_PATH doesn't exist
[2.273s] WARNING:colcon.colcon_ros.prefix_path.catkin:The path '/home/jetros/ros2_ws/install/ldlidar_stl_ros2' in the environment variable CMAKE_PREFIX_PATH doesn't exist
[2.273s] WARNING:colcon.colcon_ros.prefix_path.catkin:The path '/home/jetros/ros2_ws/install/ldlidar' in the environment variable CMAKE_PREFIX_PATH doesn't exist
[2.273s] WARNING:colcon.colcon_ros.prefix_path.catkin:The path '/home/jetros/ros2_ws/install/laser_merger2' in the environment variable CMAKE_PREFIX_PATH doesn't exist
[2.273s] WARNING:colcon.colcon_ros.prefix_path.catkin:The path '/home/jetros/ros2_ws/install/laser_filters' in the environment variable CMAKE_PREFIX_PATH doesn't exist
[2.273s] WARNING:colcon.colcon_ros.prefix_path.catkin:The path '/home/jetros/ros2_ws/install/jsk_visualization' in the environment variable CMAKE_PREFIX_PATH doesn't exist
[2.273s] WARNING:colcon.colcon_ros.prefix_path.catkin:The path '/home/jetros/ros2_ws/install/jsk_rviz_plugins' in the environment variable CMAKE_PREFIX_PATH doesn't exist
[2.273s] WARNING:colcon.colcon_ros.prefix_path.catkin:The path '/home/jetros/ros2_ws/install/jsk_topic_tools' in the environment variable CMAKE_PREFIX_PATH doesn't exist
[2.273s] WARNING:colcon.colcon_ros.prefix_path.catkin:The path '/home/jetros/ros2_ws/install/jsk_rviz_plugin_msgs' in the environment variable CMAKE_PREFIX_PATH doesn't exist
[2.274s] WARNING:colcon.colcon_ros.prefix_path.catkin:The path '/home/jetros/ros2_ws/install/jsk_recognition_msgs' in the environment variable CMAKE_PREFIX_PATH doesn't exist
[2.274s] WARNING:colcon.colcon_ros.prefix_path.catkin:The path '/home/jetros/ros2_ws/install/jsk_hark_msgs' in the environment variable CMAKE_PREFIX_PATH doesn't exist
[2.274s] WARNING:colcon.colcon_ros.prefix_path.catkin:The path '/home/jetros/ros2_ws/install/jsk_gui_msgs' in the environment variable CMAKE_PREFIX_PATH doesn't exist
[2.274s] WARNING:colcon.colcon_ros.prefix_path.catkin:The path '/home/jetros/ros2_ws/install/jsk_footstep_msgs' in the environment variable CMAKE_PREFIX_PATH doesn't exist
[2.274s] WARNING:colcon.colcon_ros.prefix_path.catkin:The path '/home/jetros/ros2_ws/install/joy_mecanum_controller' in the environment variable CMAKE_PREFIX_PATH doesn't exist
[2.274s] WARNING:colcon.colcon_ros.prefix_path.catkin:The path '/home/jetros/ros2_ws/install/gazebo_ros_pkgs' in the environment variable CMAKE_PREFIX_PATH doesn't exist
[2.274s] WARNING:colcon.colcon_ros.prefix_path.catkin:The path '/home/jetros/ros2_ws/install/gazebo_msgs' in the environment variable CMAKE_PREFIX_PATH doesn't exist
[2.274s] WARNING:colcon.colcon_ros.prefix_path.catkin:The path '/home/jetros/ros2_ws/install/gazebo_dev' in the environment variable CMAKE_PREFIX_PATH doesn't exist
[2.274s] WARNING:colcon.colcon_ros.prefix_path.catkin:The path '/home/jetros/ros2_ws/install/emcl2' in the environment variable CMAKE_PREFIX_PATH doesn't exist
[2.274s] WARNING:colcon.colcon_ros.prefix_path.catkin:The path '/home/jetros/ros2_ws/install/complex_msgs' in the environment variable CMAKE_PREFIX_PATH doesn't exist
[2.274s] WARNING:colcon.colcon_ros.prefix_path.catkin:The path '/home/jetros/ros2_ws/install/cmd_vel_float_changer' in the environment variable CMAKE_PREFIX_PATH doesn't exist
[2.274s] WARNING:colcon.colcon_ros.prefix_path.catkin:The path '/home/jetros/ros2_ws/install/cartographer_rviz' in the environment variable CMAKE_PREFIX_PATH doesn't exist
[2.274s] WARNING:colcon.colcon_ros.prefix_path.catkin:The path '/home/jetros/ros2_ws/install/cartographer_ros' in the environment variable CMAKE_PREFIX_PATH doesn't exist
[2.274s] WARNING:colcon.colcon_ros.prefix_path.catkin:The path '/home/jetros/ros2_ws/install/cartographer_ros_msgs' in the environment variable CMAKE_PREFIX_PATH doesn't exist
[2.275s] WARNING:colcon.colcon_ros.prefix_path.catkin:The path '/home/jetros/ros2_ws/install/bringup' in the environment variable CMAKE_PREFIX_PATH doesn't exist
Starting >>> isaac_ros_stereo_image_proc
[2.465s] ERROR:colcon.colcon_cmake.task.cmake.build:Failed to find the following files:
- /home/jetros/ros2_ws/install/negotiated_interfaces/share/negotiated_interfaces/package.sh
- /home/jetros/ros2_ws/install/isaac_ros_gxf/share/isaac_ros_gxf/package.sh
- /home/jetros/ros2_ws/install/negotiated/share/negotiated/package.sh
- /home/jetros/ros2_ws/install/gxf_isaac_gems/share/gxf_isaac_gems/package.sh
- /home/jetros/ros2_ws/install/gxf_isaac_message_compositor/share/gxf_isaac_message_compositor/package.sh
- /home/jetros/ros2_ws/install/gxf_isaac_optimizer/share/gxf_isaac_optimizer/package.sh
- /home/jetros/ros2_ws/install/gxf_isaac_point_cloud/share/gxf_isaac_point_cloud/package.sh
- /home/jetros/ros2_ws/install/gxf_isaac_ros_messages/share/gxf_isaac_ros_messages/package.sh
- /home/jetros/ros2_ws/install/gxf_isaac_sight/share/gxf_isaac_sight/package.sh
- /home/jetros/ros2_ws/install/gxf_isaac_atlas/share/gxf_isaac_atlas/package.sh
- /home/jetros/ros2_ws/install/gxf_isaac_gxf_helpers/share/gxf_isaac_gxf_helpers/package.sh
- /home/jetros/ros2_ws/install/gxf_isaac_messages/share/gxf_isaac_messages/package.sh
- /home/jetros/ros2_ws/install/gxf_isaac_sgm/share/gxf_isaac_sgm/package.sh
- /home/jetros/ros2_ws/install/gxf_isaac_utils/share/gxf_isaac_utils/package.sh
- /home/jetros/ros2_ws/install/isaac_ros_nitros/share/isaac_ros_nitros/package.sh
- /home/jetros/ros2_ws/install/isaac_ros_nitros_camera_info_type/share/isaac_ros_nitros_camera_info_type/package.sh
- /home/jetros/ros2_ws/install/isaac_ros_nitros_disparity_image_type/share/isaac_ros_nitros_disparity_image_type/package.sh
- /home/jetros/ros2_ws/install/isaac_ros_nitros_image_type/share/isaac_ros_nitros_image_type/package.sh
- /home/jetros/ros2_ws/install/isaac_ros_nitros_point_cloud_type/share/isaac_ros_nitros_point_cloud_type/package.sh
Check that the following packages have been built:
- negotiated_interfaces
- isaac_ros_gxf
- negotiated
- gxf_isaac_gems
- gxf_isaac_message_compositor
- gxf_isaac_optimizer
- gxf_isaac_point_cloud
- gxf_isaac_ros_messages
- gxf_isaac_sight
- gxf_isaac_atlas
- gxf_isaac_gxf_helpers
- gxf_isaac_messages
- gxf_isaac_sgm
- gxf_isaac_utils
- isaac_ros_nitros
- isaac_ros_nitros_camera_info_type
- isaac_ros_nitros_disparity_image_type
- isaac_ros_nitros_image_type
- isaac_ros_nitros_point_cloud_type
Failed   <<< isaac_ros_stereo_image_proc [0.02s, exited with code 1]

Summary: 0 packages finished [2.27s]
  1 package failed: isaac_ros_stereo_image_proc
  3 packages not processed
[0;32m[INFO][0m Stage 5: Building Isaac ROS DNN Inference GXF extensions...
[2.340s] WARNING:colcon.colcon_ros.prefix_path.ament:The path '/home/jetros/ros2_ws/install/zed_ros2' in the environment variable AMENT_PREFIX_PATH doesn't exist
[2.341s] WARNING:colcon.colcon_ros.prefix_path.ament:The path '/home/jetros/ros2_ws/install/zed_robot_integration' in the environment variable AMENT_PREFIX_PATH doesn't exist
[2.341s] WARNING:colcon.colcon_ros.prefix_path.ament:The path '/home/jetros/ros2_ws/install/zed_ipc' in the environment variable AMENT_PREFIX_PATH doesn't exist
[2.341s] WARNING:colcon.colcon_ros.prefix_path.ament:The path '/home/jetros/ros2_ws/install/zed_multi_camera' in the environment variable AMENT_PREFIX_PATH doesn't exist
[2.341s] WARNING:colcon.colcon_ros.prefix_path.ament:The path '/home/jetros/ros2_ws/install/zed_display_rviz2' in the environment variable AMENT_PREFIX_PATH doesn't exist
[2.341s] WARNING:colcon.colcon_ros.prefix_path.ament:The path '/home/jetros/ros2_ws/install/zed_depth_to_laserscan' in the environment variable AMENT_PREFIX_PATH doesn't exist
[2.341s] WARNING:colcon.colcon_ros.prefix_path.ament:The path '/home/jetros/ros2_ws/install/zed_wrapper' in the environment variable AMENT_PREFIX_PATH doesn't exist
[2.341s] WARNING:colcon.colcon_ros.prefix_path.ament:The path '/home/jetros/ros2_ws/install/zed_tutorial_video' in the environment variable AMENT_PREFIX_PATH doesn't exist
[2.342s] WARNING:colcon.colcon_ros.prefix_path.ament:The path '/home/jetros/ros2_ws/install/zed_tutorial_pos_tracking' in the environment variable AMENT_PREFIX_PATH doesn't exist
[2.342s] WARNING:colcon.colcon_ros.prefix_path.ament:The path '/home/jetros/ros2_ws/install/zed_tutorial_depth' in the environment variable AMENT_PREFIX_PATH doesn't exist
[2.342s] WARNING:colcon.colcon_ros.prefix_path.ament:The path '/home/jetros/ros2_ws/install/zed_topic_benchmark' in the environment variable AMENT_PREFIX_PATH doesn't exist
[2.342s] WARNING:colcon.colcon_ros.prefix_path.ament:The path '/home/jetros/ros2_ws/install/zed_topic_benchmark_component' in the environment variable AMENT_PREFIX_PATH doesn't exist
[2.342s] WARNING:colcon.colcon_ros.prefix_path.ament:The path '/home/jetros/ros2_ws/install/zed_topic_benchmark_interfaces' in the environment variable AMENT_PREFIX_PATH doesn't exist
[2.342s] WARNING:colcon.colcon_ros.prefix_path.ament:The path '/home/jetros/ros2_ws/install/zed_rgb_convert' in the environment variable AMENT_PREFIX_PATH doesn't exist
[2.342s] WARNING:colcon.colcon_ros.prefix_path.ament:The path '/home/jetros/ros2_ws/install/zed_odom_watcher' in the environment variable AMENT_PREFIX_PATH doesn't exist
[2.342s] WARNING:colcon.colcon_ros.prefix_path.ament:The path '/home/jetros/ros2_ws/install/zed_human_tracker' in the environment variable AMENT_PREFIX_PATH doesn't exist
[2.343s] WARNING:colcon.colcon_ros.prefix_path.ament:The path '/home/jetros/ros2_ws/install/zed_aruco_localization' in the environment variable AMENT_PREFIX_PATH doesn't exist
[2.343s] WARNING:colcon.colcon_ros.prefix_path.ament:The path '/home/jetros/ros2_ws/install/zed_components' in the environment variable AMENT_PREFIX_PATH doesn't exist
[2.343s] WARNING:colcon.colcon_ros.prefix_path.ament:The path '/home/jetros/ros2_ws/install/rviz_plugin_zed_od' in the environment variable AMENT_PREFIX_PATH doesn't exist
[2.343s] WARNING:colcon.colcon_ros.prefix_path.ament:The path '/home/jetros/ros2_ws/install/zed_msgs' in the environment variable AMENT_PREFIX_PATH doesn't exist
[2.343s] WARNING:colcon.colcon_ros.prefix_path.ament:The path '/home/jetros/ros2_ws/install/zed_imu_republisher' in the environment variable AMENT_PREFIX_PATH doesn't exist
[2.343s] WARNING:colcon.colcon_ros.prefix_path.ament:The path '/home/jetros/ros2_ws/install/zed_goal_publisher' in the environment variable AMENT_PREFIX_PATH doesn't exist
[2.343s] WARNING:colcon.colcon_ros.prefix_path.ament:The path '/home/jetros/ros2_ws/install/voicevox_ros2' in the environment variable AMENT_PREFIX_PATH doesn't exist
[2.343s] WARNING:colcon.colcon_ros.prefix_path.ament:The path '/home/jetros/ros2_ws/install/voicevox_ros2_msgs' in the environment variable AMENT_PREFIX_PATH doesn't exist
[2.343s] WARNING:colcon.colcon_ros.prefix_path.ament:The path '/home/jetros/ros2_ws/install/orange_slam' in the environment variable AMENT_PREFIX_PATH doesn't exist
[2.344s] WARNING:colcon.colcon_ros.prefix_path.ament:The path '/home/jetros/ros2_ws/install/orange_navigation' in the environment variable AMENT_PREFIX_PATH doesn't exist
[2.344s] WARNING:colcon.colcon_ros.prefix_path.ament:The path '/home/jetros/ros2_ws/install/orange_bringup' in the environment variable AMENT_PREFIX_PATH doesn't exist
[2.344s] WARNING:colcon.colcon_ros.prefix_path.ament:The path '/home/jetros/ros2_ws/install/velodyne' in the environment variable AMENT_PREFIX_PATH doesn't exist
[2.344s] WARNING:colcon.colcon_ros.prefix_path.ament:The path '/home/jetros/ros2_ws/install/velodyne_pointcloud' in the environment variable AMENT_PREFIX_PATH doesn't exist
[2.344s] WARNING:colcon.colcon_ros.prefix_path.ament:The path '/home/jetros/ros2_ws/install/velodyne_driver' in the environment variable AMENT_PREFIX_PATH doesn't exist
[2.344s] WARNING:colcon.colcon_ros.prefix_path.ament:The path '/home/jetros/ros2_ws/install/velodyne_msgs' in the environment variable AMENT_PREFIX_PATH doesn't exist
[2.344s] WARNING:colcon.colcon_ros.prefix_path.ament:The path '/home/jetros/ros2_ws/install/velodyne_laserscan' in the environment variable AMENT_PREFIX_PATH doesn't exist
[2.344s] WARNING:colcon.colcon_ros.prefix_path.ament:The path '/home/jetros/ros2_ws/install/speech_recognition_msgs' in the environment variable AMENT_PREFIX_PATH doesn't exist
[2.345s] WARNING:colcon.colcon_ros.prefix_path.ament:The path '/home/jetros/ros2_ws/install/sllidar_ros2' in the environment variable AMENT_PREFIX_PATH doesn't exist
[2.345s] WARNING:colcon.colcon_ros.prefix_path.ament:The path '/home/jetros/ros2_ws/install/nav2_system_tests' in the environment variable AMENT_PREFIX_PATH doesn't exist
[2.345s] WARNING:colcon.colcon_ros.prefix_path.ament:The path '/home/jetros/ros2_ws/install/nav2_bringup' in the environment variable AMENT_PREFIX_PATH doesn't exist
[2.345s] WARNING:colcon.colcon_ros.prefix_path.ament:The path '/home/jetros/ros2_ws/install/slam_toolbox' in the environment variable AMENT_PREFIX_PATH doesn't exist
[2.345s] WARNING:colcon.colcon_ros.prefix_path.ament:The path '/home/jetros/ros2_ws/install/slam_gmapping' in the environment variable AMENT_PREFIX_PATH doesn't exist
[2.345s] WARNING:colcon.colcon_ros.prefix_path.ament:The path '/home/jetros/ros2_ws/install/safety_sensor' in the environment variable AMENT_PREFIX_PATH doesn't exist
[2.345s] WARNING:colcon.colcon_ros.prefix_path.ament:The path '/home/jetros/ros2_ws/install/rosidl_typesupport_microxrcedds_test_msg' in the environment variable AMENT_PREFIX_PATH doesn't exist
[2.345s] WARNING:colcon.colcon_ros.prefix_path.ament:The path '/home/jetros/ros2_ws/install/rosidl_typesupport_microxrcedds_cpp_tests' in the environment variable AMENT_PREFIX_PATH doesn't exist
[2.346s] WARNING:colcon.colcon_ros.prefix_path.ament:The path '/home/jetros/ros2_ws/install/micro_ros_demos_rclc' in the environment variable AMENT_PREFIX_PATH doesn't exist
[2.346s] WARNING:colcon.colcon_ros.prefix_path.ament:The path '/home/jetros/ros2_ws/install/rmw_microxrcedds' in the environment variable AMENT_PREFIX_PATH doesn't exist
[2.346s] WARNING:colcon.colcon_ros.prefix_path.ament:The path '/home/jetros/ros2_ws/install/rosidl_typesupport_microxrcedds_cpp' in the environment variable AMENT_PREFIX_PATH doesn't exist
[2.346s] WARNING:colcon.colcon_ros.prefix_path.ament:The path '/home/jetros/ros2_ws/install/rosidl_typesupport_microxrcedds_c_tests' in the environment variable AMENT_PREFIX_PATH doesn't exist
[2.346s] WARNING:colcon.colcon_ros.prefix_path.ament:The path '/home/jetros/ros2_ws/install/rosidl_typesupport_microxrcedds_c' in the environment variable AMENT_PREFIX_PATH doesn't exist
[2.346s] WARNING:colcon.colcon_ros.prefix_path.ament:The path '/home/jetros/ros2_ws/install/ros2_rs_pcl' in the environment variable AMENT_PREFIX_PATH doesn't exist
[2.346s] WARNING:colcon.colcon_ros.prefix_path.ament:The path '/home/jetros/ros2_ws/install/ros2_laser_scan_merger' in the environment variable AMENT_PREFIX_PATH doesn't exist
[2.346s] WARNING:colcon.colcon_ros.prefix_path.ament:The path '/home/jetros/ros2_ws/install/rf2o_laser_odometry' in the environment variable AMENT_PREFIX_PATH doesn't exist
[2.346s] WARNING:colcon.colcon_ros.prefix_path.ament:The path '/home/jetros/ros2_ws/install/rclc_examples' in the environment variable AMENT_PREFIX_PATH doesn't exist
[2.347s] WARNING:colcon.colcon_ros.prefix_path.ament:The path '/home/jetros/ros2_ws/install/rclc_parameter' in the environment variable AMENT_PREFIX_PATH doesn't exist
[2.347s] WARNING:colcon.colcon_ros.prefix_path.ament:The path '/home/jetros/ros2_ws/install/rclc_lifecycle' in the environment variable AMENT_PREFIX_PATH doesn't exist
[2.347s] WARNING:colcon.colcon_ros.prefix_path.ament:The path '/home/jetros/ros2_ws/install/rclc' in the environment variable AMENT_PREFIX_PATH doesn't exist
[2.347s] WARNING:colcon.colcon_ros.prefix_path.ament:The path '/home/jetros/ros2_ws/install/posedetection_msgs' in the environment variable AMENT_PREFIX_PATH doesn't exist
[2.347s] WARNING:colcon.colcon_ros.prefix_path.ament:The path '/home/jetros/ros2_ws/install/orange_gazebo' in the environment variable AMENT_PREFIX_PATH doesn't exist
[2.347s] WARNING:colcon.colcon_ros.prefix_path.ament:The path '/home/jetros/ros2_ws/install/orange_description' in the environment variable AMENT_PREFIX_PATH doesn't exist
[2.347s] WARNING:colcon.colcon_ros.prefix_path.ament:The path '/home/jetros/ros2_ws/install/orange_sensor_tools' in the environment variable AMENT_PREFIX_PATH doesn't exist
[2.347s] WARNING:colcon.colcon_ros.prefix_path.ament:The path '/home/jetros/ros2_ws/install/pointcloud_to_laserscan' in the environment variable AMENT_PREFIX_PATH doesn't exist
[2.347s] WARNING:colcon.colcon_ros.prefix_path.ament:The path '/home/jetros/ros2_ws/install/orange_teleop' in the environment variable AMENT_PREFIX_PATH doesn't exist
[2.347s] WARNING:colcon.colcon_ros.prefix_path.ament:The path '/home/jetros/ros2_ws/install/openslam_gmapping' in the environment variable AMENT_PREFIX_PATH doesn't exist
[2.347s] WARNING:colcon.colcon_ros.prefix_path.ament:The path '/home/jetros/ros2_ws/install/odom_publisher' in the environment variable AMENT_PREFIX_PATH doesn't exist
[2.347s] WARNING:colcon.colcon_ros.prefix_path.ament:The path '/home/jetros/ros2_ws/install/navigation2' in the environment variable AMENT_PREFIX_PATH doesn't exist
[2.348s] WARNING:colcon.colcon_ros.prefix_path.ament:The path '/home/jetros/ros2_ws/install/nav2_smoother' in the environment variable AMENT_PREFIX_PATH doesn't exist
[2.348s] WARNING:colcon.colcon_ros.prefix_path.ament:The path '/home/jetros/ros2_ws/install/nav2_rotation_shim_controller' in the environment variable AMENT_PREFIX_PATH doesn't exist
[2.348s] WARNING:colcon.colcon_ros.prefix_path.ament:The path '/home/jetros/ros2_ws/install/nav2_graceful_controller' in the environment variable AMENT_PREFIX_PATH doesn't exist
[2.348s] WARNING:colcon.colcon_ros.prefix_path.ament:The path '/home/jetros/ros2_ws/install/nav2_dwb_controller' in the environment variable AMENT_PREFIX_PATH doesn't exist
[2.348s] WARNING:colcon.colcon_ros.prefix_path.ament:The path '/home/jetros/ros2_ws/install/nav2_controller' in the environment variable AMENT_PREFIX_PATH doesn't exist
[2.348s] WARNING:colcon.colcon_ros.prefix_path.ament:The path '/home/jetros/ros2_ws/install/dwb_plugins' in the environment variable AMENT_PREFIX_PATH doesn't exist
[2.348s] WARNING:colcon.colcon_ros.prefix_path.ament:The path '/home/jetros/ros2_ws/install/dwb_critics' in the environment variable AMENT_PREFIX_PATH doesn't exist
[2.348s] WARNING:colcon.colcon_ros.prefix_path.ament:The path '/home/jetros/ros2_ws/install/dwb_core' in the environment variable AMENT_PREFIX_PATH doesn't exist
[2.348s] WARNING:colcon.colcon_ros.prefix_path.ament:The path '/home/jetros/ros2_ws/install/nav_2d_utils' in the environment variable AMENT_PREFIX_PATH doesn't exist
[2.348s] WARNING:colcon.colcon_ros.prefix_path.ament:The path '/home/jetros/ros2_ws/install/dwb_msgs' in the environment variable AMENT_PREFIX_PATH doesn't exist
[2.348s] WARNING:colcon.colcon_ros.prefix_path.ament:The path '/home/jetros/ros2_ws/install/nav_2d_msgs' in the environment variable AMENT_PREFIX_PATH doesn't exist
[2.348s] WARNING:colcon.colcon_ros.prefix_path.ament:The path '/home/jetros/ros2_ws/install/nav2_waypoint_follower' in the environment variable AMENT_PREFIX_PATH doesn't exist
[2.348s] WARNING:colcon.colcon_ros.prefix_path.ament:The path '/home/jetros/ros2_ws/install/nav2_theta_star_planner' in the environment variable AMENT_PREFIX_PATH doesn't exist
[2.348s] WARNING:colcon.colcon_ros.prefix_path.ament:The path '/home/jetros/ros2_ws/install/nav2_smac_planner' in the environment variable AMENT_PREFIX_PATH doesn't exist
[2.348s] WARNING:colcon.colcon_ros.prefix_path.ament:The path '/home/jetros/ros2_ws/install/nav2_route' in the environment variable AMENT_PREFIX_PATH doesn't exist
[2.349s] WARNING:colcon.colcon_ros.prefix_path.ament:The path '/home/jetros/ros2_ws/install/nav2_regulated_pure_pursuit_controller' in the environment variable AMENT_PREFIX_PATH doesn't exist
[2.349s] WARNING:colcon.colcon_ros.prefix_path.ament:The path '/home/jetros/ros2_ws/install/nav2_planner' in the environment variable AMENT_PREFIX_PATH doesn't exist
[2.349s] WARNING:colcon.colcon_ros.prefix_path.ament:The path '/home/jetros/ros2_ws/install/nav2_navfn_planner' in the environment variable AMENT_PREFIX_PATH doesn't exist
[2.349s] WARNING:colcon.colcon_ros.prefix_path.ament:The path '/home/jetros/ros2_ws/install/nav2_mppi_controller' in the environment variable AMENT_PREFIX_PATH doesn't exist
[2.349s] WARNING:colcon.colcon_ros.prefix_path.ament:The path '/home/jetros/ros2_ws/install/nav2_constrained_smoother' in the environment variable AMENT_PREFIX_PATH doesn't exist
[2.349s] WARNING:colcon.colcon_ros.prefix_path.ament:The path '/home/jetros/ros2_ws/install/nav2_bt_navigator' in the environment variable AMENT_PREFIX_PATH doesn't exist
[2.349s] WARNING:colcon.colcon_ros.prefix_path.ament:The path '/home/jetros/ros2_ws/install/nav2_behaviors' in the environment variable AMENT_PREFIX_PATH doesn't exist
[2.349s] WARNING:colcon.colcon_ros.prefix_path.ament:The path '/home/jetros/ros2_ws/install/nav2_core' in the environment variable AMENT_PREFIX_PATH doesn't exist
[2.349s] WARNING:colcon.colcon_ros.prefix_path.ament:The path '/home/jetros/ros2_ws/install/nav2_collision_monitor' in the environment variable AMENT_PREFIX_PATH doesn't exist
[2.349s] WARNING:colcon.colcon_ros.prefix_path.ament:The path '/home/jetros/ros2_ws/install/costmap_queue' in the environment variable AMENT_PREFIX_PATH doesn't exist
[2.349s] WARNING:colcon.colcon_ros.prefix_path.ament:The path '/home/jetros/ros2_ws/install/nav2_costmap_2d' in the environment variable AMENT_PREFIX_PATH doesn't exist
[2.349s] WARNING:colcon.colcon_ros.prefix_path.ament:The path '/home/jetros/ros2_ws/install/nav2_voxel_grid' in the environment variable AMENT_PREFIX_PATH doesn't exist
[2.350s] WARNING:colcon.colcon_ros.prefix_path.ament:The path '/home/jetros/ros2_ws/install/nav2_velocity_smoother' in the environment variable AMENT_PREFIX_PATH doesn't exist
[2.350s] WARNING:colcon.colcon_ros.prefix_path.ament:The path '/home/jetros/ros2_ws/install/nav2_rviz_plugins' in the environment variable AMENT_PREFIX_PATH doesn't exist
[2.350s] WARNING:colcon.colcon_ros.prefix_path.ament:The path '/home/jetros/ros2_ws/install/nav2_map_server' in the environment variable AMENT_PREFIX_PATH doesn't exist
[2.350s] WARNING:colcon.colcon_ros.prefix_path.ament:The path '/home/jetros/ros2_ws/install/nav2_lifecycle_manager' in the environment variable AMENT_PREFIX_PATH doesn't exist
[2.350s] WARNING:colcon.colcon_ros.prefix_path.ament:The path '/home/jetros/ros2_ws/install/nav2_behavior_tree' in the environment variable AMENT_PREFIX_PATH doesn't exist
[2.350s] WARNING:colcon.colcon_ros.prefix_path.ament:The path '/home/jetros/ros2_ws/install/nav2_amcl' in the environment variable AMENT_PREFIX_PATH doesn't exist
[2.350s] WARNING:colcon.colcon_ros.prefix_path.ament:The path '/home/jetros/ros2_ws/install/nav2_util' in the environment variable AMENT_PREFIX_PATH doesn't exist
[2.350s] WARNING:colcon.colcon_ros.prefix_path.ament:The path '/home/jetros/ros2_ws/install/nav2_simple_commander' in the environment variable AMENT_PREFIX_PATH doesn't exist
[2.350s] WARNING:colcon.colcon_ros.prefix_path.ament:The path '/home/jetros/ros2_ws/install/nav2_msgs' in the environment variable AMENT_PREFIX_PATH doesn't exist
[2.350s] WARNING:colcon.colcon_ros.prefix_path.ament:The path '/home/jetros/ros2_ws/install/nav2_common' in the environment variable AMENT_PREFIX_PATH doesn't exist
[2.350s] WARNING:colcon.colcon_ros.prefix_path.ament:The path '/home/jetros/ros2_ws/install/micro_ros_utilities' in the environment variable AMENT_PREFIX_PATH doesn't exist
[2.351s] WARNING:colcon.colcon_ros.prefix_path.ament:The path '/home/jetros/ros2_ws/install/micro_ros_setup' in the environment variable AMENT_PREFIX_PATH doesn't exist
[2.351s] WARNING:colcon.colcon_ros.prefix_path.ament:The path '/home/jetros/ros2_ws/install/micro_ros_agent' in the environment variable AMENT_PREFIX_PATH doesn't exist
[2.351s] WARNING:colcon.colcon_ros.prefix_path.ament:The path '/home/jetros/ros2_ws/install/micro_ros_msgs' in the environment variable AMENT_PREFIX_PATH doesn't exist
[2.351s] WARNING:colcon.colcon_ros.prefix_path.ament:The path '/home/jetros/ros2_ws/install/mark3_urdf' in the environment variable AMENT_PREFIX_PATH doesn't exist
[2.351s] WARNING:colcon.colcon_ros.prefix_path.ament:The path '/home/jetros/ros2_ws/install/ldlidar_stl_ros2' in the environment variable AMENT_PREFIX_PATH doesn't exist
[2.351s] WARNING:colcon.colcon_ros.prefix_path.ament:The path '/home/jetros/ros2_ws/install/ldlidar' in the environment variable AMENT_PREFIX_PATH doesn't exist
[2.351s] WARNING:colcon.colcon_ros.prefix_path.ament:The path '/home/jetros/ros2_ws/install/laser_merger2' in the environment variable AMENT_PREFIX_PATH doesn't exist
[2.351s] WARNING:colcon.colcon_ros.prefix_path.ament:The path '/home/jetros/ros2_ws/install/laser_filters' in the environment variable AMENT_PREFIX_PATH doesn't exist
[2.351s] WARNING:colcon.colcon_ros.prefix_path.ament:The path '/home/jetros/ros2_ws/install/jsk_visualization' in the environment variable AMENT_PREFIX_PATH doesn't exist
[2.351s] WARNING:colcon.colcon_ros.prefix_path.ament:The path '/home/jetros/ros2_ws/install/jsk_rviz_plugins' in the environment variable AMENT_PREFIX_PATH doesn't exist
[2.351s] WARNING:colcon.colcon_ros.prefix_path.ament:The path '/home/jetros/ros2_ws/install/jsk_topic_tools' in the environment variable AMENT_PREFIX_PATH doesn't exist
[2.352s] WARNING:colcon.colcon_ros.prefix_path.ament:The path '/home/jetros/ros2_ws/install/jsk_rviz_plugin_msgs' in the environment variable AMENT_PREFIX_PATH doesn't exist
[2.352s] WARNING:colcon.colcon_ros.prefix_path.ament:The path '/home/jetros/ros2_ws/install/jsk_recognition_msgs' in the environment variable AMENT_PREFIX_PATH doesn't exist
[2.352s] WARNING:colcon.colcon_ros.prefix_path.ament:The path '/home/jetros/ros2_ws/install/jsk_hark_msgs' in the environment variable AMENT_PREFIX_PATH doesn't exist
[2.352s] WARNING:colcon.colcon_ros.prefix_path.ament:The path '/home/jetros/ros2_ws/install/jsk_gui_msgs' in the environment variable AMENT_PREFIX_PATH doesn't exist
[2.352s] WARNING:colcon.colcon_ros.prefix_path.ament:The path '/home/jetros/ros2_ws/install/jsk_footstep_msgs' in the environment variable AMENT_PREFIX_PATH doesn't exist
[2.352s] WARNING:colcon.colcon_ros.prefix_path.ament:The path '/home/jetros/ros2_ws/install/joy_mecanum_controller' in the environment variable AMENT_PREFIX_PATH doesn't exist
[2.352s] WARNING:colcon.colcon_ros.prefix_path.ament:The path '/home/jetros/ros2_ws/install/gazebo_ros_pkgs' in the environment variable AMENT_PREFIX_PATH doesn't exist
[2.352s] WARNING:colcon.colcon_ros.prefix_path.ament:The path '/home/jetros/ros2_ws/install/gazebo_msgs' in the environment variable AMENT_PREFIX_PATH doesn't exist
[2.352s] WARNING:colcon.colcon_ros.prefix_path.ament:The path '/home/jetros/ros2_ws/install/gazebo_dev' in the environment variable AMENT_PREFIX_PATH doesn't exist
[2.353s] WARNING:colcon.colcon_ros.prefix_path.ament:The path '/home/jetros/ros2_ws/install/emcl2' in the environment variable AMENT_PREFIX_PATH doesn't exist
[2.353s] WARNING:colcon.colcon_ros.prefix_path.ament:The path '/home/jetros/ros2_ws/install/complex_msgs' in the environment variable AMENT_PREFIX_PATH doesn't exist
[2.353s] WARNING:colcon.colcon_ros.prefix_path.ament:The path '/home/jetros/ros2_ws/install/cmd_vel_float_changer' in the environment variable AMENT_PREFIX_PATH doesn't exist
[2.353s] WARNING:colcon.colcon_ros.prefix_path.ament:The path '/home/jetros/ros2_ws/install/cartographer_rviz' in the environment variable AMENT_PREFIX_PATH doesn't exist
[2.353s] WARNING:colcon.colcon_ros.prefix_path.ament:The path '/home/jetros/ros2_ws/install/cartographer_ros' in the environment variable AMENT_PREFIX_PATH doesn't exist
[2.353s] WARNING:colcon.colcon_ros.prefix_path.ament:The path '/home/jetros/ros2_ws/install/cartographer_ros_msgs' in the environment variable AMENT_PREFIX_PATH doesn't exist
[2.353s] WARNING:colcon.colcon_ros.prefix_path.ament:The path '/home/jetros/ros2_ws/install/bringup' in the environment variable AMENT_PREFIX_PATH doesn't exist
[2.353s] WARNING:colcon.colcon_ros.prefix_path.catkin:The path '/home/jetros/ros2_ws/install/zed_ros2' in the environment variable CMAKE_PREFIX_PATH doesn't exist
[2.353s] WARNING:colcon.colcon_ros.prefix_path.catkin:The path '/home/jetros/ros2_ws/install/zed_robot_integration' in the environment variable CMAKE_PREFIX_PATH doesn't exist
[2.354s] WARNING:colcon.colcon_ros.prefix_path.catkin:The path '/home/jetros/ros2_ws/install/zed_ipc' in the environment variable CMAKE_PREFIX_PATH doesn't exist
[2.354s] WARNING:colcon.colcon_ros.prefix_path.catkin:The path '/home/jetros/ros2_ws/install/zed_multi_camera' in the environment variable CMAKE_PREFIX_PATH doesn't exist
[2.354s] WARNING:colcon.colcon_ros.prefix_path.catkin:The path '/home/jetros/ros2_ws/install/zed_display_rviz2' in the environment variable CMAKE_PREFIX_PATH doesn't exist
[2.354s] WARNING:colcon.colcon_ros.prefix_path.catkin:The path '/home/jetros/ros2_ws/install/zed_depth_to_laserscan' in the environment variable CMAKE_PREFIX_PATH doesn't exist
[2.354s] WARNING:colcon.colcon_ros.prefix_path.catkin:The path '/home/jetros/ros2_ws/install/zed_wrapper' in the environment variable CMAKE_PREFIX_PATH doesn't exist
[2.354s] WARNING:colcon.colcon_ros.prefix_path.catkin:The path '/home/jetros/ros2_ws/install/zed_tutorial_video' in the environment variable CMAKE_PREFIX_PATH doesn't exist
[2.354s] WARNING:colcon.colcon_ros.prefix_path.catkin:The path '/home/jetros/ros2_ws/install/zed_tutorial_pos_tracking' in the environment variable CMAKE_PREFIX_PATH doesn't exist
[2.354s] WARNING:colcon.colcon_ros.prefix_path.catkin:The path '/home/jetros/ros2_ws/install/zed_tutorial_depth' in the environment variable CMAKE_PREFIX_PATH doesn't exist
[2.355s] WARNING:colcon.colcon_ros.prefix_path.catkin:The path '/home/jetros/ros2_ws/install/zed_topic_benchmark' in the environment variable CMAKE_PREFIX_PATH doesn't exist
[2.355s] WARNING:colcon.colcon_ros.prefix_path.catkin:The path '/home/jetros/ros2_ws/install/zed_topic_benchmark_component' in the environment variable CMAKE_PREFIX_PATH doesn't exist
[2.355s] WARNING:colcon.colcon_ros.prefix_path.catkin:The path '/home/jetros/ros2_ws/install/zed_topic_benchmark_interfaces' in the environment variable CMAKE_PREFIX_PATH doesn't exist
[2.355s] WARNING:colcon.colcon_ros.prefix_path.catkin:The path '/home/jetros/ros2_ws/install/zed_rgb_convert' in the environment variable CMAKE_PREFIX_PATH doesn't exist
[2.355s] WARNING:colcon.colcon_ros.prefix_path.catkin:The path '/home/jetros/ros2_ws/install/zed_odom_watcher' in the environment variable CMAKE_PREFIX_PATH doesn't exist
[2.355s] WARNING:colcon.colcon_ros.prefix_path.catkin:The path '/home/jetros/ros2_ws/install/zed_human_tracker' in the environment variable CMAKE_PREFIX_PATH doesn't exist
[2.355s] WARNING:colcon.colcon_ros.prefix_path.catkin:The path '/home/jetros/ros2_ws/install/zed_aruco_localization' in the environment variable CMAKE_PREFIX_PATH doesn't exist
[2.355s] WARNING:colcon.colcon_ros.prefix_path.catkin:The path '/home/jetros/ros2_ws/install/zed_components' in the environment variable CMAKE_PREFIX_PATH doesn't exist
[2.356s] WARNING:colcon.colcon_ros.prefix_path.catkin:The path '/home/jetros/ros2_ws/install/rviz_plugin_zed_od' in the environment variable CMAKE_PREFIX_PATH doesn't exist
[2.356s] WARNING:colcon.colcon_ros.prefix_path.catkin:The path '/home/jetros/ros2_ws/install/zed_msgs' in the environment variable CMAKE_PREFIX_PATH doesn't exist
[2.356s] WARNING:colcon.colcon_ros.prefix_path.catkin:The path '/home/jetros/ros2_ws/install/zed_imu_republisher' in the environment variable CMAKE_PREFIX_PATH doesn't exist
[2.356s] WARNING:colcon.colcon_ros.prefix_path.catkin:The path '/home/jetros/ros2_ws/install/zed_goal_publisher' in the environment variable CMAKE_PREFIX_PATH doesn't exist
[2.356s] WARNING:colcon.colcon_ros.prefix_path.catkin:The path '/home/jetros/ros2_ws/install/voicevox_ros2_msgs' in the environment variable CMAKE_PREFIX_PATH doesn't exist
[2.356s] WARNING:colcon.colcon_ros.prefix_path.catkin:The path '/home/jetros/ros2_ws/install/orange_slam' in the environment variable CMAKE_PREFIX_PATH doesn't exist
[2.356s] WARNING:colcon.colcon_ros.prefix_path.catkin:The path '/home/jetros/ros2_ws/install/orange_navigation' in the environment variable CMAKE_PREFIX_PATH doesn't exist
[2.356s] WARNING:colcon.colcon_ros.prefix_path.catkin:The path '/home/jetros/ros2_ws/install/velodyne' in the environment variable CMAKE_PREFIX_PATH doesn't exist
[2.357s] WARNING:colcon.colcon_ros.prefix_path.catkin:The path '/home/jetros/ros2_ws/install/velodyne_pointcloud' in the environment variable CMAKE_PREFIX_PATH doesn't exist
[2.357s] WARNING:colcon.colcon_ros.prefix_path.catkin:The path '/home/jetros/ros2_ws/install/velodyne_driver' in the environment variable CMAKE_PREFIX_PATH doesn't exist
[2.357s] WARNING:colcon.colcon_ros.prefix_path.catkin:The path '/home/jetros/ros2_ws/install/velodyne_msgs' in the environment variable CMAKE_PREFIX_PATH doesn't exist
[2.357s] WARNING:colcon.colcon_ros.prefix_path.catkin:The path '/home/jetros/ros2_ws/install/velodyne_laserscan' in the environment variable CMAKE_PREFIX_PATH doesn't exist
[2.357s] WARNING:colcon.colcon_ros.prefix_path.catkin:The path '/home/jetros/ros2_ws/install/speech_recognition_msgs' in the environment variable CMAKE_PREFIX_PATH doesn't exist
[2.357s] WARNING:colcon.colcon_ros.prefix_path.catkin:The path '/home/jetros/ros2_ws/install/sllidar_ros2' in the environment variable CMAKE_PREFIX_PATH doesn't exist
[2.357s] WARNING:colcon.colcon_ros.prefix_path.catkin:The path '/home/jetros/ros2_ws/install/nav2_system_tests' in the environment variable CMAKE_PREFIX_PATH doesn't exist
[2.357s] WARNING:colcon.colcon_ros.prefix_path.catkin:The path '/home/jetros/ros2_ws/install/nav2_bringup' in the environment variable CMAKE_PREFIX_PATH doesn't exist
[2.357s] WARNING:colcon.colcon_ros.prefix_path.catkin:The path '/home/jetros/ros2_ws/install/slam_toolbox' in the environment variable CMAKE_PREFIX_PATH doesn't exist
[2.358s] WARNING:colcon.colcon_ros.prefix_path.catkin:The path '/home/jetros/ros2_ws/install/slam_gmapping' in the environment variable CMAKE_PREFIX_PATH doesn't exist
[2.358s] WARNING:colcon.colcon_ros.prefix_path.catkin:The path '/home/jetros/ros2_ws/install/safety_sensor' in the environment variable CMAKE_PREFIX_PATH doesn't exist
[2.358s] WARNING:colcon.colcon_ros.prefix_path.catkin:The path '/home/jetros/ros2_ws/install/rosidl_typesupport_microxrcedds_test_msg' in the environment variable CMAKE_PREFIX_PATH doesn't exist
[2.358s] WARNING:colcon.colcon_ros.prefix_path.catkin:The path '/home/jetros/ros2_ws/install/rosidl_typesupport_microxrcedds_cpp_tests' in the environment variable CMAKE_PREFIX_PATH doesn't exist
[2.358s] WARNING:colcon.colcon_ros.prefix_path.catkin:The path '/home/jetros/ros2_ws/install/micro_ros_demos_rclc' in the environment variable CMAKE_PREFIX_PATH doesn't exist
[2.358s] WARNING:colcon.colcon_ros.prefix_path.catkin:The path '/home/jetros/ros2_ws/install/rmw_microxrcedds' in the environment variable CMAKE_PREFIX_PATH doesn't exist
[2.358s] WARNING:colcon.colcon_ros.prefix_path.catkin:The path '/home/jetros/ros2_ws/install/rosidl_typesupport_microxrcedds_cpp' in the environment variable CMAKE_PREFIX_PATH doesn't exist
[2.358s] WARNING:colcon.colcon_ros.prefix_path.catkin:The path '/home/jetros/ros2_ws/install/rosidl_typesupport_microxrcedds_c_tests' in the environment variable CMAKE_PREFIX_PATH doesn't exist
[2.359s] WARNING:colcon.colcon_ros.prefix_path.catkin:The path '/home/jetros/ros2_ws/install/rosidl_typesupport_microxrcedds_c' in the environment variable CMAKE_PREFIX_PATH doesn't exist
[2.359s] WARNING:colcon.colcon_ros.prefix_path.catkin:The path '/home/jetros/ros2_ws/install/ros2_rs_pcl' in the environment variable CMAKE_PREFIX_PATH doesn't exist
[2.359s] WARNING:colcon.colcon_ros.prefix_path.catkin:The path '/home/jetros/ros2_ws/install/ros2_laser_scan_merger' in the environment variable CMAKE_PREFIX_PATH doesn't exist
[2.359s] WARNING:colcon.colcon_ros.prefix_path.catkin:The path '/home/jetros/ros2_ws/install/rf2o_laser_odometry' in the environment variable CMAKE_PREFIX_PATH doesn't exist
[2.359s] WARNING:colcon.colcon_ros.prefix_path.catkin:The path '/home/jetros/ros2_ws/install/rclc_examples' in the environment variable CMAKE_PREFIX_PATH doesn't exist
[2.359s] WARNING:colcon.colcon_ros.prefix_path.catkin:The path '/home/jetros/ros2_ws/install/rclc_parameter' in the environment variable CMAKE_PREFIX_PATH doesn't exist
[2.359s] WARNING:colcon.colcon_ros.prefix_path.catkin:The path '/home/jetros/ros2_ws/install/rclc_lifecycle' in the environment variable CMAKE_PREFIX_PATH doesn't exist
[2.359s] WARNING:colcon.colcon_ros.prefix_path.catkin:The path '/home/jetros/ros2_ws/install/rclc' in the environment variable CMAKE_PREFIX_PATH doesn't exist
[2.359s] WARNING:colcon.colcon_ros.prefix_path.catkin:The path '/home/jetros/ros2_ws/install/posedetection_msgs' in the environment variable CMAKE_PREFIX_PATH doesn't exist
[2.359s] WARNING:colcon.colcon_ros.prefix_path.catkin:The path '/home/jetros/ros2_ws/install/orange_gazebo' in the environment variable CMAKE_PREFIX_PATH doesn't exist
[2.360s] WARNING:colcon.colcon_ros.prefix_path.catkin:The path '/home/jetros/ros2_ws/install/orange_description' in the environment variable CMAKE_PREFIX_PATH doesn't exist
[2.360s] WARNING:colcon.colcon_ros.prefix_path.catkin:The path '/home/jetros/ros2_ws/install/orange_sensor_tools' in the environment variable CMAKE_PREFIX_PATH doesn't exist
[2.360s] WARNING:colcon.colcon_ros.prefix_path.catkin:The path '/home/jetros/ros2_ws/install/pointcloud_to_laserscan' in the environment variable CMAKE_PREFIX_PATH doesn't exist
[2.360s] WARNING:colcon.colcon_ros.prefix_path.catkin:The path '/home/jetros/ros2_ws/install/openslam_gmapping' in the environment variable CMAKE_PREFIX_PATH doesn't exist
[2.360s] WARNING:colcon.colcon_ros.prefix_path.catkin:The path '/home/jetros/ros2_ws/install/odom_publisher' in the environment variable CMAKE_PREFIX_PATH doesn't exist
[2.360s] WARNING:colcon.colcon_ros.prefix_path.catkin:The path '/home/jetros/ros2_ws/install/navigation2' in the environment variable CMAKE_PREFIX_PATH doesn't exist
[2.360s] WARNING:colcon.colcon_ros.prefix_path.catkin:The path '/home/jetros/ros2_ws/install/nav2_smoother' in the environment variable CMAKE_PREFIX_PATH doesn't exist
[2.360s] WARNING:colcon.colcon_ros.prefix_path.catkin:The path '/home/jetros/ros2_ws/install/nav2_rotation_shim_controller' in the environment variable CMAKE_PREFIX_PATH doesn't exist
[2.360s] WARNING:colcon.colcon_ros.prefix_path.catkin:The path '/home/jetros/ros2_ws/install/nav2_graceful_controller' in the environment variable CMAKE_PREFIX_PATH doesn't exist
[2.361s] WARNING:colcon.colcon_ros.prefix_path.catkin:The path '/home/jetros/ros2_ws/install/nav2_dwb_controller' in the environment variable CMAKE_PREFIX_PATH doesn't exist
[2.361s] WARNING:colcon.colcon_ros.prefix_path.catkin:The path '/home/jetros/ros2_ws/install/nav2_controller' in the environment variable CMAKE_PREFIX_PATH doesn't exist
[2.361s] WARNING:colcon.colcon_ros.prefix_path.catkin:The path '/home/jetros/ros2_ws/install/dwb_plugins' in the environment variable CMAKE_PREFIX_PATH doesn't exist
[2.361s] WARNING:colcon.colcon_ros.prefix_path.catkin:The path '/home/jetros/ros2_ws/install/dwb_critics' in the environment variable CMAKE_PREFIX_PATH doesn't exist
[2.361s] WARNING:colcon.colcon_ros.prefix_path.catkin:The path '/home/jetros/ros2_ws/install/dwb_core' in the environment variable CMAKE_PREFIX_PATH doesn't exist
[2.361s] WARNING:colcon.colcon_ros.prefix_path.catkin:The path '/home/jetros/ros2_ws/install/nav_2d_utils' in the environment variable CMAKE_PREFIX_PATH doesn't exist
[2.361s] WARNING:colcon.colcon_ros.prefix_path.catkin:The path '/home/jetros/ros2_ws/install/dwb_msgs' in the environment variable CMAKE_PREFIX_PATH doesn't exist
[2.361s] WARNING:colcon.colcon_ros.prefix_path.catkin:The path '/home/jetros/ros2_ws/install/nav_2d_msgs' in the environment variable CMAKE_PREFIX_PATH doesn't exist
[2.361s] WARNING:colcon.colcon_ros.prefix_path.catkin:The path '/home/jetros/ros2_ws/install/nav2_waypoint_follower' in the environment variable CMAKE_PREFIX_PATH doesn't exist
[2.362s] WARNING:colcon.colcon_ros.prefix_path.catkin:The path '/home/jetros/ros2_ws/install/nav2_theta_star_planner' in the environment variable CMAKE_PREFIX_PATH doesn't exist
[2.362s] WARNING:colcon.colcon_ros.prefix_path.catkin:The path '/home/jetros/ros2_ws/install/nav2_smac_planner' in the environment variable CMAKE_PREFIX_PATH doesn't exist
[2.362s] WARNING:colcon.colcon_ros.prefix_path.catkin:The path '/home/jetros/ros2_ws/install/nav2_route' in the environment variable CMAKE_PREFIX_PATH doesn't exist
[2.362s] WARNING:colcon.colcon_ros.prefix_path.catkin:The path '/home/jetros/ros2_ws/install/nav2_regulated_pure_pursuit_controller' in the environment variable CMAKE_PREFIX_PATH doesn't exist
[2.362s] WARNING:colcon.colcon_ros.prefix_path.catkin:The path '/home/jetros/ros2_ws/install/nav2_planner' in the environment variable CMAKE_PREFIX_PATH doesn't exist
[2.362s] WARNING:colcon.colcon_ros.prefix_path.catkin:The path '/home/jetros/ros2_ws/install/nav2_navfn_planner' in the environment variable CMAKE_PREFIX_PATH doesn't exist
[2.362s] WARNING:colcon.colcon_ros.prefix_path.catkin:The path '/home/jetros/ros2_ws/install/nav2_mppi_controller' in the environment variable CMAKE_PREFIX_PATH doesn't exist
[2.362s] WARNING:colcon.colcon_ros.prefix_path.catkin:The path '/home/jetros/ros2_ws/install/nav2_constrained_smoother' in the environment variable CMAKE_PREFIX_PATH doesn't exist
[2.363s] WARNING:colcon.colcon_ros.prefix_path.catkin:The path '/home/jetros/ros2_ws/install/nav2_bt_navigator' in the environment variable CMAKE_PREFIX_PATH doesn't exist
[2.363s] WARNING:colcon.colcon_ros.prefix_path.catkin:The path '/home/jetros/ros2_ws/install/nav2_behaviors' in the environment variable CMAKE_PREFIX_PATH doesn't exist
[2.363s] WARNING:colcon.colcon_ros.prefix_path.catkin:The path '/home/jetros/ros2_ws/install/nav2_core' in the environment variable CMAKE_PREFIX_PATH doesn't exist
[2.363s] WARNING:colcon.colcon_ros.prefix_path.catkin:The path '/home/jetros/ros2_ws/install/nav2_collision_monitor' in the environment variable CMAKE_PREFIX_PATH doesn't exist
[2.363s] WARNING:colcon.colcon_ros.prefix_path.catkin:The path '/home/jetros/ros2_ws/install/costmap_queue' in the environment variable CMAKE_PREFIX_PATH doesn't exist
[2.363s] WARNING:colcon.colcon_ros.prefix_path.catkin:The path '/home/jetros/ros2_ws/install/nav2_costmap_2d' in the environment variable CMAKE_PREFIX_PATH doesn't exist
[2.363s] WARNING:colcon.colcon_ros.prefix_path.catkin:The path '/home/jetros/ros2_ws/install/nav2_voxel_grid' in the environment variable CMAKE_PREFIX_PATH doesn't exist
[2.363s] WARNING:colcon.colcon_ros.prefix_path.catkin:The path '/home/jetros/ros2_ws/install/nav2_velocity_smoother' in the environment variable CMAKE_PREFIX_PATH doesn't exist
[2.363s] WARNING:colcon.colcon_ros.prefix_path.catkin:The path '/home/jetros/ros2_ws/install/nav2_rviz_plugins' in the environment variable CMAKE_PREFIX_PATH doesn't exist
[2.364s] WARNING:colcon.colcon_ros.prefix_path.catkin:The path '/home/jetros/ros2_ws/install/nav2_map_server' in the environment variable CMAKE_PREFIX_PATH doesn't exist
[2.364s] WARNING:colcon.colcon_ros.prefix_path.catkin:The path '/home/jetros/ros2_ws/install/nav2_lifecycle_manager' in the environment variable CMAKE_PREFIX_PATH doesn't exist
[2.364s] WARNING:colcon.colcon_ros.prefix_path.catkin:The path '/home/jetros/ros2_ws/install/nav2_behavior_tree' in the environment variable CMAKE_PREFIX_PATH doesn't exist
[2.364s] WARNING:colcon.colcon_ros.prefix_path.catkin:The path '/home/jetros/ros2_ws/install/nav2_amcl' in the environment variable CMAKE_PREFIX_PATH doesn't exist
[2.364s] WARNING:colcon.colcon_ros.prefix_path.catkin:The path '/home/jetros/ros2_ws/install/nav2_util' in the environment variable CMAKE_PREFIX_PATH doesn't exist
[2.364s] WARNING:colcon.colcon_ros.prefix_path.catkin:The path '/home/jetros/ros2_ws/install/nav2_msgs' in the environment variable CMAKE_PREFIX_PATH doesn't exist
[2.364s] WARNING:colcon.colcon_ros.prefix_path.catkin:The path '/home/jetros/ros2_ws/install/nav2_common' in the environment variable CMAKE_PREFIX_PATH doesn't exist
[2.364s] WARNING:colcon.colcon_ros.prefix_path.catkin:The path '/home/jetros/ros2_ws/install/microxrcedds_client' in the environment variable CMAKE_PREFIX_PATH doesn't exist
[2.364s] WARNING:colcon.colcon_ros.prefix_path.catkin:The path '/home/jetros/ros2_ws/install/microcdr' in the environment variable CMAKE_PREFIX_PATH doesn't exist
[2.364s] WARNING:colcon.colcon_ros.prefix_path.catkin:The path '/home/jetros/ros2_ws/install/micro_ros_utilities' in the environment variable CMAKE_PREFIX_PATH doesn't exist
[2.364s] WARNING:colcon.colcon_ros.prefix_path.catkin:The path '/home/jetros/ros2_ws/install/micro_ros_setup' in the environment variable CMAKE_PREFIX_PATH doesn't exist
[2.364s] WARNING:colcon.colcon_ros.prefix_path.catkin:The path '/home/jetros/ros2_ws/install/micro_ros_agent' in the environment variable CMAKE_PREFIX_PATH doesn't exist
[2.365s] WARNING:colcon.colcon_ros.prefix_path.catkin:The path '/home/jetros/ros2_ws/install/micro_ros_msgs' in the environment variable CMAKE_PREFIX_PATH doesn't exist
[2.365s] WARNING:colcon.colcon_ros.prefix_path.catkin:The path '/home/jetros/ros2_ws/install/mark3_urdf' in the environment variable CMAKE_PREFIX_PATH doesn't exist
[2.365s] WARNING:colcon.colcon_ros.prefix_path.catkin:The path '/home/jetros/ros2_ws/install/ldlidar_stl_ros2' in the environment variable CMAKE_PREFIX_PATH doesn't exist
[2.365s] WARNING:colcon.colcon_ros.prefix_path.catkin:The path '/home/jetros/ros2_ws/install/ldlidar' in the environment variable CMAKE_PREFIX_PATH doesn't exist
[2.365s] WARNING:colcon.colcon_ros.prefix_path.catkin:The path '/home/jetros/ros2_ws/install/laser_merger2' in the environment variable CMAKE_PREFIX_PATH doesn't exist
[2.365s] WARNING:colcon.colcon_ros.prefix_path.catkin:The path '/home/jetros/ros2_ws/install/laser_filters' in the environment variable CMAKE_PREFIX_PATH doesn't exist
[2.365s] WARNING:colcon.colcon_ros.prefix_path.catkin:The path '/home/jetros/ros2_ws/install/jsk_visualization' in the environment variable CMAKE_PREFIX_PATH doesn't exist
[2.365s] WARNING:colcon.colcon_ros.prefix_path.catkin:The path '/home/jetros/ros2_ws/install/jsk_rviz_plugins' in the environment variable CMAKE_PREFIX_PATH doesn't exist
[2.365s] WARNING:colcon.colcon_ros.prefix_path.catkin:The path '/home/jetros/ros2_ws/install/jsk_topic_tools' in the environment variable CMAKE_PREFIX_PATH doesn't exist
[2.365s] WARNING:colcon.colcon_ros.prefix_path.catkin:The path '/home/jetros/ros2_ws/install/jsk_rviz_plugin_msgs' in the environment variable CMAKE_PREFIX_PATH doesn't exist
[2.365s] WARNING:colcon.colcon_ros.prefix_path.catkin:The path '/home/jetros/ros2_ws/install/jsk_recognition_msgs' in the environment variable CMAKE_PREFIX_PATH doesn't exist
[2.365s] WARNING:colcon.colcon_ros.prefix_path.catkin:The path '/home/jetros/ros2_ws/install/jsk_hark_msgs' in the environment variable CMAKE_PREFIX_PATH doesn't exist
[2.365s] WARNING:colcon.colcon_ros.prefix_path.catkin:The path '/home/jetros/ros2_ws/install/jsk_gui_msgs' in the environment variable CMAKE_PREFIX_PATH doesn't exist
[2.365s] WARNING:colcon.colcon_ros.prefix_path.catkin:The path '/home/jetros/ros2_ws/install/jsk_footstep_msgs' in the environment variable CMAKE_PREFIX_PATH doesn't exist
[2.365s] WARNING:colcon.colcon_ros.prefix_path.catkin:The path '/home/jetros/ros2_ws/install/joy_mecanum_controller' in the environment variable CMAKE_PREFIX_PATH doesn't exist
[2.366s] WARNING:colcon.colcon_ros.prefix_path.catkin:The path '/home/jetros/ros2_ws/install/gazebo_ros_pkgs' in the environment variable CMAKE_PREFIX_PATH doesn't exist
[2.366s] WARNING:colcon.colcon_ros.prefix_path.catkin:The path '/home/jetros/ros2_ws/install/gazebo_msgs' in the environment variable CMAKE_PREFIX_PATH doesn't exist
[2.366s] WARNING:colcon.colcon_ros.prefix_path.catkin:The path '/home/jetros/ros2_ws/install/gazebo_dev' in the environment variable CMAKE_PREFIX_PATH doesn't exist
[2.366s] WARNING:colcon.colcon_ros.prefix_path.catkin:The path '/home/jetros/ros2_ws/install/emcl2' in the environment variable CMAKE_PREFIX_PATH doesn't exist
[2.366s] WARNING:colcon.colcon_ros.prefix_path.catkin:The path '/home/jetros/ros2_ws/install/complex_msgs' in the environment variable CMAKE_PREFIX_PATH doesn't exist
[2.366s] WARNING:colcon.colcon_ros.prefix_path.catkin:The path '/home/jetros/ros2_ws/install/cmd_vel_float_changer' in the environment variable CMAKE_PREFIX_PATH doesn't exist
[2.366s] WARNING:colcon.colcon_ros.prefix_path.catkin:The path '/home/jetros/ros2_ws/install/cartographer_rviz' in the environment variable CMAKE_PREFIX_PATH doesn't exist
[2.366s] WARNING:colcon.colcon_ros.prefix_path.catkin:The path '/home/jetros/ros2_ws/install/cartographer_ros' in the environment variable CMAKE_PREFIX_PATH doesn't exist
[2.366s] WARNING:colcon.colcon_ros.prefix_path.catkin:The path '/home/jetros/ros2_ws/install/cartographer_ros_msgs' in the environment variable CMAKE_PREFIX_PATH doesn't exist
[2.366s] WARNING:colcon.colcon_ros.prefix_path.catkin:The path '/home/jetros/ros2_ws/install/bringup' in the environment variable CMAKE_PREFIX_PATH doesn't exist
Starting >>> gxf_isaac_triton
[2.509s] ERROR:colcon.colcon_cmake.task.cmake.build:Failed to find the following files:
- /home/jetros/ros2_ws/install/isaac_ros_gxf/share/isaac_ros_gxf/package.sh
Check that the following packages have been built:
- isaac_ros_gxf
Failed   <<< gxf_isaac_triton [0.02s, exited with code 1]

Summary: 0 packages finished [2.31s]
  1 package failed: gxf_isaac_triton
  1 package not processed
[0;32m[INFO][0m Stage 5b: Building Isaac ROS DNN Inference base packages...
[2.318s] WARNING:colcon.colcon_ros.prefix_path.ament:The path '/home/jetros/ros2_ws/install/zed_ros2' in the environment variable AMENT_PREFIX_PATH doesn't exist
[2.318s] WARNING:colcon.colcon_ros.prefix_path.ament:The path '/home/jetros/ros2_ws/install/zed_robot_integration' in the environment variable AMENT_PREFIX_PATH doesn't exist
[2.318s] WARNING:colcon.colcon_ros.prefix_path.ament:The path '/home/jetros/ros2_ws/install/zed_ipc' in the environment variable AMENT_PREFIX_PATH doesn't exist
[2.319s] WARNING:colcon.colcon_ros.prefix_path.ament:The path '/home/jetros/ros2_ws/install/zed_multi_camera' in the environment variable AMENT_PREFIX_PATH doesn't exist
[2.319s] WARNING:colcon.colcon_ros.prefix_path.ament:The path '/home/jetros/ros2_ws/install/zed_display_rviz2' in the environment variable AMENT_PREFIX_PATH doesn't exist
[2.319s] WARNING:colcon.colcon_ros.prefix_path.ament:The path '/home/jetros/ros2_ws/install/zed_depth_to_laserscan' in the environment variable AMENT_PREFIX_PATH doesn't exist
[2.319s] WARNING:colcon.colcon_ros.prefix_path.ament:The path '/home/jetros/ros2_ws/install/zed_wrapper' in the environment variable AMENT_PREFIX_PATH doesn't exist
[2.319s] WARNING:colcon.colcon_ros.prefix_path.ament:The path '/home/jetros/ros2_ws/install/zed_tutorial_video' in the environment variable AMENT_PREFIX_PATH doesn't exist
[2.319s] WARNING:colcon.colcon_ros.prefix_path.ament:The path '/home/jetros/ros2_ws/install/zed_tutorial_pos_tracking' in the environment variable AMENT_PREFIX_PATH doesn't exist
[2.320s] WARNING:colcon.colcon_ros.prefix_path.ament:The path '/home/jetros/ros2_ws/install/zed_tutorial_depth' in the environment variable AMENT_PREFIX_PATH doesn't exist
[2.320s] WARNING:colcon.colcon_ros.prefix_path.ament:The path '/home/jetros/ros2_ws/install/zed_topic_benchmark' in the environment variable AMENT_PREFIX_PATH doesn't exist
[2.320s] WARNING:colcon.colcon_ros.prefix_path.ament:The path '/home/jetros/ros2_ws/install/zed_topic_benchmark_component' in the environment variable AMENT_PREFIX_PATH doesn't exist
[2.320s] WARNING:colcon.colcon_ros.prefix_path.ament:The path '/home/jetros/ros2_ws/install/zed_topic_benchmark_interfaces' in the environment variable AMENT_PREFIX_PATH doesn't exist
[2.320s] WARNING:colcon.colcon_ros.prefix_path.ament:The path '/home/jetros/ros2_ws/install/zed_rgb_convert' in the environment variable AMENT_PREFIX_PATH doesn't exist
[2.320s] WARNING:colcon.colcon_ros.prefix_path.ament:The path '/home/jetros/ros2_ws/install/zed_odom_watcher' in the environment variable AMENT_PREFIX_PATH doesn't exist
[2.320s] WARNING:colcon.colcon_ros.prefix_path.ament:The path '/home/jetros/ros2_ws/install/zed_human_tracker' in the environment variable AMENT_PREFIX_PATH doesn't exist
[2.320s] WARNING:colcon.colcon_ros.prefix_path.ament:The path '/home/jetros/ros2_ws/install/zed_aruco_localization' in the environment variable AMENT_PREFIX_PATH doesn't exist
[2.320s] WARNING:colcon.colcon_ros.prefix_path.ament:The path '/home/jetros/ros2_ws/install/zed_components' in the environment variable AMENT_PREFIX_PATH doesn't exist
[2.320s] WARNING:colcon.colcon_ros.prefix_path.ament:The path '/home/jetros/ros2_ws/install/rviz_plugin_zed_od' in the environment variable AMENT_PREFIX_PATH doesn't exist
[2.320s] WARNING:colcon.colcon_ros.prefix_path.ament:The path '/home/jetros/ros2_ws/install/zed_msgs' in the environment variable AMENT_PREFIX_PATH doesn't exist
[2.320s] WARNING:colcon.colcon_ros.prefix_path.ament:The path '/home/jetros/ros2_ws/install/zed_imu_republisher' in the environment variable AMENT_PREFIX_PATH doesn't exist
[2.320s] WARNING:colcon.colcon_ros.prefix_path.ament:The path '/home/jetros/ros2_ws/install/zed_goal_publisher' in the environment variable AMENT_PREFIX_PATH doesn't exist
[2.321s] WARNING:colcon.colcon_ros.prefix_path.ament:The path '/home/jetros/ros2_ws/install/voicevox_ros2' in the environment variable AMENT_PREFIX_PATH doesn't exist
[2.321s] WARNING:colcon.colcon_ros.prefix_path.ament:The path '/home/jetros/ros2_ws/install/voicevox_ros2_msgs' in the environment variable AMENT_PREFIX_PATH doesn't exist
[2.321s] WARNING:colcon.colcon_ros.prefix_path.ament:The path '/home/jetros/ros2_ws/install/orange_slam' in the environment variable AMENT_PREFIX_PATH doesn't exist
[2.321s] WARNING:colcon.colcon_ros.prefix_path.ament:The path '/home/jetros/ros2_ws/install/orange_navigation' in the environment variable AMENT_PREFIX_PATH doesn't exist
[2.321s] WARNING:colcon.colcon_ros.prefix_path.ament:The path '/home/jetros/ros2_ws/install/orange_bringup' in the environment variable AMENT_PREFIX_PATH doesn't exist
[2.321s] WARNING:colcon.colcon_ros.prefix_path.ament:The path '/home/jetros/ros2_ws/install/velodyne' in the environment variable AMENT_PREFIX_PATH doesn't exist
[2.321s] WARNING:colcon.colcon_ros.prefix_path.ament:The path '/home/jetros/ros2_ws/install/velodyne_pointcloud' in the environment variable AMENT_PREFIX_PATH doesn't exist
[2.321s] WARNING:colcon.colcon_ros.prefix_path.ament:The path '/home/jetros/ros2_ws/install/velodyne_driver' in the environment variable AMENT_PREFIX_PATH doesn't exist
[2.321s] WARNING:colcon.colcon_ros.prefix_path.ament:The path '/home/jetros/ros2_ws/install/velodyne_msgs' in the environment variable AMENT_PREFIX_PATH doesn't exist
[2.321s] WARNING:colcon.colcon_ros.prefix_path.ament:The path '/home/jetros/ros2_ws/install/velodyne_laserscan' in the environment variable AMENT_PREFIX_PATH doesn't exist
[2.321s] WARNING:colcon.colcon_ros.prefix_path.ament:The path '/home/jetros/ros2_ws/install/speech_recognition_msgs' in the environment variable AMENT_PREFIX_PATH doesn't exist
[2.321s] WARNING:colcon.colcon_ros.prefix_path.ament:The path '/home/jetros/ros2_ws/install/sllidar_ros2' in the environment variable AMENT_PREFIX_PATH doesn't exist
[2.321s] WARNING:colcon.colcon_ros.prefix_path.ament:The path '/home/jetros/ros2_ws/install/nav2_system_tests' in the environment variable AMENT_PREFIX_PATH doesn't exist
[2.321s] WARNING:colcon.colcon_ros.prefix_path.ament:The path '/home/jetros/ros2_ws/install/nav2_bringup' in the environment variable AMENT_PREFIX_PATH doesn't exist
[2.322s] WARNING:colcon.colcon_ros.prefix_path.ament:The path '/home/jetros/ros2_ws/install/slam_toolbox' in the environment variable AMENT_PREFIX_PATH doesn't exist
[2.322s] WARNING:colcon.colcon_ros.prefix_path.ament:The path '/home/jetros/ros2_ws/install/slam_gmapping' in the environment variable AMENT_PREFIX_PATH doesn't exist
[2.322s] WARNING:colcon.colcon_ros.prefix_path.ament:The path '/home/jetros/ros2_ws/install/safety_sensor' in the environment variable AMENT_PREFIX_PATH doesn't exist
[2.322s] WARNING:colcon.colcon_ros.prefix_path.ament:The path '/home/jetros/ros2_ws/install/rosidl_typesupport_microxrcedds_test_msg' in the environment variable AMENT_PREFIX_PATH doesn't exist
[2.322s] WARNING:colcon.colcon_ros.prefix_path.ament:The path '/home/jetros/ros2_ws/install/rosidl_typesupport_microxrcedds_cpp_tests' in the environment variable AMENT_PREFIX_PATH doesn't exist
[2.322s] WARNING:colcon.colcon_ros.prefix_path.ament:The path '/home/jetros/ros2_ws/install/micro_ros_demos_rclc' in the environment variable AMENT_PREFIX_PATH doesn't exist
[2.322s] WARNING:colcon.colcon_ros.prefix_path.ament:The path '/home/jetros/ros2_ws/install/rmw_microxrcedds' in the environment variable AMENT_PREFIX_PATH doesn't exist
[2.322s] WARNING:colcon.colcon_ros.prefix_path.ament:The path '/home/jetros/ros2_ws/install/rosidl_typesupport_microxrcedds_cpp' in the environment variable AMENT_PREFIX_PATH doesn't exist
[2.322s] WARNING:colcon.colcon_ros.prefix_path.ament:The path '/home/jetros/ros2_ws/install/rosidl_typesupport_microxrcedds_c_tests' in the environment variable AMENT_PREFIX_PATH doesn't exist
[2.322s] WARNING:colcon.colcon_ros.prefix_path.ament:The path '/home/jetros/ros2_ws/install/rosidl_typesupport_microxrcedds_c' in the environment variable AMENT_PREFIX_PATH doesn't exist
[2.322s] WARNING:colcon.colcon_ros.prefix_path.ament:The path '/home/jetros/ros2_ws/install/ros2_rs_pcl' in the environment variable AMENT_PREFIX_PATH doesn't exist
[2.322s] WARNING:colcon.colcon_ros.prefix_path.ament:The path '/home/jetros/ros2_ws/install/ros2_laser_scan_merger' in the environment variable AMENT_PREFIX_PATH doesn't exist
[2.322s] WARNING:colcon.colcon_ros.prefix_path.ament:The path '/home/jetros/ros2_ws/install/rf2o_laser_odometry' in the environment variable AMENT_PREFIX_PATH doesn't exist
[2.323s] WARNING:colcon.colcon_ros.prefix_path.ament:The path '/home/jetros/ros2_ws/install/rclc_examples' in the environment variable AMENT_PREFIX_PATH doesn't exist
[2.323s] WARNING:colcon.colcon_ros.prefix_path.ament:The path '/home/jetros/ros2_ws/install/rclc_parameter' in the environment variable AMENT_PREFIX_PATH doesn't exist
[2.323s] WARNING:colcon.colcon_ros.prefix_path.ament:The path '/home/jetros/ros2_ws/install/rclc_lifecycle' in the environment variable AMENT_PREFIX_PATH doesn't exist
[2.323s] WARNING:colcon.colcon_ros.prefix_path.ament:The path '/home/jetros/ros2_ws/install/rclc' in the environment variable AMENT_PREFIX_PATH doesn't exist
[2.323s] WARNING:colcon.colcon_ros.prefix_path.ament:The path '/home/jetros/ros2_ws/install/posedetection_msgs' in the environment variable AMENT_PREFIX_PATH doesn't exist
[2.323s] WARNING:colcon.colcon_ros.prefix_path.ament:The path '/home/jetros/ros2_ws/install/orange_gazebo' in the environment variable AMENT_PREFIX_PATH doesn't exist
[2.323s] WARNING:colcon.colcon_ros.prefix_path.ament:The path '/home/jetros/ros2_ws/install/orange_description' in the environment variable AMENT_PREFIX_PATH doesn't exist
[2.323s] WARNING:colcon.colcon_ros.prefix_path.ament:The path '/home/jetros/ros2_ws/install/orange_sensor_tools' in the environment variable AMENT_PREFIX_PATH doesn't exist
[2.323s] WARNING:colcon.colcon_ros.prefix_path.ament:The path '/home/jetros/ros2_ws/install/pointcloud_to_laserscan' in the environment variable AMENT_PREFIX_PATH doesn't exist
[2.323s] WARNING:colcon.colcon_ros.prefix_path.ament:The path '/home/jetros/ros2_ws/install/orange_teleop' in the environment variable AMENT_PREFIX_PATH doesn't exist
[2.323s] WARNING:colcon.colcon_ros.prefix_path.ament:The path '/home/jetros/ros2_ws/install/openslam_gmapping' in the environment variable AMENT_PREFIX_PATH doesn't exist
[2.323s] WARNING:colcon.colcon_ros.prefix_path.ament:The path '/home/jetros/ros2_ws/install/odom_publisher' in the environment variable AMENT_PREFIX_PATH doesn't exist
[2.323s] WARNING:colcon.colcon_ros.prefix_path.ament:The path '/home/jetros/ros2_ws/install/navigation2' in the environment variable AMENT_PREFIX_PATH doesn't exist
[2.324s] WARNING:colcon.colcon_ros.prefix_path.ament:The path '/home/jetros/ros2_ws/install/nav2_smoother' in the environment variable AMENT_PREFIX_PATH doesn't exist
[2.324s] WARNING:colcon.colcon_ros.prefix_path.ament:The path '/home/jetros/ros2_ws/install/nav2_rotation_shim_controller' in the environment variable AMENT_PREFIX_PATH doesn't exist
[2.324s] WARNING:colcon.colcon_ros.prefix_path.ament:The path '/home/jetros/ros2_ws/install/nav2_graceful_controller' in the environment variable AMENT_PREFIX_PATH doesn't exist
[2.324s] WARNING:colcon.colcon_ros.prefix_path.ament:The path '/home/jetros/ros2_ws/install/nav2_dwb_controller' in the environment variable AMENT_PREFIX_PATH doesn't exist
[2.324s] WARNING:colcon.colcon_ros.prefix_path.ament:The path '/home/jetros/ros2_ws/install/nav2_controller' in the environment variable AMENT_PREFIX_PATH doesn't exist
[2.324s] WARNING:colcon.colcon_ros.prefix_path.ament:The path '/home/jetros/ros2_ws/install/dwb_plugins' in the environment variable AMENT_PREFIX_PATH doesn't exist
[2.324s] WARNING:colcon.colcon_ros.prefix_path.ament:The path '/home/jetros/ros2_ws/install/dwb_critics' in the environment variable AMENT_PREFIX_PATH doesn't exist
[2.324s] WARNING:colcon.colcon_ros.prefix_path.ament:The path '/home/jetros/ros2_ws/install/dwb_core' in the environment variable AMENT_PREFIX_PATH doesn't exist
[2.324s] WARNING:colcon.colcon_ros.prefix_path.ament:The path '/home/jetros/ros2_ws/install/nav_2d_utils' in the environment variable AMENT_PREFIX_PATH doesn't exist
[2.324s] WARNING:colcon.colcon_ros.prefix_path.ament:The path '/home/jetros/ros2_ws/install/dwb_msgs' in the environment variable AMENT_PREFIX_PATH doesn't exist
[2.324s] WARNING:colcon.colcon_ros.prefix_path.ament:The path '/home/jetros/ros2_ws/install/nav_2d_msgs' in the environment variable AMENT_PREFIX_PATH doesn't exist
[2.324s] WARNING:colcon.colcon_ros.prefix_path.ament:The path '/home/jetros/ros2_ws/install/nav2_waypoint_follower' in the environment variable AMENT_PREFIX_PATH doesn't exist
[2.324s] WARNING:colcon.colcon_ros.prefix_path.ament:The path '/home/jetros/ros2_ws/install/nav2_theta_star_planner' in the environment variable AMENT_PREFIX_PATH doesn't exist
[2.324s] WARNING:colcon.colcon_ros.prefix_path.ament:The path '/home/jetros/ros2_ws/install/nav2_smac_planner' in the environment variable AMENT_PREFIX_PATH doesn't exist
[2.325s] WARNING:colcon.colcon_ros.prefix_path.ament:The path '/home/jetros/ros2_ws/install/nav2_route' in the environment variable AMENT_PREFIX_PATH doesn't exist
[2.325s] WARNING:colcon.colcon_ros.prefix_path.ament:The path '/home/jetros/ros2_ws/install/nav2_regulated_pure_pursuit_controller' in the environment variable AMENT_PREFIX_PATH doesn't exist
[2.325s] WARNING:colcon.colcon_ros.prefix_path.ament:The path '/home/jetros/ros2_ws/install/nav2_planner' in the environment variable AMENT_PREFIX_PATH doesn't exist
[2.325s] WARNING:colcon.colcon_ros.prefix_path.ament:The path '/home/jetros/ros2_ws/install/nav2_navfn_planner' in the environment variable AMENT_PREFIX_PATH doesn't exist
[2.325s] WARNING:colcon.colcon_ros.prefix_path.ament:The path '/home/jetros/ros2_ws/install/nav2_mppi_controller' in the environment variable AMENT_PREFIX_PATH doesn't exist
[2.325s] WARNING:colcon.colcon_ros.prefix_path.ament:The path '/home/jetros/ros2_ws/install/nav2_constrained_smoother' in the environment variable AMENT_PREFIX_PATH doesn't exist
[2.325s] WARNING:colcon.colcon_ros.prefix_path.ament:The path '/home/jetros/ros2_ws/install/nav2_bt_navigator' in the environment variable AMENT_PREFIX_PATH doesn't exist
[2.325s] WARNING:colcon.colcon_ros.prefix_path.ament:The path '/home/jetros/ros2_ws/install/nav2_behaviors' in the environment variable AMENT_PREFIX_PATH doesn't exist
[2.325s] WARNING:colcon.colcon_ros.prefix_path.ament:The path '/home/jetros/ros2_ws/install/nav2_core' in the environment variable AMENT_PREFIX_PATH doesn't exist
[2.325s] WARNING:colcon.colcon_ros.prefix_path.ament:The path '/home/jetros/ros2_ws/install/nav2_collision_monitor' in the environment variable AMENT_PREFIX_PATH doesn't exist
[2.325s] WARNING:colcon.colcon_ros.prefix_path.ament:The path '/home/jetros/ros2_ws/install/costmap_queue' in the environment variable AMENT_PREFIX_PATH doesn't exist
[2.325s] WARNING:colcon.colcon_ros.prefix_path.ament:The path '/home/jetros/ros2_ws/install/nav2_costmap_2d' in the environment variable AMENT_PREFIX_PATH doesn't exist
[2.325s] WARNING:colcon.colcon_ros.prefix_path.ament:The path '/home/jetros/ros2_ws/install/nav2_voxel_grid' in the environment variable AMENT_PREFIX_PATH doesn't exist
[2.325s] WARNING:colcon.colcon_ros.prefix_path.ament:The path '/home/jetros/ros2_ws/install/nav2_velocity_smoother' in the environment variable AMENT_PREFIX_PATH doesn't exist
[2.325s] WARNING:colcon.colcon_ros.prefix_path.ament:The path '/home/jetros/ros2_ws/install/nav2_rviz_plugins' in the environment variable AMENT_PREFIX_PATH doesn't exist
[2.326s] WARNING:colcon.colcon_ros.prefix_path.ament:The path '/home/jetros/ros2_ws/install/nav2_map_server' in the environment variable AMENT_PREFIX_PATH doesn't exist
[2.326s] WARNING:colcon.colcon_ros.prefix_path.ament:The path '/home/jetros/ros2_ws/install/nav2_lifecycle_manager' in the environment variable AMENT_PREFIX_PATH doesn't exist
[2.326s] WARNING:colcon.colcon_ros.prefix_path.ament:The path '/home/jetros/ros2_ws/install/nav2_behavior_tree' in the environment variable AMENT_PREFIX_PATH doesn't exist
[2.326s] WARNING:colcon.colcon_ros.prefix_path.ament:The path '/home/jetros/ros2_ws/install/nav2_amcl' in the environment variable AMENT_PREFIX_PATH doesn't exist
[2.326s] WARNING:colcon.colcon_ros.prefix_path.ament:The path '/home/jetros/ros2_ws/install/nav2_util' in the environment variable AMENT_PREFIX_PATH doesn't exist
[2.326s] WARNING:colcon.colcon_ros.prefix_path.ament:The path '/home/jetros/ros2_ws/install/nav2_simple_commander' in the environment variable AMENT_PREFIX_PATH doesn't exist
[2.326s] WARNING:colcon.colcon_ros.prefix_path.ament:The path '/home/jetros/ros2_ws/install/nav2_msgs' in the environment variable AMENT_PREFIX_PATH doesn't exist
[2.326s] WARNING:colcon.colcon_ros.prefix_path.ament:The path '/home/jetros/ros2_ws/install/nav2_common' in the environment variable AMENT_PREFIX_PATH doesn't exist
[2.326s] WARNING:colcon.colcon_ros.prefix_path.ament:The path '/home/jetros/ros2_ws/install/micro_ros_utilities' in the environment variable AMENT_PREFIX_PATH doesn't exist
[2.326s] WARNING:colcon.colcon_ros.prefix_path.ament:The path '/home/jetros/ros2_ws/install/micro_ros_setup' in the environment variable AMENT_PREFIX_PATH doesn't exist
[2.326s] WARNING:colcon.colcon_ros.prefix_path.ament:The path '/home/jetros/ros2_ws/install/micro_ros_agent' in the environment variable AMENT_PREFIX_PATH doesn't exist
[2.326s] WARNING:colcon.colcon_ros.prefix_path.ament:The path '/home/jetros/ros2_ws/install/micro_ros_msgs' in the environment variable AMENT_PREFIX_PATH doesn't exist
[2.326s] WARNING:colcon.colcon_ros.prefix_path.ament:The path '/home/jetros/ros2_ws/install/mark3_urdf' in the environment variable AMENT_PREFIX_PATH doesn't exist
[2.326s] WARNING:colcon.colcon_ros.prefix_path.ament:The path '/home/jetros/ros2_ws/install/ldlidar_stl_ros2' in the environment variable AMENT_PREFIX_PATH doesn't exist
[2.327s] WARNING:colcon.colcon_ros.prefix_path.ament:The path '/home/jetros/ros2_ws/install/ldlidar' in the environment variable AMENT_PREFIX_PATH doesn't exist
[2.327s] WARNING:colcon.colcon_ros.prefix_path.ament:The path '/home/jetros/ros2_ws/install/laser_merger2' in the environment variable AMENT_PREFIX_PATH doesn't exist
[2.327s] WARNING:colcon.colcon_ros.prefix_path.ament:The path '/home/jetros/ros2_ws/install/laser_filters' in the environment variable AMENT_PREFIX_PATH doesn't exist
[2.327s] WARNING:colcon.colcon_ros.prefix_path.ament:The path '/home/jetros/ros2_ws/install/jsk_visualization' in the environment variable AMENT_PREFIX_PATH doesn't exist
[2.327s] WARNING:colcon.colcon_ros.prefix_path.ament:The path '/home/jetros/ros2_ws/install/jsk_rviz_plugins' in the environment variable AMENT_PREFIX_PATH doesn't exist
[2.327s] WARNING:colcon.colcon_ros.prefix_path.ament:The path '/home/jetros/ros2_ws/install/jsk_topic_tools' in the environment variable AMENT_PREFIX_PATH doesn't exist
[2.327s] WARNING:colcon.colcon_ros.prefix_path.ament:The path '/home/jetros/ros2_ws/install/jsk_rviz_plugin_msgs' in the environment variable AMENT_PREFIX_PATH doesn't exist
[2.327s] WARNING:colcon.colcon_ros.prefix_path.ament:The path '/home/jetros/ros2_ws/install/jsk_recognition_msgs' in the environment variable AMENT_PREFIX_PATH doesn't exist
[2.327s] WARNING:colcon.colcon_ros.prefix_path.ament:The path '/home/jetros/ros2_ws/install/jsk_hark_msgs' in the environment variable AMENT_PREFIX_PATH doesn't exist
[2.327s] WARNING:colcon.colcon_ros.prefix_path.ament:The path '/home/jetros/ros2_ws/install/jsk_gui_msgs' in the environment variable AMENT_PREFIX_PATH doesn't exist
[2.327s] WARNING:colcon.colcon_ros.prefix_path.ament:The path '/home/jetros/ros2_ws/install/jsk_footstep_msgs' in the environment variable AMENT_PREFIX_PATH doesn't exist
[2.327s] WARNING:colcon.colcon_ros.prefix_path.ament:The path '/home/jetros/ros2_ws/install/joy_mecanum_controller' in the environment variable AMENT_PREFIX_PATH doesn't exist
[2.328s] WARNING:colcon.colcon_ros.prefix_path.ament:The path '/home/jetros/ros2_ws/install/gazebo_ros_pkgs' in the environment variable AMENT_PREFIX_PATH doesn't exist
[2.328s] WARNING:colcon.colcon_ros.prefix_path.ament:The path '/home/jetros/ros2_ws/install/gazebo_msgs' in the environment variable AMENT_PREFIX_PATH doesn't exist
[2.328s] WARNING:colcon.colcon_ros.prefix_path.ament:The path '/home/jetros/ros2_ws/install/gazebo_dev' in the environment variable AMENT_PREFIX_PATH doesn't exist
[2.328s] WARNING:colcon.colcon_ros.prefix_path.ament:The path '/home/jetros/ros2_ws/install/emcl2' in the environment variable AMENT_PREFIX_PATH doesn't exist
[2.328s] WARNING:colcon.colcon_ros.prefix_path.ament:The path '/home/jetros/ros2_ws/install/complex_msgs' in the environment variable AMENT_PREFIX_PATH doesn't exist
[2.328s] WARNING:colcon.colcon_ros.prefix_path.ament:The path '/home/jetros/ros2_ws/install/cmd_vel_float_changer' in the environment variable AMENT_PREFIX_PATH doesn't exist
[2.328s] WARNING:colcon.colcon_ros.prefix_path.ament:The path '/home/jetros/ros2_ws/install/cartographer_rviz' in the environment variable AMENT_PREFIX_PATH doesn't exist
[2.328s] WARNING:colcon.colcon_ros.prefix_path.ament:The path '/home/jetros/ros2_ws/install/cartographer_ros' in the environment variable AMENT_PREFIX_PATH doesn't exist
[2.328s] WARNING:colcon.colcon_ros.prefix_path.ament:The path '/home/jetros/ros2_ws/install/cartographer_ros_msgs' in the environment variable AMENT_PREFIX_PATH doesn't exist
[2.328s] WARNING:colcon.colcon_ros.prefix_path.ament:The path '/home/jetros/ros2_ws/install/bringup' in the environment variable AMENT_PREFIX_PATH doesn't exist
[2.329s] WARNING:colcon.colcon_ros.prefix_path.catkin:The path '/home/jetros/ros2_ws/install/zed_ros2' in the environment variable CMAKE_PREFIX_PATH doesn't exist
[2.329s] WARNING:colcon.colcon_ros.prefix_path.catkin:The path '/home/jetros/ros2_ws/install/zed_robot_integration' in the environment variable CMAKE_PREFIX_PATH doesn't exist
[2.329s] WARNING:colcon.colcon_ros.prefix_path.catkin:The path '/home/jetros/ros2_ws/install/zed_ipc' in the environment variable CMAKE_PREFIX_PATH doesn't exist
[2.329s] WARNING:colcon.colcon_ros.prefix_path.catkin:The path '/home/jetros/ros2_ws/install/zed_multi_camera' in the environment variable CMAKE_PREFIX_PATH doesn't exist
[2.329s] WARNING:colcon.colcon_ros.prefix_path.catkin:The path '/home/jetros/ros2_ws/install/zed_display_rviz2' in the environment variable CMAKE_PREFIX_PATH doesn't exist
[2.329s] WARNING:colcon.colcon_ros.prefix_path.catkin:The path '/home/jetros/ros2_ws/install/zed_depth_to_laserscan' in the environment variable CMAKE_PREFIX_PATH doesn't exist
[2.329s] WARNING:colcon.colcon_ros.prefix_path.catkin:The path '/home/jetros/ros2_ws/install/zed_wrapper' in the environment variable CMAKE_PREFIX_PATH doesn't exist
[2.329s] WARNING:colcon.colcon_ros.prefix_path.catkin:The path '/home/jetros/ros2_ws/install/zed_tutorial_video' in the environment variable CMAKE_PREFIX_PATH doesn't exist
[2.329s] WARNING:colcon.colcon_ros.prefix_path.catkin:The path '/home/jetros/ros2_ws/install/zed_tutorial_pos_tracking' in the environment variable CMAKE_PREFIX_PATH doesn't exist
[2.329s] WARNING:colcon.colcon_ros.prefix_path.catkin:The path '/home/jetros/ros2_ws/install/zed_tutorial_depth' in the environment variable CMAKE_PREFIX_PATH doesn't exist
[2.330s] WARNING:colcon.colcon_ros.prefix_path.catkin:The path '/home/jetros/ros2_ws/install/zed_topic_benchmark' in the environment variable CMAKE_PREFIX_PATH doesn't exist
[2.330s] WARNING:colcon.colcon_ros.prefix_path.catkin:The path '/home/jetros/ros2_ws/install/zed_topic_benchmark_component' in the environment variable CMAKE_PREFIX_PATH doesn't exist
[2.330s] WARNING:colcon.colcon_ros.prefix_path.catkin:The path '/home/jetros/ros2_ws/install/zed_topic_benchmark_interfaces' in the environment variable CMAKE_PREFIX_PATH doesn't exist
[2.330s] WARNING:colcon.colcon_ros.prefix_path.catkin:The path '/home/jetros/ros2_ws/install/zed_rgb_convert' in the environment variable CMAKE_PREFIX_PATH doesn't exist
[2.330s] WARNING:colcon.colcon_ros.prefix_path.catkin:The path '/home/jetros/ros2_ws/install/zed_odom_watcher' in the environment variable CMAKE_PREFIX_PATH doesn't exist
[2.330s] WARNING:colcon.colcon_ros.prefix_path.catkin:The path '/home/jetros/ros2_ws/install/zed_human_tracker' in the environment variable CMAKE_PREFIX_PATH doesn't exist
[2.330s] WARNING:colcon.colcon_ros.prefix_path.catkin:The path '/home/jetros/ros2_ws/install/zed_aruco_localization' in the environment variable CMAKE_PREFIX_PATH doesn't exist
[2.330s] WARNING:colcon.colcon_ros.prefix_path.catkin:The path '/home/jetros/ros2_ws/install/zed_components' in the environment variable CMAKE_PREFIX_PATH doesn't exist
[2.330s] WARNING:colcon.colcon_ros.prefix_path.catkin:The path '/home/jetros/ros2_ws/install/rviz_plugin_zed_od' in the environment variable CMAKE_PREFIX_PATH doesn't exist
[2.330s] WARNING:colcon.colcon_ros.prefix_path.catkin:The path '/home/jetros/ros2_ws/install/zed_msgs' in the environment variable CMAKE_PREFIX_PATH doesn't exist
[2.330s] WARNING:colcon.colcon_ros.prefix_path.catkin:The path '/home/jetros/ros2_ws/install/zed_imu_republisher' in the environment variable CMAKE_PREFIX_PATH doesn't exist
[2.330s] WARNING:colcon.colcon_ros.prefix_path.catkin:The path '/home/jetros/ros2_ws/install/zed_goal_publisher' in the environment variable CMAKE_PREFIX_PATH doesn't exist
[2.330s] WARNING:colcon.colcon_ros.prefix_path.catkin:The path '/home/jetros/ros2_ws/install/voicevox_ros2_msgs' in the environment variable CMAKE_PREFIX_PATH doesn't exist
[2.330s] WARNING:colcon.colcon_ros.prefix_path.catkin:The path '/home/jetros/ros2_ws/install/orange_slam' in the environment variable CMAKE_PREFIX_PATH doesn't exist
[2.331s] WARNING:colcon.colcon_ros.prefix_path.catkin:The path '/home/jetros/ros2_ws/install/orange_navigation' in the environment variable CMAKE_PREFIX_PATH doesn't exist
[2.331s] WARNING:colcon.colcon_ros.prefix_path.catkin:The path '/home/jetros/ros2_ws/install/velodyne' in the environment variable CMAKE_PREFIX_PATH doesn't exist
[2.331s] WARNING:colcon.colcon_ros.prefix_path.catkin:The path '/home/jetros/ros2_ws/install/velodyne_pointcloud' in the environment variable CMAKE_PREFIX_PATH doesn't exist
[2.331s] WARNING:colcon.colcon_ros.prefix_path.catkin:The path '/home/jetros/ros2_ws/install/velodyne_driver' in the environment variable CMAKE_PREFIX_PATH doesn't exist
[2.331s] WARNING:colcon.colcon_ros.prefix_path.catkin:The path '/home/jetros/ros2_ws/install/velodyne_msgs' in the environment variable CMAKE_PREFIX_PATH doesn't exist
[2.331s] WARNING:colcon.colcon_ros.prefix_path.catkin:The path '/home/jetros/ros2_ws/install/velodyne_laserscan' in the environment variable CMAKE_PREFIX_PATH doesn't exist
[2.331s] WARNING:colcon.colcon_ros.prefix_path.catkin:The path '/home/jetros/ros2_ws/install/speech_recognition_msgs' in the environment variable CMAKE_PREFIX_PATH doesn't exist
[2.331s] WARNING:colcon.colcon_ros.prefix_path.catkin:The path '/home/jetros/ros2_ws/install/sllidar_ros2' in the environment variable CMAKE_PREFIX_PATH doesn't exist
[2.331s] WARNING:colcon.colcon_ros.prefix_path.catkin:The path '/home/jetros/ros2_ws/install/nav2_system_tests' in the environment variable CMAKE_PREFIX_PATH doesn't exist
[2.331s] WARNING:colcon.colcon_ros.prefix_path.catkin:The path '/home/jetros/ros2_ws/install/nav2_bringup' in the environment variable CMAKE_PREFIX_PATH doesn't exist
[2.331s] WARNING:colcon.colcon_ros.prefix_path.catkin:The path '/home/jetros/ros2_ws/install/slam_toolbox' in the environment variable CMAKE_PREFIX_PATH doesn't exist
[2.331s] WARNING:colcon.colcon_ros.prefix_path.catkin:The path '/home/jetros/ros2_ws/install/slam_gmapping' in the environment variable CMAKE_PREFIX_PATH doesn't exist
[2.331s] WARNING:colcon.colcon_ros.prefix_path.catkin:The path '/home/jetros/ros2_ws/install/safety_sensor' in the environment variable CMAKE_PREFIX_PATH doesn't exist
[2.331s] WARNING:colcon.colcon_ros.prefix_path.catkin:The path '/home/jetros/ros2_ws/install/rosidl_typesupport_microxrcedds_test_msg' in the environment variable CMAKE_PREFIX_PATH doesn't exist
[2.331s] WARNING:colcon.colcon_ros.prefix_path.catkin:The path '/home/jetros/ros2_ws/install/rosidl_typesupport_microxrcedds_cpp_tests' in the environment variable CMAKE_PREFIX_PATH doesn't exist
[2.332s] WARNING:colcon.colcon_ros.prefix_path.catkin:The path '/home/jetros/ros2_ws/install/micro_ros_demos_rclc' in the environment variable CMAKE_PREFIX_PATH doesn't exist
[2.332s] WARNING:colcon.colcon_ros.prefix_path.catkin:The path '/home/jetros/ros2_ws/install/rmw_microxrcedds' in the environment variable CMAKE_PREFIX_PATH doesn't exist
[2.332s] WARNING:colcon.colcon_ros.prefix_path.catkin:The path '/home/jetros/ros2_ws/install/rosidl_typesupport_microxrcedds_cpp' in the environment variable CMAKE_PREFIX_PATH doesn't exist
[2.332s] WARNING:colcon.colcon_ros.prefix_path.catkin:The path '/home/jetros/ros2_ws/install/rosidl_typesupport_microxrcedds_c_tests' in the environment variable CMAKE_PREFIX_PATH doesn't exist
[2.332s] WARNING:colcon.colcon_ros.prefix_path.catkin:The path '/home/jetros/ros2_ws/install/rosidl_typesupport_microxrcedds_c' in the environment variable CMAKE_PREFIX_PATH doesn't exist
[2.332s] WARNING:colcon.colcon_ros.prefix_path.catkin:The path '/home/jetros/ros2_ws/install/ros2_rs_pcl' in the environment variable CMAKE_PREFIX_PATH doesn't exist
[2.332s] WARNING:colcon.colcon_ros.prefix_path.catkin:The path '/home/jetros/ros2_ws/install/ros2_laser_scan_merger' in the environment variable CMAKE_PREFIX_PATH doesn't exist
[2.332s] WARNING:colcon.colcon_ros.prefix_path.catkin:The path '/home/jetros/ros2_ws/install/rf2o_laser_odometry' in the environment variable CMAKE_PREFIX_PATH doesn't exist
[2.332s] WARNING:colcon.colcon_ros.prefix_path.catkin:The path '/home/jetros/ros2_ws/install/rclc_examples' in the environment variable CMAKE_PREFIX_PATH doesn't exist
[2.332s] WARNING:colcon.colcon_ros.prefix_path.catkin:The path '/home/jetros/ros2_ws/install/rclc_parameter' in the environment variable CMAKE_PREFIX_PATH doesn't exist
[2.332s] WARNING:colcon.colcon_ros.prefix_path.catkin:The path '/home/jetros/ros2_ws/install/rclc_lifecycle' in the environment variable CMAKE_PREFIX_PATH doesn't exist
[2.332s] WARNING:colcon.colcon_ros.prefix_path.catkin:The path '/home/jetros/ros2_ws/install/rclc' in the environment variable CMAKE_PREFIX_PATH doesn't exist
[2.332s] WARNING:colcon.colcon_ros.prefix_path.catkin:The path '/home/jetros/ros2_ws/install/posedetection_msgs' in the environment variable CMAKE_PREFIX_PATH doesn't exist
[2.332s] WARNING:colcon.colcon_ros.prefix_path.catkin:The path '/home/jetros/ros2_ws/install/orange_gazebo' in the environment variable CMAKE_PREFIX_PATH doesn't exist
[2.333s] WARNING:colcon.colcon_ros.prefix_path.catkin:The path '/home/jetros/ros2_ws/install/orange_description' in the environment variable CMAKE_PREFIX_PATH doesn't exist
[2.333s] WARNING:colcon.colcon_ros.prefix_path.catkin:The path '/home/jetros/ros2_ws/install/orange_sensor_tools' in the environment variable CMAKE_PREFIX_PATH doesn't exist
[2.333s] WARNING:colcon.colcon_ros.prefix_path.catkin:The path '/home/jetros/ros2_ws/install/pointcloud_to_laserscan' in the environment variable CMAKE_PREFIX_PATH doesn't exist
[2.333s] WARNING:colcon.colcon_ros.prefix_path.catkin:The path '/home/jetros/ros2_ws/install/openslam_gmapping' in the environment variable CMAKE_PREFIX_PATH doesn't exist
[2.333s] WARNING:colcon.colcon_ros.prefix_path.catkin:The path '/home/jetros/ros2_ws/install/odom_publisher' in the environment variable CMAKE_PREFIX_PATH doesn't exist
[2.333s] WARNING:colcon.colcon_ros.prefix_path.catkin:The path '/home/jetros/ros2_ws/install/navigation2' in the environment variable CMAKE_PREFIX_PATH doesn't exist
[2.333s] WARNING:colcon.colcon_ros.prefix_path.catkin:The path '/home/jetros/ros2_ws/install/nav2_smoother' in the environment variable CMAKE_PREFIX_PATH doesn't exist
[2.333s] WARNING:colcon.colcon_ros.prefix_path.catkin:The path '/home/jetros/ros2_ws/install/nav2_rotation_shim_controller' in the environment variable CMAKE_PREFIX_PATH doesn't exist
[2.333s] WARNING:colcon.colcon_ros.prefix_path.catkin:The path '/home/jetros/ros2_ws/install/nav2_graceful_controller' in the environment variable CMAKE_PREFIX_PATH doesn't exist
[2.333s] WARNING:colcon.colcon_ros.prefix_path.catkin:The path '/home/jetros/ros2_ws/install/nav2_dwb_controller' in the environment variable CMAKE_PREFIX_PATH doesn't exist
[2.333s] WARNING:colcon.colcon_ros.prefix_path.catkin:The path '/home/jetros/ros2_ws/install/nav2_controller' in the environment variable CMAKE_PREFIX_PATH doesn't exist
[2.333s] WARNING:colcon.colcon_ros.prefix_path.catkin:The path '/home/jetros/ros2_ws/install/dwb_plugins' in the environment variable CMAKE_PREFIX_PATH doesn't exist
[2.333s] WARNING:colcon.colcon_ros.prefix_path.catkin:The path '/home/jetros/ros2_ws/install/dwb_critics' in the environment variable CMAKE_PREFIX_PATH doesn't exist
[2.333s] WARNING:colcon.colcon_ros.prefix_path.catkin:The path '/home/jetros/ros2_ws/install/dwb_core' in the environment variable CMAKE_PREFIX_PATH doesn't exist
[2.333s] WARNING:colcon.colcon_ros.prefix_path.catkin:The path '/home/jetros/ros2_ws/install/nav_2d_utils' in the environment variable CMAKE_PREFIX_PATH doesn't exist
[2.334s] WARNING:colcon.colcon_ros.prefix_path.catkin:The path '/home/jetros/ros2_ws/install/dwb_msgs' in the environment variable CMAKE_PREFIX_PATH doesn't exist
[2.334s] WARNING:colcon.colcon_ros.prefix_path.catkin:The path '/home/jetros/ros2_ws/install/nav_2d_msgs' in the environment variable CMAKE_PREFIX_PATH doesn't exist
[2.334s] WARNING:colcon.colcon_ros.prefix_path.catkin:The path '/home/jetros/ros2_ws/install/nav2_waypoint_follower' in the environment variable CMAKE_PREFIX_PATH doesn't exist
[2.334s] WARNING:colcon.colcon_ros.prefix_path.catkin:The path '/home/jetros/ros2_ws/install/nav2_theta_star_planner' in the environment variable CMAKE_PREFIX_PATH doesn't exist
[2.334s] WARNING:colcon.colcon_ros.prefix_path.catkin:The path '/home/jetros/ros2_ws/install/nav2_smac_planner' in the environment variable CMAKE_PREFIX_PATH doesn't exist
[2.334s] WARNING:colcon.colcon_ros.prefix_path.catkin:The path '/home/jetros/ros2_ws/install/nav2_route' in the environment variable CMAKE_PREFIX_PATH doesn't exist
[2.334s] WARNING:colcon.colcon_ros.prefix_path.catkin:The path '/home/jetros/ros2_ws/install/nav2_regulated_pure_pursuit_controller' in the environment variable CMAKE_PREFIX_PATH doesn't exist
[2.334s] WARNING:colcon.colcon_ros.prefix_path.catkin:The path '/home/jetros/ros2_ws/install/nav2_planner' in the environment variable CMAKE_PREFIX_PATH doesn't exist
[2.334s] WARNING:colcon.colcon_ros.prefix_path.catkin:The path '/home/jetros/ros2_ws/install/nav2_navfn_planner' in the environment variable CMAKE_PREFIX_PATH doesn't exist
[2.334s] WARNING:colcon.colcon_ros.prefix_path.catkin:The path '/home/jetros/ros2_ws/install/nav2_mppi_controller' in the environment variable CMAKE_PREFIX_PATH doesn't exist
[2.334s] WARNING:colcon.colcon_ros.prefix_path.catkin:The path '/home/jetros/ros2_ws/install/nav2_constrained_smoother' in the environment variable CMAKE_PREFIX_PATH doesn't exist
[2.334s] WARNING:colcon.colcon_ros.prefix_path.catkin:The path '/home/jetros/ros2_ws/install/nav2_bt_navigator' in the environment variable CMAKE_PREFIX_PATH doesn't exist
[2.334s] WARNING:colcon.colcon_ros.prefix_path.catkin:The path '/home/jetros/ros2_ws/install/nav2_behaviors' in the environment variable CMAKE_PREFIX_PATH doesn't exist
[2.335s] WARNING:colcon.colcon_ros.prefix_path.catkin:The path '/home/jetros/ros2_ws/install/nav2_core' in the environment variable CMAKE_PREFIX_PATH doesn't exist
[2.335s] WARNING:colcon.colcon_ros.prefix_path.catkin:The path '/home/jetros/ros2_ws/install/nav2_collision_monitor' in the environment variable CMAKE_PREFIX_PATH doesn't exist
[2.335s] WARNING:colcon.colcon_ros.prefix_path.catkin:The path '/home/jetros/ros2_ws/install/costmap_queue' in the environment variable CMAKE_PREFIX_PATH doesn't exist
[2.335s] WARNING:colcon.colcon_ros.prefix_path.catkin:The path '/home/jetros/ros2_ws/install/nav2_costmap_2d' in the environment variable CMAKE_PREFIX_PATH doesn't exist
[2.335s] WARNING:colcon.colcon_ros.prefix_path.catkin:The path '/home/jetros/ros2_ws/install/nav2_voxel_grid' in the environment variable CMAKE_PREFIX_PATH doesn't exist
[2.335s] WARNING:colcon.colcon_ros.prefix_path.catkin:The path '/home/jetros/ros2_ws/install/nav2_velocity_smoother' in the environment variable CMAKE_PREFIX_PATH doesn't exist
[2.335s] WARNING:colcon.colcon_ros.prefix_path.catkin:The path '/home/jetros/ros2_ws/install/nav2_rviz_plugins' in the environment variable CMAKE_PREFIX_PATH doesn't exist
[2.335s] WARNING:colcon.colcon_ros.prefix_path.catkin:The path '/home/jetros/ros2_ws/install/nav2_map_server' in the environment variable CMAKE_PREFIX_PATH doesn't exist
[2.335s] WARNING:colcon.colcon_ros.prefix_path.catkin:The path '/home/jetros/ros2_ws/install/nav2_lifecycle_manager' in the environment variable CMAKE_PREFIX_PATH doesn't exist
[2.335s] WARNING:colcon.colcon_ros.prefix_path.catkin:The path '/home/jetros/ros2_ws/install/nav2_behavior_tree' in the environment variable CMAKE_PREFIX_PATH doesn't exist
[2.335s] WARNING:colcon.colcon_ros.prefix_path.catkin:The path '/home/jetros/ros2_ws/install/nav2_amcl' in the environment variable CMAKE_PREFIX_PATH doesn't exist
[2.335s] WARNING:colcon.colcon_ros.prefix_path.catkin:The path '/home/jetros/ros2_ws/install/nav2_util' in the environment variable CMAKE_PREFIX_PATH doesn't exist
[2.336s] WARNING:colcon.colcon_ros.prefix_path.catkin:The path '/home/jetros/ros2_ws/install/nav2_msgs' in the environment variable CMAKE_PREFIX_PATH doesn't exist
[2.336s] WARNING:colcon.colcon_ros.prefix_path.catkin:The path '/home/jetros/ros2_ws/install/nav2_common' in the environment variable CMAKE_PREFIX_PATH doesn't exist
[2.336s] WARNING:colcon.colcon_ros.prefix_path.catkin:The path '/home/jetros/ros2_ws/install/microxrcedds_client' in the environment variable CMAKE_PREFIX_PATH doesn't exist
[2.336s] WARNING:colcon.colcon_ros.prefix_path.catkin:The path '/home/jetros/ros2_ws/install/microcdr' in the environment variable CMAKE_PREFIX_PATH doesn't exist
[2.336s] WARNING:colcon.colcon_ros.prefix_path.catkin:The path '/home/jetros/ros2_ws/install/micro_ros_utilities' in the environment variable CMAKE_PREFIX_PATH doesn't exist
[2.336s] WARNING:colcon.colcon_ros.prefix_path.catkin:The path '/home/jetros/ros2_ws/install/micro_ros_setup' in the environment variable CMAKE_PREFIX_PATH doesn't exist
[2.336s] WARNING:colcon.colcon_ros.prefix_path.catkin:The path '/home/jetros/ros2_ws/install/micro_ros_agent' in the environment variable CMAKE_PREFIX_PATH doesn't exist
[2.336s] WARNING:colcon.colcon_ros.prefix_path.catkin:The path '/home/jetros/ros2_ws/install/micro_ros_msgs' in the environment variable CMAKE_PREFIX_PATH doesn't exist
[2.336s] WARNING:colcon.colcon_ros.prefix_path.catkin:The path '/home/jetros/ros2_ws/install/mark3_urdf' in the environment variable CMAKE_PREFIX_PATH doesn't exist
[2.336s] WARNING:colcon.colcon_ros.prefix_path.catkin:The path '/home/jetros/ros2_ws/install/ldlidar_stl_ros2' in the environment variable CMAKE_PREFIX_PATH doesn't exist
[2.336s] WARNING:colcon.colcon_ros.prefix_path.catkin:The path '/home/jetros/ros2_ws/install/ldlidar' in the environment variable CMAKE_PREFIX_PATH doesn't exist
[2.336s] WARNING:colcon.colcon_ros.prefix_path.catkin:The path '/home/jetros/ros2_ws/install/laser_merger2' in the environment variable CMAKE_PREFIX_PATH doesn't exist
[2.337s] WARNING:colcon.colcon_ros.prefix_path.catkin:The path '/home/jetros/ros2_ws/install/laser_filters' in the environment variable CMAKE_PREFIX_PATH doesn't exist
[2.337s] WARNING:colcon.colcon_ros.prefix_path.catkin:The path '/home/jetros/ros2_ws/install/jsk_visualization' in the environment variable CMAKE_PREFIX_PATH doesn't exist
[2.337s] WARNING:colcon.colcon_ros.prefix_path.catkin:The path '/home/jetros/ros2_ws/install/jsk_rviz_plugins' in the environment variable CMAKE_PREFIX_PATH doesn't exist
[2.337s] WARNING:colcon.colcon_ros.prefix_path.catkin:The path '/home/jetros/ros2_ws/install/jsk_topic_tools' in the environment variable CMAKE_PREFIX_PATH doesn't exist
[2.337s] WARNING:colcon.colcon_ros.prefix_path.catkin:The path '/home/jetros/ros2_ws/install/jsk_rviz_plugin_msgs' in the environment variable CMAKE_PREFIX_PATH doesn't exist
[2.337s] WARNING:colcon.colcon_ros.prefix_path.catkin:The path '/home/jetros/ros2_ws/install/jsk_recognition_msgs' in the environment variable CMAKE_PREFIX_PATH doesn't exist
[2.337s] WARNING:colcon.colcon_ros.prefix_path.catkin:The path '/home/jetros/ros2_ws/install/jsk_hark_msgs' in the environment variable CMAKE_PREFIX_PATH doesn't exist
[2.337s] WARNING:colcon.colcon_ros.prefix_path.catkin:The path '/home/jetros/ros2_ws/install/jsk_gui_msgs' in the environment variable CMAKE_PREFIX_PATH doesn't exist
[2.337s] WARNING:colcon.colcon_ros.prefix_path.catkin:The path '/home/jetros/ros2_ws/install/jsk_footstep_msgs' in the environment variable CMAKE_PREFIX_PATH doesn't exist
[2.337s] WARNING:colcon.colcon_ros.prefix_path.catkin:The path '/home/jetros/ros2_ws/install/joy_mecanum_controller' in the environment variable CMAKE_PREFIX_PATH doesn't exist
[2.337s] WARNING:colcon.colcon_ros.prefix_path.catkin:The path '/home/jetros/ros2_ws/install/gazebo_ros_pkgs' in the environment variable CMAKE_PREFIX_PATH doesn't exist
[2.337s] WARNING:colcon.colcon_ros.prefix_path.catkin:The path '/home/jetros/ros2_ws/install/gazebo_msgs' in the environment variable CMAKE_PREFIX_PATH doesn't exist
[2.337s] WARNING:colcon.colcon_ros.prefix_path.catkin:The path '/home/jetros/ros2_ws/install/gazebo_dev' in the environment variable CMAKE_PREFIX_PATH doesn't exist
[2.337s] WARNING:colcon.colcon_ros.prefix_path.catkin:The path '/home/jetros/ros2_ws/install/emcl2' in the environment variable CMAKE_PREFIX_PATH doesn't exist
[2.337s] WARNING:colcon.colcon_ros.prefix_path.catkin:The path '/home/jetros/ros2_ws/install/complex_msgs' in the environment variable CMAKE_PREFIX_PATH doesn't exist
[2.338s] WARNING:colcon.colcon_ros.prefix_path.catkin:The path '/home/jetros/ros2_ws/install/cmd_vel_float_changer' in the environment variable CMAKE_PREFIX_PATH doesn't exist
[2.338s] WARNING:colcon.colcon_ros.prefix_path.catkin:The path '/home/jetros/ros2_ws/install/cartographer_rviz' in the environment variable CMAKE_PREFIX_PATH doesn't exist
[2.338s] WARNING:colcon.colcon_ros.prefix_path.catkin:The path '/home/jetros/ros2_ws/install/cartographer_ros' in the environment variable CMAKE_PREFIX_PATH doesn't exist
[2.338s] WARNING:colcon.colcon_ros.prefix_path.catkin:The path '/home/jetros/ros2_ws/install/cartographer_ros_msgs' in the environment variable CMAKE_PREFIX_PATH doesn't exist
[2.338s] WARNING:colcon.colcon_ros.prefix_path.catkin:The path '/home/jetros/ros2_ws/install/bringup' in the environment variable CMAKE_PREFIX_PATH doesn't exist
Starting >>> isaac_ros_tensor_proc
[2.483s] ERROR:colcon.colcon_cmake.task.cmake.build:Failed to find the following files:
- /home/jetros/ros2_ws/install/negotiated_interfaces/share/negotiated_interfaces/package.sh
- /home/jetros/ros2_ws/install/isaac_ros_gxf/share/isaac_ros_gxf/package.sh
- /home/jetros/ros2_ws/install/negotiated/share/negotiated/package.sh
- /home/jetros/ros2_ws/install/gxf_isaac_gems/share/gxf_isaac_gems/package.sh
- /home/jetros/ros2_ws/install/gxf_isaac_message_compositor/share/gxf_isaac_message_compositor/package.sh
- /home/jetros/ros2_ws/install/gxf_isaac_optimizer/share/gxf_isaac_optimizer/package.sh
- /home/jetros/ros2_ws/install/gxf_isaac_sight/share/gxf_isaac_sight/package.sh
- /home/jetros/ros2_ws/install/gxf_isaac_atlas/share/gxf_isaac_atlas/package.sh
- /home/jetros/ros2_ws/install/gxf_isaac_gxf_helpers/share/gxf_isaac_gxf_helpers/package.sh
- /home/jetros/ros2_ws/install/gxf_isaac_messages/share/gxf_isaac_messages/package.sh
- /home/jetros/ros2_ws/install/gxf_isaac_tensorops/share/gxf_isaac_tensorops/package.sh
- /home/jetros/ros2_ws/install/isaac_ros_nitros/share/isaac_ros_nitros/package.sh
- /home/jetros/ros2_ws/install/isaac_ros_nitros_camera_info_type/share/isaac_ros_nitros_camera_info_type/package.sh
- /home/jetros/ros2_ws/install/isaac_ros_nitros_image_type/share/isaac_ros_nitros_image_type/package.sh
- /home/jetros/ros2_ws/install/isaac_ros_nitros_tensor_list_type/share/isaac_ros_nitros_tensor_list_type/package.sh
- /home/jetros/ros2_ws/install/isaac_ros_managed_nitros/share/isaac_ros_managed_nitros/package.sh
- /home/jetros/ros2_ws/install/isaac_ros_image_proc/share/isaac_ros_image_proc/package.sh
Check that the following packages have been built:
- negotiated_interfaces
- isaac_ros_gxf
- negotiated
- gxf_isaac_gems
- gxf_isaac_message_compositor
- gxf_isaac_optimizer
- gxf_isaac_sight
- gxf_isaac_atlas
- gxf_isaac_gxf_helpers
- gxf_isaac_messages
- gxf_isaac_tensorops
- isaac_ros_nitros
- isaac_ros_nitros_camera_info_type
- isaac_ros_nitros_image_type
- isaac_ros_nitros_tensor_list_type
- isaac_ros_managed_nitros
- isaac_ros_image_proc
Failed   <<< isaac_ros_tensor_proc [0.02s, exited with code 1]

Summary: 0 packages finished [2.28s]
  1 package failed: isaac_ros_tensor_proc
  3 packages not processed
[0;32m[INFO][0m Stage 6: Building Isaac ROS Object Detection...
[2.290s] WARNING:colcon.colcon_ros.prefix_path.ament:The path '/home/jetros/ros2_ws/install/zed_ros2' in the environment variable AMENT_PREFIX_PATH doesn't exist
[2.290s] WARNING:colcon.colcon_ros.prefix_path.ament:The path '/home/jetros/ros2_ws/install/zed_robot_integration' in the environment variable AMENT_PREFIX_PATH doesn't exist
[2.290s] WARNING:colcon.colcon_ros.prefix_path.ament:The path '/home/jetros/ros2_ws/install/zed_ipc' in the environment variable AMENT_PREFIX_PATH doesn't exist
[2.290s] WARNING:colcon.colcon_ros.prefix_path.ament:The path '/home/jetros/ros2_ws/install/zed_multi_camera' in the environment variable AMENT_PREFIX_PATH doesn't exist
[2.290s] WARNING:colcon.colcon_ros.prefix_path.ament:The path '/home/jetros/ros2_ws/install/zed_display_rviz2' in the environment variable AMENT_PREFIX_PATH doesn't exist
[2.290s] WARNING:colcon.colcon_ros.prefix_path.ament:The path '/home/jetros/ros2_ws/install/zed_depth_to_laserscan' in the environment variable AMENT_PREFIX_PATH doesn't exist
[2.291s] WARNING:colcon.colcon_ros.prefix_path.ament:The path '/home/jetros/ros2_ws/install/zed_wrapper' in the environment variable AMENT_PREFIX_PATH doesn't exist
[2.291s] WARNING:colcon.colcon_ros.prefix_path.ament:The path '/home/jetros/ros2_ws/install/zed_tutorial_video' in the environment variable AMENT_PREFIX_PATH doesn't exist
[2.291s] WARNING:colcon.colcon_ros.prefix_path.ament:The path '/home/jetros/ros2_ws/install/zed_tutorial_pos_tracking' in the environment variable AMENT_PREFIX_PATH doesn't exist
[2.291s] WARNING:colcon.colcon_ros.prefix_path.ament:The path '/home/jetros/ros2_ws/install/zed_tutorial_depth' in the environment variable AMENT_PREFIX_PATH doesn't exist
[2.291s] WARNING:colcon.colcon_ros.prefix_path.ament:The path '/home/jetros/ros2_ws/install/zed_topic_benchmark' in the environment variable AMENT_PREFIX_PATH doesn't exist
[2.291s] WARNING:colcon.colcon_ros.prefix_path.ament:The path '/home/jetros/ros2_ws/install/zed_topic_benchmark_component' in the environment variable AMENT_PREFIX_PATH doesn't exist
[2.291s] WARNING:colcon.colcon_ros.prefix_path.ament:The path '/home/jetros/ros2_ws/install/zed_topic_benchmark_interfaces' in the environment variable AMENT_PREFIX_PATH doesn't exist
[2.291s] WARNING:colcon.colcon_ros.prefix_path.ament:The path '/home/jetros/ros2_ws/install/zed_rgb_convert' in the environment variable AMENT_PREFIX_PATH doesn't exist
[2.291s] WARNING:colcon.colcon_ros.prefix_path.ament:The path '/home/jetros/ros2_ws/install/zed_odom_watcher' in the environment variable AMENT_PREFIX_PATH doesn't exist
[2.291s] WARNING:colcon.colcon_ros.prefix_path.ament:The path '/home/jetros/ros2_ws/install/zed_human_tracker' in the environment variable AMENT_PREFIX_PATH doesn't exist
[2.291s] WARNING:colcon.colcon_ros.prefix_path.ament:The path '/home/jetros/ros2_ws/install/zed_aruco_localization' in the environment variable AMENT_PREFIX_PATH doesn't exist
[2.291s] WARNING:colcon.colcon_ros.prefix_path.ament:The path '/home/jetros/ros2_ws/install/zed_components' in the environment variable AMENT_PREFIX_PATH doesn't exist
[2.291s] WARNING:colcon.colcon_ros.prefix_path.ament:The path '/home/jetros/ros2_ws/install/rviz_plugin_zed_od' in the environment variable AMENT_PREFIX_PATH doesn't exist
[2.292s] WARNING:colcon.colcon_ros.prefix_path.ament:The path '/home/jetros/ros2_ws/install/zed_msgs' in the environment variable AMENT_PREFIX_PATH doesn't exist
[2.292s] WARNING:colcon.colcon_ros.prefix_path.ament:The path '/home/jetros/ros2_ws/install/zed_imu_republisher' in the environment variable AMENT_PREFIX_PATH doesn't exist
[2.292s] WARNING:colcon.colcon_ros.prefix_path.ament:The path '/home/jetros/ros2_ws/install/zed_goal_publisher' in the environment variable AMENT_PREFIX_PATH doesn't exist
[2.292s] WARNING:colcon.colcon_ros.prefix_path.ament:The path '/home/jetros/ros2_ws/install/voicevox_ros2' in the environment variable AMENT_PREFIX_PATH doesn't exist
[2.292s] WARNING:colcon.colcon_ros.prefix_path.ament:The path '/home/jetros/ros2_ws/install/voicevox_ros2_msgs' in the environment variable AMENT_PREFIX_PATH doesn't exist
[2.292s] WARNING:colcon.colcon_ros.prefix_path.ament:The path '/home/jetros/ros2_ws/install/orange_slam' in the environment variable AMENT_PREFIX_PATH doesn't exist
[2.292s] WARNING:colcon.colcon_ros.prefix_path.ament:The path '/home/jetros/ros2_ws/install/orange_navigation' in the environment variable AMENT_PREFIX_PATH doesn't exist
[2.292s] WARNING:colcon.colcon_ros.prefix_path.ament:The path '/home/jetros/ros2_ws/install/orange_bringup' in the environment variable AMENT_PREFIX_PATH doesn't exist
[2.292s] WARNING:colcon.colcon_ros.prefix_path.ament:The path '/home/jetros/ros2_ws/install/velodyne' in the environment variable AMENT_PREFIX_PATH doesn't exist
[2.292s] WARNING:colcon.colcon_ros.prefix_path.ament:The path '/home/jetros/ros2_ws/install/velodyne_pointcloud' in the environment variable AMENT_PREFIX_PATH doesn't exist
[2.292s] WARNING:colcon.colcon_ros.prefix_path.ament:The path '/home/jetros/ros2_ws/install/velodyne_driver' in the environment variable AMENT_PREFIX_PATH doesn't exist
[2.292s] WARNING:colcon.colcon_ros.prefix_path.ament:The path '/home/jetros/ros2_ws/install/velodyne_msgs' in the environment variable AMENT_PREFIX_PATH doesn't exist
[2.292s] WARNING:colcon.colcon_ros.prefix_path.ament:The path '/home/jetros/ros2_ws/install/velodyne_laserscan' in the environment variable AMENT_PREFIX_PATH doesn't exist
[2.293s] WARNING:colcon.colcon_ros.prefix_path.ament:The path '/home/jetros/ros2_ws/install/speech_recognition_msgs' in the environment variable AMENT_PREFIX_PATH doesn't exist
[2.293s] WARNING:colcon.colcon_ros.prefix_path.ament:The path '/home/jetros/ros2_ws/install/sllidar_ros2' in the environment variable AMENT_PREFIX_PATH doesn't exist
[2.293s] WARNING:colcon.colcon_ros.prefix_path.ament:The path '/home/jetros/ros2_ws/install/nav2_system_tests' in the environment variable AMENT_PREFIX_PATH doesn't exist
[2.293s] WARNING:colcon.colcon_ros.prefix_path.ament:The path '/home/jetros/ros2_ws/install/nav2_bringup' in the environment variable AMENT_PREFIX_PATH doesn't exist
[2.293s] WARNING:colcon.colcon_ros.prefix_path.ament:The path '/home/jetros/ros2_ws/install/slam_toolbox' in the environment variable AMENT_PREFIX_PATH doesn't exist
[2.293s] WARNING:colcon.colcon_ros.prefix_path.ament:The path '/home/jetros/ros2_ws/install/slam_gmapping' in the environment variable AMENT_PREFIX_PATH doesn't exist
[2.293s] WARNING:colcon.colcon_ros.prefix_path.ament:The path '/home/jetros/ros2_ws/install/safety_sensor' in the environment variable AMENT_PREFIX_PATH doesn't exist
[2.293s] WARNING:colcon.colcon_ros.prefix_path.ament:The path '/home/jetros/ros2_ws/install/rosidl_typesupport_microxrcedds_test_msg' in the environment variable AMENT_PREFIX_PATH doesn't exist
[2.293s] WARNING:colcon.colcon_ros.prefix_path.ament:The path '/home/jetros/ros2_ws/install/rosidl_typesupport_microxrcedds_cpp_tests' in the environment variable AMENT_PREFIX_PATH doesn't exist
[2.293s] WARNING:colcon.colcon_ros.prefix_path.ament:The path '/home/jetros/ros2_ws/install/micro_ros_demos_rclc' in the environment variable AMENT_PREFIX_PATH doesn't exist
[2.293s] WARNING:colcon.colcon_ros.prefix_path.ament:The path '/home/jetros/ros2_ws/install/rmw_microxrcedds' in the environment variable AMENT_PREFIX_PATH doesn't exist
[2.293s] WARNING:colcon.colcon_ros.prefix_path.ament:The path '/home/jetros/ros2_ws/install/rosidl_typesupport_microxrcedds_cpp' in the environment variable AMENT_PREFIX_PATH doesn't exist
[2.294s] WARNING:colcon.colcon_ros.prefix_path.ament:The path '/home/jetros/ros2_ws/install/rosidl_typesupport_microxrcedds_c_tests' in the environment variable AMENT_PREFIX_PATH doesn't exist
[2.294s] WARNING:colcon.colcon_ros.prefix_path.ament:The path '/home/jetros/ros2_ws/install/rosidl_typesupport_microxrcedds_c' in the environment variable AMENT_PREFIX_PATH doesn't exist
[2.294s] WARNING:colcon.colcon_ros.prefix_path.ament:The path '/home/jetros/ros2_ws/install/ros2_rs_pcl' in the environment variable AMENT_PREFIX_PATH doesn't exist
[2.294s] WARNING:colcon.colcon_ros.prefix_path.ament:The path '/home/jetros/ros2_ws/install/ros2_laser_scan_merger' in the environment variable AMENT_PREFIX_PATH doesn't exist
[2.294s] WARNING:colcon.colcon_ros.prefix_path.ament:The path '/home/jetros/ros2_ws/install/rf2o_laser_odometry' in the environment variable AMENT_PREFIX_PATH doesn't exist
[2.294s] WARNING:colcon.colcon_ros.prefix_path.ament:The path '/home/jetros/ros2_ws/install/rclc_examples' in the environment variable AMENT_PREFIX_PATH doesn't exist
[2.294s] WARNING:colcon.colcon_ros.prefix_path.ament:The path '/home/jetros/ros2_ws/install/rclc_parameter' in the environment variable AMENT_PREFIX_PATH doesn't exist
[2.294s] WARNING:colcon.colcon_ros.prefix_path.ament:The path '/home/jetros/ros2_ws/install/rclc_lifecycle' in the environment variable AMENT_PREFIX_PATH doesn't exist
[2.294s] WARNING:colcon.colcon_ros.prefix_path.ament:The path '/home/jetros/ros2_ws/install/rclc' in the environment variable AMENT_PREFIX_PATH doesn't exist
[2.294s] WARNING:colcon.colcon_ros.prefix_path.ament:The path '/home/jetros/ros2_ws/install/posedetection_msgs' in the environment variable AMENT_PREFIX_PATH doesn't exist
[2.294s] WARNING:colcon.colcon_ros.prefix_path.ament:The path '/home/jetros/ros2_ws/install/orange_gazebo' in the environment variable AMENT_PREFIX_PATH doesn't exist
[2.294s] WARNING:colcon.colcon_ros.prefix_path.ament:The path '/home/jetros/ros2_ws/install/orange_description' in the environment variable AMENT_PREFIX_PATH doesn't exist
[2.295s] WARNING:colcon.colcon_ros.prefix_path.ament:The path '/home/jetros/ros2_ws/install/orange_sensor_tools' in the environment variable AMENT_PREFIX_PATH doesn't exist
[2.295s] WARNING:colcon.colcon_ros.prefix_path.ament:The path '/home/jetros/ros2_ws/install/pointcloud_to_laserscan' in the environment variable AMENT_PREFIX_PATH doesn't exist
[2.295s] WARNING:colcon.colcon_ros.prefix_path.ament:The path '/home/jetros/ros2_ws/install/orange_teleop' in the environment variable AMENT_PREFIX_PATH doesn't exist
[2.295s] WARNING:colcon.colcon_ros.prefix_path.ament:The path '/home/jetros/ros2_ws/install/openslam_gmapping' in the environment variable AMENT_PREFIX_PATH doesn't exist
[2.295s] WARNING:colcon.colcon_ros.prefix_path.ament:The path '/home/jetros/ros2_ws/install/odom_publisher' in the environment variable AMENT_PREFIX_PATH doesn't exist
[2.295s] WARNING:colcon.colcon_ros.prefix_path.ament:The path '/home/jetros/ros2_ws/install/navigation2' in the environment variable AMENT_PREFIX_PATH doesn't exist
[2.295s] WARNING:colcon.colcon_ros.prefix_path.ament:The path '/home/jetros/ros2_ws/install/nav2_smoother' in the environment variable AMENT_PREFIX_PATH doesn't exist
[2.295s] WARNING:colcon.colcon_ros.prefix_path.ament:The path '/home/jetros/ros2_ws/install/nav2_rotation_shim_controller' in the environment variable AMENT_PREFIX_PATH doesn't exist
[2.295s] WARNING:colcon.colcon_ros.prefix_path.ament:The path '/home/jetros/ros2_ws/install/nav2_graceful_controller' in the environment variable AMENT_PREFIX_PATH doesn't exist
[2.295s] WARNING:colcon.colcon_ros.prefix_path.ament:The path '/home/jetros/ros2_ws/install/nav2_dwb_controller' in the environment variable AMENT_PREFIX_PATH doesn't exist
[2.295s] WARNING:colcon.colcon_ros.prefix_path.ament:The path '/home/jetros/ros2_ws/install/nav2_controller' in the environment variable AMENT_PREFIX_PATH doesn't exist
[2.295s] WARNING:colcon.colcon_ros.prefix_path.ament:The path '/home/jetros/ros2_ws/install/dwb_plugins' in the environment variable AMENT_PREFIX_PATH doesn't exist
[2.296s] WARNING:colcon.colcon_ros.prefix_path.ament:The path '/home/jetros/ros2_ws/install/dwb_critics' in the environment variable AMENT_PREFIX_PATH doesn't exist
[2.296s] WARNING:colcon.colcon_ros.prefix_path.ament:The path '/home/jetros/ros2_ws/install/dwb_core' in the environment variable AMENT_PREFIX_PATH doesn't exist
[2.296s] WARNING:colcon.colcon_ros.prefix_path.ament:The path '/home/jetros/ros2_ws/install/nav_2d_utils' in the environment variable AMENT_PREFIX_PATH doesn't exist
[2.296s] WARNING:colcon.colcon_ros.prefix_path.ament:The path '/home/jetros/ros2_ws/install/dwb_msgs' in the environment variable AMENT_PREFIX_PATH doesn't exist
[2.296s] WARNING:colcon.colcon_ros.prefix_path.ament:The path '/home/jetros/ros2_ws/install/nav_2d_msgs' in the environment variable AMENT_PREFIX_PATH doesn't exist
[2.296s] WARNING:colcon.colcon_ros.prefix_path.ament:The path '/home/jetros/ros2_ws/install/nav2_waypoint_follower' in the environment variable AMENT_PREFIX_PATH doesn't exist
[2.296s] WARNING:colcon.colcon_ros.prefix_path.ament:The path '/home/jetros/ros2_ws/install/nav2_theta_star_planner' in the environment variable AMENT_PREFIX_PATH doesn't exist
[2.296s] WARNING:colcon.colcon_ros.prefix_path.ament:The path '/home/jetros/ros2_ws/install/nav2_smac_planner' in the environment variable AMENT_PREFIX_PATH doesn't exist
[2.296s] WARNING:colcon.colcon_ros.prefix_path.ament:The path '/home/jetros/ros2_ws/install/nav2_route' in the environment variable AMENT_PREFIX_PATH doesn't exist
[2.296s] WARNING:colcon.colcon_ros.prefix_path.ament:The path '/home/jetros/ros2_ws/install/nav2_regulated_pure_pursuit_controller' in the environment variable AMENT_PREFIX_PATH doesn't exist
[2.297s] WARNING:colcon.colcon_ros.prefix_path.ament:The path '/home/jetros/ros2_ws/install/nav2_planner' in the environment variable AMENT_PREFIX_PATH doesn't exist
[2.297s] WARNING:colcon.colcon_ros.prefix_path.ament:The path '/home/jetros/ros2_ws/install/nav2_navfn_planner' in the environment variable AMENT_PREFIX_PATH doesn't exist
[2.297s] WARNING:colcon.colcon_ros.prefix_path.ament:The path '/home/jetros/ros2_ws/install/nav2_mppi_controller' in the environment variable AMENT_PREFIX_PATH doesn't exist
[2.297s] WARNING:colcon.colcon_ros.prefix_path.ament:The path '/home/jetros/ros2_ws/install/nav2_constrained_smoother' in the environment variable AMENT_PREFIX_PATH doesn't exist
[2.297s] WARNING:colcon.colcon_ros.prefix_path.ament:The path '/home/jetros/ros2_ws/install/nav2_bt_navigator' in the environment variable AMENT_PREFIX_PATH doesn't exist
[2.297s] WARNING:colcon.colcon_ros.prefix_path.ament:The path '/home/jetros/ros2_ws/install/nav2_behaviors' in the environment variable AMENT_PREFIX_PATH doesn't exist
[2.297s] WARNING:colcon.colcon_ros.prefix_path.ament:The path '/home/jetros/ros2_ws/install/nav2_core' in the environment variable AMENT_PREFIX_PATH doesn't exist
[2.297s] WARNING:colcon.colcon_ros.prefix_path.ament:The path '/home/jetros/ros2_ws/install/nav2_collision_monitor' in the environment variable AMENT_PREFIX_PATH doesn't exist
[2.297s] WARNING:colcon.colcon_ros.prefix_path.ament:The path '/home/jetros/ros2_ws/install/costmap_queue' in the environment variable AMENT_PREFIX_PATH doesn't exist
[2.297s] WARNING:colcon.colcon_ros.prefix_path.ament:The path '/home/jetros/ros2_ws/install/nav2_costmap_2d' in the environment variable AMENT_PREFIX_PATH doesn't exist
[2.297s] WARNING:colcon.colcon_ros.prefix_path.ament:The path '/home/jetros/ros2_ws/install/nav2_voxel_grid' in the environment variable AMENT_PREFIX_PATH doesn't exist
[2.297s] WARNING:colcon.colcon_ros.prefix_path.ament:The path '/home/jetros/ros2_ws/install/nav2_velocity_smoother' in the environment variable AMENT_PREFIX_PATH doesn't exist
[2.297s] WARNING:colcon.colcon_ros.prefix_path.ament:The path '/home/jetros/ros2_ws/install/nav2_rviz_plugins' in the environment variable AMENT_PREFIX_PATH doesn't exist
[2.298s] WARNING:colcon.colcon_ros.prefix_path.ament:The path '/home/jetros/ros2_ws/install/nav2_map_server' in the environment variable AMENT_PREFIX_PATH doesn't exist
[2.298s] WARNING:colcon.colcon_ros.prefix_path.ament:The path '/home/jetros/ros2_ws/install/nav2_lifecycle_manager' in the environment variable AMENT_PREFIX_PATH doesn't exist
[2.298s] WARNING:colcon.colcon_ros.prefix_path.ament:The path '/home/jetros/ros2_ws/install/nav2_behavior_tree' in the environment variable AMENT_PREFIX_PATH doesn't exist
[2.298s] WARNING:colcon.colcon_ros.prefix_path.ament:The path '/home/jetros/ros2_ws/install/nav2_amcl' in the environment variable AMENT_PREFIX_PATH doesn't exist
[2.298s] WARNING:colcon.colcon_ros.prefix_path.ament:The path '/home/jetros/ros2_ws/install/nav2_util' in the environment variable AMENT_PREFIX_PATH doesn't exist
[2.298s] WARNING:colcon.colcon_ros.prefix_path.ament:The path '/home/jetros/ros2_ws/install/nav2_simple_commander' in the environment variable AMENT_PREFIX_PATH doesn't exist
[2.298s] WARNING:colcon.colcon_ros.prefix_path.ament:The path '/home/jetros/ros2_ws/install/nav2_msgs' in the environment variable AMENT_PREFIX_PATH doesn't exist
[2.298s] WARNING:colcon.colcon_ros.prefix_path.ament:The path '/home/jetros/ros2_ws/install/nav2_common' in the environment variable AMENT_PREFIX_PATH doesn't exist
[2.298s] WARNING:colcon.colcon_ros.prefix_path.ament:The path '/home/jetros/ros2_ws/install/micro_ros_utilities' in the environment variable AMENT_PREFIX_PATH doesn't exist
[2.298s] WARNING:colcon.colcon_ros.prefix_path.ament:The path '/home/jetros/ros2_ws/install/micro_ros_setup' in the environment variable AMENT_PREFIX_PATH doesn't exist
[2.298s] WARNING:colcon.colcon_ros.prefix_path.ament:The path '/home/jetros/ros2_ws/install/micro_ros_agent' in the environment variable AMENT_PREFIX_PATH doesn't exist
[2.299s] WARNING:colcon.colcon_ros.prefix_path.ament:The path '/home/jetros/ros2_ws/install/micro_ros_msgs' in the environment variable AMENT_PREFIX_PATH doesn't exist
[2.299s] WARNING:colcon.colcon_ros.prefix_path.ament:The path '/home/jetros/ros2_ws/install/mark3_urdf' in the environment variable AMENT_PREFIX_PATH doesn't exist
[2.299s] WARNING:colcon.colcon_ros.prefix_path.ament:The path '/home/jetros/ros2_ws/install/ldlidar_stl_ros2' in the environment variable AMENT_PREFIX_PATH doesn't exist
[2.299s] WARNING:colcon.colcon_ros.prefix_path.ament:The path '/home/jetros/ros2_ws/install/ldlidar' in the environment variable AMENT_PREFIX_PATH doesn't exist
[2.299s] WARNING:colcon.colcon_ros.prefix_path.ament:The path '/home/jetros/ros2_ws/install/laser_merger2' in the environment variable AMENT_PREFIX_PATH doesn't exist
[2.299s] WARNING:colcon.colcon_ros.prefix_path.ament:The path '/home/jetros/ros2_ws/install/laser_filters' in the environment variable AMENT_PREFIX_PATH doesn't exist
[2.299s] WARNING:colcon.colcon_ros.prefix_path.ament:The path '/home/jetros/ros2_ws/install/jsk_visualization' in the environment variable AMENT_PREFIX_PATH doesn't exist
[2.299s] WARNING:colcon.colcon_ros.prefix_path.ament:The path '/home/jetros/ros2_ws/install/jsk_rviz_plugins' in the environment variable AMENT_PREFIX_PATH doesn't exist
[2.299s] WARNING:colcon.colcon_ros.prefix_path.ament:The path '/home/jetros/ros2_ws/install/jsk_topic_tools' in the environment variable AMENT_PREFIX_PATH doesn't exist
[2.299s] WARNING:colcon.colcon_ros.prefix_path.ament:The path '/home/jetros/ros2_ws/install/jsk_rviz_plugin_msgs' in the environment variable AMENT_PREFIX_PATH doesn't exist
[2.299s] WARNING:colcon.colcon_ros.prefix_path.ament:The path '/home/jetros/ros2_ws/install/jsk_recognition_msgs' in the environment variable AMENT_PREFIX_PATH doesn't exist
[2.300s] WARNING:colcon.colcon_ros.prefix_path.ament:The path '/home/jetros/ros2_ws/install/jsk_hark_msgs' in the environment variable AMENT_PREFIX_PATH doesn't exist
[2.300s] WARNING:colcon.colcon_ros.prefix_path.ament:The path '/home/jetros/ros2_ws/install/jsk_gui_msgs' in the environment variable AMENT_PREFIX_PATH doesn't exist
[2.300s] WARNING:colcon.colcon_ros.prefix_path.ament:The path '/home/jetros/ros2_ws/install/jsk_footstep_msgs' in the environment variable AMENT_PREFIX_PATH doesn't exist
[2.300s] WARNING:colcon.colcon_ros.prefix_path.ament:The path '/home/jetros/ros2_ws/install/joy_mecanum_controller' in the environment variable AMENT_PREFIX_PATH doesn't exist
[2.300s] WARNING:colcon.colcon_ros.prefix_path.ament:The path '/home/jetros/ros2_ws/install/gazebo_ros_pkgs' in the environment variable AMENT_PREFIX_PATH doesn't exist
[2.300s] WARNING:colcon.colcon_ros.prefix_path.ament:The path '/home/jetros/ros2_ws/install/gazebo_msgs' in the environment variable AMENT_PREFIX_PATH doesn't exist
[2.300s] WARNING:colcon.colcon_ros.prefix_path.ament:The path '/home/jetros/ros2_ws/install/gazebo_dev' in the environment variable AMENT_PREFIX_PATH doesn't exist
[2.300s] WARNING:colcon.colcon_ros.prefix_path.ament:The path '/home/jetros/ros2_ws/install/emcl2' in the environment variable AMENT_PREFIX_PATH doesn't exist
[2.301s] WARNING:colcon.colcon_ros.prefix_path.ament:The path '/home/jetros/ros2_ws/install/complex_msgs' in the environment variable AMENT_PREFIX_PATH doesn't exist
[2.301s] WARNING:colcon.colcon_ros.prefix_path.ament:The path '/home/jetros/ros2_ws/install/cmd_vel_float_changer' in the environment variable AMENT_PREFIX_PATH doesn't exist
[2.301s] WARNING:colcon.colcon_ros.prefix_path.ament:The path '/home/jetros/ros2_ws/install/cartographer_rviz' in the environment variable AMENT_PREFIX_PATH doesn't exist
[2.301s] WARNING:colcon.colcon_ros.prefix_path.ament:The path '/home/jetros/ros2_ws/install/cartographer_ros' in the environment variable AMENT_PREFIX_PATH doesn't exist
[2.301s] WARNING:colcon.colcon_ros.prefix_path.ament:The path '/home/jetros/ros2_ws/install/cartographer_ros_msgs' in the environment variable AMENT_PREFIX_PATH doesn't exist
[2.301s] WARNING:colcon.colcon_ros.prefix_path.ament:The path '/home/jetros/ros2_ws/install/bringup' in the environment variable AMENT_PREFIX_PATH doesn't exist
[2.301s] WARNING:colcon.colcon_ros.prefix_path.catkin:The path '/home/jetros/ros2_ws/install/zed_ros2' in the environment variable CMAKE_PREFIX_PATH doesn't exist
[2.301s] WARNING:colcon.colcon_ros.prefix_path.catkin:The path '/home/jetros/ros2_ws/install/zed_robot_integration' in the environment variable CMAKE_PREFIX_PATH doesn't exist
[2.301s] WARNING:colcon.colcon_ros.prefix_path.catkin:The path '/home/jetros/ros2_ws/install/zed_ipc' in the environment variable CMAKE_PREFIX_PATH doesn't exist
[2.301s] WARNING:colcon.colcon_ros.prefix_path.catkin:The path '/home/jetros/ros2_ws/install/zed_multi_camera' in the environment variable CMAKE_PREFIX_PATH doesn't exist
[2.302s] WARNING:colcon.colcon_ros.prefix_path.catkin:The path '/home/jetros/ros2_ws/install/zed_display_rviz2' in the environment variable CMAKE_PREFIX_PATH doesn't exist
[2.302s] WARNING:colcon.colcon_ros.prefix_path.catkin:The path '/home/jetros/ros2_ws/install/zed_depth_to_laserscan' in the environment variable CMAKE_PREFIX_PATH doesn't exist
[2.302s] WARNING:colcon.colcon_ros.prefix_path.catkin:The path '/home/jetros/ros2_ws/install/zed_wrapper' in the environment variable CMAKE_PREFIX_PATH doesn't exist
[2.302s] WARNING:colcon.colcon_ros.prefix_path.catkin:The path '/home/jetros/ros2_ws/install/zed_tutorial_video' in the environment variable CMAKE_PREFIX_PATH doesn't exist
[2.302s] WARNING:colcon.colcon_ros.prefix_path.catkin:The path '/home/jetros/ros2_ws/install/zed_tutorial_pos_tracking' in the environment variable CMAKE_PREFIX_PATH doesn't exist
[2.302s] WARNING:colcon.colcon_ros.prefix_path.catkin:The path '/home/jetros/ros2_ws/install/zed_tutorial_depth' in the environment variable CMAKE_PREFIX_PATH doesn't exist
[2.302s] WARNING:colcon.colcon_ros.prefix_path.catkin:The path '/home/jetros/ros2_ws/install/zed_topic_benchmark' in the environment variable CMAKE_PREFIX_PATH doesn't exist
[2.302s] WARNING:colcon.colcon_ros.prefix_path.catkin:The path '/home/jetros/ros2_ws/install/zed_topic_benchmark_component' in the environment variable CMAKE_PREFIX_PATH doesn't exist
[2.302s] WARNING:colcon.colcon_ros.prefix_path.catkin:The path '/home/jetros/ros2_ws/install/zed_topic_benchmark_interfaces' in the environment variable CMAKE_PREFIX_PATH doesn't exist
[2.302s] WARNING:colcon.colcon_ros.prefix_path.catkin:The path '/home/jetros/ros2_ws/install/zed_rgb_convert' in the environment variable CMAKE_PREFIX_PATH doesn't exist
[2.302s] WARNING:colcon.colcon_ros.prefix_path.catkin:The path '/home/jetros/ros2_ws/install/zed_odom_watcher' in the environment variable CMAKE_PREFIX_PATH doesn't exist
[2.302s] WARNING:colcon.colcon_ros.prefix_path.catkin:The path '/home/jetros/ros2_ws/install/zed_human_tracker' in the environment variable CMAKE_PREFIX_PATH doesn't exist
[2.302s] WARNING:colcon.colcon_ros.prefix_path.catkin:The path '/home/jetros/ros2_ws/install/zed_aruco_localization' in the environment variable CMAKE_PREFIX_PATH doesn't exist
[2.302s] WARNING:colcon.colcon_ros.prefix_path.catkin:The path '/home/jetros/ros2_ws/install/zed_components' in the environment variable CMAKE_PREFIX_PATH doesn't exist
[2.303s] WARNING:colcon.colcon_ros.prefix_path.catkin:The path '/home/jetros/ros2_ws/install/rviz_plugin_zed_od' in the environment variable CMAKE_PREFIX_PATH doesn't exist
[2.303s] WARNING:colcon.colcon_ros.prefix_path.catkin:The path '/home/jetros/ros2_ws/install/zed_msgs' in the environment variable CMAKE_PREFIX_PATH doesn't exist
[2.303s] WARNING:colcon.colcon_ros.prefix_path.catkin:The path '/home/jetros/ros2_ws/install/zed_imu_republisher' in the environment variable CMAKE_PREFIX_PATH doesn't exist
[2.303s] WARNING:colcon.colcon_ros.prefix_path.catkin:The path '/home/jetros/ros2_ws/install/zed_goal_publisher' in the environment variable CMAKE_PREFIX_PATH doesn't exist
[2.303s] WARNING:colcon.colcon_ros.prefix_path.catkin:The path '/home/jetros/ros2_ws/install/voicevox_ros2_msgs' in the environment variable CMAKE_PREFIX_PATH doesn't exist
[2.303s] WARNING:colcon.colcon_ros.prefix_path.catkin:The path '/home/jetros/ros2_ws/install/orange_slam' in the environment variable CMAKE_PREFIX_PATH doesn't exist
[2.303s] WARNING:colcon.colcon_ros.prefix_path.catkin:The path '/home/jetros/ros2_ws/install/orange_navigation' in the environment variable CMAKE_PREFIX_PATH doesn't exist
[2.303s] WARNING:colcon.colcon_ros.prefix_path.catkin:The path '/home/jetros/ros2_ws/install/velodyne' in the environment variable CMAKE_PREFIX_PATH doesn't exist
[2.303s] WARNING:colcon.colcon_ros.prefix_path.catkin:The path '/home/jetros/ros2_ws/install/velodyne_pointcloud' in the environment variable CMAKE_PREFIX_PATH doesn't exist
[2.303s] WARNING:colcon.colcon_ros.prefix_path.catkin:The path '/home/jetros/ros2_ws/install/velodyne_driver' in the environment variable CMAKE_PREFIX_PATH doesn't exist
[2.303s] WARNING:colcon.colcon_ros.prefix_path.catkin:The path '/home/jetros/ros2_ws/install/velodyne_msgs' in the environment variable CMAKE_PREFIX_PATH doesn't exist
[2.303s] WARNING:colcon.colcon_ros.prefix_path.catkin:The path '/home/jetros/ros2_ws/install/velodyne_laserscan' in the environment variable CMAKE_PREFIX_PATH doesn't exist
[2.304s] WARNING:colcon.colcon_ros.prefix_path.catkin:The path '/home/jetros/ros2_ws/install/speech_recognition_msgs' in the environment variable CMAKE_PREFIX_PATH doesn't exist
[2.304s] WARNING:colcon.colcon_ros.prefix_path.catkin:The path '/home/jetros/ros2_ws/install/sllidar_ros2' in the environment variable CMAKE_PREFIX_PATH doesn't exist
[2.304s] WARNING:colcon.colcon_ros.prefix_path.catkin:The path '/home/jetros/ros2_ws/install/nav2_system_tests' in the environment variable CMAKE_PREFIX_PATH doesn't exist
[2.304s] WARNING:colcon.colcon_ros.prefix_path.catkin:The path '/home/jetros/ros2_ws/install/nav2_bringup' in the environment variable CMAKE_PREFIX_PATH doesn't exist
[2.304s] WARNING:colcon.colcon_ros.prefix_path.catkin:The path '/home/jetros/ros2_ws/install/slam_toolbox' in the environment variable CMAKE_PREFIX_PATH doesn't exist
[2.304s] WARNING:colcon.colcon_ros.prefix_path.catkin:The path '/home/jetros/ros2_ws/install/slam_gmapping' in the environment variable CMAKE_PREFIX_PATH doesn't exist
[2.304s] WARNING:colcon.colcon_ros.prefix_path.catkin:The path '/home/jetros/ros2_ws/install/safety_sensor' in the environment variable CMAKE_PREFIX_PATH doesn't exist
[2.304s] WARNING:colcon.colcon_ros.prefix_path.catkin:The path '/home/jetros/ros2_ws/install/rosidl_typesupport_microxrcedds_test_msg' in the environment variable CMAKE_PREFIX_PATH doesn't exist
[2.304s] WARNING:colcon.colcon_ros.prefix_path.catkin:The path '/home/jetros/ros2_ws/install/rosidl_typesupport_microxrcedds_cpp_tests' in the environment variable CMAKE_PREFIX_PATH doesn't exist
[2.304s] WARNING:colcon.colcon_ros.prefix_path.catkin:The path '/home/jetros/ros2_ws/install/micro_ros_demos_rclc' in the environment variable CMAKE_PREFIX_PATH doesn't exist
[2.304s] WARNING:colcon.colcon_ros.prefix_path.catkin:The path '/home/jetros/ros2_ws/install/rmw_microxrcedds' in the environment variable CMAKE_PREFIX_PATH doesn't exist
[2.304s] WARNING:colcon.colcon_ros.prefix_path.catkin:The path '/home/jetros/ros2_ws/install/rosidl_typesupport_microxrcedds_cpp' in the environment variable CMAKE_PREFIX_PATH doesn't exist
[2.304s] WARNING:colcon.colcon_ros.prefix_path.catkin:The path '/home/jetros/ros2_ws/install/rosidl_typesupport_microxrcedds_c_tests' in the environment variable CMAKE_PREFIX_PATH doesn't exist
[2.305s] WARNING:colcon.colcon_ros.prefix_path.catkin:The path '/home/jetros/ros2_ws/install/rosidl_typesupport_microxrcedds_c' in the environment variable CMAKE_PREFIX_PATH doesn't exist
[2.305s] WARNING:colcon.colcon_ros.prefix_path.catkin:The path '/home/jetros/ros2_ws/install/ros2_rs_pcl' in the environment variable CMAKE_PREFIX_PATH doesn't exist
[2.305s] WARNING:colcon.colcon_ros.prefix_path.catkin:The path '/home/jetros/ros2_ws/install/ros2_laser_scan_merger' in the environment variable CMAKE_PREFIX_PATH doesn't exist
[2.305s] WARNING:colcon.colcon_ros.prefix_path.catkin:The path '/home/jetros/ros2_ws/install/rf2o_laser_odometry' in the environment variable CMAKE_PREFIX_PATH doesn't exist
[2.305s] WARNING:colcon.colcon_ros.prefix_path.catkin:The path '/home/jetros/ros2_ws/install/rclc_examples' in the environment variable CMAKE_PREFIX_PATH doesn't exist
[2.305s] WARNING:colcon.colcon_ros.prefix_path.catkin:The path '/home/jetros/ros2_ws/install/rclc_parameter' in the environment variable CMAKE_PREFIX_PATH doesn't exist
[2.305s] WARNING:colcon.colcon_ros.prefix_path.catkin:The path '/home/jetros/ros2_ws/install/rclc_lifecycle' in the environment variable CMAKE_PREFIX_PATH doesn't exist
[2.305s] WARNING:colcon.colcon_ros.prefix_path.catkin:The path '/home/jetros/ros2_ws/install/rclc' in the environment variable CMAKE_PREFIX_PATH doesn't exist
[2.305s] WARNING:colcon.colcon_ros.prefix_path.catkin:The path '/home/jetros/ros2_ws/install/posedetection_msgs' in the environment variable CMAKE_PREFIX_PATH doesn't exist
[2.305s] WARNING:colcon.colcon_ros.prefix_path.catkin:The path '/home/jetros/ros2_ws/install/orange_gazebo' in the environment variable CMAKE_PREFIX_PATH doesn't exist
[2.305s] WARNING:colcon.colcon_ros.prefix_path.catkin:The path '/home/jetros/ros2_ws/install/orange_description' in the environment variable CMAKE_PREFIX_PATH doesn't exist
[2.305s] WARNING:colcon.colcon_ros.prefix_path.catkin:The path '/home/jetros/ros2_ws/install/orange_sensor_tools' in the environment variable CMAKE_PREFIX_PATH doesn't exist
[2.305s] WARNING:colcon.colcon_ros.prefix_path.catkin:The path '/home/jetros/ros2_ws/install/pointcloud_to_laserscan' in the environment variable CMAKE_PREFIX_PATH doesn't exist
[2.305s] WARNING:colcon.colcon_ros.prefix_path.catkin:The path '/home/jetros/ros2_ws/install/openslam_gmapping' in the environment variable CMAKE_PREFIX_PATH doesn't exist
[2.306s] WARNING:colcon.colcon_ros.prefix_path.catkin:The path '/home/jetros/ros2_ws/install/odom_publisher' in the environment variable CMAKE_PREFIX_PATH doesn't exist
[2.306s] WARNING:colcon.colcon_ros.prefix_path.catkin:The path '/home/jetros/ros2_ws/install/navigation2' in the environment variable CMAKE_PREFIX_PATH doesn't exist
[2.306s] WARNING:colcon.colcon_ros.prefix_path.catkin:The path '/home/jetros/ros2_ws/install/nav2_smoother' in the environment variable CMAKE_PREFIX_PATH doesn't exist
[2.306s] WARNING:colcon.colcon_ros.prefix_path.catkin:The path '/home/jetros/ros2_ws/install/nav2_rotation_shim_controller' in the environment variable CMAKE_PREFIX_PATH doesn't exist
[2.306s] WARNING:colcon.colcon_ros.prefix_path.catkin:The path '/home/jetros/ros2_ws/install/nav2_graceful_controller' in the environment variable CMAKE_PREFIX_PATH doesn't exist
[2.306s] WARNING:colcon.colcon_ros.prefix_path.catkin:The path '/home/jetros/ros2_ws/install/nav2_dwb_controller' in the environment variable CMAKE_PREFIX_PATH doesn't exist
[2.306s] WARNING:colcon.colcon_ros.prefix_path.catkin:The path '/home/jetros/ros2_ws/install/nav2_controller' in the environment variable CMAKE_PREFIX_PATH doesn't exist
[2.306s] WARNING:colcon.colcon_ros.prefix_path.catkin:The path '/home/jetros/ros2_ws/install/dwb_plugins' in the environment variable CMAKE_PREFIX_PATH doesn't exist
[2.306s] WARNING:colcon.colcon_ros.prefix_path.catkin:The path '/home/jetros/ros2_ws/install/dwb_critics' in the environment variable CMAKE_PREFIX_PATH doesn't exist
[2.306s] WARNING:colcon.colcon_ros.prefix_path.catkin:The path '/home/jetros/ros2_ws/install/dwb_core' in the environment variable CMAKE_PREFIX_PATH doesn't exist
[2.306s] WARNING:colcon.colcon_ros.prefix_path.catkin:The path '/home/jetros/ros2_ws/install/nav_2d_utils' in the environment variable CMAKE_PREFIX_PATH doesn't exist
[2.306s] WARNING:colcon.colcon_ros.prefix_path.catkin:The path '/home/jetros/ros2_ws/install/dwb_msgs' in the environment variable CMAKE_PREFIX_PATH doesn't exist
[2.306s] WARNING:colcon.colcon_ros.prefix_path.catkin:The path '/home/jetros/ros2_ws/install/nav_2d_msgs' in the environment variable CMAKE_PREFIX_PATH doesn't exist
[2.306s] WARNING:colcon.colcon_ros.prefix_path.catkin:The path '/home/jetros/ros2_ws/install/nav2_waypoint_follower' in the environment variable CMAKE_PREFIX_PATH doesn't exist
[2.306s] WARNING:colcon.colcon_ros.prefix_path.catkin:The path '/home/jetros/ros2_ws/install/nav2_theta_star_planner' in the environment variable CMAKE_PREFIX_PATH doesn't exist
[2.307s] WARNING:colcon.colcon_ros.prefix_path.catkin:The path '/home/jetros/ros2_ws/install/nav2_smac_planner' in the environment variable CMAKE_PREFIX_PATH doesn't exist
[2.307s] WARNING:colcon.colcon_ros.prefix_path.catkin:The path '/home/jetros/ros2_ws/install/nav2_route' in the environment variable CMAKE_PREFIX_PATH doesn't exist
[2.307s] WARNING:colcon.colcon_ros.prefix_path.catkin:The path '/home/jetros/ros2_ws/install/nav2_regulated_pure_pursuit_controller' in the environment variable CMAKE_PREFIX_PATH doesn't exist
[2.307s] WARNING:colcon.colcon_ros.prefix_path.catkin:The path '/home/jetros/ros2_ws/install/nav2_planner' in the environment variable CMAKE_PREFIX_PATH doesn't exist
[2.307s] WARNING:colcon.colcon_ros.prefix_path.catkin:The path '/home/jetros/ros2_ws/install/nav2_navfn_planner' in the environment variable CMAKE_PREFIX_PATH doesn't exist
[2.307s] WARNING:colcon.colcon_ros.prefix_path.catkin:The path '/home/jetros/ros2_ws/install/nav2_mppi_controller' in the environment variable CMAKE_PREFIX_PATH doesn't exist
[2.307s] WARNING:colcon.colcon_ros.prefix_path.catkin:The path '/home/jetros/ros2_ws/install/nav2_constrained_smoother' in the environment variable CMAKE_PREFIX_PATH doesn't exist
[2.307s] WARNING:colcon.colcon_ros.prefix_path.catkin:The path '/home/jetros/ros2_ws/install/nav2_bt_navigator' in the environment variable CMAKE_PREFIX_PATH doesn't exist
[2.307s] WARNING:colcon.colcon_ros.prefix_path.catkin:The path '/home/jetros/ros2_ws/install/nav2_behaviors' in the environment variable CMAKE_PREFIX_PATH doesn't exist
[2.307s] WARNING:colcon.colcon_ros.prefix_path.catkin:The path '/home/jetros/ros2_ws/install/nav2_core' in the environment variable CMAKE_PREFIX_PATH doesn't exist
[2.307s] WARNING:colcon.colcon_ros.prefix_path.catkin:The path '/home/jetros/ros2_ws/install/nav2_collision_monitor' in the environment variable CMAKE_PREFIX_PATH doesn't exist
[2.307s] WARNING:colcon.colcon_ros.prefix_path.catkin:The path '/home/jetros/ros2_ws/install/costmap_queue' in the environment variable CMAKE_PREFIX_PATH doesn't exist
[2.307s] WARNING:colcon.colcon_ros.prefix_path.catkin:The path '/home/jetros/ros2_ws/install/nav2_costmap_2d' in the environment variable CMAKE_PREFIX_PATH doesn't exist
[2.307s] WARNING:colcon.colcon_ros.prefix_path.catkin:The path '/home/jetros/ros2_ws/install/nav2_voxel_grid' in the environment variable CMAKE_PREFIX_PATH doesn't exist
[2.308s] WARNING:colcon.colcon_ros.prefix_path.catkin:The path '/home/jetros/ros2_ws/install/nav2_velocity_smoother' in the environment variable CMAKE_PREFIX_PATH doesn't exist
[2.308s] WARNING:colcon.colcon_ros.prefix_path.catkin:The path '/home/jetros/ros2_ws/install/nav2_rviz_plugins' in the environment variable CMAKE_PREFIX_PATH doesn't exist
[2.308s] WARNING:colcon.colcon_ros.prefix_path.catkin:The path '/home/jetros/ros2_ws/install/nav2_map_server' in the environment variable CMAKE_PREFIX_PATH doesn't exist
[2.308s] WARNING:colcon.colcon_ros.prefix_path.catkin:The path '/home/jetros/ros2_ws/install/nav2_lifecycle_manager' in the environment variable CMAKE_PREFIX_PATH doesn't exist
[2.308s] WARNING:colcon.colcon_ros.prefix_path.catkin:The path '/home/jetros/ros2_ws/install/nav2_behavior_tree' in the environment variable CMAKE_PREFIX_PATH doesn't exist
[2.308s] WARNING:colcon.colcon_ros.prefix_path.catkin:The path '/home/jetros/ros2_ws/install/nav2_amcl' in the environment variable CMAKE_PREFIX_PATH doesn't exist
[2.308s] WARNING:colcon.colcon_ros.prefix_path.catkin:The path '/home/jetros/ros2_ws/install/nav2_util' in the environment variable CMAKE_PREFIX_PATH doesn't exist
[2.308s] WARNING:colcon.colcon_ros.prefix_path.catkin:The path '/home/jetros/ros2_ws/install/nav2_msgs' in the environment variable CMAKE_PREFIX_PATH doesn't exist
[2.308s] WARNING:colcon.colcon_ros.prefix_path.catkin:The path '/home/jetros/ros2_ws/install/nav2_common' in the environment variable CMAKE_PREFIX_PATH doesn't exist
[2.308s] WARNING:colcon.colcon_ros.prefix_path.catkin:The path '/home/jetros/ros2_ws/install/microxrcedds_client' in the environment variable CMAKE_PREFIX_PATH doesn't exist
[2.309s] WARNING:colcon.colcon_ros.prefix_path.catkin:The path '/home/jetros/ros2_ws/install/microcdr' in the environment variable CMAKE_PREFIX_PATH doesn't exist
[2.309s] WARNING:colcon.colcon_ros.prefix_path.catkin:The path '/home/jetros/ros2_ws/install/micro_ros_utilities' in the environment variable CMAKE_PREFIX_PATH doesn't exist
[2.309s] WARNING:colcon.colcon_ros.prefix_path.catkin:The path '/home/jetros/ros2_ws/install/micro_ros_setup' in the environment variable CMAKE_PREFIX_PATH doesn't exist
[2.309s] WARNING:colcon.colcon_ros.prefix_path.catkin:The path '/home/jetros/ros2_ws/install/micro_ros_agent' in the environment variable CMAKE_PREFIX_PATH doesn't exist
[2.309s] WARNING:colcon.colcon_ros.prefix_path.catkin:The path '/home/jetros/ros2_ws/install/micro_ros_msgs' in the environment variable CMAKE_PREFIX_PATH doesn't exist
[2.309s] WARNING:colcon.colcon_ros.prefix_path.catkin:The path '/home/jetros/ros2_ws/install/mark3_urdf' in the environment variable CMAKE_PREFIX_PATH doesn't exist
[2.309s] WARNING:colcon.colcon_ros.prefix_path.catkin:The path '/home/jetros/ros2_ws/install/ldlidar_stl_ros2' in the environment variable CMAKE_PREFIX_PATH doesn't exist
[2.309s] WARNING:colcon.colcon_ros.prefix_path.catkin:The path '/home/jetros/ros2_ws/install/ldlidar' in the environment variable CMAKE_PREFIX_PATH doesn't exist
[2.309s] WARNING:colcon.colcon_ros.prefix_path.catkin:The path '/home/jetros/ros2_ws/install/laser_merger2' in the environment variable CMAKE_PREFIX_PATH doesn't exist
[2.309s] WARNING:colcon.colcon_ros.prefix_path.catkin:The path '/home/jetros/ros2_ws/install/laser_filters' in the environment variable CMAKE_PREFIX_PATH doesn't exist
[2.309s] WARNING:colcon.colcon_ros.prefix_path.catkin:The path '/home/jetros/ros2_ws/install/jsk_visualization' in the environment variable CMAKE_PREFIX_PATH doesn't exist
[2.309s] WARNING:colcon.colcon_ros.prefix_path.catkin:The path '/home/jetros/ros2_ws/install/jsk_rviz_plugins' in the environment variable CMAKE_PREFIX_PATH doesn't exist
[2.309s] WARNING:colcon.colcon_ros.prefix_path.catkin:The path '/home/jetros/ros2_ws/install/jsk_topic_tools' in the environment variable CMAKE_PREFIX_PATH doesn't exist
[2.309s] WARNING:colcon.colcon_ros.prefix_path.catkin:The path '/home/jetros/ros2_ws/install/jsk_rviz_plugin_msgs' in the environment variable CMAKE_PREFIX_PATH doesn't exist
[2.310s] WARNING:colcon.colcon_ros.prefix_path.catkin:The path '/home/jetros/ros2_ws/install/jsk_recognition_msgs' in the environment variable CMAKE_PREFIX_PATH doesn't exist
[2.310s] WARNING:colcon.colcon_ros.prefix_path.catkin:The path '/home/jetros/ros2_ws/install/jsk_hark_msgs' in the environment variable CMAKE_PREFIX_PATH doesn't exist
[2.310s] WARNING:colcon.colcon_ros.prefix_path.catkin:The path '/home/jetros/ros2_ws/install/jsk_gui_msgs' in the environment variable CMAKE_PREFIX_PATH doesn't exist
[2.310s] WARNING:colcon.colcon_ros.prefix_path.catkin:The path '/home/jetros/ros2_ws/install/jsk_footstep_msgs' in the environment variable CMAKE_PREFIX_PATH doesn't exist
[2.310s] WARNING:colcon.colcon_ros.prefix_path.catkin:The path '/home/jetros/ros2_ws/install/joy_mecanum_controller' in the environment variable CMAKE_PREFIX_PATH doesn't exist
[2.310s] WARNING:colcon.colcon_ros.prefix_path.catkin:The path '/home/jetros/ros2_ws/install/gazebo_ros_pkgs' in the environment variable CMAKE_PREFIX_PATH doesn't exist
[2.310s] WARNING:colcon.colcon_ros.prefix_path.catkin:The path '/home/jetros/ros2_ws/install/gazebo_msgs' in the environment variable CMAKE_PREFIX_PATH doesn't exist
[2.310s] WARNING:colcon.colcon_ros.prefix_path.catkin:The path '/home/jetros/ros2_ws/install/gazebo_dev' in the environment variable CMAKE_PREFIX_PATH doesn't exist
[2.310s] WARNING:colcon.colcon_ros.prefix_path.catkin:The path '/home/jetros/ros2_ws/install/emcl2' in the environment variable CMAKE_PREFIX_PATH doesn't exist
[2.310s] WARNING:colcon.colcon_ros.prefix_path.catkin:The path '/home/jetros/ros2_ws/install/complex_msgs' in the environment variable CMAKE_PREFIX_PATH doesn't exist
[2.310s] WARNING:colcon.colcon_ros.prefix_path.catkin:The path '/home/jetros/ros2_ws/install/cmd_vel_float_changer' in the environment variable CMAKE_PREFIX_PATH doesn't exist
[2.310s] WARNING:colcon.colcon_ros.prefix_path.catkin:The path '/home/jetros/ros2_ws/install/cartographer_rviz' in the environment variable CMAKE_PREFIX_PATH doesn't exist
[2.310s] WARNING:colcon.colcon_ros.prefix_path.catkin:The path '/home/jetros/ros2_ws/install/cartographer_ros' in the environment variable CMAKE_PREFIX_PATH doesn't exist
[2.310s] WARNING:colcon.colcon_ros.prefix_path.catkin:The path '/home/jetros/ros2_ws/install/cartographer_ros_msgs' in the environment variable CMAKE_PREFIX_PATH doesn't exist
[2.311s] WARNING:colcon.colcon_ros.prefix_path.catkin:The path '/home/jetros/ros2_ws/install/bringup' in the environment variable CMAKE_PREFIX_PATH doesn't exist
Starting >>> isaac_ros_detectnet
[2.501s] ERROR:colcon.colcon_cmake.task.cmake.build:Failed to find the following files:
- /home/jetros/ros2_ws/install/negotiated_interfaces/share/negotiated_interfaces/package.sh
- /home/jetros/ros2_ws/install/isaac_ros_gxf/share/isaac_ros_gxf/package.sh
- /home/jetros/ros2_ws/install/negotiated/share/negotiated/package.sh
- /home/jetros/ros2_ws/install/gxf_isaac_gems/share/gxf_isaac_gems/package.sh
- /home/jetros/ros2_ws/install/gxf_isaac_message_compositor/share/gxf_isaac_message_compositor/package.sh
- /home/jetros/ros2_ws/install/gxf_isaac_optimizer/share/gxf_isaac_optimizer/package.sh
- /home/jetros/ros2_ws/install/gxf_isaac_sight/share/gxf_isaac_sight/package.sh
- /home/jetros/ros2_ws/install/gxf_isaac_atlas/share/gxf_isaac_atlas/package.sh
- /home/jetros/ros2_ws/install/gxf_isaac_gxf_helpers/share/gxf_isaac_gxf_helpers/package.sh
- /home/jetros/ros2_ws/install/gxf_isaac_messages/share/gxf_isaac_messages/package.sh
- /home/jetros/ros2_ws/install/gxf_isaac_tensorops/share/gxf_isaac_tensorops/package.sh
- /home/jetros/ros2_ws/install/isaac_ros_nitros/share/isaac_ros_nitros/package.sh
- /home/jetros/ros2_ws/install/isaac_ros_nitros_camera_info_type/share/isaac_ros_nitros_camera_info_type/package.sh
- /home/jetros/ros2_ws/install/isaac_ros_nitros_detection2_d_array_type/share/isaac_ros_nitros_detection2_d_array_type/package.sh
- /home/jetros/ros2_ws/install/isaac_ros_nitros_image_type/share/isaac_ros_nitros_image_type/package.sh
- /home/jetros/ros2_ws/install/isaac_ros_nitros_tensor_list_type/share/isaac_ros_nitros_tensor_list_type/package.sh
- /home/jetros/ros2_ws/install/gxf_isaac_detectnet/share/gxf_isaac_detectnet/package.sh
- /home/jetros/ros2_ws/install/isaac_ros_managed_nitros/share/isaac_ros_managed_nitros/package.sh
- /home/jetros/ros2_ws/install/isaac_ros_triton/share/isaac_ros_triton/package.sh
- /home/jetros/ros2_ws/install/isaac_ros_image_proc/share/isaac_ros_image_proc/package.sh
- /home/jetros/ros2_ws/install/isaac_ros_dnn_image_encoder/share/isaac_ros_dnn_image_encoder/package.sh
Check that the following packages have been built:
- negotiated_interfaces
- isaac_ros_gxf
- negotiated
- gxf_isaac_gems
- gxf_isaac_message_compositor
- gxf_isaac_optimizer
- gxf_isaac_sight
- gxf_isaac_atlas
- gxf_isaac_gxf_helpers
- gxf_isaac_messages
- gxf_isaac_tensorops
- isaac_ros_nitros
- isaac_ros_nitros_camera_info_type
- isaac_ros_nitros_detection2_d_array_type
- isaac_ros_nitros_image_type
- isaac_ros_nitros_tensor_list_type
- gxf_isaac_detectnet
- isaac_ros_managed_nitros
- isaac_ros_triton
- isaac_ros_image_proc
- isaac_ros_dnn_image_encoder
Failed   <<< isaac_ros_detectnet [0.02s, exited with code 1]

Summary: 0 packages finished [2.31s]
  1 package failed: isaac_ros_detectnet
  2 packages not processed
[0;32m[INFO][0m Stage 7: Building Isaac ROS DNN Stereo Depth...
[2.300s] WARNING:colcon.colcon_ros.prefix_path.ament:The path '/home/jetros/ros2_ws/install/zed_ros2' in the environment variable AMENT_PREFIX_PATH doesn't exist
[2.300s] WARNING:colcon.colcon_ros.prefix_path.ament:The path '/home/jetros/ros2_ws/install/zed_robot_integration' in the environment variable AMENT_PREFIX_PATH doesn't exist
[2.300s] WARNING:colcon.colcon_ros.prefix_path.ament:The path '/home/jetros/ros2_ws/install/zed_ipc' in the environment variable AMENT_PREFIX_PATH doesn't exist
[2.300s] WARNING:colcon.colcon_ros.prefix_path.ament:The path '/home/jetros/ros2_ws/install/zed_multi_camera' in the environment variable AMENT_PREFIX_PATH doesn't exist
[2.300s] WARNING:colcon.colcon_ros.prefix_path.ament:The path '/home/jetros/ros2_ws/install/zed_display_rviz2' in the environment variable AMENT_PREFIX_PATH doesn't exist
[2.300s] WARNING:colcon.colcon_ros.prefix_path.ament:The path '/home/jetros/ros2_ws/install/zed_depth_to_laserscan' in the environment variable AMENT_PREFIX_PATH doesn't exist
[2.300s] WARNING:colcon.colcon_ros.prefix_path.ament:The path '/home/jetros/ros2_ws/install/zed_wrapper' in the environment variable AMENT_PREFIX_PATH doesn't exist
[2.300s] WARNING:colcon.colcon_ros.prefix_path.ament:The path '/home/jetros/ros2_ws/install/zed_tutorial_video' in the environment variable AMENT_PREFIX_PATH doesn't exist
[2.300s] WARNING:colcon.colcon_ros.prefix_path.ament:The path '/home/jetros/ros2_ws/install/zed_tutorial_pos_tracking' in the environment variable AMENT_PREFIX_PATH doesn't exist
[2.300s] WARNING:colcon.colcon_ros.prefix_path.ament:The path '/home/jetros/ros2_ws/install/zed_tutorial_depth' in the environment variable AMENT_PREFIX_PATH doesn't exist
[2.301s] WARNING:colcon.colcon_ros.prefix_path.ament:The path '/home/jetros/ros2_ws/install/zed_topic_benchmark' in the environment variable AMENT_PREFIX_PATH doesn't exist
[2.301s] WARNING:colcon.colcon_ros.prefix_path.ament:The path '/home/jetros/ros2_ws/install/zed_topic_benchmark_component' in the environment variable AMENT_PREFIX_PATH doesn't exist
[2.301s] WARNING:colcon.colcon_ros.prefix_path.ament:The path '/home/jetros/ros2_ws/install/zed_topic_benchmark_interfaces' in the environment variable AMENT_PREFIX_PATH doesn't exist
[2.301s] WARNING:colcon.colcon_ros.prefix_path.ament:The path '/home/jetros/ros2_ws/install/zed_rgb_convert' in the environment variable AMENT_PREFIX_PATH doesn't exist
[2.301s] WARNING:colcon.colcon_ros.prefix_path.ament:The path '/home/jetros/ros2_ws/install/zed_odom_watcher' in the environment variable AMENT_PREFIX_PATH doesn't exist
[2.301s] WARNING:colcon.colcon_ros.prefix_path.ament:The path '/home/jetros/ros2_ws/install/zed_human_tracker' in the environment variable AMENT_PREFIX_PATH doesn't exist
[2.301s] WARNING:colcon.colcon_ros.prefix_path.ament:The path '/home/jetros/ros2_ws/install/zed_aruco_localization' in the environment variable AMENT_PREFIX_PATH doesn't exist
[2.301s] WARNING:colcon.colcon_ros.prefix_path.ament:The path '/home/jetros/ros2_ws/install/zed_components' in the environment variable AMENT_PREFIX_PATH doesn't exist
[2.301s] WARNING:colcon.colcon_ros.prefix_path.ament:The path '/home/jetros/ros2_ws/install/rviz_plugin_zed_od' in the environment variable AMENT_PREFIX_PATH doesn't exist
[2.301s] WARNING:colcon.colcon_ros.prefix_path.ament:The path '/home/jetros/ros2_ws/install/zed_msgs' in the environment variable AMENT_PREFIX_PATH doesn't exist
[2.301s] WARNING:colcon.colcon_ros.prefix_path.ament:The path '/home/jetros/ros2_ws/install/zed_imu_republisher' in the environment variable AMENT_PREFIX_PATH doesn't exist
[2.301s] WARNING:colcon.colcon_ros.prefix_path.ament:The path '/home/jetros/ros2_ws/install/zed_goal_publisher' in the environment variable AMENT_PREFIX_PATH doesn't exist
[2.301s] WARNING:colcon.colcon_ros.prefix_path.ament:The path '/home/jetros/ros2_ws/install/voicevox_ros2' in the environment variable AMENT_PREFIX_PATH doesn't exist
[2.302s] WARNING:colcon.colcon_ros.prefix_path.ament:The path '/home/jetros/ros2_ws/install/voicevox_ros2_msgs' in the environment variable AMENT_PREFIX_PATH doesn't exist
[2.302s] WARNING:colcon.colcon_ros.prefix_path.ament:The path '/home/jetros/ros2_ws/install/orange_slam' in the environment variable AMENT_PREFIX_PATH doesn't exist
[2.302s] WARNING:colcon.colcon_ros.prefix_path.ament:The path '/home/jetros/ros2_ws/install/orange_navigation' in the environment variable AMENT_PREFIX_PATH doesn't exist
[2.302s] WARNING:colcon.colcon_ros.prefix_path.ament:The path '/home/jetros/ros2_ws/install/orange_bringup' in the environment variable AMENT_PREFIX_PATH doesn't exist
[2.302s] WARNING:colcon.colcon_ros.prefix_path.ament:The path '/home/jetros/ros2_ws/install/velodyne' in the environment variable AMENT_PREFIX_PATH doesn't exist
[2.302s] WARNING:colcon.colcon_ros.prefix_path.ament:The path '/home/jetros/ros2_ws/install/velodyne_pointcloud' in the environment variable AMENT_PREFIX_PATH doesn't exist
[2.302s] WARNING:colcon.colcon_ros.prefix_path.ament:The path '/home/jetros/ros2_ws/install/velodyne_driver' in the environment variable AMENT_PREFIX_PATH doesn't exist
[2.302s] WARNING:colcon.colcon_ros.prefix_path.ament:The path '/home/jetros/ros2_ws/install/velodyne_msgs' in the environment variable AMENT_PREFIX_PATH doesn't exist
[2.302s] WARNING:colcon.colcon_ros.prefix_path.ament:The path '/home/jetros/ros2_ws/install/velodyne_laserscan' in the environment variable AMENT_PREFIX_PATH doesn't exist
[2.302s] WARNING:colcon.colcon_ros.prefix_path.ament:The path '/home/jetros/ros2_ws/install/speech_recognition_msgs' in the environment variable AMENT_PREFIX_PATH doesn't exist
[2.302s] WARNING:colcon.colcon_ros.prefix_path.ament:The path '/home/jetros/ros2_ws/install/sllidar_ros2' in the environment variable AMENT_PREFIX_PATH doesn't exist
[2.302s] WARNING:colcon.colcon_ros.prefix_path.ament:The path '/home/jetros/ros2_ws/install/nav2_system_tests' in the environment variable AMENT_PREFIX_PATH doesn't exist
[2.302s] WARNING:colcon.colcon_ros.prefix_path.ament:The path '/home/jetros/ros2_ws/install/nav2_bringup' in the environment variable AMENT_PREFIX_PATH doesn't exist
[2.302s] WARNING:colcon.colcon_ros.prefix_path.ament:The path '/home/jetros/ros2_ws/install/slam_toolbox' in the environment variable AMENT_PREFIX_PATH doesn't exist
[2.303s] WARNING:colcon.colcon_ros.prefix_path.ament:The path '/home/jetros/ros2_ws/install/slam_gmapping' in the environment variable AMENT_PREFIX_PATH doesn't exist
[2.303s] WARNING:colcon.colcon_ros.prefix_path.ament:The path '/home/jetros/ros2_ws/install/safety_sensor' in the environment variable AMENT_PREFIX_PATH doesn't exist
[2.303s] WARNING:colcon.colcon_ros.prefix_path.ament:The path '/home/jetros/ros2_ws/install/rosidl_typesupport_microxrcedds_test_msg' in the environment variable AMENT_PREFIX_PATH doesn't exist
[2.303s] WARNING:colcon.colcon_ros.prefix_path.ament:The path '/home/jetros/ros2_ws/install/rosidl_typesupport_microxrcedds_cpp_tests' in the environment variable AMENT_PREFIX_PATH doesn't exist
[2.303s] WARNING:colcon.colcon_ros.prefix_path.ament:The path '/home/jetros/ros2_ws/install/micro_ros_demos_rclc' in the environment variable AMENT_PREFIX_PATH doesn't exist
[2.303s] WARNING:colcon.colcon_ros.prefix_path.ament:The path '/home/jetros/ros2_ws/install/rmw_microxrcedds' in the environment variable AMENT_PREFIX_PATH doesn't exist
[2.303s] WARNING:colcon.colcon_ros.prefix_path.ament:The path '/home/jetros/ros2_ws/install/rosidl_typesupport_microxrcedds_cpp' in the environment variable AMENT_PREFIX_PATH doesn't exist
[2.303s] WARNING:colcon.colcon_ros.prefix_path.ament:The path '/home/jetros/ros2_ws/install/rosidl_typesupport_microxrcedds_c_tests' in the environment variable AMENT_PREFIX_PATH doesn't exist
[2.303s] WARNING:colcon.colcon_ros.prefix_path.ament:The path '/home/jetros/ros2_ws/install/rosidl_typesupport_microxrcedds_c' in the environment variable AMENT_PREFIX_PATH doesn't exist
[2.303s] WARNING:colcon.colcon_ros.prefix_path.ament:The path '/home/jetros/ros2_ws/install/ros2_rs_pcl' in the environment variable AMENT_PREFIX_PATH doesn't exist
[2.303s] WARNING:colcon.colcon_ros.prefix_path.ament:The path '/home/jetros/ros2_ws/install/ros2_laser_scan_merger' in the environment variable AMENT_PREFIX_PATH doesn't exist
[2.303s] WARNING:colcon.colcon_ros.prefix_path.ament:The path '/home/jetros/ros2_ws/install/rf2o_laser_odometry' in the environment variable AMENT_PREFIX_PATH doesn't exist
[2.303s] WARNING:colcon.colcon_ros.prefix_path.ament:The path '/home/jetros/ros2_ws/install/rclc_examples' in the environment variable AMENT_PREFIX_PATH doesn't exist
[2.304s] WARNING:colcon.colcon_ros.prefix_path.ament:The path '/home/jetros/ros2_ws/install/rclc_parameter' in the environment variable AMENT_PREFIX_PATH doesn't exist
[2.304s] WARNING:colcon.colcon_ros.prefix_path.ament:The path '/home/jetros/ros2_ws/install/rclc_lifecycle' in the environment variable AMENT_PREFIX_PATH doesn't exist
[2.304s] WARNING:colcon.colcon_ros.prefix_path.ament:The path '/home/jetros/ros2_ws/install/rclc' in the environment variable AMENT_PREFIX_PATH doesn't exist
[2.304s] WARNING:colcon.colcon_ros.prefix_path.ament:The path '/home/jetros/ros2_ws/install/posedetection_msgs' in the environment variable AMENT_PREFIX_PATH doesn't exist
[2.304s] WARNING:colcon.colcon_ros.prefix_path.ament:The path '/home/jetros/ros2_ws/install/orange_gazebo' in the environment variable AMENT_PREFIX_PATH doesn't exist
[2.304s] WARNING:colcon.colcon_ros.prefix_path.ament:The path '/home/jetros/ros2_ws/install/orange_description' in the environment variable AMENT_PREFIX_PATH doesn't exist
[2.304s] WARNING:colcon.colcon_ros.prefix_path.ament:The path '/home/jetros/ros2_ws/install/orange_sensor_tools' in the environment variable AMENT_PREFIX_PATH doesn't exist
[2.304s] WARNING:colcon.colcon_ros.prefix_path.ament:The path '/home/jetros/ros2_ws/install/pointcloud_to_laserscan' in the environment variable AMENT_PREFIX_PATH doesn't exist
[2.304s] WARNING:colcon.colcon_ros.prefix_path.ament:The path '/home/jetros/ros2_ws/install/orange_teleop' in the environment variable AMENT_PREFIX_PATH doesn't exist
[2.304s] WARNING:colcon.colcon_ros.prefix_path.ament:The path '/home/jetros/ros2_ws/install/openslam_gmapping' in the environment variable AMENT_PREFIX_PATH doesn't exist
[2.304s] WARNING:colcon.colcon_ros.prefix_path.ament:The path '/home/jetros/ros2_ws/install/odom_publisher' in the environment variable AMENT_PREFIX_PATH doesn't exist
[2.304s] WARNING:colcon.colcon_ros.prefix_path.ament:The path '/home/jetros/ros2_ws/install/navigation2' in the environment variable AMENT_PREFIX_PATH doesn't exist
[2.304s] WARNING:colcon.colcon_ros.prefix_path.ament:The path '/home/jetros/ros2_ws/install/nav2_smoother' in the environment variable AMENT_PREFIX_PATH doesn't exist
[2.305s] WARNING:colcon.colcon_ros.prefix_path.ament:The path '/home/jetros/ros2_ws/install/nav2_rotation_shim_controller' in the environment variable AMENT_PREFIX_PATH doesn't exist
[2.305s] WARNING:colcon.colcon_ros.prefix_path.ament:The path '/home/jetros/ros2_ws/install/nav2_graceful_controller' in the environment variable AMENT_PREFIX_PATH doesn't exist
[2.305s] WARNING:colcon.colcon_ros.prefix_path.ament:The path '/home/jetros/ros2_ws/install/nav2_dwb_controller' in the environment variable AMENT_PREFIX_PATH doesn't exist
[2.305s] WARNING:colcon.colcon_ros.prefix_path.ament:The path '/home/jetros/ros2_ws/install/nav2_controller' in the environment variable AMENT_PREFIX_PATH doesn't exist
[2.305s] WARNING:colcon.colcon_ros.prefix_path.ament:The path '/home/jetros/ros2_ws/install/dwb_plugins' in the environment variable AMENT_PREFIX_PATH doesn't exist
[2.305s] WARNING:colcon.colcon_ros.prefix_path.ament:The path '/home/jetros/ros2_ws/install/dwb_critics' in the environment variable AMENT_PREFIX_PATH doesn't exist
[2.305s] WARNING:colcon.colcon_ros.prefix_path.ament:The path '/home/jetros/ros2_ws/install/dwb_core' in the environment variable AMENT_PREFIX_PATH doesn't exist
[2.305s] WARNING:colcon.colcon_ros.prefix_path.ament:The path '/home/jetros/ros2_ws/install/nav_2d_utils' in the environment variable AMENT_PREFIX_PATH doesn't exist
[2.305s] WARNING:colcon.colcon_ros.prefix_path.ament:The path '/home/jetros/ros2_ws/install/dwb_msgs' in the environment variable AMENT_PREFIX_PATH doesn't exist
[2.305s] WARNING:colcon.colcon_ros.prefix_path.ament:The path '/home/jetros/ros2_ws/install/nav_2d_msgs' in the environment variable AMENT_PREFIX_PATH doesn't exist
[2.305s] WARNING:colcon.colcon_ros.prefix_path.ament:The path '/home/jetros/ros2_ws/install/nav2_waypoint_follower' in the environment variable AMENT_PREFIX_PATH doesn't exist
[2.305s] WARNING:colcon.colcon_ros.prefix_path.ament:The path '/home/jetros/ros2_ws/install/nav2_theta_star_planner' in the environment variable AMENT_PREFIX_PATH doesn't exist
[2.305s] WARNING:colcon.colcon_ros.prefix_path.ament:The path '/home/jetros/ros2_ws/install/nav2_smac_planner' in the environment variable AMENT_PREFIX_PATH doesn't exist
[2.305s] WARNING:colcon.colcon_ros.prefix_path.ament:The path '/home/jetros/ros2_ws/install/nav2_route' in the environment variable AMENT_PREFIX_PATH doesn't exist
[2.306s] WARNING:colcon.colcon_ros.prefix_path.ament:The path '/home/jetros/ros2_ws/install/nav2_regulated_pure_pursuit_controller' in the environment variable AMENT_PREFIX_PATH doesn't exist
[2.306s] WARNING:colcon.colcon_ros.prefix_path.ament:The path '/home/jetros/ros2_ws/install/nav2_planner' in the environment variable AMENT_PREFIX_PATH doesn't exist
[2.306s] WARNING:colcon.colcon_ros.prefix_path.ament:The path '/home/jetros/ros2_ws/install/nav2_navfn_planner' in the environment variable AMENT_PREFIX_PATH doesn't exist
[2.306s] WARNING:colcon.colcon_ros.prefix_path.ament:The path '/home/jetros/ros2_ws/install/nav2_mppi_controller' in the environment variable AMENT_PREFIX_PATH doesn't exist
[2.306s] WARNING:colcon.colcon_ros.prefix_path.ament:The path '/home/jetros/ros2_ws/install/nav2_constrained_smoother' in the environment variable AMENT_PREFIX_PATH doesn't exist
[2.306s] WARNING:colcon.colcon_ros.prefix_path.ament:The path '/home/jetros/ros2_ws/install/nav2_bt_navigator' in the environment variable AMENT_PREFIX_PATH doesn't exist
[2.306s] WARNING:colcon.colcon_ros.prefix_path.ament:The path '/home/jetros/ros2_ws/install/nav2_behaviors' in the environment variable AMENT_PREFIX_PATH doesn't exist
[2.306s] WARNING:colcon.colcon_ros.prefix_path.ament:The path '/home/jetros/ros2_ws/install/nav2_core' in the environment variable AMENT_PREFIX_PATH doesn't exist
[2.306s] WARNING:colcon.colcon_ros.prefix_path.ament:The path '/home/jetros/ros2_ws/install/nav2_collision_monitor' in the environment variable AMENT_PREFIX_PATH doesn't exist
[2.306s] WARNING:colcon.colcon_ros.prefix_path.ament:The path '/home/jetros/ros2_ws/install/costmap_queue' in the environment variable AMENT_PREFIX_PATH doesn't exist
[2.306s] WARNING:colcon.colcon_ros.prefix_path.ament:The path '/home/jetros/ros2_ws/install/nav2_costmap_2d' in the environment variable AMENT_PREFIX_PATH doesn't exist
[2.306s] WARNING:colcon.colcon_ros.prefix_path.ament:The path '/home/jetros/ros2_ws/install/nav2_voxel_grid' in the environment variable AMENT_PREFIX_PATH doesn't exist
[2.306s] WARNING:colcon.colcon_ros.prefix_path.ament:The path '/home/jetros/ros2_ws/install/nav2_velocity_smoother' in the environment variable AMENT_PREFIX_PATH doesn't exist
[2.307s] WARNING:colcon.colcon_ros.prefix_path.ament:The path '/home/jetros/ros2_ws/install/nav2_rviz_plugins' in the environment variable AMENT_PREFIX_PATH doesn't exist
[2.307s] WARNING:colcon.colcon_ros.prefix_path.ament:The path '/home/jetros/ros2_ws/install/nav2_map_server' in the environment variable AMENT_PREFIX_PATH doesn't exist
[2.307s] WARNING:colcon.colcon_ros.prefix_path.ament:The path '/home/jetros/ros2_ws/install/nav2_lifecycle_manager' in the environment variable AMENT_PREFIX_PATH doesn't exist
[2.307s] WARNING:colcon.colcon_ros.prefix_path.ament:The path '/home/jetros/ros2_ws/install/nav2_behavior_tree' in the environment variable AMENT_PREFIX_PATH doesn't exist
[2.307s] WARNING:colcon.colcon_ros.prefix_path.ament:The path '/home/jetros/ros2_ws/install/nav2_amcl' in the environment variable AMENT_PREFIX_PATH doesn't exist
[2.307s] WARNING:colcon.colcon_ros.prefix_path.ament:The path '/home/jetros/ros2_ws/install/nav2_util' in the environment variable AMENT_PREFIX_PATH doesn't exist
[2.307s] WARNING:colcon.colcon_ros.prefix_path.ament:The path '/home/jetros/ros2_ws/install/nav2_simple_commander' in the environment variable AMENT_PREFIX_PATH doesn't exist
[2.307s] WARNING:colcon.colcon_ros.prefix_path.ament:The path '/home/jetros/ros2_ws/install/nav2_msgs' in the environment variable AMENT_PREFIX_PATH doesn't exist
[2.307s] WARNING:colcon.colcon_ros.prefix_path.ament:The path '/home/jetros/ros2_ws/install/nav2_common' in the environment variable AMENT_PREFIX_PATH doesn't exist
[2.307s] WARNING:colcon.colcon_ros.prefix_path.ament:The path '/home/jetros/ros2_ws/install/micro_ros_utilities' in the environment variable AMENT_PREFIX_PATH doesn't exist
[2.307s] WARNING:colcon.colcon_ros.prefix_path.ament:The path '/home/jetros/ros2_ws/install/micro_ros_setup' in the environment variable AMENT_PREFIX_PATH doesn't exist
[2.307s] WARNING:colcon.colcon_ros.prefix_path.ament:The path '/home/jetros/ros2_ws/install/micro_ros_agent' in the environment variable AMENT_PREFIX_PATH doesn't exist
[2.307s] WARNING:colcon.colcon_ros.prefix_path.ament:The path '/home/jetros/ros2_ws/install/micro_ros_msgs' in the environment variable AMENT_PREFIX_PATH doesn't exist
[2.308s] WARNING:colcon.colcon_ros.prefix_path.ament:The path '/home/jetros/ros2_ws/install/mark3_urdf' in the environment variable AMENT_PREFIX_PATH doesn't exist
[2.308s] WARNING:colcon.colcon_ros.prefix_path.ament:The path '/home/jetros/ros2_ws/install/ldlidar_stl_ros2' in the environment variable AMENT_PREFIX_PATH doesn't exist
[2.308s] WARNING:colcon.colcon_ros.prefix_path.ament:The path '/home/jetros/ros2_ws/install/ldlidar' in the environment variable AMENT_PREFIX_PATH doesn't exist
[2.308s] WARNING:colcon.colcon_ros.prefix_path.ament:The path '/home/jetros/ros2_ws/install/laser_merger2' in the environment variable AMENT_PREFIX_PATH doesn't exist
[2.308s] WARNING:colcon.colcon_ros.prefix_path.ament:The path '/home/jetros/ros2_ws/install/laser_filters' in the environment variable AMENT_PREFIX_PATH doesn't exist
[2.308s] WARNING:colcon.colcon_ros.prefix_path.ament:The path '/home/jetros/ros2_ws/install/jsk_visualization' in the environment variable AMENT_PREFIX_PATH doesn't exist
[2.308s] WARNING:colcon.colcon_ros.prefix_path.ament:The path '/home/jetros/ros2_ws/install/jsk_rviz_plugins' in the environment variable AMENT_PREFIX_PATH doesn't exist
[2.308s] WARNING:colcon.colcon_ros.prefix_path.ament:The path '/home/jetros/ros2_ws/install/jsk_topic_tools' in the environment variable AMENT_PREFIX_PATH doesn't exist
[2.308s] WARNING:colcon.colcon_ros.prefix_path.ament:The path '/home/jetros/ros2_ws/install/jsk_rviz_plugin_msgs' in the environment variable AMENT_PREFIX_PATH doesn't exist
[2.308s] WARNING:colcon.colcon_ros.prefix_path.ament:The path '/home/jetros/ros2_ws/install/jsk_recognition_msgs' in the environment variable AMENT_PREFIX_PATH doesn't exist
[2.308s] WARNING:colcon.colcon_ros.prefix_path.ament:The path '/home/jetros/ros2_ws/install/jsk_hark_msgs' in the environment variable AMENT_PREFIX_PATH doesn't exist
[2.308s] WARNING:colcon.colcon_ros.prefix_path.ament:The path '/home/jetros/ros2_ws/install/jsk_gui_msgs' in the environment variable AMENT_PREFIX_PATH doesn't exist
[2.308s] WARNING:colcon.colcon_ros.prefix_path.ament:The path '/home/jetros/ros2_ws/install/jsk_footstep_msgs' in the environment variable AMENT_PREFIX_PATH doesn't exist
[2.308s] WARNING:colcon.colcon_ros.prefix_path.ament:The path '/home/jetros/ros2_ws/install/joy_mecanum_controller' in the environment variable AMENT_PREFIX_PATH doesn't exist
[2.309s] WARNING:colcon.colcon_ros.prefix_path.ament:The path '/home/jetros/ros2_ws/install/gazebo_ros_pkgs' in the environment variable AMENT_PREFIX_PATH doesn't exist
[2.309s] WARNING:colcon.colcon_ros.prefix_path.ament:The path '/home/jetros/ros2_ws/install/gazebo_msgs' in the environment variable AMENT_PREFIX_PATH doesn't exist
[2.309s] WARNING:colcon.colcon_ros.prefix_path.ament:The path '/home/jetros/ros2_ws/install/gazebo_dev' in the environment variable AMENT_PREFIX_PATH doesn't exist
[2.309s] WARNING:colcon.colcon_ros.prefix_path.ament:The path '/home/jetros/ros2_ws/install/emcl2' in the environment variable AMENT_PREFIX_PATH doesn't exist
[2.309s] WARNING:colcon.colcon_ros.prefix_path.ament:The path '/home/jetros/ros2_ws/install/complex_msgs' in the environment variable AMENT_PREFIX_PATH doesn't exist
[2.309s] WARNING:colcon.colcon_ros.prefix_path.ament:The path '/home/jetros/ros2_ws/install/cmd_vel_float_changer' in the environment variable AMENT_PREFIX_PATH doesn't exist
[2.310s] WARNING:colcon.colcon_ros.prefix_path.ament:The path '/home/jetros/ros2_ws/install/cartographer_rviz' in the environment variable AMENT_PREFIX_PATH doesn't exist
[2.310s] WARNING:colcon.colcon_ros.prefix_path.ament:The path '/home/jetros/ros2_ws/install/cartographer_ros' in the environment variable AMENT_PREFIX_PATH doesn't exist
[2.310s] WARNING:colcon.colcon_ros.prefix_path.ament:The path '/home/jetros/ros2_ws/install/cartographer_ros_msgs' in the environment variable AMENT_PREFIX_PATH doesn't exist
[2.310s] WARNING:colcon.colcon_ros.prefix_path.ament:The path '/home/jetros/ros2_ws/install/bringup' in the environment variable AMENT_PREFIX_PATH doesn't exist
[2.310s] WARNING:colcon.colcon_ros.prefix_path.catkin:The path '/home/jetros/ros2_ws/install/zed_ros2' in the environment variable CMAKE_PREFIX_PATH doesn't exist
[2.310s] WARNING:colcon.colcon_ros.prefix_path.catkin:The path '/home/jetros/ros2_ws/install/zed_robot_integration' in the environment variable CMAKE_PREFIX_PATH doesn't exist
[2.310s] WARNING:colcon.colcon_ros.prefix_path.catkin:The path '/home/jetros/ros2_ws/install/zed_ipc' in the environment variable CMAKE_PREFIX_PATH doesn't exist
[2.311s] WARNING:colcon.colcon_ros.prefix_path.catkin:The path '/home/jetros/ros2_ws/install/zed_multi_camera' in the environment variable CMAKE_PREFIX_PATH doesn't exist
[2.311s] WARNING:colcon.colcon_ros.prefix_path.catkin:The path '/home/jetros/ros2_ws/install/zed_display_rviz2' in the environment variable CMAKE_PREFIX_PATH doesn't exist
[2.311s] WARNING:colcon.colcon_ros.prefix_path.catkin:The path '/home/jetros/ros2_ws/install/zed_depth_to_laserscan' in the environment variable CMAKE_PREFIX_PATH doesn't exist
[2.311s] WARNING:colcon.colcon_ros.prefix_path.catkin:The path '/home/jetros/ros2_ws/install/zed_wrapper' in the environment variable CMAKE_PREFIX_PATH doesn't exist
[2.311s] WARNING:colcon.colcon_ros.prefix_path.catkin:The path '/home/jetros/ros2_ws/install/zed_tutorial_video' in the environment variable CMAKE_PREFIX_PATH doesn't exist
[2.311s] WARNING:colcon.colcon_ros.prefix_path.catkin:The path '/home/jetros/ros2_ws/install/zed_tutorial_pos_tracking' in the environment variable CMAKE_PREFIX_PATH doesn't exist
[2.311s] WARNING:colcon.colcon_ros.prefix_path.catkin:The path '/home/jetros/ros2_ws/install/zed_tutorial_depth' in the environment variable CMAKE_PREFIX_PATH doesn't exist
[2.311s] WARNING:colcon.colcon_ros.prefix_path.catkin:The path '/home/jetros/ros2_ws/install/zed_topic_benchmark' in the environment variable CMAKE_PREFIX_PATH doesn't exist
[2.311s] WARNING:colcon.colcon_ros.prefix_path.catkin:The path '/home/jetros/ros2_ws/install/zed_topic_benchmark_component' in the environment variable CMAKE_PREFIX_PATH doesn't exist
[2.311s] WARNING:colcon.colcon_ros.prefix_path.catkin:The path '/home/jetros/ros2_ws/install/zed_topic_benchmark_interfaces' in the environment variable CMAKE_PREFIX_PATH doesn't exist
[2.311s] WARNING:colcon.colcon_ros.prefix_path.catkin:The path '/home/jetros/ros2_ws/install/zed_rgb_convert' in the environment variable CMAKE_PREFIX_PATH doesn't exist
[2.311s] WARNING:colcon.colcon_ros.prefix_path.catkin:The path '/home/jetros/ros2_ws/install/zed_odom_watcher' in the environment variable CMAKE_PREFIX_PATH doesn't exist
[2.312s] WARNING:colcon.colcon_ros.prefix_path.catkin:The path '/home/jetros/ros2_ws/install/zed_human_tracker' in the environment variable CMAKE_PREFIX_PATH doesn't exist
[2.312s] WARNING:colcon.colcon_ros.prefix_path.catkin:The path '/home/jetros/ros2_ws/install/zed_aruco_localization' in the environment variable CMAKE_PREFIX_PATH doesn't exist
[2.312s] WARNING:colcon.colcon_ros.prefix_path.catkin:The path '/home/jetros/ros2_ws/install/zed_components' in the environment variable CMAKE_PREFIX_PATH doesn't exist
[2.312s] WARNING:colcon.colcon_ros.prefix_path.catkin:The path '/home/jetros/ros2_ws/install/rviz_plugin_zed_od' in the environment variable CMAKE_PREFIX_PATH doesn't exist
[2.312s] WARNING:colcon.colcon_ros.prefix_path.catkin:The path '/home/jetros/ros2_ws/install/zed_msgs' in the environment variable CMAKE_PREFIX_PATH doesn't exist
[2.312s] WARNING:colcon.colcon_ros.prefix_path.catkin:The path '/home/jetros/ros2_ws/install/zed_imu_republisher' in the environment variable CMAKE_PREFIX_PATH doesn't exist
[2.312s] WARNING:colcon.colcon_ros.prefix_path.catkin:The path '/home/jetros/ros2_ws/install/zed_goal_publisher' in the environment variable CMAKE_PREFIX_PATH doesn't exist
[2.312s] WARNING:colcon.colcon_ros.prefix_path.catkin:The path '/home/jetros/ros2_ws/install/voicevox_ros2_msgs' in the environment variable CMAKE_PREFIX_PATH doesn't exist
[2.312s] WARNING:colcon.colcon_ros.prefix_path.catkin:The path '/home/jetros/ros2_ws/install/orange_slam' in the environment variable CMAKE_PREFIX_PATH doesn't exist
[2.312s] WARNING:colcon.colcon_ros.prefix_path.catkin:The path '/home/jetros/ros2_ws/install/orange_navigation' in the environment variable CMAKE_PREFIX_PATH doesn't exist
[2.312s] WARNING:colcon.colcon_ros.prefix_path.catkin:The path '/home/jetros/ros2_ws/install/velodyne' in the environment variable CMAKE_PREFIX_PATH doesn't exist
[2.312s] WARNING:colcon.colcon_ros.prefix_path.catkin:The path '/home/jetros/ros2_ws/install/velodyne_pointcloud' in the environment variable CMAKE_PREFIX_PATH doesn't exist
[2.313s] WARNING:colcon.colcon_ros.prefix_path.catkin:The path '/home/jetros/ros2_ws/install/velodyne_driver' in the environment variable CMAKE_PREFIX_PATH doesn't exist
[2.313s] WARNING:colcon.colcon_ros.prefix_path.catkin:The path '/home/jetros/ros2_ws/install/velodyne_msgs' in the environment variable CMAKE_PREFIX_PATH doesn't exist
[2.313s] WARNING:colcon.colcon_ros.prefix_path.catkin:The path '/home/jetros/ros2_ws/install/velodyne_laserscan' in the environment variable CMAKE_PREFIX_PATH doesn't exist
[2.313s] WARNING:colcon.colcon_ros.prefix_path.catkin:The path '/home/jetros/ros2_ws/install/speech_recognition_msgs' in the environment variable CMAKE_PREFIX_PATH doesn't exist
[2.313s] WARNING:colcon.colcon_ros.prefix_path.catkin:The path '/home/jetros/ros2_ws/install/sllidar_ros2' in the environment variable CMAKE_PREFIX_PATH doesn't exist
[2.313s] WARNING:colcon.colcon_ros.prefix_path.catkin:The path '/home/jetros/ros2_ws/install/nav2_system_tests' in the environment variable CMAKE_PREFIX_PATH doesn't exist
[2.313s] WARNING:colcon.colcon_ros.prefix_path.catkin:The path '/home/jetros/ros2_ws/install/nav2_bringup' in the environment variable CMAKE_PREFIX_PATH doesn't exist
[2.313s] WARNING:colcon.colcon_ros.prefix_path.catkin:The path '/home/jetros/ros2_ws/install/slam_toolbox' in the environment variable CMAKE_PREFIX_PATH doesn't exist
[2.313s] WARNING:colcon.colcon_ros.prefix_path.catkin:The path '/home/jetros/ros2_ws/install/slam_gmapping' in the environment variable CMAKE_PREFIX_PATH doesn't exist
[2.313s] WARNING:colcon.colcon_ros.prefix_path.catkin:The path '/home/jetros/ros2_ws/install/safety_sensor' in the environment variable CMAKE_PREFIX_PATH doesn't exist
[2.313s] WARNING:colcon.colcon_ros.prefix_path.catkin:The path '/home/jetros/ros2_ws/install/rosidl_typesupport_microxrcedds_test_msg' in the environment variable CMAKE_PREFIX_PATH doesn't exist
[2.313s] WARNING:colcon.colcon_ros.prefix_path.catkin:The path '/home/jetros/ros2_ws/install/rosidl_typesupport_microxrcedds_cpp_tests' in the environment variable CMAKE_PREFIX_PATH doesn't exist
[2.313s] WARNING:colcon.colcon_ros.prefix_path.catkin:The path '/home/jetros/ros2_ws/install/micro_ros_demos_rclc' in the environment variable CMAKE_PREFIX_PATH doesn't exist
[2.313s] WARNING:colcon.colcon_ros.prefix_path.catkin:The path '/home/jetros/ros2_ws/install/rmw_microxrcedds' in the environment variable CMAKE_PREFIX_PATH doesn't exist
[2.314s] WARNING:colcon.colcon_ros.prefix_path.catkin:The path '/home/jetros/ros2_ws/install/rosidl_typesupport_microxrcedds_cpp' in the environment variable CMAKE_PREFIX_PATH doesn't exist
[2.314s] WARNING:colcon.colcon_ros.prefix_path.catkin:The path '/home/jetros/ros2_ws/install/rosidl_typesupport_microxrcedds_c_tests' in the environment variable CMAKE_PREFIX_PATH doesn't exist
[2.314s] WARNING:colcon.colcon_ros.prefix_path.catkin:The path '/home/jetros/ros2_ws/install/rosidl_typesupport_microxrcedds_c' in the environment variable CMAKE_PREFIX_PATH doesn't exist
[2.314s] WARNING:colcon.colcon_ros.prefix_path.catkin:The path '/home/jetros/ros2_ws/install/ros2_rs_pcl' in the environment variable CMAKE_PREFIX_PATH doesn't exist
[2.314s] WARNING:colcon.colcon_ros.prefix_path.catkin:The path '/home/jetros/ros2_ws/install/ros2_laser_scan_merger' in the environment variable CMAKE_PREFIX_PATH doesn't exist
[2.314s] WARNING:colcon.colcon_ros.prefix_path.catkin:The path '/home/jetros/ros2_ws/install/rf2o_laser_odometry' in the environment variable CMAKE_PREFIX_PATH doesn't exist
[2.314s] WARNING:colcon.colcon_ros.prefix_path.catkin:The path '/home/jetros/ros2_ws/install/rclc_examples' in the environment variable CMAKE_PREFIX_PATH doesn't exist
[2.314s] WARNING:colcon.colcon_ros.prefix_path.catkin:The path '/home/jetros/ros2_ws/install/rclc_parameter' in the environment variable CMAKE_PREFIX_PATH doesn't exist
[2.314s] WARNING:colcon.colcon_ros.prefix_path.catkin:The path '/home/jetros/ros2_ws/install/rclc_lifecycle' in the environment variable CMAKE_PREFIX_PATH doesn't exist
[2.314s] WARNING:colcon.colcon_ros.prefix_path.catkin:The path '/home/jetros/ros2_ws/install/rclc' in the environment variable CMAKE_PREFIX_PATH doesn't exist
[2.314s] WARNING:colcon.colcon_ros.prefix_path.catkin:The path '/home/jetros/ros2_ws/install/posedetection_msgs' in the environment variable CMAKE_PREFIX_PATH doesn't exist
[2.314s] WARNING:colcon.colcon_ros.prefix_path.catkin:The path '/home/jetros/ros2_ws/install/orange_gazebo' in the environment variable CMAKE_PREFIX_PATH doesn't exist
[2.315s] WARNING:colcon.colcon_ros.prefix_path.catkin:The path '/home/jetros/ros2_ws/install/orange_description' in the environment variable CMAKE_PREFIX_PATH doesn't exist
[2.315s] WARNING:colcon.colcon_ros.prefix_path.catkin:The path '/home/jetros/ros2_ws/install/orange_sensor_tools' in the environment variable CMAKE_PREFIX_PATH doesn't exist
[2.315s] WARNING:colcon.colcon_ros.prefix_path.catkin:The path '/home/jetros/ros2_ws/install/pointcloud_to_laserscan' in the environment variable CMAKE_PREFIX_PATH doesn't exist
[2.315s] WARNING:colcon.colcon_ros.prefix_path.catkin:The path '/home/jetros/ros2_ws/install/openslam_gmapping' in the environment variable CMAKE_PREFIX_PATH doesn't exist
[2.315s] WARNING:colcon.colcon_ros.prefix_path.catkin:The path '/home/jetros/ros2_ws/install/odom_publisher' in the environment variable CMAKE_PREFIX_PATH doesn't exist
[2.315s] WARNING:colcon.colcon_ros.prefix_path.catkin:The path '/home/jetros/ros2_ws/install/navigation2' in the environment variable CMAKE_PREFIX_PATH doesn't exist
[2.315s] WARNING:colcon.colcon_ros.prefix_path.catkin:The path '/home/jetros/ros2_ws/install/nav2_smoother' in the environment variable CMAKE_PREFIX_PATH doesn't exist
[2.315s] WARNING:colcon.colcon_ros.prefix_path.catkin:The path '/home/jetros/ros2_ws/install/nav2_rotation_shim_controller' in the environment variable CMAKE_PREFIX_PATH doesn't exist
[2.315s] WARNING:colcon.colcon_ros.prefix_path.catkin:The path '/home/jetros/ros2_ws/install/nav2_graceful_controller' in the environment variable CMAKE_PREFIX_PATH doesn't exist
[2.316s] WARNING:colcon.colcon_ros.prefix_path.catkin:The path '/home/jetros/ros2_ws/install/nav2_dwb_controller' in the environment variable CMAKE_PREFIX_PATH doesn't exist
[2.316s] WARNING:colcon.colcon_ros.prefix_path.catkin:The path '/home/jetros/ros2_ws/install/nav2_controller' in the environment variable CMAKE_PREFIX_PATH doesn't exist
[2.316s] WARNING:colcon.colcon_ros.prefix_path.catkin:The path '/home/jetros/ros2_ws/install/dwb_plugins' in the environment variable CMAKE_PREFIX_PATH doesn't exist
[2.316s] WARNING:colcon.colcon_ros.prefix_path.catkin:The path '/home/jetros/ros2_ws/install/dwb_critics' in the environment variable CMAKE_PREFIX_PATH doesn't exist
[2.316s] WARNING:colcon.colcon_ros.prefix_path.catkin:The path '/home/jetros/ros2_ws/install/dwb_core' in the environment variable CMAKE_PREFIX_PATH doesn't exist
[2.316s] WARNING:colcon.colcon_ros.prefix_path.catkin:The path '/home/jetros/ros2_ws/install/nav_2d_utils' in the environment variable CMAKE_PREFIX_PATH doesn't exist
[2.316s] WARNING:colcon.colcon_ros.prefix_path.catkin:The path '/home/jetros/ros2_ws/install/dwb_msgs' in the environment variable CMAKE_PREFIX_PATH doesn't exist
[2.316s] WARNING:colcon.colcon_ros.prefix_path.catkin:The path '/home/jetros/ros2_ws/install/nav_2d_msgs' in the environment variable CMAKE_PREFIX_PATH doesn't exist
[2.316s] WARNING:colcon.colcon_ros.prefix_path.catkin:The path '/home/jetros/ros2_ws/install/nav2_waypoint_follower' in the environment variable CMAKE_PREFIX_PATH doesn't exist
[2.316s] WARNING:colcon.colcon_ros.prefix_path.catkin:The path '/home/jetros/ros2_ws/install/nav2_theta_star_planner' in the environment variable CMAKE_PREFIX_PATH doesn't exist
[2.316s] WARNING:colcon.colcon_ros.prefix_path.catkin:The path '/home/jetros/ros2_ws/install/nav2_smac_planner' in the environment variable CMAKE_PREFIX_PATH doesn't exist
[2.316s] WARNING:colcon.colcon_ros.prefix_path.catkin:The path '/home/jetros/ros2_ws/install/nav2_route' in the environment variable CMAKE_PREFIX_PATH doesn't exist
[2.317s] WARNING:colcon.colcon_ros.prefix_path.catkin:The path '/home/jetros/ros2_ws/install/nav2_regulated_pure_pursuit_controller' in the environment variable CMAKE_PREFIX_PATH doesn't exist
[2.317s] WARNING:colcon.colcon_ros.prefix_path.catkin:The path '/home/jetros/ros2_ws/install/nav2_planner' in the environment variable CMAKE_PREFIX_PATH doesn't exist
[2.317s] WARNING:colcon.colcon_ros.prefix_path.catkin:The path '/home/jetros/ros2_ws/install/nav2_navfn_planner' in the environment variable CMAKE_PREFIX_PATH doesn't exist
[2.317s] WARNING:colcon.colcon_ros.prefix_path.catkin:The path '/home/jetros/ros2_ws/install/nav2_mppi_controller' in the environment variable CMAKE_PREFIX_PATH doesn't exist
[2.317s] WARNING:colcon.colcon_ros.prefix_path.catkin:The path '/home/jetros/ros2_ws/install/nav2_constrained_smoother' in the environment variable CMAKE_PREFIX_PATH doesn't exist
[2.317s] WARNING:colcon.colcon_ros.prefix_path.catkin:The path '/home/jetros/ros2_ws/install/nav2_bt_navigator' in the environment variable CMAKE_PREFIX_PATH doesn't exist
[2.317s] WARNING:colcon.colcon_ros.prefix_path.catkin:The path '/home/jetros/ros2_ws/install/nav2_behaviors' in the environment variable CMAKE_PREFIX_PATH doesn't exist
[2.317s] WARNING:colcon.colcon_ros.prefix_path.catkin:The path '/home/jetros/ros2_ws/install/nav2_core' in the environment variable CMAKE_PREFIX_PATH doesn't exist
[2.317s] WARNING:colcon.colcon_ros.prefix_path.catkin:The path '/home/jetros/ros2_ws/install/nav2_collision_monitor' in the environment variable CMAKE_PREFIX_PATH doesn't exist
[2.317s] WARNING:colcon.colcon_ros.prefix_path.catkin:The path '/home/jetros/ros2_ws/install/costmap_queue' in the environment variable CMAKE_PREFIX_PATH doesn't exist
[2.317s] WARNING:colcon.colcon_ros.prefix_path.catkin:The path '/home/jetros/ros2_ws/install/nav2_costmap_2d' in the environment variable CMAKE_PREFIX_PATH doesn't exist
[2.317s] WARNING:colcon.colcon_ros.prefix_path.catkin:The path '/home/jetros/ros2_ws/install/nav2_voxel_grid' in the environment variable CMAKE_PREFIX_PATH doesn't exist
[2.318s] WARNING:colcon.colcon_ros.prefix_path.catkin:The path '/home/jetros/ros2_ws/install/nav2_velocity_smoother' in the environment variable CMAKE_PREFIX_PATH doesn't exist
[2.318s] WARNING:colcon.colcon_ros.prefix_path.catkin:The path '/home/jetros/ros2_ws/install/nav2_rviz_plugins' in the environment variable CMAKE_PREFIX_PATH doesn't exist
[2.318s] WARNING:colcon.colcon_ros.prefix_path.catkin:The path '/home/jetros/ros2_ws/install/nav2_map_server' in the environment variable CMAKE_PREFIX_PATH doesn't exist
[2.318s] WARNING:colcon.colcon_ros.prefix_path.catkin:The path '/home/jetros/ros2_ws/install/nav2_lifecycle_manager' in the environment variable CMAKE_PREFIX_PATH doesn't exist
[2.318s] WARNING:colcon.colcon_ros.prefix_path.catkin:The path '/home/jetros/ros2_ws/install/nav2_behavior_tree' in the environment variable CMAKE_PREFIX_PATH doesn't exist
[2.318s] WARNING:colcon.colcon_ros.prefix_path.catkin:The path '/home/jetros/ros2_ws/install/nav2_amcl' in the environment variable CMAKE_PREFIX_PATH doesn't exist
[2.318s] WARNING:colcon.colcon_ros.prefix_path.catkin:The path '/home/jetros/ros2_ws/install/nav2_util' in the environment variable CMAKE_PREFIX_PATH doesn't exist
[2.318s] WARNING:colcon.colcon_ros.prefix_path.catkin:The path '/home/jetros/ros2_ws/install/nav2_msgs' in the environment variable CMAKE_PREFIX_PATH doesn't exist
[2.318s] WARNING:colcon.colcon_ros.prefix_path.catkin:The path '/home/jetros/ros2_ws/install/nav2_common' in the environment variable CMAKE_PREFIX_PATH doesn't exist
[2.318s] WARNING:colcon.colcon_ros.prefix_path.catkin:The path '/home/jetros/ros2_ws/install/microxrcedds_client' in the environment variable CMAKE_PREFIX_PATH doesn't exist
[2.318s] WARNING:colcon.colcon_ros.prefix_path.catkin:The path '/home/jetros/ros2_ws/install/microcdr' in the environment variable CMAKE_PREFIX_PATH doesn't exist
[2.318s] WARNING:colcon.colcon_ros.prefix_path.catkin:The path '/home/jetros/ros2_ws/install/micro_ros_utilities' in the environment variable CMAKE_PREFIX_PATH doesn't exist
[2.318s] WARNING:colcon.colcon_ros.prefix_path.catkin:The path '/home/jetros/ros2_ws/install/micro_ros_setup' in the environment variable CMAKE_PREFIX_PATH doesn't exist
[2.319s] WARNING:colcon.colcon_ros.prefix_path.catkin:The path '/home/jetros/ros2_ws/install/micro_ros_agent' in the environment variable CMAKE_PREFIX_PATH doesn't exist
[2.319s] WARNING:colcon.colcon_ros.prefix_path.catkin:The path '/home/jetros/ros2_ws/install/micro_ros_msgs' in the environment variable CMAKE_PREFIX_PATH doesn't exist
[2.319s] WARNING:colcon.colcon_ros.prefix_path.catkin:The path '/home/jetros/ros2_ws/install/mark3_urdf' in the environment variable CMAKE_PREFIX_PATH doesn't exist
[2.319s] WARNING:colcon.colcon_ros.prefix_path.catkin:The path '/home/jetros/ros2_ws/install/ldlidar_stl_ros2' in the environment variable CMAKE_PREFIX_PATH doesn't exist
[2.319s] WARNING:colcon.colcon_ros.prefix_path.catkin:The path '/home/jetros/ros2_ws/install/ldlidar' in the environment variable CMAKE_PREFIX_PATH doesn't exist
[2.319s] WARNING:colcon.colcon_ros.prefix_path.catkin:The path '/home/jetros/ros2_ws/install/laser_merger2' in the environment variable CMAKE_PREFIX_PATH doesn't exist
[2.319s] WARNING:colcon.colcon_ros.prefix_path.catkin:The path '/home/jetros/ros2_ws/install/laser_filters' in the environment variable CMAKE_PREFIX_PATH doesn't exist
[2.319s] WARNING:colcon.colcon_ros.prefix_path.catkin:The path '/home/jetros/ros2_ws/install/jsk_visualization' in the environment variable CMAKE_PREFIX_PATH doesn't exist
[2.319s] WARNING:colcon.colcon_ros.prefix_path.catkin:The path '/home/jetros/ros2_ws/install/jsk_rviz_plugins' in the environment variable CMAKE_PREFIX_PATH doesn't exist
[2.319s] WARNING:colcon.colcon_ros.prefix_path.catkin:The path '/home/jetros/ros2_ws/install/jsk_topic_tools' in the environment variable CMAKE_PREFIX_PATH doesn't exist
[2.319s] WARNING:colcon.colcon_ros.prefix_path.catkin:The path '/home/jetros/ros2_ws/install/jsk_rviz_plugin_msgs' in the environment variable CMAKE_PREFIX_PATH doesn't exist
[2.320s] WARNING:colcon.colcon_ros.prefix_path.catkin:The path '/home/jetros/ros2_ws/install/jsk_recognition_msgs' in the environment variable CMAKE_PREFIX_PATH doesn't exist
[2.320s] WARNING:colcon.colcon_ros.prefix_path.catkin:The path '/home/jetros/ros2_ws/install/jsk_hark_msgs' in the environment variable CMAKE_PREFIX_PATH doesn't exist
[2.320s] WARNING:colcon.colcon_ros.prefix_path.catkin:The path '/home/jetros/ros2_ws/install/jsk_gui_msgs' in the environment variable CMAKE_PREFIX_PATH doesn't exist
[2.320s] WARNING:colcon.colcon_ros.prefix_path.catkin:The path '/home/jetros/ros2_ws/install/jsk_footstep_msgs' in the environment variable CMAKE_PREFIX_PATH doesn't exist
[2.320s] WARNING:colcon.colcon_ros.prefix_path.catkin:The path '/home/jetros/ros2_ws/install/joy_mecanum_controller' in the environment variable CMAKE_PREFIX_PATH doesn't exist
[2.320s] WARNING:colcon.colcon_ros.prefix_path.catkin:The path '/home/jetros/ros2_ws/install/gazebo_ros_pkgs' in the environment variable CMAKE_PREFIX_PATH doesn't exist
[2.320s] WARNING:colcon.colcon_ros.prefix_path.catkin:The path '/home/jetros/ros2_ws/install/gazebo_msgs' in the environment variable CMAKE_PREFIX_PATH doesn't exist
[2.320s] WARNING:colcon.colcon_ros.prefix_path.catkin:The path '/home/jetros/ros2_ws/install/gazebo_dev' in the environment variable CMAKE_PREFIX_PATH doesn't exist
[2.320s] WARNING:colcon.colcon_ros.prefix_path.catkin:The path '/home/jetros/ros2_ws/install/emcl2' in the environment variable CMAKE_PREFIX_PATH doesn't exist
[2.320s] WARNING:colcon.colcon_ros.prefix_path.catkin:The path '/home/jetros/ros2_ws/install/complex_msgs' in the environment variable CMAKE_PREFIX_PATH doesn't exist
[2.320s] WARNING:colcon.colcon_ros.prefix_path.catkin:The path '/home/jetros/ros2_ws/install/cmd_vel_float_changer' in the environment variable CMAKE_PREFIX_PATH doesn't exist
[2.320s] WARNING:colcon.colcon_ros.prefix_path.catkin:The path '/home/jetros/ros2_ws/install/cartographer_rviz' in the environment variable CMAKE_PREFIX_PATH doesn't exist
[2.320s] WARNING:colcon.colcon_ros.prefix_path.catkin:The path '/home/jetros/ros2_ws/install/cartographer_ros' in the environment variable CMAKE_PREFIX_PATH doesn't exist
[2.320s] WARNING:colcon.colcon_ros.prefix_path.catkin:The path '/home/jetros/ros2_ws/install/cartographer_ros_msgs' in the environment variable CMAKE_PREFIX_PATH doesn't exist
[2.321s] WARNING:colcon.colcon_ros.prefix_path.catkin:The path '/home/jetros/ros2_ws/install/bringup' in the environment variable CMAKE_PREFIX_PATH doesn't exist
Starting >>> isaac_ros_ess
[2.506s] ERROR:colcon.colcon_cmake.task.cmake.build:Failed to find the following files:
- /home/jetros/ros2_ws/install/negotiated_interfaces/share/negotiated_interfaces/package.sh
- /home/jetros/ros2_ws/install/isaac_ros_ess_models_install/share/isaac_ros_ess_models_install/package.sh
- /home/jetros/ros2_ws/install/isaac_ros_gxf/share/isaac_ros_gxf/package.sh
- /home/jetros/ros2_ws/install/negotiated/share/negotiated/package.sh
- /home/jetros/ros2_ws/install/gxf_isaac_gems/share/gxf_isaac_gems/package.sh
- /home/jetros/ros2_ws/install/gxf_isaac_message_compositor/share/gxf_isaac_message_compositor/package.sh
- /home/jetros/ros2_ws/install/gxf_isaac_messages_throttler/share/gxf_isaac_messages_throttler/package.sh
- /home/jetros/ros2_ws/install/gxf_isaac_optimizer/share/gxf_isaac_optimizer/package.sh
- /home/jetros/ros2_ws/install/gxf_isaac_point_cloud/share/gxf_isaac_point_cloud/package.sh
- /home/jetros/ros2_ws/install/gxf_isaac_ros_messages/share/gxf_isaac_ros_messages/package.sh
- /home/jetros/ros2_ws/install/gxf_isaac_sight/share/gxf_isaac_sight/package.sh
- /home/jetros/ros2_ws/install/gxf_isaac_atlas/share/gxf_isaac_atlas/package.sh
- /home/jetros/ros2_ws/install/gxf_isaac_gxf_helpers/share/gxf_isaac_gxf_helpers/package.sh
- /home/jetros/ros2_ws/install/gxf_isaac_messages/share/gxf_isaac_messages/package.sh
- /home/jetros/ros2_ws/install/gxf_isaac_sgm/share/gxf_isaac_sgm/package.sh
- /home/jetros/ros2_ws/install/gxf_isaac_tensorops/share/gxf_isaac_tensorops/package.sh
- /home/jetros/ros2_ws/install/gxf_isaac_utils/share/gxf_isaac_utils/package.sh
- /home/jetros/ros2_ws/install/isaac_ros_nitros/share/isaac_ros_nitros/package.sh
- /home/jetros/ros2_ws/install/gxf_isaac_ess/share/gxf_isaac_ess/package.sh
- /home/jetros/ros2_ws/install/gxf_isaac_video_buffer_utils/share/gxf_isaac_video_buffer_utils/package.sh
- /home/jetros/ros2_ws/install/isaac_ros_nitros_camera_info_type/share/isaac_ros_nitros_camera_info_type/package.sh
- /home/jetros/ros2_ws/install/isaac_ros_nitros_disparity_image_type/share/isaac_ros_nitros_disparity_image_type/package.sh
- /home/jetros/ros2_ws/install/isaac_ros_nitros_image_type/share/isaac_ros_nitros_image_type/package.sh
- /home/jetros/ros2_ws/install/isaac_ros_nitros_point_cloud_type/share/isaac_ros_nitros_point_cloud_type/package.sh
- /home/jetros/ros2_ws/install/isaac_ros_nitros_tensor_list_type/share/isaac_ros_nitros_tensor_list_type/package.sh
- /home/jetros/ros2_ws/install/isaac_ros_managed_nitros/share/isaac_ros_managed_nitros/package.sh
- /home/jetros/ros2_ws/install/isaac_ros_image_proc/share/isaac_ros_image_proc/package.sh
Check that the following packages have been built:
- negotiated_interfaces
- isaac_ros_ess_models_install
- isaac_ros_gxf
- negotiated
- gxf_isaac_gems
- gxf_isaac_message_compositor
- gxf_isaac_messages_throttler
- gxf_isaac_optimizer
- gxf_isaac_point_cloud
- gxf_isaac_ros_messages
- gxf_isaac_sight
- gxf_isaac_atlas
- gxf_isaac_gxf_helpers
- gxf_isaac_messages
- gxf_isaac_sgm
- gxf_isaac_tensorops
- gxf_isaac_utils
- isaac_ros_nitros
- gxf_isaac_ess
- gxf_isaac_video_buffer_utils
- isaac_ros_nitros_camera_info_type
- isaac_ros_nitros_disparity_image_type
- isaac_ros_nitros_image_type
- isaac_ros_nitros_point_cloud_type
- isaac_ros_nitros_tensor_list_type
- isaac_ros_managed_nitros
- isaac_ros_image_proc
Failed   <<< isaac_ros_ess [0.02s, exited with code 1]

Summary: 0 packages finished [2.31s]
  1 package failed: isaac_ros_ess
[0;32m[INFO][0m Stage 8: Building Isaac ROS Image Segmentation...
[2.299s] WARNING:colcon.colcon_ros.prefix_path.ament:The path '/home/jetros/ros2_ws/install/zed_ros2' in the environment variable AMENT_PREFIX_PATH doesn't exist
[2.299s] WARNING:colcon.colcon_ros.prefix_path.ament:The path '/home/jetros/ros2_ws/install/zed_robot_integration' in the environment variable AMENT_PREFIX_PATH doesn't exist
[2.299s] WARNING:colcon.colcon_ros.prefix_path.ament:The path '/home/jetros/ros2_ws/install/zed_ipc' in the environment variable AMENT_PREFIX_PATH doesn't exist
[2.299s] WARNING:colcon.colcon_ros.prefix_path.ament:The path '/home/jetros/ros2_ws/install/zed_multi_camera' in the environment variable AMENT_PREFIX_PATH doesn't exist
[2.300s] WARNING:colcon.colcon_ros.prefix_path.ament:The path '/home/jetros/ros2_ws/install/zed_display_rviz2' in the environment variable AMENT_PREFIX_PATH doesn't exist
[2.300s] WARNING:colcon.colcon_ros.prefix_path.ament:The path '/home/jetros/ros2_ws/install/zed_depth_to_laserscan' in the environment variable AMENT_PREFIX_PATH doesn't exist
[2.300s] WARNING:colcon.colcon_ros.prefix_path.ament:The path '/home/jetros/ros2_ws/install/zed_wrapper' in the environment variable AMENT_PREFIX_PATH doesn't exist
[2.300s] WARNING:colcon.colcon_ros.prefix_path.ament:The path '/home/jetros/ros2_ws/install/zed_tutorial_video' in the environment variable AMENT_PREFIX_PATH doesn't exist
[2.300s] WARNING:colcon.colcon_ros.prefix_path.ament:The path '/home/jetros/ros2_ws/install/zed_tutorial_pos_tracking' in the environment variable AMENT_PREFIX_PATH doesn't exist
[2.300s] WARNING:colcon.colcon_ros.prefix_path.ament:The path '/home/jetros/ros2_ws/install/zed_tutorial_depth' in the environment variable AMENT_PREFIX_PATH doesn't exist
[2.300s] WARNING:colcon.colcon_ros.prefix_path.ament:The path '/home/jetros/ros2_ws/install/zed_topic_benchmark' in the environment variable AMENT_PREFIX_PATH doesn't exist
[2.300s] WARNING:colcon.colcon_ros.prefix_path.ament:The path '/home/jetros/ros2_ws/install/zed_topic_benchmark_component' in the environment variable AMENT_PREFIX_PATH doesn't exist
[2.300s] WARNING:colcon.colcon_ros.prefix_path.ament:The path '/home/jetros/ros2_ws/install/zed_topic_benchmark_interfaces' in the environment variable AMENT_PREFIX_PATH doesn't exist
[2.300s] WARNING:colcon.colcon_ros.prefix_path.ament:The path '/home/jetros/ros2_ws/install/zed_rgb_convert' in the environment variable AMENT_PREFIX_PATH doesn't exist
[2.300s] WARNING:colcon.colcon_ros.prefix_path.ament:The path '/home/jetros/ros2_ws/install/zed_odom_watcher' in the environment variable AMENT_PREFIX_PATH doesn't exist
[2.300s] WARNING:colcon.colcon_ros.prefix_path.ament:The path '/home/jetros/ros2_ws/install/zed_human_tracker' in the environment variable AMENT_PREFIX_PATH doesn't exist
[2.301s] WARNING:colcon.colcon_ros.prefix_path.ament:The path '/home/jetros/ros2_ws/install/zed_aruco_localization' in the environment variable AMENT_PREFIX_PATH doesn't exist
[2.301s] WARNING:colcon.colcon_ros.prefix_path.ament:The path '/home/jetros/ros2_ws/install/zed_components' in the environment variable AMENT_PREFIX_PATH doesn't exist
[2.301s] WARNING:colcon.colcon_ros.prefix_path.ament:The path '/home/jetros/ros2_ws/install/rviz_plugin_zed_od' in the environment variable AMENT_PREFIX_PATH doesn't exist
[2.301s] WARNING:colcon.colcon_ros.prefix_path.ament:The path '/home/jetros/ros2_ws/install/zed_msgs' in the environment variable AMENT_PREFIX_PATH doesn't exist
[2.301s] WARNING:colcon.colcon_ros.prefix_path.ament:The path '/home/jetros/ros2_ws/install/zed_imu_republisher' in the environment variable AMENT_PREFIX_PATH doesn't exist
[2.301s] WARNING:colcon.colcon_ros.prefix_path.ament:The path '/home/jetros/ros2_ws/install/zed_goal_publisher' in the environment variable AMENT_PREFIX_PATH doesn't exist
[2.301s] WARNING:colcon.colcon_ros.prefix_path.ament:The path '/home/jetros/ros2_ws/install/voicevox_ros2' in the environment variable AMENT_PREFIX_PATH doesn't exist
[2.301s] WARNING:colcon.colcon_ros.prefix_path.ament:The path '/home/jetros/ros2_ws/install/voicevox_ros2_msgs' in the environment variable AMENT_PREFIX_PATH doesn't exist
[2.301s] WARNING:colcon.colcon_ros.prefix_path.ament:The path '/home/jetros/ros2_ws/install/orange_slam' in the environment variable AMENT_PREFIX_PATH doesn't exist
[2.301s] WARNING:colcon.colcon_ros.prefix_path.ament:The path '/home/jetros/ros2_ws/install/orange_navigation' in the environment variable AMENT_PREFIX_PATH doesn't exist
[2.301s] WARNING:colcon.colcon_ros.prefix_path.ament:The path '/home/jetros/ros2_ws/install/orange_bringup' in the environment variable AMENT_PREFIX_PATH doesn't exist
[2.301s] WARNING:colcon.colcon_ros.prefix_path.ament:The path '/home/jetros/ros2_ws/install/velodyne' in the environment variable AMENT_PREFIX_PATH doesn't exist
[2.301s] WARNING:colcon.colcon_ros.prefix_path.ament:The path '/home/jetros/ros2_ws/install/velodyne_pointcloud' in the environment variable AMENT_PREFIX_PATH doesn't exist
[2.302s] WARNING:colcon.colcon_ros.prefix_path.ament:The path '/home/jetros/ros2_ws/install/velodyne_driver' in the environment variable AMENT_PREFIX_PATH doesn't exist
[2.302s] WARNING:colcon.colcon_ros.prefix_path.ament:The path '/home/jetros/ros2_ws/install/velodyne_msgs' in the environment variable AMENT_PREFIX_PATH doesn't exist
[2.302s] WARNING:colcon.colcon_ros.prefix_path.ament:The path '/home/jetros/ros2_ws/install/velodyne_laserscan' in the environment variable AMENT_PREFIX_PATH doesn't exist
[2.302s] WARNING:colcon.colcon_ros.prefix_path.ament:The path '/home/jetros/ros2_ws/install/speech_recognition_msgs' in the environment variable AMENT_PREFIX_PATH doesn't exist
[2.302s] WARNING:colcon.colcon_ros.prefix_path.ament:The path '/home/jetros/ros2_ws/install/sllidar_ros2' in the environment variable AMENT_PREFIX_PATH doesn't exist
[2.302s] WARNING:colcon.colcon_ros.prefix_path.ament:The path '/home/jetros/ros2_ws/install/nav2_system_tests' in the environment variable AMENT_PREFIX_PATH doesn't exist
[2.302s] WARNING:colcon.colcon_ros.prefix_path.ament:The path '/home/jetros/ros2_ws/install/nav2_bringup' in the environment variable AMENT_PREFIX_PATH doesn't exist
[2.302s] WARNING:colcon.colcon_ros.prefix_path.ament:The path '/home/jetros/ros2_ws/install/slam_toolbox' in the environment variable AMENT_PREFIX_PATH doesn't exist
[2.302s] WARNING:colcon.colcon_ros.prefix_path.ament:The path '/home/jetros/ros2_ws/install/slam_gmapping' in the environment variable AMENT_PREFIX_PATH doesn't exist
[2.302s] WARNING:colcon.colcon_ros.prefix_path.ament:The path '/home/jetros/ros2_ws/install/safety_sensor' in the environment variable AMENT_PREFIX_PATH doesn't exist
[2.302s] WARNING:colcon.colcon_ros.prefix_path.ament:The path '/home/jetros/ros2_ws/install/rosidl_typesupport_microxrcedds_test_msg' in the environment variable AMENT_PREFIX_PATH doesn't exist
[2.302s] WARNING:colcon.colcon_ros.prefix_path.ament:The path '/home/jetros/ros2_ws/install/rosidl_typesupport_microxrcedds_cpp_tests' in the environment variable AMENT_PREFIX_PATH doesn't exist
[2.302s] WARNING:colcon.colcon_ros.prefix_path.ament:The path '/home/jetros/ros2_ws/install/micro_ros_demos_rclc' in the environment variable AMENT_PREFIX_PATH doesn't exist
[2.302s] WARNING:colcon.colcon_ros.prefix_path.ament:The path '/home/jetros/ros2_ws/install/rmw_microxrcedds' in the environment variable AMENT_PREFIX_PATH doesn't exist
[2.303s] WARNING:colcon.colcon_ros.prefix_path.ament:The path '/home/jetros/ros2_ws/install/rosidl_typesupport_microxrcedds_cpp' in the environment variable AMENT_PREFIX_PATH doesn't exist
[2.303s] WARNING:colcon.colcon_ros.prefix_path.ament:The path '/home/jetros/ros2_ws/install/rosidl_typesupport_microxrcedds_c_tests' in the environment variable AMENT_PREFIX_PATH doesn't exist
[2.303s] WARNING:colcon.colcon_ros.prefix_path.ament:The path '/home/jetros/ros2_ws/install/rosidl_typesupport_microxrcedds_c' in the environment variable AMENT_PREFIX_PATH doesn't exist
[2.303s] WARNING:colcon.colcon_ros.prefix_path.ament:The path '/home/jetros/ros2_ws/install/ros2_rs_pcl' in the environment variable AMENT_PREFIX_PATH doesn't exist
[2.303s] WARNING:colcon.colcon_ros.prefix_path.ament:The path '/home/jetros/ros2_ws/install/ros2_laser_scan_merger' in the environment variable AMENT_PREFIX_PATH doesn't exist
[2.303s] WARNING:colcon.colcon_ros.prefix_path.ament:The path '/home/jetros/ros2_ws/install/rf2o_laser_odometry' in the environment variable AMENT_PREFIX_PATH doesn't exist
[2.303s] WARNING:colcon.colcon_ros.prefix_path.ament:The path '/home/jetros/ros2_ws/install/rclc_examples' in the environment variable AMENT_PREFIX_PATH doesn't exist
[2.303s] WARNING:colcon.colcon_ros.prefix_path.ament:The path '/home/jetros/ros2_ws/install/rclc_parameter' in the environment variable AMENT_PREFIX_PATH doesn't exist
[2.303s] WARNING:colcon.colcon_ros.prefix_path.ament:The path '/home/jetros/ros2_ws/install/rclc_lifecycle' in the environment variable AMENT_PREFIX_PATH doesn't exist
[2.303s] WARNING:colcon.colcon_ros.prefix_path.ament:The path '/home/jetros/ros2_ws/install/rclc' in the environment variable AMENT_PREFIX_PATH doesn't exist
[2.303s] WARNING:colcon.colcon_ros.prefix_path.ament:The path '/home/jetros/ros2_ws/install/posedetection_msgs' in the environment variable AMENT_PREFIX_PATH doesn't exist
[2.303s] WARNING:colcon.colcon_ros.prefix_path.ament:The path '/home/jetros/ros2_ws/install/orange_gazebo' in the environment variable AMENT_PREFIX_PATH doesn't exist
[2.303s] WARNING:colcon.colcon_ros.prefix_path.ament:The path '/home/jetros/ros2_ws/install/orange_description' in the environment variable AMENT_PREFIX_PATH doesn't exist
[2.303s] WARNING:colcon.colcon_ros.prefix_path.ament:The path '/home/jetros/ros2_ws/install/orange_sensor_tools' in the environment variable AMENT_PREFIX_PATH doesn't exist
[2.304s] WARNING:colcon.colcon_ros.prefix_path.ament:The path '/home/jetros/ros2_ws/install/pointcloud_to_laserscan' in the environment variable AMENT_PREFIX_PATH doesn't exist
[2.304s] WARNING:colcon.colcon_ros.prefix_path.ament:The path '/home/jetros/ros2_ws/install/orange_teleop' in the environment variable AMENT_PREFIX_PATH doesn't exist
[2.304s] WARNING:colcon.colcon_ros.prefix_path.ament:The path '/home/jetros/ros2_ws/install/openslam_gmapping' in the environment variable AMENT_PREFIX_PATH doesn't exist
[2.304s] WARNING:colcon.colcon_ros.prefix_path.ament:The path '/home/jetros/ros2_ws/install/odom_publisher' in the environment variable AMENT_PREFIX_PATH doesn't exist
[2.304s] WARNING:colcon.colcon_ros.prefix_path.ament:The path '/home/jetros/ros2_ws/install/navigation2' in the environment variable AMENT_PREFIX_PATH doesn't exist
[2.304s] WARNING:colcon.colcon_ros.prefix_path.ament:The path '/home/jetros/ros2_ws/install/nav2_smoother' in the environment variable AMENT_PREFIX_PATH doesn't exist
[2.304s] WARNING:colcon.colcon_ros.prefix_path.ament:The path '/home/jetros/ros2_ws/install/nav2_rotation_shim_controller' in the environment variable AMENT_PREFIX_PATH doesn't exist
[2.304s] WARNING:colcon.colcon_ros.prefix_path.ament:The path '/home/jetros/ros2_ws/install/nav2_graceful_controller' in the environment variable AMENT_PREFIX_PATH doesn't exist
[2.304s] WARNING:colcon.colcon_ros.prefix_path.ament:The path '/home/jetros/ros2_ws/install/nav2_dwb_controller' in the environment variable AMENT_PREFIX_PATH doesn't exist
[2.304s] WARNING:colcon.colcon_ros.prefix_path.ament:The path '/home/jetros/ros2_ws/install/nav2_controller' in the environment variable AMENT_PREFIX_PATH doesn't exist
[2.304s] WARNING:colcon.colcon_ros.prefix_path.ament:The path '/home/jetros/ros2_ws/install/dwb_plugins' in the environment variable AMENT_PREFIX_PATH doesn't exist
[2.304s] WARNING:colcon.colcon_ros.prefix_path.ament:The path '/home/jetros/ros2_ws/install/dwb_critics' in the environment variable AMENT_PREFIX_PATH doesn't exist
[2.304s] WARNING:colcon.colcon_ros.prefix_path.ament:The path '/home/jetros/ros2_ws/install/dwb_core' in the environment variable AMENT_PREFIX_PATH doesn't exist
[2.304s] WARNING:colcon.colcon_ros.prefix_path.ament:The path '/home/jetros/ros2_ws/install/nav_2d_utils' in the environment variable AMENT_PREFIX_PATH doesn't exist
[2.305s] WARNING:colcon.colcon_ros.prefix_path.ament:The path '/home/jetros/ros2_ws/install/dwb_msgs' in the environment variable AMENT_PREFIX_PATH doesn't exist
[2.305s] WARNING:colcon.colcon_ros.prefix_path.ament:The path '/home/jetros/ros2_ws/install/nav_2d_msgs' in the environment variable AMENT_PREFIX_PATH doesn't exist
[2.305s] WARNING:colcon.colcon_ros.prefix_path.ament:The path '/home/jetros/ros2_ws/install/nav2_waypoint_follower' in the environment variable AMENT_PREFIX_PATH doesn't exist
[2.305s] WARNING:colcon.colcon_ros.prefix_path.ament:The path '/home/jetros/ros2_ws/install/nav2_theta_star_planner' in the environment variable AMENT_PREFIX_PATH doesn't exist
[2.305s] WARNING:colcon.colcon_ros.prefix_path.ament:The path '/home/jetros/ros2_ws/install/nav2_smac_planner' in the environment variable AMENT_PREFIX_PATH doesn't exist
[2.305s] WARNING:colcon.colcon_ros.prefix_path.ament:The path '/home/jetros/ros2_ws/install/nav2_route' in the environment variable AMENT_PREFIX_PATH doesn't exist
[2.305s] WARNING:colcon.colcon_ros.prefix_path.ament:The path '/home/jetros/ros2_ws/install/nav2_regulated_pure_pursuit_controller' in the environment variable AMENT_PREFIX_PATH doesn't exist
[2.305s] WARNING:colcon.colcon_ros.prefix_path.ament:The path '/home/jetros/ros2_ws/install/nav2_planner' in the environment variable AMENT_PREFIX_PATH doesn't exist
[2.305s] WARNING:colcon.colcon_ros.prefix_path.ament:The path '/home/jetros/ros2_ws/install/nav2_navfn_planner' in the environment variable AMENT_PREFIX_PATH doesn't exist
[2.305s] WARNING:colcon.colcon_ros.prefix_path.ament:The path '/home/jetros/ros2_ws/install/nav2_mppi_controller' in the environment variable AMENT_PREFIX_PATH doesn't exist
[2.305s] WARNING:colcon.colcon_ros.prefix_path.ament:The path '/home/jetros/ros2_ws/install/nav2_constrained_smoother' in the environment variable AMENT_PREFIX_PATH doesn't exist
[2.305s] WARNING:colcon.colcon_ros.prefix_path.ament:The path '/home/jetros/ros2_ws/install/nav2_bt_navigator' in the environment variable AMENT_PREFIX_PATH doesn't exist
[2.305s] WARNING:colcon.colcon_ros.prefix_path.ament:The path '/home/jetros/ros2_ws/install/nav2_behaviors' in the environment variable AMENT_PREFIX_PATH doesn't exist
[2.305s] WARNING:colcon.colcon_ros.prefix_path.ament:The path '/home/jetros/ros2_ws/install/nav2_core' in the environment variable AMENT_PREFIX_PATH doesn't exist
[2.305s] WARNING:colcon.colcon_ros.prefix_path.ament:The path '/home/jetros/ros2_ws/install/nav2_collision_monitor' in the environment variable AMENT_PREFIX_PATH doesn't exist
[2.306s] WARNING:colcon.colcon_ros.prefix_path.ament:The path '/home/jetros/ros2_ws/install/costmap_queue' in the environment variable AMENT_PREFIX_PATH doesn't exist
[2.306s] WARNING:colcon.colcon_ros.prefix_path.ament:The path '/home/jetros/ros2_ws/install/nav2_costmap_2d' in the environment variable AMENT_PREFIX_PATH doesn't exist
[2.306s] WARNING:colcon.colcon_ros.prefix_path.ament:The path '/home/jetros/ros2_ws/install/nav2_voxel_grid' in the environment variable AMENT_PREFIX_PATH doesn't exist
[2.306s] WARNING:colcon.colcon_ros.prefix_path.ament:The path '/home/jetros/ros2_ws/install/nav2_velocity_smoother' in the environment variable AMENT_PREFIX_PATH doesn't exist
[2.306s] WARNING:colcon.colcon_ros.prefix_path.ament:The path '/home/jetros/ros2_ws/install/nav2_rviz_plugins' in the environment variable AMENT_PREFIX_PATH doesn't exist
[2.306s] WARNING:colcon.colcon_ros.prefix_path.ament:The path '/home/jetros/ros2_ws/install/nav2_map_server' in the environment variable AMENT_PREFIX_PATH doesn't exist
[2.306s] WARNING:colcon.colcon_ros.prefix_path.ament:The path '/home/jetros/ros2_ws/install/nav2_lifecycle_manager' in the environment variable AMENT_PREFIX_PATH doesn't exist
[2.306s] WARNING:colcon.colcon_ros.prefix_path.ament:The path '/home/jetros/ros2_ws/install/nav2_behavior_tree' in the environment variable AMENT_PREFIX_PATH doesn't exist
[2.306s] WARNING:colcon.colcon_ros.prefix_path.ament:The path '/home/jetros/ros2_ws/install/nav2_amcl' in the environment variable AMENT_PREFIX_PATH doesn't exist
[2.306s] WARNING:colcon.colcon_ros.prefix_path.ament:The path '/home/jetros/ros2_ws/install/nav2_util' in the environment variable AMENT_PREFIX_PATH doesn't exist
[2.306s] WARNING:colcon.colcon_ros.prefix_path.ament:The path '/home/jetros/ros2_ws/install/nav2_simple_commander' in the environment variable AMENT_PREFIX_PATH doesn't exist
[2.306s] WARNING:colcon.colcon_ros.prefix_path.ament:The path '/home/jetros/ros2_ws/install/nav2_msgs' in the environment variable AMENT_PREFIX_PATH doesn't exist
[2.306s] WARNING:colcon.colcon_ros.prefix_path.ament:The path '/home/jetros/ros2_ws/install/nav2_common' in the environment variable AMENT_PREFIX_PATH doesn't exist
[2.306s] WARNING:colcon.colcon_ros.prefix_path.ament:The path '/home/jetros/ros2_ws/install/micro_ros_utilities' in the environment variable AMENT_PREFIX_PATH doesn't exist
[2.307s] WARNING:colcon.colcon_ros.prefix_path.ament:The path '/home/jetros/ros2_ws/install/micro_ros_setup' in the environment variable AMENT_PREFIX_PATH doesn't exist
[2.307s] WARNING:colcon.colcon_ros.prefix_path.ament:The path '/home/jetros/ros2_ws/install/micro_ros_agent' in the environment variable AMENT_PREFIX_PATH doesn't exist
[2.307s] WARNING:colcon.colcon_ros.prefix_path.ament:The path '/home/jetros/ros2_ws/install/micro_ros_msgs' in the environment variable AMENT_PREFIX_PATH doesn't exist
[2.307s] WARNING:colcon.colcon_ros.prefix_path.ament:The path '/home/jetros/ros2_ws/install/mark3_urdf' in the environment variable AMENT_PREFIX_PATH doesn't exist
[2.307s] WARNING:colcon.colcon_ros.prefix_path.ament:The path '/home/jetros/ros2_ws/install/ldlidar_stl_ros2' in the environment variable AMENT_PREFIX_PATH doesn't exist
[2.307s] WARNING:colcon.colcon_ros.prefix_path.ament:The path '/home/jetros/ros2_ws/install/ldlidar' in the environment variable AMENT_PREFIX_PATH doesn't exist
[2.307s] WARNING:colcon.colcon_ros.prefix_path.ament:The path '/home/jetros/ros2_ws/install/laser_merger2' in the environment variable AMENT_PREFIX_PATH doesn't exist
[2.307s] WARNING:colcon.colcon_ros.prefix_path.ament:The path '/home/jetros/ros2_ws/install/laser_filters' in the environment variable AMENT_PREFIX_PATH doesn't exist
[2.307s] WARNING:colcon.colcon_ros.prefix_path.ament:The path '/home/jetros/ros2_ws/install/jsk_visualization' in the environment variable AMENT_PREFIX_PATH doesn't exist
[2.307s] WARNING:colcon.colcon_ros.prefix_path.ament:The path '/home/jetros/ros2_ws/install/jsk_rviz_plugins' in the environment variable AMENT_PREFIX_PATH doesn't exist
[2.307s] WARNING:colcon.colcon_ros.prefix_path.ament:The path '/home/jetros/ros2_ws/install/jsk_topic_tools' in the environment variable AMENT_PREFIX_PATH doesn't exist
[2.307s] WARNING:colcon.colcon_ros.prefix_path.ament:The path '/home/jetros/ros2_ws/install/jsk_rviz_plugin_msgs' in the environment variable AMENT_PREFIX_PATH doesn't exist
[2.307s] WARNING:colcon.colcon_ros.prefix_path.ament:The path '/home/jetros/ros2_ws/install/jsk_recognition_msgs' in the environment variable AMENT_PREFIX_PATH doesn't exist
[2.307s] WARNING:colcon.colcon_ros.prefix_path.ament:The path '/home/jetros/ros2_ws/install/jsk_hark_msgs' in the environment variable AMENT_PREFIX_PATH doesn't exist
[2.308s] WARNING:colcon.colcon_ros.prefix_path.ament:The path '/home/jetros/ros2_ws/install/jsk_gui_msgs' in the environment variable AMENT_PREFIX_PATH doesn't exist
[2.308s] WARNING:colcon.colcon_ros.prefix_path.ament:The path '/home/jetros/ros2_ws/install/jsk_footstep_msgs' in the environment variable AMENT_PREFIX_PATH doesn't exist
[2.308s] WARNING:colcon.colcon_ros.prefix_path.ament:The path '/home/jetros/ros2_ws/install/joy_mecanum_controller' in the environment variable AMENT_PREFIX_PATH doesn't exist
[2.308s] WARNING:colcon.colcon_ros.prefix_path.ament:The path '/home/jetros/ros2_ws/install/gazebo_ros_pkgs' in the environment variable AMENT_PREFIX_PATH doesn't exist
[2.308s] WARNING:colcon.colcon_ros.prefix_path.ament:The path '/home/jetros/ros2_ws/install/gazebo_msgs' in the environment variable AMENT_PREFIX_PATH doesn't exist
[2.308s] WARNING:colcon.colcon_ros.prefix_path.ament:The path '/home/jetros/ros2_ws/install/gazebo_dev' in the environment variable AMENT_PREFIX_PATH doesn't exist
[2.308s] WARNING:colcon.colcon_ros.prefix_path.ament:The path '/home/jetros/ros2_ws/install/emcl2' in the environment variable AMENT_PREFIX_PATH doesn't exist
[2.308s] WARNING:colcon.colcon_ros.prefix_path.ament:The path '/home/jetros/ros2_ws/install/complex_msgs' in the environment variable AMENT_PREFIX_PATH doesn't exist
[2.308s] WARNING:colcon.colcon_ros.prefix_path.ament:The path '/home/jetros/ros2_ws/install/cmd_vel_float_changer' in the environment variable AMENT_PREFIX_PATH doesn't exist
[2.309s] WARNING:colcon.colcon_ros.prefix_path.ament:The path '/home/jetros/ros2_ws/install/cartographer_rviz' in the environment variable AMENT_PREFIX_PATH doesn't exist
[2.309s] WARNING:colcon.colcon_ros.prefix_path.ament:The path '/home/jetros/ros2_ws/install/cartographer_ros' in the environment variable AMENT_PREFIX_PATH doesn't exist
[2.309s] WARNING:colcon.colcon_ros.prefix_path.ament:The path '/home/jetros/ros2_ws/install/cartographer_ros_msgs' in the environment variable AMENT_PREFIX_PATH doesn't exist
[2.309s] WARNING:colcon.colcon_ros.prefix_path.ament:The path '/home/jetros/ros2_ws/install/bringup' in the environment variable AMENT_PREFIX_PATH doesn't exist
[2.309s] WARNING:colcon.colcon_ros.prefix_path.catkin:The path '/home/jetros/ros2_ws/install/zed_ros2' in the environment variable CMAKE_PREFIX_PATH doesn't exist
[2.309s] WARNING:colcon.colcon_ros.prefix_path.catkin:The path '/home/jetros/ros2_ws/install/zed_robot_integration' in the environment variable CMAKE_PREFIX_PATH doesn't exist
[2.309s] WARNING:colcon.colcon_ros.prefix_path.catkin:The path '/home/jetros/ros2_ws/install/zed_ipc' in the environment variable CMAKE_PREFIX_PATH doesn't exist
[2.309s] WARNING:colcon.colcon_ros.prefix_path.catkin:The path '/home/jetros/ros2_ws/install/zed_multi_camera' in the environment variable CMAKE_PREFIX_PATH doesn't exist
[2.309s] WARNING:colcon.colcon_ros.prefix_path.catkin:The path '/home/jetros/ros2_ws/install/zed_display_rviz2' in the environment variable CMAKE_PREFIX_PATH doesn't exist
[2.309s] WARNING:colcon.colcon_ros.prefix_path.catkin:The path '/home/jetros/ros2_ws/install/zed_depth_to_laserscan' in the environment variable CMAKE_PREFIX_PATH doesn't exist
[2.310s] WARNING:colcon.colcon_ros.prefix_path.catkin:The path '/home/jetros/ros2_ws/install/zed_wrapper' in the environment variable CMAKE_PREFIX_PATH doesn't exist
[2.310s] WARNING:colcon.colcon_ros.prefix_path.catkin:The path '/home/jetros/ros2_ws/install/zed_tutorial_video' in the environment variable CMAKE_PREFIX_PATH doesn't exist
[2.310s] WARNING:colcon.colcon_ros.prefix_path.catkin:The path '/home/jetros/ros2_ws/install/zed_tutorial_pos_tracking' in the environment variable CMAKE_PREFIX_PATH doesn't exist
[2.310s] WARNING:colcon.colcon_ros.prefix_path.catkin:The path '/home/jetros/ros2_ws/install/zed_tutorial_depth' in the environment variable CMAKE_PREFIX_PATH doesn't exist
[2.310s] WARNING:colcon.colcon_ros.prefix_path.catkin:The path '/home/jetros/ros2_ws/install/zed_topic_benchmark' in the environment variable CMAKE_PREFIX_PATH doesn't exist
[2.310s] WARNING:colcon.colcon_ros.prefix_path.catkin:The path '/home/jetros/ros2_ws/install/zed_topic_benchmark_component' in the environment variable CMAKE_PREFIX_PATH doesn't exist
[2.310s] WARNING:colcon.colcon_ros.prefix_path.catkin:The path '/home/jetros/ros2_ws/install/zed_topic_benchmark_interfaces' in the environment variable CMAKE_PREFIX_PATH doesn't exist
[2.310s] WARNING:colcon.colcon_ros.prefix_path.catkin:The path '/home/jetros/ros2_ws/install/zed_rgb_convert' in the environment variable CMAKE_PREFIX_PATH doesn't exist
[2.310s] WARNING:colcon.colcon_ros.prefix_path.catkin:The path '/home/jetros/ros2_ws/install/zed_odom_watcher' in the environment variable CMAKE_PREFIX_PATH doesn't exist
[2.310s] WARNING:colcon.colcon_ros.prefix_path.catkin:The path '/home/jetros/ros2_ws/install/zed_human_tracker' in the environment variable CMAKE_PREFIX_PATH doesn't exist
[2.310s] WARNING:colcon.colcon_ros.prefix_path.catkin:The path '/home/jetros/ros2_ws/install/zed_aruco_localization' in the environment variable CMAKE_PREFIX_PATH doesn't exist
[2.310s] WARNING:colcon.colcon_ros.prefix_path.catkin:The path '/home/jetros/ros2_ws/install/zed_components' in the environment variable CMAKE_PREFIX_PATH doesn't exist
[2.310s] WARNING:colcon.colcon_ros.prefix_path.catkin:The path '/home/jetros/ros2_ws/install/rviz_plugin_zed_od' in the environment variable CMAKE_PREFIX_PATH doesn't exist
[2.310s] WARNING:colcon.colcon_ros.prefix_path.catkin:The path '/home/jetros/ros2_ws/install/zed_msgs' in the environment variable CMAKE_PREFIX_PATH doesn't exist
[2.311s] WARNING:colcon.colcon_ros.prefix_path.catkin:The path '/home/jetros/ros2_ws/install/zed_imu_republisher' in the environment variable CMAKE_PREFIX_PATH doesn't exist
[2.311s] WARNING:colcon.colcon_ros.prefix_path.catkin:The path '/home/jetros/ros2_ws/install/zed_goal_publisher' in the environment variable CMAKE_PREFIX_PATH doesn't exist
[2.311s] WARNING:colcon.colcon_ros.prefix_path.catkin:The path '/home/jetros/ros2_ws/install/voicevox_ros2_msgs' in the environment variable CMAKE_PREFIX_PATH doesn't exist
[2.311s] WARNING:colcon.colcon_ros.prefix_path.catkin:The path '/home/jetros/ros2_ws/install/orange_slam' in the environment variable CMAKE_PREFIX_PATH doesn't exist
[2.311s] WARNING:colcon.colcon_ros.prefix_path.catkin:The path '/home/jetros/ros2_ws/install/orange_navigation' in the environment variable CMAKE_PREFIX_PATH doesn't exist
[2.311s] WARNING:colcon.colcon_ros.prefix_path.catkin:The path '/home/jetros/ros2_ws/install/velodyne' in the environment variable CMAKE_PREFIX_PATH doesn't exist
[2.311s] WARNING:colcon.colcon_ros.prefix_path.catkin:The path '/home/jetros/ros2_ws/install/velodyne_pointcloud' in the environment variable CMAKE_PREFIX_PATH doesn't exist
[2.311s] WARNING:colcon.colcon_ros.prefix_path.catkin:The path '/home/jetros/ros2_ws/install/velodyne_driver' in the environment variable CMAKE_PREFIX_PATH doesn't exist
[2.311s] WARNING:colcon.colcon_ros.prefix_path.catkin:The path '/home/jetros/ros2_ws/install/velodyne_msgs' in the environment variable CMAKE_PREFIX_PATH doesn't exist
[2.311s] WARNING:colcon.colcon_ros.prefix_path.catkin:The path '/home/jetros/ros2_ws/install/velodyne_laserscan' in the environment variable CMAKE_PREFIX_PATH doesn't exist
[2.311s] WARNING:colcon.colcon_ros.prefix_path.catkin:The path '/home/jetros/ros2_ws/install/speech_recognition_msgs' in the environment variable CMAKE_PREFIX_PATH doesn't exist
[2.311s] WARNING:colcon.colcon_ros.prefix_path.catkin:The path '/home/jetros/ros2_ws/install/sllidar_ros2' in the environment variable CMAKE_PREFIX_PATH doesn't exist
[2.311s] WARNING:colcon.colcon_ros.prefix_path.catkin:The path '/home/jetros/ros2_ws/install/nav2_system_tests' in the environment variable CMAKE_PREFIX_PATH doesn't exist
[2.312s] WARNING:colcon.colcon_ros.prefix_path.catkin:The path '/home/jetros/ros2_ws/install/nav2_bringup' in the environment variable CMAKE_PREFIX_PATH doesn't exist
[2.312s] WARNING:colcon.colcon_ros.prefix_path.catkin:The path '/home/jetros/ros2_ws/install/slam_toolbox' in the environment variable CMAKE_PREFIX_PATH doesn't exist
[2.312s] WARNING:colcon.colcon_ros.prefix_path.catkin:The path '/home/jetros/ros2_ws/install/slam_gmapping' in the environment variable CMAKE_PREFIX_PATH doesn't exist
[2.312s] WARNING:colcon.colcon_ros.prefix_path.catkin:The path '/home/jetros/ros2_ws/install/safety_sensor' in the environment variable CMAKE_PREFIX_PATH doesn't exist
[2.312s] WARNING:colcon.colcon_ros.prefix_path.catkin:The path '/home/jetros/ros2_ws/install/rosidl_typesupport_microxrcedds_test_msg' in the environment variable CMAKE_PREFIX_PATH doesn't exist
[2.312s] WARNING:colcon.colcon_ros.prefix_path.catkin:The path '/home/jetros/ros2_ws/install/rosidl_typesupport_microxrcedds_cpp_tests' in the environment variable CMAKE_PREFIX_PATH doesn't exist
[2.312s] WARNING:colcon.colcon_ros.prefix_path.catkin:The path '/home/jetros/ros2_ws/install/micro_ros_demos_rclc' in the environment variable CMAKE_PREFIX_PATH doesn't exist
[2.312s] WARNING:colcon.colcon_ros.prefix_path.catkin:The path '/home/jetros/ros2_ws/install/rmw_microxrcedds' in the environment variable CMAKE_PREFIX_PATH doesn't exist
[2.312s] WARNING:colcon.colcon_ros.prefix_path.catkin:The path '/home/jetros/ros2_ws/install/rosidl_typesupport_microxrcedds_cpp' in the environment variable CMAKE_PREFIX_PATH doesn't exist
[2.312s] WARNING:colcon.colcon_ros.prefix_path.catkin:The path '/home/jetros/ros2_ws/install/rosidl_typesupport_microxrcedds_c_tests' in the environment variable CMAKE_PREFIX_PATH doesn't exist
[2.312s] WARNING:colcon.colcon_ros.prefix_path.catkin:The path '/home/jetros/ros2_ws/install/rosidl_typesupport_microxrcedds_c' in the environment variable CMAKE_PREFIX_PATH doesn't exist
[2.312s] WARNING:colcon.colcon_ros.prefix_path.catkin:The path '/home/jetros/ros2_ws/install/ros2_rs_pcl' in the environment variable CMAKE_PREFIX_PATH doesn't exist
[2.312s] WARNING:colcon.colcon_ros.prefix_path.catkin:The path '/home/jetros/ros2_ws/install/ros2_laser_scan_merger' in the environment variable CMAKE_PREFIX_PATH doesn't exist
[2.312s] WARNING:colcon.colcon_ros.prefix_path.catkin:The path '/home/jetros/ros2_ws/install/rf2o_laser_odometry' in the environment variable CMAKE_PREFIX_PATH doesn't exist
[2.313s] WARNING:colcon.colcon_ros.prefix_path.catkin:The path '/home/jetros/ros2_ws/install/rclc_examples' in the environment variable CMAKE_PREFIX_PATH doesn't exist
[2.313s] WARNING:colcon.colcon_ros.prefix_path.catkin:The path '/home/jetros/ros2_ws/install/rclc_parameter' in the environment variable CMAKE_PREFIX_PATH doesn't exist
[2.313s] WARNING:colcon.colcon_ros.prefix_path.catkin:The path '/home/jetros/ros2_ws/install/rclc_lifecycle' in the environment variable CMAKE_PREFIX_PATH doesn't exist
[2.313s] WARNING:colcon.colcon_ros.prefix_path.catkin:The path '/home/jetros/ros2_ws/install/rclc' in the environment variable CMAKE_PREFIX_PATH doesn't exist
[2.313s] WARNING:colcon.colcon_ros.prefix_path.catkin:The path '/home/jetros/ros2_ws/install/posedetection_msgs' in the environment variable CMAKE_PREFIX_PATH doesn't exist
[2.313s] WARNING:colcon.colcon_ros.prefix_path.catkin:The path '/home/jetros/ros2_ws/install/orange_gazebo' in the environment variable CMAKE_PREFIX_PATH doesn't exist
[2.313s] WARNING:colcon.colcon_ros.prefix_path.catkin:The path '/home/jetros/ros2_ws/install/orange_description' in the environment variable CMAKE_PREFIX_PATH doesn't exist
[2.313s] WARNING:colcon.colcon_ros.prefix_path.catkin:The path '/home/jetros/ros2_ws/install/orange_sensor_tools' in the environment variable CMAKE_PREFIX_PATH doesn't exist
[2.313s] WARNING:colcon.colcon_ros.prefix_path.catkin:The path '/home/jetros/ros2_ws/install/pointcloud_to_laserscan' in the environment variable CMAKE_PREFIX_PATH doesn't exist
[2.313s] WARNING:colcon.colcon_ros.prefix_path.catkin:The path '/home/jetros/ros2_ws/install/openslam_gmapping' in the environment variable CMAKE_PREFIX_PATH doesn't exist
[2.313s] WARNING:colcon.colcon_ros.prefix_path.catkin:The path '/home/jetros/ros2_ws/install/odom_publisher' in the environment variable CMAKE_PREFIX_PATH doesn't exist
[2.313s] WARNING:colcon.colcon_ros.prefix_path.catkin:The path '/home/jetros/ros2_ws/install/navigation2' in the environment variable CMAKE_PREFIX_PATH doesn't exist
[2.313s] WARNING:colcon.colcon_ros.prefix_path.catkin:The path '/home/jetros/ros2_ws/install/nav2_smoother' in the environment variable CMAKE_PREFIX_PATH doesn't exist
[2.313s] WARNING:colcon.colcon_ros.prefix_path.catkin:The path '/home/jetros/ros2_ws/install/nav2_rotation_shim_controller' in the environment variable CMAKE_PREFIX_PATH doesn't exist
[2.313s] WARNING:colcon.colcon_ros.prefix_path.catkin:The path '/home/jetros/ros2_ws/install/nav2_graceful_controller' in the environment variable CMAKE_PREFIX_PATH doesn't exist
[2.314s] WARNING:colcon.colcon_ros.prefix_path.catkin:The path '/home/jetros/ros2_ws/install/nav2_dwb_controller' in the environment variable CMAKE_PREFIX_PATH doesn't exist
[2.314s] WARNING:colcon.colcon_ros.prefix_path.catkin:The path '/home/jetros/ros2_ws/install/nav2_controller' in the environment variable CMAKE_PREFIX_PATH doesn't exist
[2.314s] WARNING:colcon.colcon_ros.prefix_path.catkin:The path '/home/jetros/ros2_ws/install/dwb_plugins' in the environment variable CMAKE_PREFIX_PATH doesn't exist
[2.314s] WARNING:colcon.colcon_ros.prefix_path.catkin:The path '/home/jetros/ros2_ws/install/dwb_critics' in the environment variable CMAKE_PREFIX_PATH doesn't exist
[2.314s] WARNING:colcon.colcon_ros.prefix_path.catkin:The path '/home/jetros/ros2_ws/install/dwb_core' in the environment variable CMAKE_PREFIX_PATH doesn't exist
[2.314s] WARNING:colcon.colcon_ros.prefix_path.catkin:The path '/home/jetros/ros2_ws/install/nav_2d_utils' in the environment variable CMAKE_PREFIX_PATH doesn't exist
[2.314s] WARNING:colcon.colcon_ros.prefix_path.catkin:The path '/home/jetros/ros2_ws/install/dwb_msgs' in the environment variable CMAKE_PREFIX_PATH doesn't exist
[2.314s] WARNING:colcon.colcon_ros.prefix_path.catkin:The path '/home/jetros/ros2_ws/install/nav_2d_msgs' in the environment variable CMAKE_PREFIX_PATH doesn't exist
[2.314s] WARNING:colcon.colcon_ros.prefix_path.catkin:The path '/home/jetros/ros2_ws/install/nav2_waypoint_follower' in the environment variable CMAKE_PREFIX_PATH doesn't exist
[2.314s] WARNING:colcon.colcon_ros.prefix_path.catkin:The path '/home/jetros/ros2_ws/install/nav2_theta_star_planner' in the environment variable CMAKE_PREFIX_PATH doesn't exist
[2.314s] WARNING:colcon.colcon_ros.prefix_path.catkin:The path '/home/jetros/ros2_ws/install/nav2_smac_planner' in the environment variable CMAKE_PREFIX_PATH doesn't exist
[2.314s] WARNING:colcon.colcon_ros.prefix_path.catkin:The path '/home/jetros/ros2_ws/install/nav2_route' in the environment variable CMAKE_PREFIX_PATH doesn't exist
[2.315s] WARNING:colcon.colcon_ros.prefix_path.catkin:The path '/home/jetros/ros2_ws/install/nav2_regulated_pure_pursuit_controller' in the environment variable CMAKE_PREFIX_PATH doesn't exist
[2.315s] WARNING:colcon.colcon_ros.prefix_path.catkin:The path '/home/jetros/ros2_ws/install/nav2_planner' in the environment variable CMAKE_PREFIX_PATH doesn't exist
[2.315s] WARNING:colcon.colcon_ros.prefix_path.catkin:The path '/home/jetros/ros2_ws/install/nav2_navfn_planner' in the environment variable CMAKE_PREFIX_PATH doesn't exist
[2.315s] WARNING:colcon.colcon_ros.prefix_path.catkin:The path '/home/jetros/ros2_ws/install/nav2_mppi_controller' in the environment variable CMAKE_PREFIX_PATH doesn't exist
[2.315s] WARNING:colcon.colcon_ros.prefix_path.catkin:The path '/home/jetros/ros2_ws/install/nav2_constrained_smoother' in the environment variable CMAKE_PREFIX_PATH doesn't exist
[2.315s] WARNING:colcon.colcon_ros.prefix_path.catkin:The path '/home/jetros/ros2_ws/install/nav2_bt_navigator' in the environment variable CMAKE_PREFIX_PATH doesn't exist
[2.315s] WARNING:colcon.colcon_ros.prefix_path.catkin:The path '/home/jetros/ros2_ws/install/nav2_behaviors' in the environment variable CMAKE_PREFIX_PATH doesn't exist
[2.315s] WARNING:colcon.colcon_ros.prefix_path.catkin:The path '/home/jetros/ros2_ws/install/nav2_core' in the environment variable CMAKE_PREFIX_PATH doesn't exist
[2.315s] WARNING:colcon.colcon_ros.prefix_path.catkin:The path '/home/jetros/ros2_ws/install/nav2_collision_monitor' in the environment variable CMAKE_PREFIX_PATH doesn't exist
[2.315s] WARNING:colcon.colcon_ros.prefix_path.catkin:The path '/home/jetros/ros2_ws/install/costmap_queue' in the environment variable CMAKE_PREFIX_PATH doesn't exist
[2.315s] WARNING:colcon.colcon_ros.prefix_path.catkin:The path '/home/jetros/ros2_ws/install/nav2_costmap_2d' in the environment variable CMAKE_PREFIX_PATH doesn't exist
[2.315s] WARNING:colcon.colcon_ros.prefix_path.catkin:The path '/home/jetros/ros2_ws/install/nav2_voxel_grid' in the environment variable CMAKE_PREFIX_PATH doesn't exist
[2.315s] WARNING:colcon.colcon_ros.prefix_path.catkin:The path '/home/jetros/ros2_ws/install/nav2_velocity_smoother' in the environment variable CMAKE_PREFIX_PATH doesn't exist
[2.316s] WARNING:colcon.colcon_ros.prefix_path.catkin:The path '/home/jetros/ros2_ws/install/nav2_rviz_plugins' in the environment variable CMAKE_PREFIX_PATH doesn't exist
[2.316s] WARNING:colcon.colcon_ros.prefix_path.catkin:The path '/home/jetros/ros2_ws/install/nav2_map_server' in the environment variable CMAKE_PREFIX_PATH doesn't exist
[2.316s] WARNING:colcon.colcon_ros.prefix_path.catkin:The path '/home/jetros/ros2_ws/install/nav2_lifecycle_manager' in the environment variable CMAKE_PREFIX_PATH doesn't exist
[2.316s] WARNING:colcon.colcon_ros.prefix_path.catkin:The path '/home/jetros/ros2_ws/install/nav2_behavior_tree' in the environment variable CMAKE_PREFIX_PATH doesn't exist
[2.316s] WARNING:colcon.colcon_ros.prefix_path.catkin:The path '/home/jetros/ros2_ws/install/nav2_amcl' in the environment variable CMAKE_PREFIX_PATH doesn't exist
[2.316s] WARNING:colcon.colcon_ros.prefix_path.catkin:The path '/home/jetros/ros2_ws/install/nav2_util' in the environment variable CMAKE_PREFIX_PATH doesn't exist
[2.316s] WARNING:colcon.colcon_ros.prefix_path.catkin:The path '/home/jetros/ros2_ws/install/nav2_msgs' in the environment variable CMAKE_PREFIX_PATH doesn't exist
[2.316s] WARNING:colcon.colcon_ros.prefix_path.catkin:The path '/home/jetros/ros2_ws/install/nav2_common' in the environment variable CMAKE_PREFIX_PATH doesn't exist
[2.316s] WARNING:colcon.colcon_ros.prefix_path.catkin:The path '/home/jetros/ros2_ws/install/microxrcedds_client' in the environment variable CMAKE_PREFIX_PATH doesn't exist
[2.316s] WARNING:colcon.colcon_ros.prefix_path.catkin:The path '/home/jetros/ros2_ws/install/microcdr' in the environment variable CMAKE_PREFIX_PATH doesn't exist
[2.316s] WARNING:colcon.colcon_ros.prefix_path.catkin:The path '/home/jetros/ros2_ws/install/micro_ros_utilities' in the environment variable CMAKE_PREFIX_PATH doesn't exist
[2.317s] WARNING:colcon.colcon_ros.prefix_path.catkin:The path '/home/jetros/ros2_ws/install/micro_ros_setup' in the environment variable CMAKE_PREFIX_PATH doesn't exist
[2.317s] WARNING:colcon.colcon_ros.prefix_path.catkin:The path '/home/jetros/ros2_ws/install/micro_ros_agent' in the environment variable CMAKE_PREFIX_PATH doesn't exist
[2.317s] WARNING:colcon.colcon_ros.prefix_path.catkin:The path '/home/jetros/ros2_ws/install/micro_ros_msgs' in the environment variable CMAKE_PREFIX_PATH doesn't exist
[2.317s] WARNING:colcon.colcon_ros.prefix_path.catkin:The path '/home/jetros/ros2_ws/install/mark3_urdf' in the environment variable CMAKE_PREFIX_PATH doesn't exist
[2.317s] WARNING:colcon.colcon_ros.prefix_path.catkin:The path '/home/jetros/ros2_ws/install/ldlidar_stl_ros2' in the environment variable CMAKE_PREFIX_PATH doesn't exist
[2.317s] WARNING:colcon.colcon_ros.prefix_path.catkin:The path '/home/jetros/ros2_ws/install/ldlidar' in the environment variable CMAKE_PREFIX_PATH doesn't exist
[2.317s] WARNING:colcon.colcon_ros.prefix_path.catkin:The path '/home/jetros/ros2_ws/install/laser_merger2' in the environment variable CMAKE_PREFIX_PATH doesn't exist
[2.317s] WARNING:colcon.colcon_ros.prefix_path.catkin:The path '/home/jetros/ros2_ws/install/laser_filters' in the environment variable CMAKE_PREFIX_PATH doesn't exist
[2.317s] WARNING:colcon.colcon_ros.prefix_path.catkin:The path '/home/jetros/ros2_ws/install/jsk_visualization' in the environment variable CMAKE_PREFIX_PATH doesn't exist
[2.317s] WARNING:colcon.colcon_ros.prefix_path.catkin:The path '/home/jetros/ros2_ws/install/jsk_rviz_plugins' in the environment variable CMAKE_PREFIX_PATH doesn't exist
[2.318s] WARNING:colcon.colcon_ros.prefix_path.catkin:The path '/home/jetros/ros2_ws/install/jsk_topic_tools' in the environment variable CMAKE_PREFIX_PATH doesn't exist
[2.318s] WARNING:colcon.colcon_ros.prefix_path.catkin:The path '/home/jetros/ros2_ws/install/jsk_rviz_plugin_msgs' in the environment variable CMAKE_PREFIX_PATH doesn't exist
[2.318s] WARNING:colcon.colcon_ros.prefix_path.catkin:The path '/home/jetros/ros2_ws/install/jsk_recognition_msgs' in the environment variable CMAKE_PREFIX_PATH doesn't exist
[2.318s] WARNING:colcon.colcon_ros.prefix_path.catkin:The path '/home/jetros/ros2_ws/install/jsk_hark_msgs' in the environment variable CMAKE_PREFIX_PATH doesn't exist
[2.318s] WARNING:colcon.colcon_ros.prefix_path.catkin:The path '/home/jetros/ros2_ws/install/jsk_gui_msgs' in the environment variable CMAKE_PREFIX_PATH doesn't exist
[2.318s] WARNING:colcon.colcon_ros.prefix_path.catkin:The path '/home/jetros/ros2_ws/install/jsk_footstep_msgs' in the environment variable CMAKE_PREFIX_PATH doesn't exist
[2.318s] WARNING:colcon.colcon_ros.prefix_path.catkin:The path '/home/jetros/ros2_ws/install/joy_mecanum_controller' in the environment variable CMAKE_PREFIX_PATH doesn't exist
[2.318s] WARNING:colcon.colcon_ros.prefix_path.catkin:The path '/home/jetros/ros2_ws/install/gazebo_ros_pkgs' in the environment variable CMAKE_PREFIX_PATH doesn't exist
[2.318s] WARNING:colcon.colcon_ros.prefix_path.catkin:The path '/home/jetros/ros2_ws/install/gazebo_msgs' in the environment variable CMAKE_PREFIX_PATH doesn't exist
[2.318s] WARNING:colcon.colcon_ros.prefix_path.catkin:The path '/home/jetros/ros2_ws/install/gazebo_dev' in the environment variable CMAKE_PREFIX_PATH doesn't exist
[2.318s] WARNING:colcon.colcon_ros.prefix_path.catkin:The path '/home/jetros/ros2_ws/install/emcl2' in the environment variable CMAKE_PREFIX_PATH doesn't exist
[2.318s] WARNING:colcon.colcon_ros.prefix_path.catkin:The path '/home/jetros/ros2_ws/install/complex_msgs' in the environment variable CMAKE_PREFIX_PATH doesn't exist
[2.318s] WARNING:colcon.colcon_ros.prefix_path.catkin:The path '/home/jetros/ros2_ws/install/cmd_vel_float_changer' in the environment variable CMAKE_PREFIX_PATH doesn't exist
[2.319s] WARNING:colcon.colcon_ros.prefix_path.catkin:The path '/home/jetros/ros2_ws/install/cartographer_rviz' in the environment variable CMAKE_PREFIX_PATH doesn't exist
[2.319s] WARNING:colcon.colcon_ros.prefix_path.catkin:The path '/home/jetros/ros2_ws/install/cartographer_ros' in the environment variable CMAKE_PREFIX_PATH doesn't exist
[2.319s] WARNING:colcon.colcon_ros.prefix_path.catkin:The path '/home/jetros/ros2_ws/install/cartographer_ros_msgs' in the environment variable CMAKE_PREFIX_PATH doesn't exist
[2.319s] WARNING:colcon.colcon_ros.prefix_path.catkin:The path '/home/jetros/ros2_ws/install/bringup' in the environment variable CMAKE_PREFIX_PATH doesn't exist
Starting >>> isaac_ros_unet
[2.463s] ERROR:colcon.colcon_cmake.task.cmake.build:Failed to find the following files:
- /home/jetros/ros2_ws/install/negotiated_interfaces/share/negotiated_interfaces/package.sh
- /home/jetros/ros2_ws/install/isaac_ros_gxf/share/isaac_ros_gxf/package.sh
- /home/jetros/ros2_ws/install/negotiated/share/negotiated/package.sh
- /home/jetros/ros2_ws/install/gxf_isaac_gems/share/gxf_isaac_gems/package.sh
- /home/jetros/ros2_ws/install/gxf_isaac_message_compositor/share/gxf_isaac_message_compositor/package.sh
- /home/jetros/ros2_ws/install/gxf_isaac_optimizer/share/gxf_isaac_optimizer/package.sh
- /home/jetros/ros2_ws/install/gxf_isaac_ros_unet/share/gxf_isaac_ros_unet/package.sh
- /home/jetros/ros2_ws/install/gxf_isaac_sight/share/gxf_isaac_sight/package.sh
- /home/jetros/ros2_ws/install/gxf_isaac_atlas/share/gxf_isaac_atlas/package.sh
- /home/jetros/ros2_ws/install/gxf_isaac_gxf_helpers/share/gxf_isaac_gxf_helpers/package.sh
- /home/jetros/ros2_ws/install/gxf_isaac_messages/share/gxf_isaac_messages/package.sh
- /home/jetros/ros2_ws/install/gxf_isaac_tensorops/share/gxf_isaac_tensorops/package.sh
- /home/jetros/ros2_ws/install/isaac_ros_nitros/share/isaac_ros_nitros/package.sh
- /home/jetros/ros2_ws/install/gxf_isaac_tensor_rt/share/gxf_isaac_tensor_rt/package.sh
- /home/jetros/ros2_ws/install/isaac_ros_nitros_camera_info_type/share/isaac_ros_nitros_camera_info_type/package.sh
- /home/jetros/ros2_ws/install/isaac_ros_nitros_image_type/share/isaac_ros_nitros_image_type/package.sh
- /home/jetros/ros2_ws/install/isaac_ros_nitros_tensor_list_type/share/isaac_ros_nitros_tensor_list_type/package.sh
- /home/jetros/ros2_ws/install/isaac_ros_managed_nitros/share/isaac_ros_managed_nitros/package.sh
- /home/jetros/ros2_ws/install/isaac_ros_tensor_rt/share/isaac_ros_tensor_rt/package.sh
- /home/jetros/ros2_ws/install/isaac_ros_triton/share/isaac_ros_triton/package.sh
- /home/jetros/ros2_ws/install/isaac_ros_image_proc/share/isaac_ros_image_proc/package.sh
- /home/jetros/ros2_ws/install/isaac_ros_dnn_image_encoder/share/isaac_ros_dnn_image_encoder/package.sh
Check that the following packages have been built:
- negotiated_interfaces
- isaac_ros_gxf
- negotiated
- gxf_isaac_gems
- gxf_isaac_message_compositor
- gxf_isaac_optimizer
- gxf_isaac_ros_unet
- gxf_isaac_sight
- gxf_isaac_atlas
- gxf_isaac_gxf_helpers
- gxf_isaac_messages
- gxf_isaac_tensorops
- isaac_ros_nitros
- gxf_isaac_tensor_rt
- isaac_ros_nitros_camera_info_type
- isaac_ros_nitros_image_type
- isaac_ros_nitros_tensor_list_type
- isaac_ros_managed_nitros
- isaac_ros_tensor_rt
- isaac_ros_triton
- isaac_ros_image_proc
- isaac_ros_dnn_image_encoder
Failed   <<< isaac_ros_unet [0.02s, exited with code 1]

Summary: 0 packages finished [2.27s]
  1 package failed: isaac_ros_unet
  2 packages not processed
[0;32m[INFO][0m Stage 9: Building Isaac ROS Pose Estimation...
[2.323s] WARNING:colcon.colcon_ros.prefix_path.ament:The path '/home/jetros/ros2_ws/install/zed_ros2' in the environment variable AMENT_PREFIX_PATH doesn't exist
[2.323s] WARNING:colcon.colcon_ros.prefix_path.ament:The path '/home/jetros/ros2_ws/install/zed_robot_integration' in the environment variable AMENT_PREFIX_PATH doesn't exist
[2.323s] WARNING:colcon.colcon_ros.prefix_path.ament:The path '/home/jetros/ros2_ws/install/zed_ipc' in the environment variable AMENT_PREFIX_PATH doesn't exist
[2.323s] WARNING:colcon.colcon_ros.prefix_path.ament:The path '/home/jetros/ros2_ws/install/zed_multi_camera' in the environment variable AMENT_PREFIX_PATH doesn't exist
[2.323s] WARNING:colcon.colcon_ros.prefix_path.ament:The path '/home/jetros/ros2_ws/install/zed_display_rviz2' in the environment variable AMENT_PREFIX_PATH doesn't exist
[2.324s] WARNING:colcon.colcon_ros.prefix_path.ament:The path '/home/jetros/ros2_ws/install/zed_depth_to_laserscan' in the environment variable AMENT_PREFIX_PATH doesn't exist
[2.324s] WARNING:colcon.colcon_ros.prefix_path.ament:The path '/home/jetros/ros2_ws/install/zed_wrapper' in the environment variable AMENT_PREFIX_PATH doesn't exist
[2.324s] WARNING:colcon.colcon_ros.prefix_path.ament:The path '/home/jetros/ros2_ws/install/zed_tutorial_video' in the environment variable AMENT_PREFIX_PATH doesn't exist
[2.324s] WARNING:colcon.colcon_ros.prefix_path.ament:The path '/home/jetros/ros2_ws/install/zed_tutorial_pos_tracking' in the environment variable AMENT_PREFIX_PATH doesn't exist
[2.324s] WARNING:colcon.colcon_ros.prefix_path.ament:The path '/home/jetros/ros2_ws/install/zed_tutorial_depth' in the environment variable AMENT_PREFIX_PATH doesn't exist
[2.324s] WARNING:colcon.colcon_ros.prefix_path.ament:The path '/home/jetros/ros2_ws/install/zed_topic_benchmark' in the environment variable AMENT_PREFIX_PATH doesn't exist
[2.324s] WARNING:colcon.colcon_ros.prefix_path.ament:The path '/home/jetros/ros2_ws/install/zed_topic_benchmark_component' in the environment variable AMENT_PREFIX_PATH doesn't exist
[2.325s] WARNING:colcon.colcon_ros.prefix_path.ament:The path '/home/jetros/ros2_ws/install/zed_topic_benchmark_interfaces' in the environment variable AMENT_PREFIX_PATH doesn't exist
[2.325s] WARNING:colcon.colcon_ros.prefix_path.ament:The path '/home/jetros/ros2_ws/install/zed_rgb_convert' in the environment variable AMENT_PREFIX_PATH doesn't exist
[2.325s] WARNING:colcon.colcon_ros.prefix_path.ament:The path '/home/jetros/ros2_ws/install/zed_odom_watcher' in the environment variable AMENT_PREFIX_PATH doesn't exist
[2.325s] WARNING:colcon.colcon_ros.prefix_path.ament:The path '/home/jetros/ros2_ws/install/zed_human_tracker' in the environment variable AMENT_PREFIX_PATH doesn't exist
[2.325s] WARNING:colcon.colcon_ros.prefix_path.ament:The path '/home/jetros/ros2_ws/install/zed_aruco_localization' in the environment variable AMENT_PREFIX_PATH doesn't exist
[2.325s] WARNING:colcon.colcon_ros.prefix_path.ament:The path '/home/jetros/ros2_ws/install/zed_components' in the environment variable AMENT_PREFIX_PATH doesn't exist
[2.325s] WARNING:colcon.colcon_ros.prefix_path.ament:The path '/home/jetros/ros2_ws/install/rviz_plugin_zed_od' in the environment variable AMENT_PREFIX_PATH doesn't exist
[2.325s] WARNING:colcon.colcon_ros.prefix_path.ament:The path '/home/jetros/ros2_ws/install/zed_msgs' in the environment variable AMENT_PREFIX_PATH doesn't exist
[2.326s] WARNING:colcon.colcon_ros.prefix_path.ament:The path '/home/jetros/ros2_ws/install/zed_imu_republisher' in the environment variable AMENT_PREFIX_PATH doesn't exist
[2.326s] WARNING:colcon.colcon_ros.prefix_path.ament:The path '/home/jetros/ros2_ws/install/zed_goal_publisher' in the environment variable AMENT_PREFIX_PATH doesn't exist
[2.326s] WARNING:colcon.colcon_ros.prefix_path.ament:The path '/home/jetros/ros2_ws/install/voicevox_ros2' in the environment variable AMENT_PREFIX_PATH doesn't exist
[2.326s] WARNING:colcon.colcon_ros.prefix_path.ament:The path '/home/jetros/ros2_ws/install/voicevox_ros2_msgs' in the environment variable AMENT_PREFIX_PATH doesn't exist
[2.326s] WARNING:colcon.colcon_ros.prefix_path.ament:The path '/home/jetros/ros2_ws/install/orange_slam' in the environment variable AMENT_PREFIX_PATH doesn't exist
[2.326s] WARNING:colcon.colcon_ros.prefix_path.ament:The path '/home/jetros/ros2_ws/install/orange_navigation' in the environment variable AMENT_PREFIX_PATH doesn't exist
[2.326s] WARNING:colcon.colcon_ros.prefix_path.ament:The path '/home/jetros/ros2_ws/install/orange_bringup' in the environment variable AMENT_PREFIX_PATH doesn't exist
[2.326s] WARNING:colcon.colcon_ros.prefix_path.ament:The path '/home/jetros/ros2_ws/install/velodyne' in the environment variable AMENT_PREFIX_PATH doesn't exist
[2.327s] WARNING:colcon.colcon_ros.prefix_path.ament:The path '/home/jetros/ros2_ws/install/velodyne_pointcloud' in the environment variable AMENT_PREFIX_PATH doesn't exist
[2.327s] WARNING:colcon.colcon_ros.prefix_path.ament:The path '/home/jetros/ros2_ws/install/velodyne_driver' in the environment variable AMENT_PREFIX_PATH doesn't exist
[2.327s] WARNING:colcon.colcon_ros.prefix_path.ament:The path '/home/jetros/ros2_ws/install/velodyne_msgs' in the environment variable AMENT_PREFIX_PATH doesn't exist
[2.327s] WARNING:colcon.colcon_ros.prefix_path.ament:The path '/home/jetros/ros2_ws/install/velodyne_laserscan' in the environment variable AMENT_PREFIX_PATH doesn't exist
[2.327s] WARNING:colcon.colcon_ros.prefix_path.ament:The path '/home/jetros/ros2_ws/install/speech_recognition_msgs' in the environment variable AMENT_PREFIX_PATH doesn't exist
[2.327s] WARNING:colcon.colcon_ros.prefix_path.ament:The path '/home/jetros/ros2_ws/install/sllidar_ros2' in the environment variable AMENT_PREFIX_PATH doesn't exist
[2.327s] WARNING:colcon.colcon_ros.prefix_path.ament:The path '/home/jetros/ros2_ws/install/nav2_system_tests' in the environment variable AMENT_PREFIX_PATH doesn't exist
[2.328s] WARNING:colcon.colcon_ros.prefix_path.ament:The path '/home/jetros/ros2_ws/install/nav2_bringup' in the environment variable AMENT_PREFIX_PATH doesn't exist
[2.328s] WARNING:colcon.colcon_ros.prefix_path.ament:The path '/home/jetros/ros2_ws/install/slam_toolbox' in the environment variable AMENT_PREFIX_PATH doesn't exist
[2.328s] WARNING:colcon.colcon_ros.prefix_path.ament:The path '/home/jetros/ros2_ws/install/slam_gmapping' in the environment variable AMENT_PREFIX_PATH doesn't exist
[2.328s] WARNING:colcon.colcon_ros.prefix_path.ament:The path '/home/jetros/ros2_ws/install/safety_sensor' in the environment variable AMENT_PREFIX_PATH doesn't exist
[2.328s] WARNING:colcon.colcon_ros.prefix_path.ament:The path '/home/jetros/ros2_ws/install/rosidl_typesupport_microxrcedds_test_msg' in the environment variable AMENT_PREFIX_PATH doesn't exist
[2.328s] WARNING:colcon.colcon_ros.prefix_path.ament:The path '/home/jetros/ros2_ws/install/rosidl_typesupport_microxrcedds_cpp_tests' in the environment variable AMENT_PREFIX_PATH doesn't exist
[2.328s] WARNING:colcon.colcon_ros.prefix_path.ament:The path '/home/jetros/ros2_ws/install/micro_ros_demos_rclc' in the environment variable AMENT_PREFIX_PATH doesn't exist
[2.329s] WARNING:colcon.colcon_ros.prefix_path.ament:The path '/home/jetros/ros2_ws/install/rmw_microxrcedds' in the environment variable AMENT_PREFIX_PATH doesn't exist
[2.329s] WARNING:colcon.colcon_ros.prefix_path.ament:The path '/home/jetros/ros2_ws/install/rosidl_typesupport_microxrcedds_cpp' in the environment variable AMENT_PREFIX_PATH doesn't exist
[2.329s] WARNING:colcon.colcon_ros.prefix_path.ament:The path '/home/jetros/ros2_ws/install/rosidl_typesupport_microxrcedds_c_tests' in the environment variable AMENT_PREFIX_PATH doesn't exist
[2.329s] WARNING:colcon.colcon_ros.prefix_path.ament:The path '/home/jetros/ros2_ws/install/rosidl_typesupport_microxrcedds_c' in the environment variable AMENT_PREFIX_PATH doesn't exist
[2.329s] WARNING:colcon.colcon_ros.prefix_path.ament:The path '/home/jetros/ros2_ws/install/ros2_rs_pcl' in the environment variable AMENT_PREFIX_PATH doesn't exist
[2.329s] WARNING:colcon.colcon_ros.prefix_path.ament:The path '/home/jetros/ros2_ws/install/ros2_laser_scan_merger' in the environment variable AMENT_PREFIX_PATH doesn't exist
[2.329s] WARNING:colcon.colcon_ros.prefix_path.ament:The path '/home/jetros/ros2_ws/install/rf2o_laser_odometry' in the environment variable AMENT_PREFIX_PATH doesn't exist
[2.329s] WARNING:colcon.colcon_ros.prefix_path.ament:The path '/home/jetros/ros2_ws/install/rclc_examples' in the environment variable AMENT_PREFIX_PATH doesn't exist
[2.330s] WARNING:colcon.colcon_ros.prefix_path.ament:The path '/home/jetros/ros2_ws/install/rclc_parameter' in the environment variable AMENT_PREFIX_PATH doesn't exist
[2.330s] WARNING:colcon.colcon_ros.prefix_path.ament:The path '/home/jetros/ros2_ws/install/rclc_lifecycle' in the environment variable AMENT_PREFIX_PATH doesn't exist
[2.330s] WARNING:colcon.colcon_ros.prefix_path.ament:The path '/home/jetros/ros2_ws/install/rclc' in the environment variable AMENT_PREFIX_PATH doesn't exist
[2.330s] WARNING:colcon.colcon_ros.prefix_path.ament:The path '/home/jetros/ros2_ws/install/posedetection_msgs' in the environment variable AMENT_PREFIX_PATH doesn't exist
[2.330s] WARNING:colcon.colcon_ros.prefix_path.ament:The path '/home/jetros/ros2_ws/install/orange_gazebo' in the environment variable AMENT_PREFIX_PATH doesn't exist
[2.330s] WARNING:colcon.colcon_ros.prefix_path.ament:The path '/home/jetros/ros2_ws/install/orange_description' in the environment variable AMENT_PREFIX_PATH doesn't exist
[2.330s] WARNING:colcon.colcon_ros.prefix_path.ament:The path '/home/jetros/ros2_ws/install/orange_sensor_tools' in the environment variable AMENT_PREFIX_PATH doesn't exist
[2.330s] WARNING:colcon.colcon_ros.prefix_path.ament:The path '/home/jetros/ros2_ws/install/pointcloud_to_laserscan' in the environment variable AMENT_PREFIX_PATH doesn't exist
[2.331s] WARNING:colcon.colcon_ros.prefix_path.ament:The path '/home/jetros/ros2_ws/install/orange_teleop' in the environment variable AMENT_PREFIX_PATH doesn't exist
[2.331s] WARNING:colcon.colcon_ros.prefix_path.ament:The path '/home/jetros/ros2_ws/install/openslam_gmapping' in the environment variable AMENT_PREFIX_PATH doesn't exist
[2.331s] WARNING:colcon.colcon_ros.prefix_path.ament:The path '/home/jetros/ros2_ws/install/odom_publisher' in the environment variable AMENT_PREFIX_PATH doesn't exist
[2.331s] WARNING:colcon.colcon_ros.prefix_path.ament:The path '/home/jetros/ros2_ws/install/navigation2' in the environment variable AMENT_PREFIX_PATH doesn't exist
[2.331s] WARNING:colcon.colcon_ros.prefix_path.ament:The path '/home/jetros/ros2_ws/install/nav2_smoother' in the environment variable AMENT_PREFIX_PATH doesn't exist
[2.331s] WARNING:colcon.colcon_ros.prefix_path.ament:The path '/home/jetros/ros2_ws/install/nav2_rotation_shim_controller' in the environment variable AMENT_PREFIX_PATH doesn't exist
[2.331s] WARNING:colcon.colcon_ros.prefix_path.ament:The path '/home/jetros/ros2_ws/install/nav2_graceful_controller' in the environment variable AMENT_PREFIX_PATH doesn't exist
[2.331s] WARNING:colcon.colcon_ros.prefix_path.ament:The path '/home/jetros/ros2_ws/install/nav2_dwb_controller' in the environment variable AMENT_PREFIX_PATH doesn't exist
[2.331s] WARNING:colcon.colcon_ros.prefix_path.ament:The path '/home/jetros/ros2_ws/install/nav2_controller' in the environment variable AMENT_PREFIX_PATH doesn't exist
[2.331s] WARNING:colcon.colcon_ros.prefix_path.ament:The path '/home/jetros/ros2_ws/install/dwb_plugins' in the environment variable AMENT_PREFIX_PATH doesn't exist
[2.331s] WARNING:colcon.colcon_ros.prefix_path.ament:The path '/home/jetros/ros2_ws/install/dwb_critics' in the environment variable AMENT_PREFIX_PATH doesn't exist
[2.331s] WARNING:colcon.colcon_ros.prefix_path.ament:The path '/home/jetros/ros2_ws/install/dwb_core' in the environment variable AMENT_PREFIX_PATH doesn't exist
[2.332s] WARNING:colcon.colcon_ros.prefix_path.ament:The path '/home/jetros/ros2_ws/install/nav_2d_utils' in the environment variable AMENT_PREFIX_PATH doesn't exist
[2.332s] WARNING:colcon.colcon_ros.prefix_path.ament:The path '/home/jetros/ros2_ws/install/dwb_msgs' in the environment variable AMENT_PREFIX_PATH doesn't exist
[2.332s] WARNING:colcon.colcon_ros.prefix_path.ament:The path '/home/jetros/ros2_ws/install/nav_2d_msgs' in the environment variable AMENT_PREFIX_PATH doesn't exist
[2.332s] WARNING:colcon.colcon_ros.prefix_path.ament:The path '/home/jetros/ros2_ws/install/nav2_waypoint_follower' in the environment variable AMENT_PREFIX_PATH doesn't exist
[2.332s] WARNING:colcon.colcon_ros.prefix_path.ament:The path '/home/jetros/ros2_ws/install/nav2_theta_star_planner' in the environment variable AMENT_PREFIX_PATH doesn't exist
[2.332s] WARNING:colcon.colcon_ros.prefix_path.ament:The path '/home/jetros/ros2_ws/install/nav2_smac_planner' in the environment variable AMENT_PREFIX_PATH doesn't exist
[2.332s] WARNING:colcon.colcon_ros.prefix_path.ament:The path '/home/jetros/ros2_ws/install/nav2_route' in the environment variable AMENT_PREFIX_PATH doesn't exist
[2.332s] WARNING:colcon.colcon_ros.prefix_path.ament:The path '/home/jetros/ros2_ws/install/nav2_regulated_pure_pursuit_controller' in the environment variable AMENT_PREFIX_PATH doesn't exist
[2.332s] WARNING:colcon.colcon_ros.prefix_path.ament:The path '/home/jetros/ros2_ws/install/nav2_planner' in the environment variable AMENT_PREFIX_PATH doesn't exist
[2.332s] WARNING:colcon.colcon_ros.prefix_path.ament:The path '/home/jetros/ros2_ws/install/nav2_navfn_planner' in the environment variable AMENT_PREFIX_PATH doesn't exist
[2.332s] WARNING:colcon.colcon_ros.prefix_path.ament:The path '/home/jetros/ros2_ws/install/nav2_mppi_controller' in the environment variable AMENT_PREFIX_PATH doesn't exist
[2.332s] WARNING:colcon.colcon_ros.prefix_path.ament:The path '/home/jetros/ros2_ws/install/nav2_constrained_smoother' in the environment variable AMENT_PREFIX_PATH doesn't exist
[2.332s] WARNING:colcon.colcon_ros.prefix_path.ament:The path '/home/jetros/ros2_ws/install/nav2_bt_navigator' in the environment variable AMENT_PREFIX_PATH doesn't exist
[2.333s] WARNING:colcon.colcon_ros.prefix_path.ament:The path '/home/jetros/ros2_ws/install/nav2_behaviors' in the environment variable AMENT_PREFIX_PATH doesn't exist
[2.333s] WARNING:colcon.colcon_ros.prefix_path.ament:The path '/home/jetros/ros2_ws/install/nav2_core' in the environment variable AMENT_PREFIX_PATH doesn't exist
[2.333s] WARNING:colcon.colcon_ros.prefix_path.ament:The path '/home/jetros/ros2_ws/install/nav2_collision_monitor' in the environment variable AMENT_PREFIX_PATH doesn't exist
[2.333s] WARNING:colcon.colcon_ros.prefix_path.ament:The path '/home/jetros/ros2_ws/install/costmap_queue' in the environment variable AMENT_PREFIX_PATH doesn't exist
[2.333s] WARNING:colcon.colcon_ros.prefix_path.ament:The path '/home/jetros/ros2_ws/install/nav2_costmap_2d' in the environment variable AMENT_PREFIX_PATH doesn't exist
[2.333s] WARNING:colcon.colcon_ros.prefix_path.ament:The path '/home/jetros/ros2_ws/install/nav2_voxel_grid' in the environment variable AMENT_PREFIX_PATH doesn't exist
[2.333s] WARNING:colcon.colcon_ros.prefix_path.ament:The path '/home/jetros/ros2_ws/install/nav2_velocity_smoother' in the environment variable AMENT_PREFIX_PATH doesn't exist
[2.333s] WARNING:colcon.colcon_ros.prefix_path.ament:The path '/home/jetros/ros2_ws/install/nav2_rviz_plugins' in the environment variable AMENT_PREFIX_PATH doesn't exist
[2.333s] WARNING:colcon.colcon_ros.prefix_path.ament:The path '/home/jetros/ros2_ws/install/nav2_map_server' in the environment variable AMENT_PREFIX_PATH doesn't exist
[2.333s] WARNING:colcon.colcon_ros.prefix_path.ament:The path '/home/jetros/ros2_ws/install/nav2_lifecycle_manager' in the environment variable AMENT_PREFIX_PATH doesn't exist
[2.333s] WARNING:colcon.colcon_ros.prefix_path.ament:The path '/home/jetros/ros2_ws/install/nav2_behavior_tree' in the environment variable AMENT_PREFIX_PATH doesn't exist
[2.334s] WARNING:colcon.colcon_ros.prefix_path.ament:The path '/home/jetros/ros2_ws/install/nav2_amcl' in the environment variable AMENT_PREFIX_PATH doesn't exist
[2.334s] WARNING:colcon.colcon_ros.prefix_path.ament:The path '/home/jetros/ros2_ws/install/nav2_util' in the environment variable AMENT_PREFIX_PATH doesn't exist
[2.334s] WARNING:colcon.colcon_ros.prefix_path.ament:The path '/home/jetros/ros2_ws/install/nav2_simple_commander' in the environment variable AMENT_PREFIX_PATH doesn't exist
[2.334s] WARNING:colcon.colcon_ros.prefix_path.ament:The path '/home/jetros/ros2_ws/install/nav2_msgs' in the environment variable AMENT_PREFIX_PATH doesn't exist
[2.334s] WARNING:colcon.colcon_ros.prefix_path.ament:The path '/home/jetros/ros2_ws/install/nav2_common' in the environment variable AMENT_PREFIX_PATH doesn't exist
[2.334s] WARNING:colcon.colcon_ros.prefix_path.ament:The path '/home/jetros/ros2_ws/install/micro_ros_utilities' in the environment variable AMENT_PREFIX_PATH doesn't exist
[2.334s] WARNING:colcon.colcon_ros.prefix_path.ament:The path '/home/jetros/ros2_ws/install/micro_ros_setup' in the environment variable AMENT_PREFIX_PATH doesn't exist
[2.334s] WARNING:colcon.colcon_ros.prefix_path.ament:The path '/home/jetros/ros2_ws/install/micro_ros_agent' in the environment variable AMENT_PREFIX_PATH doesn't exist
[2.334s] WARNING:colcon.colcon_ros.prefix_path.ament:The path '/home/jetros/ros2_ws/install/micro_ros_msgs' in the environment variable AMENT_PREFIX_PATH doesn't exist
[2.334s] WARNING:colcon.colcon_ros.prefix_path.ament:The path '/home/jetros/ros2_ws/install/mark3_urdf' in the environment variable AMENT_PREFIX_PATH doesn't exist
[2.334s] WARNING:colcon.colcon_ros.prefix_path.ament:The path '/home/jetros/ros2_ws/install/ldlidar_stl_ros2' in the environment variable AMENT_PREFIX_PATH doesn't exist
[2.335s] WARNING:colcon.colcon_ros.prefix_path.ament:The path '/home/jetros/ros2_ws/install/ldlidar' in the environment variable AMENT_PREFIX_PATH doesn't exist
[2.335s] WARNING:colcon.colcon_ros.prefix_path.ament:The path '/home/jetros/ros2_ws/install/laser_merger2' in the environment variable AMENT_PREFIX_PATH doesn't exist
[2.335s] WARNING:colcon.colcon_ros.prefix_path.ament:The path '/home/jetros/ros2_ws/install/laser_filters' in the environment variable AMENT_PREFIX_PATH doesn't exist
[2.335s] WARNING:colcon.colcon_ros.prefix_path.ament:The path '/home/jetros/ros2_ws/install/jsk_visualization' in the environment variable AMENT_PREFIX_PATH doesn't exist
[2.335s] WARNING:colcon.colcon_ros.prefix_path.ament:The path '/home/jetros/ros2_ws/install/jsk_rviz_plugins' in the environment variable AMENT_PREFIX_PATH doesn't exist
[2.335s] WARNING:colcon.colcon_ros.prefix_path.ament:The path '/home/jetros/ros2_ws/install/jsk_topic_tools' in the environment variable AMENT_PREFIX_PATH doesn't exist
[2.335s] WARNING:colcon.colcon_ros.prefix_path.ament:The path '/home/jetros/ros2_ws/install/jsk_rviz_plugin_msgs' in the environment variable AMENT_PREFIX_PATH doesn't exist
[2.336s] WARNING:colcon.colcon_ros.prefix_path.ament:The path '/home/jetros/ros2_ws/install/jsk_recognition_msgs' in the environment variable AMENT_PREFIX_PATH doesn't exist
[2.336s] WARNING:colcon.colcon_ros.prefix_path.ament:The path '/home/jetros/ros2_ws/install/jsk_hark_msgs' in the environment variable AMENT_PREFIX_PATH doesn't exist
[2.336s] WARNING:colcon.colcon_ros.prefix_path.ament:The path '/home/jetros/ros2_ws/install/jsk_gui_msgs' in the environment variable AMENT_PREFIX_PATH doesn't exist
[2.336s] WARNING:colcon.colcon_ros.prefix_path.ament:The path '/home/jetros/ros2_ws/install/jsk_footstep_msgs' in the environment variable AMENT_PREFIX_PATH doesn't exist
[2.336s] WARNING:colcon.colcon_ros.prefix_path.ament:The path '/home/jetros/ros2_ws/install/joy_mecanum_controller' in the environment variable AMENT_PREFIX_PATH doesn't exist
[2.336s] WARNING:colcon.colcon_ros.prefix_path.ament:The path '/home/jetros/ros2_ws/install/gazebo_ros_pkgs' in the environment variable AMENT_PREFIX_PATH doesn't exist
[2.336s] WARNING:colcon.colcon_ros.prefix_path.ament:The path '/home/jetros/ros2_ws/install/gazebo_msgs' in the environment variable AMENT_PREFIX_PATH doesn't exist
[2.336s] WARNING:colcon.colcon_ros.prefix_path.ament:The path '/home/jetros/ros2_ws/install/gazebo_dev' in the environment variable AMENT_PREFIX_PATH doesn't exist
[2.337s] WARNING:colcon.colcon_ros.prefix_path.ament:The path '/home/jetros/ros2_ws/install/emcl2' in the environment variable AMENT_PREFIX_PATH doesn't exist
[2.337s] WARNING:colcon.colcon_ros.prefix_path.ament:The path '/home/jetros/ros2_ws/install/complex_msgs' in the environment variable AMENT_PREFIX_PATH doesn't exist
[2.337s] WARNING:colcon.colcon_ros.prefix_path.ament:The path '/home/jetros/ros2_ws/install/cmd_vel_float_changer' in the environment variable AMENT_PREFIX_PATH doesn't exist
[2.337s] WARNING:colcon.colcon_ros.prefix_path.ament:The path '/home/jetros/ros2_ws/install/cartographer_rviz' in the environment variable AMENT_PREFIX_PATH doesn't exist
[2.337s] WARNING:colcon.colcon_ros.prefix_path.ament:The path '/home/jetros/ros2_ws/install/cartographer_ros' in the environment variable AMENT_PREFIX_PATH doesn't exist
[2.337s] WARNING:colcon.colcon_ros.prefix_path.ament:The path '/home/jetros/ros2_ws/install/cartographer_ros_msgs' in the environment variable AMENT_PREFIX_PATH doesn't exist
[2.337s] WARNING:colcon.colcon_ros.prefix_path.ament:The path '/home/jetros/ros2_ws/install/bringup' in the environment variable AMENT_PREFIX_PATH doesn't exist
[2.337s] WARNING:colcon.colcon_ros.prefix_path.catkin:The path '/home/jetros/ros2_ws/install/zed_ros2' in the environment variable CMAKE_PREFIX_PATH doesn't exist
[2.337s] WARNING:colcon.colcon_ros.prefix_path.catkin:The path '/home/jetros/ros2_ws/install/zed_robot_integration' in the environment variable CMAKE_PREFIX_PATH doesn't exist
[2.337s] WARNING:colcon.colcon_ros.prefix_path.catkin:The path '/home/jetros/ros2_ws/install/zed_ipc' in the environment variable CMAKE_PREFIX_PATH doesn't exist
[2.338s] WARNING:colcon.colcon_ros.prefix_path.catkin:The path '/home/jetros/ros2_ws/install/zed_multi_camera' in the environment variable CMAKE_PREFIX_PATH doesn't exist
[2.338s] WARNING:colcon.colcon_ros.prefix_path.catkin:The path '/home/jetros/ros2_ws/install/zed_display_rviz2' in the environment variable CMAKE_PREFIX_PATH doesn't exist
[2.338s] WARNING:colcon.colcon_ros.prefix_path.catkin:The path '/home/jetros/ros2_ws/install/zed_depth_to_laserscan' in the environment variable CMAKE_PREFIX_PATH doesn't exist
[2.338s] WARNING:colcon.colcon_ros.prefix_path.catkin:The path '/home/jetros/ros2_ws/install/zed_wrapper' in the environment variable CMAKE_PREFIX_PATH doesn't exist
[2.338s] WARNING:colcon.colcon_ros.prefix_path.catkin:The path '/home/jetros/ros2_ws/install/zed_tutorial_video' in the environment variable CMAKE_PREFIX_PATH doesn't exist
[2.338s] WARNING:colcon.colcon_ros.prefix_path.catkin:The path '/home/jetros/ros2_ws/install/zed_tutorial_pos_tracking' in the environment variable CMAKE_PREFIX_PATH doesn't exist
[2.338s] WARNING:colcon.colcon_ros.prefix_path.catkin:The path '/home/jetros/ros2_ws/install/zed_tutorial_depth' in the environment variable CMAKE_PREFIX_PATH doesn't exist
[2.338s] WARNING:colcon.colcon_ros.prefix_path.catkin:The path '/home/jetros/ros2_ws/install/zed_topic_benchmark' in the environment variable CMAKE_PREFIX_PATH doesn't exist
[2.338s] WARNING:colcon.colcon_ros.prefix_path.catkin:The path '/home/jetros/ros2_ws/install/zed_topic_benchmark_component' in the environment variable CMAKE_PREFIX_PATH doesn't exist
[2.338s] WARNING:colcon.colcon_ros.prefix_path.catkin:The path '/home/jetros/ros2_ws/install/zed_topic_benchmark_interfaces' in the environment variable CMAKE_PREFIX_PATH doesn't exist
[2.338s] WARNING:colcon.colcon_ros.prefix_path.catkin:The path '/home/jetros/ros2_ws/install/zed_rgb_convert' in the environment variable CMAKE_PREFIX_PATH doesn't exist
[2.338s] WARNING:colcon.colcon_ros.prefix_path.catkin:The path '/home/jetros/ros2_ws/install/zed_odom_watcher' in the environment variable CMAKE_PREFIX_PATH doesn't exist
[2.339s] WARNING:colcon.colcon_ros.prefix_path.catkin:The path '/home/jetros/ros2_ws/install/zed_human_tracker' in the environment variable CMAKE_PREFIX_PATH doesn't exist
[2.339s] WARNING:colcon.colcon_ros.prefix_path.catkin:The path '/home/jetros/ros2_ws/install/zed_aruco_localization' in the environment variable CMAKE_PREFIX_PATH doesn't exist
[2.339s] WARNING:colcon.colcon_ros.prefix_path.catkin:The path '/home/jetros/ros2_ws/install/zed_components' in the environment variable CMAKE_PREFIX_PATH doesn't exist
[2.339s] WARNING:colcon.colcon_ros.prefix_path.catkin:The path '/home/jetros/ros2_ws/install/rviz_plugin_zed_od' in the environment variable CMAKE_PREFIX_PATH doesn't exist
[2.339s] WARNING:colcon.colcon_ros.prefix_path.catkin:The path '/home/jetros/ros2_ws/install/zed_msgs' in the environment variable CMAKE_PREFIX_PATH doesn't exist
[2.339s] WARNING:colcon.colcon_ros.prefix_path.catkin:The path '/home/jetros/ros2_ws/install/zed_imu_republisher' in the environment variable CMAKE_PREFIX_PATH doesn't exist
[2.339s] WARNING:colcon.colcon_ros.prefix_path.catkin:The path '/home/jetros/ros2_ws/install/zed_goal_publisher' in the environment variable CMAKE_PREFIX_PATH doesn't exist
[2.339s] WARNING:colcon.colcon_ros.prefix_path.catkin:The path '/home/jetros/ros2_ws/install/voicevox_ros2_msgs' in the environment variable CMAKE_PREFIX_PATH doesn't exist
[2.340s] WARNING:colcon.colcon_ros.prefix_path.catkin:The path '/home/jetros/ros2_ws/install/orange_slam' in the environment variable CMAKE_PREFIX_PATH doesn't exist
[2.340s] WARNING:colcon.colcon_ros.prefix_path.catkin:The path '/home/jetros/ros2_ws/install/orange_navigation' in the environment variable CMAKE_PREFIX_PATH doesn't exist
[2.340s] WARNING:colcon.colcon_ros.prefix_path.catkin:The path '/home/jetros/ros2_ws/install/velodyne' in the environment variable CMAKE_PREFIX_PATH doesn't exist
[2.340s] WARNING:colcon.colcon_ros.prefix_path.catkin:The path '/home/jetros/ros2_ws/install/velodyne_pointcloud' in the environment variable CMAKE_PREFIX_PATH doesn't exist
[2.340s] WARNING:colcon.colcon_ros.prefix_path.catkin:The path '/home/jetros/ros2_ws/install/velodyne_driver' in the environment variable CMAKE_PREFIX_PATH doesn't exist
[2.340s] WARNING:colcon.colcon_ros.prefix_path.catkin:The path '/home/jetros/ros2_ws/install/velodyne_msgs' in the environment variable CMAKE_PREFIX_PATH doesn't exist
[2.340s] WARNING:colcon.colcon_ros.prefix_path.catkin:The path '/home/jetros/ros2_ws/install/velodyne_laserscan' in the environment variable CMAKE_PREFIX_PATH doesn't exist
[2.340s] WARNING:colcon.colcon_ros.prefix_path.catkin:The path '/home/jetros/ros2_ws/install/speech_recognition_msgs' in the environment variable CMAKE_PREFIX_PATH doesn't exist
[2.341s] WARNING:colcon.colcon_ros.prefix_path.catkin:The path '/home/jetros/ros2_ws/install/sllidar_ros2' in the environment variable CMAKE_PREFIX_PATH doesn't exist
[2.341s] WARNING:colcon.colcon_ros.prefix_path.catkin:The path '/home/jetros/ros2_ws/install/nav2_system_tests' in the environment variable CMAKE_PREFIX_PATH doesn't exist
[2.341s] WARNING:colcon.colcon_ros.prefix_path.catkin:The path '/home/jetros/ros2_ws/install/nav2_bringup' in the environment variable CMAKE_PREFIX_PATH doesn't exist
[2.341s] WARNING:colcon.colcon_ros.prefix_path.catkin:The path '/home/jetros/ros2_ws/install/slam_toolbox' in the environment variable CMAKE_PREFIX_PATH doesn't exist
[2.341s] WARNING:colcon.colcon_ros.prefix_path.catkin:The path '/home/jetros/ros2_ws/install/slam_gmapping' in the environment variable CMAKE_PREFIX_PATH doesn't exist
[2.341s] WARNING:colcon.colcon_ros.prefix_path.catkin:The path '/home/jetros/ros2_ws/install/safety_sensor' in the environment variable CMAKE_PREFIX_PATH doesn't exist
[2.341s] WARNING:colcon.colcon_ros.prefix_path.catkin:The path '/home/jetros/ros2_ws/install/rosidl_typesupport_microxrcedds_test_msg' in the environment variable CMAKE_PREFIX_PATH doesn't exist
[2.341s] WARNING:colcon.colcon_ros.prefix_path.catkin:The path '/home/jetros/ros2_ws/install/rosidl_typesupport_microxrcedds_cpp_tests' in the environment variable CMAKE_PREFIX_PATH doesn't exist
[2.341s] WARNING:colcon.colcon_ros.prefix_path.catkin:The path '/home/jetros/ros2_ws/install/micro_ros_demos_rclc' in the environment variable CMAKE_PREFIX_PATH doesn't exist
[2.341s] WARNING:colcon.colcon_ros.prefix_path.catkin:The path '/home/jetros/ros2_ws/install/rmw_microxrcedds' in the environment variable CMAKE_PREFIX_PATH doesn't exist
[2.341s] WARNING:colcon.colcon_ros.prefix_path.catkin:The path '/home/jetros/ros2_ws/install/rosidl_typesupport_microxrcedds_cpp' in the environment variable CMAKE_PREFIX_PATH doesn't exist
[2.341s] WARNING:colcon.colcon_ros.prefix_path.catkin:The path '/home/jetros/ros2_ws/install/rosidl_typesupport_microxrcedds_c_tests' in the environment variable CMAKE_PREFIX_PATH doesn't exist
[2.342s] WARNING:colcon.colcon_ros.prefix_path.catkin:The path '/home/jetros/ros2_ws/install/rosidl_typesupport_microxrcedds_c' in the environment variable CMAKE_PREFIX_PATH doesn't exist
[2.342s] WARNING:colcon.colcon_ros.prefix_path.catkin:The path '/home/jetros/ros2_ws/install/ros2_rs_pcl' in the environment variable CMAKE_PREFIX_PATH doesn't exist
[2.342s] WARNING:colcon.colcon_ros.prefix_path.catkin:The path '/home/jetros/ros2_ws/install/ros2_laser_scan_merger' in the environment variable CMAKE_PREFIX_PATH doesn't exist
[2.342s] WARNING:colcon.colcon_ros.prefix_path.catkin:The path '/home/jetros/ros2_ws/install/rf2o_laser_odometry' in the environment variable CMAKE_PREFIX_PATH doesn't exist
[2.342s] WARNING:colcon.colcon_ros.prefix_path.catkin:The path '/home/jetros/ros2_ws/install/rclc_examples' in the environment variable CMAKE_PREFIX_PATH doesn't exist
[2.342s] WARNING:colcon.colcon_ros.prefix_path.catkin:The path '/home/jetros/ros2_ws/install/rclc_parameter' in the environment variable CMAKE_PREFIX_PATH doesn't exist
[2.342s] WARNING:colcon.colcon_ros.prefix_path.catkin:The path '/home/jetros/ros2_ws/install/rclc_lifecycle' in the environment variable CMAKE_PREFIX_PATH doesn't exist
[2.342s] WARNING:colcon.colcon_ros.prefix_path.catkin:The path '/home/jetros/ros2_ws/install/rclc' in the environment variable CMAKE_PREFIX_PATH doesn't exist
[2.342s] WARNING:colcon.colcon_ros.prefix_path.catkin:The path '/home/jetros/ros2_ws/install/posedetection_msgs' in the environment variable CMAKE_PREFIX_PATH doesn't exist
[2.342s] WARNING:colcon.colcon_ros.prefix_path.catkin:The path '/home/jetros/ros2_ws/install/orange_gazebo' in the environment variable CMAKE_PREFIX_PATH doesn't exist
[2.342s] WARNING:colcon.colcon_ros.prefix_path.catkin:The path '/home/jetros/ros2_ws/install/orange_description' in the environment variable CMAKE_PREFIX_PATH doesn't exist
[2.342s] WARNING:colcon.colcon_ros.prefix_path.catkin:The path '/home/jetros/ros2_ws/install/orange_sensor_tools' in the environment variable CMAKE_PREFIX_PATH doesn't exist
[2.342s] WARNING:colcon.colcon_ros.prefix_path.catkin:The path '/home/jetros/ros2_ws/install/pointcloud_to_laserscan' in the environment variable CMAKE_PREFIX_PATH doesn't exist
[2.343s] WARNING:colcon.colcon_ros.prefix_path.catkin:The path '/home/jetros/ros2_ws/install/openslam_gmapping' in the environment variable CMAKE_PREFIX_PATH doesn't exist
[2.343s] WARNING:colcon.colcon_ros.prefix_path.catkin:The path '/home/jetros/ros2_ws/install/odom_publisher' in the environment variable CMAKE_PREFIX_PATH doesn't exist
[2.343s] WARNING:colcon.colcon_ros.prefix_path.catkin:The path '/home/jetros/ros2_ws/install/navigation2' in the environment variable CMAKE_PREFIX_PATH doesn't exist
[2.343s] WARNING:colcon.colcon_ros.prefix_path.catkin:The path '/home/jetros/ros2_ws/install/nav2_smoother' in the environment variable CMAKE_PREFIX_PATH doesn't exist
[2.343s] WARNING:colcon.colcon_ros.prefix_path.catkin:The path '/home/jetros/ros2_ws/install/nav2_rotation_shim_controller' in the environment variable CMAKE_PREFIX_PATH doesn't exist
[2.343s] WARNING:colcon.colcon_ros.prefix_path.catkin:The path '/home/jetros/ros2_ws/install/nav2_graceful_controller' in the environment variable CMAKE_PREFIX_PATH doesn't exist
[2.343s] WARNING:colcon.colcon_ros.prefix_path.catkin:The path '/home/jetros/ros2_ws/install/nav2_dwb_controller' in the environment variable CMAKE_PREFIX_PATH doesn't exist
[2.343s] WARNING:colcon.colcon_ros.prefix_path.catkin:The path '/home/jetros/ros2_ws/install/nav2_controller' in the environment variable CMAKE_PREFIX_PATH doesn't exist
[2.343s] WARNING:colcon.colcon_ros.prefix_path.catkin:The path '/home/jetros/ros2_ws/install/dwb_plugins' in the environment variable CMAKE_PREFIX_PATH doesn't exist
[2.343s] WARNING:colcon.colcon_ros.prefix_path.catkin:The path '/home/jetros/ros2_ws/install/dwb_critics' in the environment variable CMAKE_PREFIX_PATH doesn't exist
[2.343s] WARNING:colcon.colcon_ros.prefix_path.catkin:The path '/home/jetros/ros2_ws/install/dwb_core' in the environment variable CMAKE_PREFIX_PATH doesn't exist
[2.343s] WARNING:colcon.colcon_ros.prefix_path.catkin:The path '/home/jetros/ros2_ws/install/nav_2d_utils' in the environment variable CMAKE_PREFIX_PATH doesn't exist
[2.344s] WARNING:colcon.colcon_ros.prefix_path.catkin:The path '/home/jetros/ros2_ws/install/dwb_msgs' in the environment variable CMAKE_PREFIX_PATH doesn't exist
[2.344s] WARNING:colcon.colcon_ros.prefix_path.catkin:The path '/home/jetros/ros2_ws/install/nav_2d_msgs' in the environment variable CMAKE_PREFIX_PATH doesn't exist
[2.344s] WARNING:colcon.colcon_ros.prefix_path.catkin:The path '/home/jetros/ros2_ws/install/nav2_waypoint_follower' in the environment variable CMAKE_PREFIX_PATH doesn't exist
[2.344s] WARNING:colcon.colcon_ros.prefix_path.catkin:The path '/home/jetros/ros2_ws/install/nav2_theta_star_planner' in the environment variable CMAKE_PREFIX_PATH doesn't exist
[2.344s] WARNING:colcon.colcon_ros.prefix_path.catkin:The path '/home/jetros/ros2_ws/install/nav2_smac_planner' in the environment variable CMAKE_PREFIX_PATH doesn't exist
[2.344s] WARNING:colcon.colcon_ros.prefix_path.catkin:The path '/home/jetros/ros2_ws/install/nav2_route' in the environment variable CMAKE_PREFIX_PATH doesn't exist
[2.344s] WARNING:colcon.colcon_ros.prefix_path.catkin:The path '/home/jetros/ros2_ws/install/nav2_regulated_pure_pursuit_controller' in the environment variable CMAKE_PREFIX_PATH doesn't exist
[2.344s] WARNING:colcon.colcon_ros.prefix_path.catkin:The path '/home/jetros/ros2_ws/install/nav2_planner' in the environment variable CMAKE_PREFIX_PATH doesn't exist
[2.344s] WARNING:colcon.colcon_ros.prefix_path.catkin:The path '/home/jetros/ros2_ws/install/nav2_navfn_planner' in the environment variable CMAKE_PREFIX_PATH doesn't exist
[2.344s] WARNING:colcon.colcon_ros.prefix_path.catkin:The path '/home/jetros/ros2_ws/install/nav2_mppi_controller' in the environment variable CMAKE_PREFIX_PATH doesn't exist
[2.344s] WARNING:colcon.colcon_ros.prefix_path.catkin:The path '/home/jetros/ros2_ws/install/nav2_constrained_smoother' in the environment variable CMAKE_PREFIX_PATH doesn't exist
[2.345s] WARNING:colcon.colcon_ros.prefix_path.catkin:The path '/home/jetros/ros2_ws/install/nav2_bt_navigator' in the environment variable CMAKE_PREFIX_PATH doesn't exist
[2.345s] WARNING:colcon.colcon_ros.prefix_path.catkin:The path '/home/jetros/ros2_ws/install/nav2_behaviors' in the environment variable CMAKE_PREFIX_PATH doesn't exist
[2.345s] WARNING:colcon.colcon_ros.prefix_path.catkin:The path '/home/jetros/ros2_ws/install/nav2_core' in the environment variable CMAKE_PREFIX_PATH doesn't exist
[2.345s] WARNING:colcon.colcon_ros.prefix_path.catkin:The path '/home/jetros/ros2_ws/install/nav2_collision_monitor' in the environment variable CMAKE_PREFIX_PATH doesn't exist
[2.345s] WARNING:colcon.colcon_ros.prefix_path.catkin:The path '/home/jetros/ros2_ws/install/costmap_queue' in the environment variable CMAKE_PREFIX_PATH doesn't exist
[2.345s] WARNING:colcon.colcon_ros.prefix_path.catkin:The path '/home/jetros/ros2_ws/install/nav2_costmap_2d' in the environment variable CMAKE_PREFIX_PATH doesn't exist
[2.345s] WARNING:colcon.colcon_ros.prefix_path.catkin:The path '/home/jetros/ros2_ws/install/nav2_voxel_grid' in the environment variable CMAKE_PREFIX_PATH doesn't exist
[2.345s] WARNING:colcon.colcon_ros.prefix_path.catkin:The path '/home/jetros/ros2_ws/install/nav2_velocity_smoother' in the environment variable CMAKE_PREFIX_PATH doesn't exist
[2.345s] WARNING:colcon.colcon_ros.prefix_path.catkin:The path '/home/jetros/ros2_ws/install/nav2_rviz_plugins' in the environment variable CMAKE_PREFIX_PATH doesn't exist
[2.345s] WARNING:colcon.colcon_ros.prefix_path.catkin:The path '/home/jetros/ros2_ws/install/nav2_map_server' in the environment variable CMAKE_PREFIX_PATH doesn't exist
[2.345s] WARNING:colcon.colcon_ros.prefix_path.catkin:The path '/home/jetros/ros2_ws/install/nav2_lifecycle_manager' in the environment variable CMAKE_PREFIX_PATH doesn't exist
[2.345s] WARNING:colcon.colcon_ros.prefix_path.catkin:The path '/home/jetros/ros2_ws/install/nav2_behavior_tree' in the environment variable CMAKE_PREFIX_PATH doesn't exist
[2.345s] WARNING:colcon.colcon_ros.prefix_path.catkin:The path '/home/jetros/ros2_ws/install/nav2_amcl' in the environment variable CMAKE_PREFIX_PATH doesn't exist
[2.345s] WARNING:colcon.colcon_ros.prefix_path.catkin:The path '/home/jetros/ros2_ws/install/nav2_util' in the environment variable CMAKE_PREFIX_PATH doesn't exist
[2.345s] WARNING:colcon.colcon_ros.prefix_path.catkin:The path '/home/jetros/ros2_ws/install/nav2_msgs' in the environment variable CMAKE_PREFIX_PATH doesn't exist
[2.346s] WARNING:colcon.colcon_ros.prefix_path.catkin:The path '/home/jetros/ros2_ws/install/nav2_common' in the environment variable CMAKE_PREFIX_PATH doesn't exist
[2.346s] WARNING:colcon.colcon_ros.prefix_path.catkin:The path '/home/jetros/ros2_ws/install/microxrcedds_client' in the environment variable CMAKE_PREFIX_PATH doesn't exist
[2.346s] WARNING:colcon.colcon_ros.prefix_path.catkin:The path '/home/jetros/ros2_ws/install/microcdr' in the environment variable CMAKE_PREFIX_PATH doesn't exist
[2.346s] WARNING:colcon.colcon_ros.prefix_path.catkin:The path '/home/jetros/ros2_ws/install/micro_ros_utilities' in the environment variable CMAKE_PREFIX_PATH doesn't exist
[2.346s] WARNING:colcon.colcon_ros.prefix_path.catkin:The path '/home/jetros/ros2_ws/install/micro_ros_setup' in the environment variable CMAKE_PREFIX_PATH doesn't exist
[2.346s] WARNING:colcon.colcon_ros.prefix_path.catkin:The path '/home/jetros/ros2_ws/install/micro_ros_agent' in the environment variable CMAKE_PREFIX_PATH doesn't exist
[2.346s] WARNING:colcon.colcon_ros.prefix_path.catkin:The path '/home/jetros/ros2_ws/install/micro_ros_msgs' in the environment variable CMAKE_PREFIX_PATH doesn't exist
[2.346s] WARNING:colcon.colcon_ros.prefix_path.catkin:The path '/home/jetros/ros2_ws/install/mark3_urdf' in the environment variable CMAKE_PREFIX_PATH doesn't exist
[2.346s] WARNING:colcon.colcon_ros.prefix_path.catkin:The path '/home/jetros/ros2_ws/install/ldlidar_stl_ros2' in the environment variable CMAKE_PREFIX_PATH doesn't exist
[2.346s] WARNING:colcon.colcon_ros.prefix_path.catkin:The path '/home/jetros/ros2_ws/install/ldlidar' in the environment variable CMAKE_PREFIX_PATH doesn't exist
[2.346s] WARNING:colcon.colcon_ros.prefix_path.catkin:The path '/home/jetros/ros2_ws/install/laser_merger2' in the environment variable CMAKE_PREFIX_PATH doesn't exist
[2.346s] WARNING:colcon.colcon_ros.prefix_path.catkin:The path '/home/jetros/ros2_ws/install/laser_filters' in the environment variable CMAKE_PREFIX_PATH doesn't exist
[2.346s] WARNING:colcon.colcon_ros.prefix_path.catkin:The path '/home/jetros/ros2_ws/install/jsk_visualization' in the environment variable CMAKE_PREFIX_PATH doesn't exist
[2.346s] WARNING:colcon.colcon_ros.prefix_path.catkin:The path '/home/jetros/ros2_ws/install/jsk_rviz_plugins' in the environment variable CMAKE_PREFIX_PATH doesn't exist
[2.347s] WARNING:colcon.colcon_ros.prefix_path.catkin:The path '/home/jetros/ros2_ws/install/jsk_topic_tools' in the environment variable CMAKE_PREFIX_PATH doesn't exist
[2.347s] WARNING:colcon.colcon_ros.prefix_path.catkin:The path '/home/jetros/ros2_ws/install/jsk_rviz_plugin_msgs' in the environment variable CMAKE_PREFIX_PATH doesn't exist
[2.347s] WARNING:colcon.colcon_ros.prefix_path.catkin:The path '/home/jetros/ros2_ws/install/jsk_recognition_msgs' in the environment variable CMAKE_PREFIX_PATH doesn't exist
[2.347s] WARNING:colcon.colcon_ros.prefix_path.catkin:The path '/home/jetros/ros2_ws/install/jsk_hark_msgs' in the environment variable CMAKE_PREFIX_PATH doesn't exist
[2.347s] WARNING:colcon.colcon_ros.prefix_path.catkin:The path '/home/jetros/ros2_ws/install/jsk_gui_msgs' in the environment variable CMAKE_PREFIX_PATH doesn't exist
[2.347s] WARNING:colcon.colcon_ros.prefix_path.catkin:The path '/home/jetros/ros2_ws/install/jsk_footstep_msgs' in the environment variable CMAKE_PREFIX_PATH doesn't exist
[2.347s] WARNING:colcon.colcon_ros.prefix_path.catkin:The path '/home/jetros/ros2_ws/install/joy_mecanum_controller' in the environment variable CMAKE_PREFIX_PATH doesn't exist
[2.347s] WARNING:colcon.colcon_ros.prefix_path.catkin:The path '/home/jetros/ros2_ws/install/gazebo_ros_pkgs' in the environment variable CMAKE_PREFIX_PATH doesn't exist
[2.347s] WARNING:colcon.colcon_ros.prefix_path.catkin:The path '/home/jetros/ros2_ws/install/gazebo_msgs' in the environment variable CMAKE_PREFIX_PATH doesn't exist
[2.347s] WARNING:colcon.colcon_ros.prefix_path.catkin:The path '/home/jetros/ros2_ws/install/gazebo_dev' in the environment variable CMAKE_PREFIX_PATH doesn't exist
[2.347s] WARNING:colcon.colcon_ros.prefix_path.catkin:The path '/home/jetros/ros2_ws/install/emcl2' in the environment variable CMAKE_PREFIX_PATH doesn't exist
[2.347s] WARNING:colcon.colcon_ros.prefix_path.catkin:The path '/home/jetros/ros2_ws/install/complex_msgs' in the environment variable CMAKE_PREFIX_PATH doesn't exist
[2.347s] WARNING:colcon.colcon_ros.prefix_path.catkin:The path '/home/jetros/ros2_ws/install/cmd_vel_float_changer' in the environment variable CMAKE_PREFIX_PATH doesn't exist
[2.348s] WARNING:colcon.colcon_ros.prefix_path.catkin:The path '/home/jetros/ros2_ws/install/cartographer_rviz' in the environment variable CMAKE_PREFIX_PATH doesn't exist
[2.348s] WARNING:colcon.colcon_ros.prefix_path.catkin:The path '/home/jetros/ros2_ws/install/cartographer_ros' in the environment variable CMAKE_PREFIX_PATH doesn't exist
[2.348s] WARNING:colcon.colcon_ros.prefix_path.catkin:The path '/home/jetros/ros2_ws/install/cartographer_ros_msgs' in the environment variable CMAKE_PREFIX_PATH doesn't exist
[2.348s] WARNING:colcon.colcon_ros.prefix_path.catkin:The path '/home/jetros/ros2_ws/install/bringup' in the environment variable CMAKE_PREFIX_PATH doesn't exist
Starting >>> isaac_ros_pose_proc
[Processing: isaac_ros_pose_proc]
[Processing: isaac_ros_pose_proc]
[Processing: isaac_ros_pose_proc]
[Processing: isaac_ros_pose_proc]
[Processing: isaac_ros_pose_proc]
Finished <<< isaac_ros_pose_proc [2min 50s]
Starting >>> isaac_ros_centerpose
[172.411s] ERROR:colcon.colcon_cmake.task.cmake.build:Failed to find the following files:
- /home/jetros/ros2_ws/install/negotiated_interfaces/share/negotiated_interfaces/package.sh
- /home/jetros/ros2_ws/install/isaac_ros_gxf/share/isaac_ros_gxf/package.sh
- /home/jetros/ros2_ws/install/negotiated/share/negotiated/package.sh
- /home/jetros/ros2_ws/install/gxf_isaac_gems/share/gxf_isaac_gems/package.sh
- /home/jetros/ros2_ws/install/gxf_isaac_message_compositor/share/gxf_isaac_message_compositor/package.sh
- /home/jetros/ros2_ws/install/gxf_isaac_optimizer/share/gxf_isaac_optimizer/package.sh
- /home/jetros/ros2_ws/install/gxf_isaac_sight/share/gxf_isaac_sight/package.sh
- /home/jetros/ros2_ws/install/gxf_isaac_atlas/share/gxf_isaac_atlas/package.sh
- /home/jetros/ros2_ws/install/gxf_isaac_gxf_helpers/share/gxf_isaac_gxf_helpers/package.sh
- /home/jetros/ros2_ws/install/gxf_isaac_messages/share/gxf_isaac_messages/package.sh
- /home/jetros/ros2_ws/install/gxf_isaac_tensorops/share/gxf_isaac_tensorops/package.sh
- /home/jetros/ros2_ws/install/isaac_ros_nitros/share/isaac_ros_nitros/package.sh
- /home/jetros/ros2_ws/install/gxf_isaac_tensor_rt/share/gxf_isaac_tensor_rt/package.sh
- /home/jetros/ros2_ws/install/isaac_ros_nitros_camera_info_type/share/isaac_ros_nitros_camera_info_type/package.sh
- /home/jetros/ros2_ws/install/isaac_ros_nitros_detection3_d_array_type/share/isaac_ros_nitros_detection3_d_array_type/package.sh
- /home/jetros/ros2_ws/install/isaac_ros_nitros_image_type/share/isaac_ros_nitros_image_type/package.sh
- /home/jetros/ros2_ws/install/isaac_ros_nitros_tensor_list_type/share/isaac_ros_nitros_tensor_list_type/package.sh
- /home/jetros/ros2_ws/install/gxf_isaac_centerpose/share/gxf_isaac_centerpose/package.sh
- /home/jetros/ros2_ws/install/isaac_ros_managed_nitros/share/isaac_ros_managed_nitros/package.sh
- /home/jetros/ros2_ws/install/isaac_ros_tensor_rt/share/isaac_ros_tensor_rt/package.sh
- /home/jetros/ros2_ws/install/isaac_ros_triton/share/isaac_ros_triton/package.sh
- /home/jetros/ros2_ws/install/isaac_ros_image_proc/share/isaac_ros_image_proc/package.sh
- /home/jetros/ros2_ws/install/isaac_ros_dnn_image_encoder/share/isaac_ros_dnn_image_encoder/package.sh
Check that the following packages have been built:
- negotiated_interfaces
- isaac_ros_gxf
- negotiated
- gxf_isaac_gems
- gxf_isaac_message_compositor
- gxf_isaac_optimizer
- gxf_isaac_sight
- gxf_isaac_atlas
- gxf_isaac_gxf_helpers
- gxf_isaac_messages
- gxf_isaac_tensorops
- isaac_ros_nitros
- gxf_isaac_tensor_rt
- isaac_ros_nitros_camera_info_type
- isaac_ros_nitros_detection3_d_array_type
- isaac_ros_nitros_image_type
- isaac_ros_nitros_tensor_list_type
- gxf_isaac_centerpose
- isaac_ros_managed_nitros
- isaac_ros_tensor_rt
- isaac_ros_triton
- isaac_ros_image_proc
- isaac_ros_dnn_image_encoder
Failed   <<< isaac_ros_centerpose [0.02s, exited with code 1]

Summary: 1 package finished [2min 52s]
  1 package failed: isaac_ros_centerpose
  2 packages not processed
[0;32m[INFO][0m Stage 10: Building Isaac ROS AprilTag...
[2.315s] WARNING:colcon.colcon_ros.prefix_path.ament:The path '/home/jetros/ros2_ws/install/zed_ros2' in the environment variable AMENT_PREFIX_PATH doesn't exist
[2.315s] WARNING:colcon.colcon_ros.prefix_path.ament:The path '/home/jetros/ros2_ws/install/zed_robot_integration' in the environment variable AMENT_PREFIX_PATH doesn't exist
[2.315s] WARNING:colcon.colcon_ros.prefix_path.ament:The path '/home/jetros/ros2_ws/install/zed_ipc' in the environment variable AMENT_PREFIX_PATH doesn't exist
[2.316s] WARNING:colcon.colcon_ros.prefix_path.ament:The path '/home/jetros/ros2_ws/install/zed_multi_camera' in the environment variable AMENT_PREFIX_PATH doesn't exist
[2.316s] WARNING:colcon.colcon_ros.prefix_path.ament:The path '/home/jetros/ros2_ws/install/zed_display_rviz2' in the environment variable AMENT_PREFIX_PATH doesn't exist
[2.316s] WARNING:colcon.colcon_ros.prefix_path.ament:The path '/home/jetros/ros2_ws/install/zed_depth_to_laserscan' in the environment variable AMENT_PREFIX_PATH doesn't exist
[2.316s] WARNING:colcon.colcon_ros.prefix_path.ament:The path '/home/jetros/ros2_ws/install/zed_wrapper' in the environment variable AMENT_PREFIX_PATH doesn't exist
[2.316s] WARNING:colcon.colcon_ros.prefix_path.ament:The path '/home/jetros/ros2_ws/install/zed_tutorial_video' in the environment variable AMENT_PREFIX_PATH doesn't exist
[2.316s] WARNING:colcon.colcon_ros.prefix_path.ament:The path '/home/jetros/ros2_ws/install/zed_tutorial_pos_tracking' in the environment variable AMENT_PREFIX_PATH doesn't exist
[2.316s] WARNING:colcon.colcon_ros.prefix_path.ament:The path '/home/jetros/ros2_ws/install/zed_tutorial_depth' in the environment variable AMENT_PREFIX_PATH doesn't exist
[2.316s] WARNING:colcon.colcon_ros.prefix_path.ament:The path '/home/jetros/ros2_ws/install/zed_topic_benchmark' in the environment variable AMENT_PREFIX_PATH doesn't exist
[2.316s] WARNING:colcon.colcon_ros.prefix_path.ament:The path '/home/jetros/ros2_ws/install/zed_topic_benchmark_component' in the environment variable AMENT_PREFIX_PATH doesn't exist
[2.316s] WARNING:colcon.colcon_ros.prefix_path.ament:The path '/home/jetros/ros2_ws/install/zed_topic_benchmark_interfaces' in the environment variable AMENT_PREFIX_PATH doesn't exist
[2.316s] WARNING:colcon.colcon_ros.prefix_path.ament:The path '/home/jetros/ros2_ws/install/zed_rgb_convert' in the environment variable AMENT_PREFIX_PATH doesn't exist
[2.316s] WARNING:colcon.colcon_ros.prefix_path.ament:The path '/home/jetros/ros2_ws/install/zed_odom_watcher' in the environment variable AMENT_PREFIX_PATH doesn't exist
[2.317s] WARNING:colcon.colcon_ros.prefix_path.ament:The path '/home/jetros/ros2_ws/install/zed_human_tracker' in the environment variable AMENT_PREFIX_PATH doesn't exist
[2.317s] WARNING:colcon.colcon_ros.prefix_path.ament:The path '/home/jetros/ros2_ws/install/zed_aruco_localization' in the environment variable AMENT_PREFIX_PATH doesn't exist
[2.317s] WARNING:colcon.colcon_ros.prefix_path.ament:The path '/home/jetros/ros2_ws/install/zed_components' in the environment variable AMENT_PREFIX_PATH doesn't exist
[2.317s] WARNING:colcon.colcon_ros.prefix_path.ament:The path '/home/jetros/ros2_ws/install/rviz_plugin_zed_od' in the environment variable AMENT_PREFIX_PATH doesn't exist
[2.317s] WARNING:colcon.colcon_ros.prefix_path.ament:The path '/home/jetros/ros2_ws/install/zed_msgs' in the environment variable AMENT_PREFIX_PATH doesn't exist
[2.317s] WARNING:colcon.colcon_ros.prefix_path.ament:The path '/home/jetros/ros2_ws/install/zed_imu_republisher' in the environment variable AMENT_PREFIX_PATH doesn't exist
[2.317s] WARNING:colcon.colcon_ros.prefix_path.ament:The path '/home/jetros/ros2_ws/install/zed_goal_publisher' in the environment variable AMENT_PREFIX_PATH doesn't exist
[2.317s] WARNING:colcon.colcon_ros.prefix_path.ament:The path '/home/jetros/ros2_ws/install/voicevox_ros2' in the environment variable AMENT_PREFIX_PATH doesn't exist
[2.317s] WARNING:colcon.colcon_ros.prefix_path.ament:The path '/home/jetros/ros2_ws/install/voicevox_ros2_msgs' in the environment variable AMENT_PREFIX_PATH doesn't exist
[2.317s] WARNING:colcon.colcon_ros.prefix_path.ament:The path '/home/jetros/ros2_ws/install/orange_slam' in the environment variable AMENT_PREFIX_PATH doesn't exist
[2.317s] WARNING:colcon.colcon_ros.prefix_path.ament:The path '/home/jetros/ros2_ws/install/orange_navigation' in the environment variable AMENT_PREFIX_PATH doesn't exist
[2.317s] WARNING:colcon.colcon_ros.prefix_path.ament:The path '/home/jetros/ros2_ws/install/orange_bringup' in the environment variable AMENT_PREFIX_PATH doesn't exist
[2.318s] WARNING:colcon.colcon_ros.prefix_path.ament:The path '/home/jetros/ros2_ws/install/velodyne' in the environment variable AMENT_PREFIX_PATH doesn't exist
[2.318s] WARNING:colcon.colcon_ros.prefix_path.ament:The path '/home/jetros/ros2_ws/install/velodyne_pointcloud' in the environment variable AMENT_PREFIX_PATH doesn't exist
[2.318s] WARNING:colcon.colcon_ros.prefix_path.ament:The path '/home/jetros/ros2_ws/install/velodyne_driver' in the environment variable AMENT_PREFIX_PATH doesn't exist
[2.318s] WARNING:colcon.colcon_ros.prefix_path.ament:The path '/home/jetros/ros2_ws/install/velodyne_msgs' in the environment variable AMENT_PREFIX_PATH doesn't exist
[2.318s] WARNING:colcon.colcon_ros.prefix_path.ament:The path '/home/jetros/ros2_ws/install/velodyne_laserscan' in the environment variable AMENT_PREFIX_PATH doesn't exist
[2.318s] WARNING:colcon.colcon_ros.prefix_path.ament:The path '/home/jetros/ros2_ws/install/speech_recognition_msgs' in the environment variable AMENT_PREFIX_PATH doesn't exist
[2.318s] WARNING:colcon.colcon_ros.prefix_path.ament:The path '/home/jetros/ros2_ws/install/sllidar_ros2' in the environment variable AMENT_PREFIX_PATH doesn't exist
[2.319s] WARNING:colcon.colcon_ros.prefix_path.ament:The path '/home/jetros/ros2_ws/install/nav2_system_tests' in the environment variable AMENT_PREFIX_PATH doesn't exist
[2.319s] WARNING:colcon.colcon_ros.prefix_path.ament:The path '/home/jetros/ros2_ws/install/nav2_bringup' in the environment variable AMENT_PREFIX_PATH doesn't exist
[2.319s] WARNING:colcon.colcon_ros.prefix_path.ament:The path '/home/jetros/ros2_ws/install/slam_toolbox' in the environment variable AMENT_PREFIX_PATH doesn't exist
[2.319s] WARNING:colcon.colcon_ros.prefix_path.ament:The path '/home/jetros/ros2_ws/install/slam_gmapping' in the environment variable AMENT_PREFIX_PATH doesn't exist
[2.319s] WARNING:colcon.colcon_ros.prefix_path.ament:The path '/home/jetros/ros2_ws/install/safety_sensor' in the environment variable AMENT_PREFIX_PATH doesn't exist
[2.319s] WARNING:colcon.colcon_ros.prefix_path.ament:The path '/home/jetros/ros2_ws/install/rosidl_typesupport_microxrcedds_test_msg' in the environment variable AMENT_PREFIX_PATH doesn't exist
[2.319s] WARNING:colcon.colcon_ros.prefix_path.ament:The path '/home/jetros/ros2_ws/install/rosidl_typesupport_microxrcedds_cpp_tests' in the environment variable AMENT_PREFIX_PATH doesn't exist
[2.319s] WARNING:colcon.colcon_ros.prefix_path.ament:The path '/home/jetros/ros2_ws/install/micro_ros_demos_rclc' in the environment variable AMENT_PREFIX_PATH doesn't exist
[2.320s] WARNING:colcon.colcon_ros.prefix_path.ament:The path '/home/jetros/ros2_ws/install/rmw_microxrcedds' in the environment variable AMENT_PREFIX_PATH doesn't exist
[2.320s] WARNING:colcon.colcon_ros.prefix_path.ament:The path '/home/jetros/ros2_ws/install/rosidl_typesupport_microxrcedds_cpp' in the environment variable AMENT_PREFIX_PATH doesn't exist
[2.320s] WARNING:colcon.colcon_ros.prefix_path.ament:The path '/home/jetros/ros2_ws/install/rosidl_typesupport_microxrcedds_c_tests' in the environment variable AMENT_PREFIX_PATH doesn't exist
[2.320s] WARNING:colcon.colcon_ros.prefix_path.ament:The path '/home/jetros/ros2_ws/install/rosidl_typesupport_microxrcedds_c' in the environment variable AMENT_PREFIX_PATH doesn't exist
[2.320s] WARNING:colcon.colcon_ros.prefix_path.ament:The path '/home/jetros/ros2_ws/install/ros2_rs_pcl' in the environment variable AMENT_PREFIX_PATH doesn't exist
[2.320s] WARNING:colcon.colcon_ros.prefix_path.ament:The path '/home/jetros/ros2_ws/install/ros2_laser_scan_merger' in the environment variable AMENT_PREFIX_PATH doesn't exist
[2.320s] WARNING:colcon.colcon_ros.prefix_path.ament:The path '/home/jetros/ros2_ws/install/rf2o_laser_odometry' in the environment variable AMENT_PREFIX_PATH doesn't exist
[2.320s] WARNING:colcon.colcon_ros.prefix_path.ament:The path '/home/jetros/ros2_ws/install/rclc_examples' in the environment variable AMENT_PREFIX_PATH doesn't exist
[2.321s] WARNING:colcon.colcon_ros.prefix_path.ament:The path '/home/jetros/ros2_ws/install/rclc_parameter' in the environment variable AMENT_PREFIX_PATH doesn't exist
[2.321s] WARNING:colcon.colcon_ros.prefix_path.ament:The path '/home/jetros/ros2_ws/install/rclc_lifecycle' in the environment variable AMENT_PREFIX_PATH doesn't exist
[2.321s] WARNING:colcon.colcon_ros.prefix_path.ament:The path '/home/jetros/ros2_ws/install/rclc' in the environment variable AMENT_PREFIX_PATH doesn't exist
[2.321s] WARNING:colcon.colcon_ros.prefix_path.ament:The path '/home/jetros/ros2_ws/install/posedetection_msgs' in the environment variable AMENT_PREFIX_PATH doesn't exist
[2.321s] WARNING:colcon.colcon_ros.prefix_path.ament:The path '/home/jetros/ros2_ws/install/orange_gazebo' in the environment variable AMENT_PREFIX_PATH doesn't exist
[2.321s] WARNING:colcon.colcon_ros.prefix_path.ament:The path '/home/jetros/ros2_ws/install/orange_description' in the environment variable AMENT_PREFIX_PATH doesn't exist
[2.321s] WARNING:colcon.colcon_ros.prefix_path.ament:The path '/home/jetros/ros2_ws/install/orange_sensor_tools' in the environment variable AMENT_PREFIX_PATH doesn't exist
[2.321s] WARNING:colcon.colcon_ros.prefix_path.ament:The path '/home/jetros/ros2_ws/install/pointcloud_to_laserscan' in the environment variable AMENT_PREFIX_PATH doesn't exist
[2.322s] WARNING:colcon.colcon_ros.prefix_path.ament:The path '/home/jetros/ros2_ws/install/orange_teleop' in the environment variable AMENT_PREFIX_PATH doesn't exist
[2.322s] WARNING:colcon.colcon_ros.prefix_path.ament:The path '/home/jetros/ros2_ws/install/openslam_gmapping' in the environment variable AMENT_PREFIX_PATH doesn't exist
[2.322s] WARNING:colcon.colcon_ros.prefix_path.ament:The path '/home/jetros/ros2_ws/install/odom_publisher' in the environment variable AMENT_PREFIX_PATH doesn't exist
[2.322s] WARNING:colcon.colcon_ros.prefix_path.ament:The path '/home/jetros/ros2_ws/install/navigation2' in the environment variable AMENT_PREFIX_PATH doesn't exist
[2.322s] WARNING:colcon.colcon_ros.prefix_path.ament:The path '/home/jetros/ros2_ws/install/nav2_smoother' in the environment variable AMENT_PREFIX_PATH doesn't exist
[2.322s] WARNING:colcon.colcon_ros.prefix_path.ament:The path '/home/jetros/ros2_ws/install/nav2_rotation_shim_controller' in the environment variable AMENT_PREFIX_PATH doesn't exist
[2.322s] WARNING:colcon.colcon_ros.prefix_path.ament:The path '/home/jetros/ros2_ws/install/nav2_graceful_controller' in the environment variable AMENT_PREFIX_PATH doesn't exist
[2.322s] WARNING:colcon.colcon_ros.prefix_path.ament:The path '/home/jetros/ros2_ws/install/nav2_dwb_controller' in the environment variable AMENT_PREFIX_PATH doesn't exist
[2.323s] WARNING:colcon.colcon_ros.prefix_path.ament:The path '/home/jetros/ros2_ws/install/nav2_controller' in the environment variable AMENT_PREFIX_PATH doesn't exist
[2.323s] WARNING:colcon.colcon_ros.prefix_path.ament:The path '/home/jetros/ros2_ws/install/dwb_plugins' in the environment variable AMENT_PREFIX_PATH doesn't exist
[2.323s] WARNING:colcon.colcon_ros.prefix_path.ament:The path '/home/jetros/ros2_ws/install/dwb_critics' in the environment variable AMENT_PREFIX_PATH doesn't exist
[2.323s] WARNING:colcon.colcon_ros.prefix_path.ament:The path '/home/jetros/ros2_ws/install/dwb_core' in the environment variable AMENT_PREFIX_PATH doesn't exist
[2.323s] WARNING:colcon.colcon_ros.prefix_path.ament:The path '/home/jetros/ros2_ws/install/nav_2d_utils' in the environment variable AMENT_PREFIX_PATH doesn't exist
[2.323s] WARNING:colcon.colcon_ros.prefix_path.ament:The path '/home/jetros/ros2_ws/install/dwb_msgs' in the environment variable AMENT_PREFIX_PATH doesn't exist
[2.323s] WARNING:colcon.colcon_ros.prefix_path.ament:The path '/home/jetros/ros2_ws/install/nav_2d_msgs' in the environment variable AMENT_PREFIX_PATH doesn't exist
[2.323s] WARNING:colcon.colcon_ros.prefix_path.ament:The path '/home/jetros/ros2_ws/install/nav2_waypoint_follower' in the environment variable AMENT_PREFIX_PATH doesn't exist
[2.324s] WARNING:colcon.colcon_ros.prefix_path.ament:The path '/home/jetros/ros2_ws/install/nav2_theta_star_planner' in the environment variable AMENT_PREFIX_PATH doesn't exist
[2.324s] WARNING:colcon.colcon_ros.prefix_path.ament:The path '/home/jetros/ros2_ws/install/nav2_smac_planner' in the environment variable AMENT_PREFIX_PATH doesn't exist
[2.324s] WARNING:colcon.colcon_ros.prefix_path.ament:The path '/home/jetros/ros2_ws/install/nav2_route' in the environment variable AMENT_PREFIX_PATH doesn't exist
[2.324s] WARNING:colcon.colcon_ros.prefix_path.ament:The path '/home/jetros/ros2_ws/install/nav2_regulated_pure_pursuit_controller' in the environment variable AMENT_PREFIX_PATH doesn't exist
[2.324s] WARNING:colcon.colcon_ros.prefix_path.ament:The path '/home/jetros/ros2_ws/install/nav2_planner' in the environment variable AMENT_PREFIX_PATH doesn't exist
[2.324s] WARNING:colcon.colcon_ros.prefix_path.ament:The path '/home/jetros/ros2_ws/install/nav2_navfn_planner' in the environment variable AMENT_PREFIX_PATH doesn't exist
[2.324s] WARNING:colcon.colcon_ros.prefix_path.ament:The path '/home/jetros/ros2_ws/install/nav2_mppi_controller' in the environment variable AMENT_PREFIX_PATH doesn't exist
[2.325s] WARNING:colcon.colcon_ros.prefix_path.ament:The path '/home/jetros/ros2_ws/install/nav2_constrained_smoother' in the environment variable AMENT_PREFIX_PATH doesn't exist
[2.325s] WARNING:colcon.colcon_ros.prefix_path.ament:The path '/home/jetros/ros2_ws/install/nav2_bt_navigator' in the environment variable AMENT_PREFIX_PATH doesn't exist
[2.325s] WARNING:colcon.colcon_ros.prefix_path.ament:The path '/home/jetros/ros2_ws/install/nav2_behaviors' in the environment variable AMENT_PREFIX_PATH doesn't exist
[2.325s] WARNING:colcon.colcon_ros.prefix_path.ament:The path '/home/jetros/ros2_ws/install/nav2_core' in the environment variable AMENT_PREFIX_PATH doesn't exist
[2.325s] WARNING:colcon.colcon_ros.prefix_path.ament:The path '/home/jetros/ros2_ws/install/nav2_collision_monitor' in the environment variable AMENT_PREFIX_PATH doesn't exist
[2.325s] WARNING:colcon.colcon_ros.prefix_path.ament:The path '/home/jetros/ros2_ws/install/costmap_queue' in the environment variable AMENT_PREFIX_PATH doesn't exist
[2.325s] WARNING:colcon.colcon_ros.prefix_path.ament:The path '/home/jetros/ros2_ws/install/nav2_costmap_2d' in the environment variable AMENT_PREFIX_PATH doesn't exist
[2.325s] WARNING:colcon.colcon_ros.prefix_path.ament:The path '/home/jetros/ros2_ws/install/nav2_voxel_grid' in the environment variable AMENT_PREFIX_PATH doesn't exist
[2.326s] WARNING:colcon.colcon_ros.prefix_path.ament:The path '/home/jetros/ros2_ws/install/nav2_velocity_smoother' in the environment variable AMENT_PREFIX_PATH doesn't exist
[2.326s] WARNING:colcon.colcon_ros.prefix_path.ament:The path '/home/jetros/ros2_ws/install/nav2_rviz_plugins' in the environment variable AMENT_PREFIX_PATH doesn't exist
[2.326s] WARNING:colcon.colcon_ros.prefix_path.ament:The path '/home/jetros/ros2_ws/install/nav2_map_server' in the environment variable AMENT_PREFIX_PATH doesn't exist
[2.326s] WARNING:colcon.colcon_ros.prefix_path.ament:The path '/home/jetros/ros2_ws/install/nav2_lifecycle_manager' in the environment variable AMENT_PREFIX_PATH doesn't exist
[2.326s] WARNING:colcon.colcon_ros.prefix_path.ament:The path '/home/jetros/ros2_ws/install/nav2_behavior_tree' in the environment variable AMENT_PREFIX_PATH doesn't exist
[2.326s] WARNING:colcon.colcon_ros.prefix_path.ament:The path '/home/jetros/ros2_ws/install/nav2_amcl' in the environment variable AMENT_PREFIX_PATH doesn't exist
[2.326s] WARNING:colcon.colcon_ros.prefix_path.ament:The path '/home/jetros/ros2_ws/install/nav2_util' in the environment variable AMENT_PREFIX_PATH doesn't exist
[2.326s] WARNING:colcon.colcon_ros.prefix_path.ament:The path '/home/jetros/ros2_ws/install/nav2_simple_commander' in the environment variable AMENT_PREFIX_PATH doesn't exist
[2.327s] WARNING:colcon.colcon_ros.prefix_path.ament:The path '/home/jetros/ros2_ws/install/nav2_msgs' in the environment variable AMENT_PREFIX_PATH doesn't exist
[2.327s] WARNING:colcon.colcon_ros.prefix_path.ament:The path '/home/jetros/ros2_ws/install/nav2_common' in the environment variable AMENT_PREFIX_PATH doesn't exist
[2.327s] WARNING:colcon.colcon_ros.prefix_path.ament:The path '/home/jetros/ros2_ws/install/micro_ros_utilities' in the environment variable AMENT_PREFIX_PATH doesn't exist
[2.327s] WARNING:colcon.colcon_ros.prefix_path.ament:The path '/home/jetros/ros2_ws/install/micro_ros_setup' in the environment variable AMENT_PREFIX_PATH doesn't exist
[2.327s] WARNING:colcon.colcon_ros.prefix_path.ament:The path '/home/jetros/ros2_ws/install/micro_ros_agent' in the environment variable AMENT_PREFIX_PATH doesn't exist
[2.327s] WARNING:colcon.colcon_ros.prefix_path.ament:The path '/home/jetros/ros2_ws/install/micro_ros_msgs' in the environment variable AMENT_PREFIX_PATH doesn't exist
[2.327s] WARNING:colcon.colcon_ros.prefix_path.ament:The path '/home/jetros/ros2_ws/install/mark3_urdf' in the environment variable AMENT_PREFIX_PATH doesn't exist
[2.327s] WARNING:colcon.colcon_ros.prefix_path.ament:The path '/home/jetros/ros2_ws/install/ldlidar_stl_ros2' in the environment variable AMENT_PREFIX_PATH doesn't exist
[2.328s] WARNING:colcon.colcon_ros.prefix_path.ament:The path '/home/jetros/ros2_ws/install/ldlidar' in the environment variable AMENT_PREFIX_PATH doesn't exist
[2.328s] WARNING:colcon.colcon_ros.prefix_path.ament:The path '/home/jetros/ros2_ws/install/laser_merger2' in the environment variable AMENT_PREFIX_PATH doesn't exist
[2.328s] WARNING:colcon.colcon_ros.prefix_path.ament:The path '/home/jetros/ros2_ws/install/laser_filters' in the environment variable AMENT_PREFIX_PATH doesn't exist
[2.328s] WARNING:colcon.colcon_ros.prefix_path.ament:The path '/home/jetros/ros2_ws/install/jsk_visualization' in the environment variable AMENT_PREFIX_PATH doesn't exist
[2.328s] WARNING:colcon.colcon_ros.prefix_path.ament:The path '/home/jetros/ros2_ws/install/jsk_rviz_plugins' in the environment variable AMENT_PREFIX_PATH doesn't exist
[2.328s] WARNING:colcon.colcon_ros.prefix_path.ament:The path '/home/jetros/ros2_ws/install/jsk_topic_tools' in the environment variable AMENT_PREFIX_PATH doesn't exist
[2.329s] WARNING:colcon.colcon_ros.prefix_path.ament:The path '/home/jetros/ros2_ws/install/jsk_rviz_plugin_msgs' in the environment variable AMENT_PREFIX_PATH doesn't exist
[2.329s] WARNING:colcon.colcon_ros.prefix_path.ament:The path '/home/jetros/ros2_ws/install/jsk_recognition_msgs' in the environment variable AMENT_PREFIX_PATH doesn't exist
[2.329s] WARNING:colcon.colcon_ros.prefix_path.ament:The path '/home/jetros/ros2_ws/install/jsk_hark_msgs' in the environment variable AMENT_PREFIX_PATH doesn't exist
[2.329s] WARNING:colcon.colcon_ros.prefix_path.ament:The path '/home/jetros/ros2_ws/install/jsk_gui_msgs' in the environment variable AMENT_PREFIX_PATH doesn't exist
[2.329s] WARNING:colcon.colcon_ros.prefix_path.ament:The path '/home/jetros/ros2_ws/install/jsk_footstep_msgs' in the environment variable AMENT_PREFIX_PATH doesn't exist
[2.329s] WARNING:colcon.colcon_ros.prefix_path.ament:The path '/home/jetros/ros2_ws/install/joy_mecanum_controller' in the environment variable AMENT_PREFIX_PATH doesn't exist
[2.330s] WARNING:colcon.colcon_ros.prefix_path.ament:The path '/home/jetros/ros2_ws/install/gazebo_ros_pkgs' in the environment variable AMENT_PREFIX_PATH doesn't exist
[2.330s] WARNING:colcon.colcon_ros.prefix_path.ament:The path '/home/jetros/ros2_ws/install/gazebo_msgs' in the environment variable AMENT_PREFIX_PATH doesn't exist
[2.330s] WARNING:colcon.colcon_ros.prefix_path.ament:The path '/home/jetros/ros2_ws/install/gazebo_dev' in the environment variable AMENT_PREFIX_PATH doesn't exist
[2.330s] WARNING:colcon.colcon_ros.prefix_path.ament:The path '/home/jetros/ros2_ws/install/emcl2' in the environment variable AMENT_PREFIX_PATH doesn't exist
[2.330s] WARNING:colcon.colcon_ros.prefix_path.ament:The path '/home/jetros/ros2_ws/install/complex_msgs' in the environment variable AMENT_PREFIX_PATH doesn't exist
[2.330s] WARNING:colcon.colcon_ros.prefix_path.ament:The path '/home/jetros/ros2_ws/install/cmd_vel_float_changer' in the environment variable AMENT_PREFIX_PATH doesn't exist
[2.330s] WARNING:colcon.colcon_ros.prefix_path.ament:The path '/home/jetros/ros2_ws/install/cartographer_rviz' in the environment variable AMENT_PREFIX_PATH doesn't exist
[2.330s] WARNING:colcon.colcon_ros.prefix_path.ament:The path '/home/jetros/ros2_ws/install/cartographer_ros' in the environment variable AMENT_PREFIX_PATH doesn't exist
[2.331s] WARNING:colcon.colcon_ros.prefix_path.ament:The path '/home/jetros/ros2_ws/install/cartographer_ros_msgs' in the environment variable AMENT_PREFIX_PATH doesn't exist
[2.331s] WARNING:colcon.colcon_ros.prefix_path.ament:The path '/home/jetros/ros2_ws/install/bringup' in the environment variable AMENT_PREFIX_PATH doesn't exist
[2.331s] WARNING:colcon.colcon_ros.prefix_path.catkin:The path '/home/jetros/ros2_ws/install/zed_ros2' in the environment variable CMAKE_PREFIX_PATH doesn't exist
[2.331s] WARNING:colcon.colcon_ros.prefix_path.catkin:The path '/home/jetros/ros2_ws/install/zed_robot_integration' in the environment variable CMAKE_PREFIX_PATH doesn't exist
[2.331s] WARNING:colcon.colcon_ros.prefix_path.catkin:The path '/home/jetros/ros2_ws/install/zed_ipc' in the environment variable CMAKE_PREFIX_PATH doesn't exist
[2.332s] WARNING:colcon.colcon_ros.prefix_path.catkin:The path '/home/jetros/ros2_ws/install/zed_multi_camera' in the environment variable CMAKE_PREFIX_PATH doesn't exist
[2.332s] WARNING:colcon.colcon_ros.prefix_path.catkin:The path '/home/jetros/ros2_ws/install/zed_display_rviz2' in the environment variable CMAKE_PREFIX_PATH doesn't exist
[2.332s] WARNING:colcon.colcon_ros.prefix_path.catkin:The path '/home/jetros/ros2_ws/install/zed_depth_to_laserscan' in the environment variable CMAKE_PREFIX_PATH doesn't exist
[2.332s] WARNING:colcon.colcon_ros.prefix_path.catkin:The path '/home/jetros/ros2_ws/install/zed_wrapper' in the environment variable CMAKE_PREFIX_PATH doesn't exist
[2.332s] WARNING:colcon.colcon_ros.prefix_path.catkin:The path '/home/jetros/ros2_ws/install/zed_tutorial_video' in the environment variable CMAKE_PREFIX_PATH doesn't exist
[2.332s] WARNING:colcon.colcon_ros.prefix_path.catkin:The path '/home/jetros/ros2_ws/install/zed_tutorial_pos_tracking' in the environment variable CMAKE_PREFIX_PATH doesn't exist
[2.332s] WARNING:colcon.colcon_ros.prefix_path.catkin:The path '/home/jetros/ros2_ws/install/zed_tutorial_depth' in the environment variable CMAKE_PREFIX_PATH doesn't exist
[2.333s] WARNING:colcon.colcon_ros.prefix_path.catkin:The path '/home/jetros/ros2_ws/install/zed_topic_benchmark' in the environment variable CMAKE_PREFIX_PATH doesn't exist
[2.333s] WARNING:colcon.colcon_ros.prefix_path.catkin:The path '/home/jetros/ros2_ws/install/zed_topic_benchmark_component' in the environment variable CMAKE_PREFIX_PATH doesn't exist
[2.333s] WARNING:colcon.colcon_ros.prefix_path.catkin:The path '/home/jetros/ros2_ws/install/zed_topic_benchmark_interfaces' in the environment variable CMAKE_PREFIX_PATH doesn't exist
[2.333s] WARNING:colcon.colcon_ros.prefix_path.catkin:The path '/home/jetros/ros2_ws/install/zed_rgb_convert' in the environment variable CMAKE_PREFIX_PATH doesn't exist
[2.333s] WARNING:colcon.colcon_ros.prefix_path.catkin:The path '/home/jetros/ros2_ws/install/zed_odom_watcher' in the environment variable CMAKE_PREFIX_PATH doesn't exist
[2.333s] WARNING:colcon.colcon_ros.prefix_path.catkin:The path '/home/jetros/ros2_ws/install/zed_human_tracker' in the environment variable CMAKE_PREFIX_PATH doesn't exist
[2.333s] WARNING:colcon.colcon_ros.prefix_path.catkin:The path '/home/jetros/ros2_ws/install/zed_aruco_localization' in the environment variable CMAKE_PREFIX_PATH doesn't exist
[2.333s] WARNING:colcon.colcon_ros.prefix_path.catkin:The path '/home/jetros/ros2_ws/install/zed_components' in the environment variable CMAKE_PREFIX_PATH doesn't exist
[2.334s] WARNING:colcon.colcon_ros.prefix_path.catkin:The path '/home/jetros/ros2_ws/install/rviz_plugin_zed_od' in the environment variable CMAKE_PREFIX_PATH doesn't exist
[2.334s] WARNING:colcon.colcon_ros.prefix_path.catkin:The path '/home/jetros/ros2_ws/install/zed_msgs' in the environment variable CMAKE_PREFIX_PATH doesn't exist
[2.334s] WARNING:colcon.colcon_ros.prefix_path.catkin:The path '/home/jetros/ros2_ws/install/zed_imu_republisher' in the environment variable CMAKE_PREFIX_PATH doesn't exist
[2.334s] WARNING:colcon.colcon_ros.prefix_path.catkin:The path '/home/jetros/ros2_ws/install/zed_goal_publisher' in the environment variable CMAKE_PREFIX_PATH doesn't exist
[2.334s] WARNING:colcon.colcon_ros.prefix_path.catkin:The path '/home/jetros/ros2_ws/install/voicevox_ros2_msgs' in the environment variable CMAKE_PREFIX_PATH doesn't exist
[2.334s] WARNING:colcon.colcon_ros.prefix_path.catkin:The path '/home/jetros/ros2_ws/install/orange_slam' in the environment variable CMAKE_PREFIX_PATH doesn't exist
[2.334s] WARNING:colcon.colcon_ros.prefix_path.catkin:The path '/home/jetros/ros2_ws/install/orange_navigation' in the environment variable CMAKE_PREFIX_PATH doesn't exist
[2.334s] WARNING:colcon.colcon_ros.prefix_path.catkin:The path '/home/jetros/ros2_ws/install/velodyne' in the environment variable CMAKE_PREFIX_PATH doesn't exist
[2.334s] WARNING:colcon.colcon_ros.prefix_path.catkin:The path '/home/jetros/ros2_ws/install/velodyne_pointcloud' in the environment variable CMAKE_PREFIX_PATH doesn't exist
[2.334s] WARNING:colcon.colcon_ros.prefix_path.catkin:The path '/home/jetros/ros2_ws/install/velodyne_driver' in the environment variable CMAKE_PREFIX_PATH doesn't exist
[2.334s] WARNING:colcon.colcon_ros.prefix_path.catkin:The path '/home/jetros/ros2_ws/install/velodyne_msgs' in the environment variable CMAKE_PREFIX_PATH doesn't exist
[2.335s] WARNING:colcon.colcon_ros.prefix_path.catkin:The path '/home/jetros/ros2_ws/install/velodyne_laserscan' in the environment variable CMAKE_PREFIX_PATH doesn't exist
[2.335s] WARNING:colcon.colcon_ros.prefix_path.catkin:The path '/home/jetros/ros2_ws/install/speech_recognition_msgs' in the environment variable CMAKE_PREFIX_PATH doesn't exist
[2.335s] WARNING:colcon.colcon_ros.prefix_path.catkin:The path '/home/jetros/ros2_ws/install/sllidar_ros2' in the environment variable CMAKE_PREFIX_PATH doesn't exist
[2.335s] WARNING:colcon.colcon_ros.prefix_path.catkin:The path '/home/jetros/ros2_ws/install/nav2_system_tests' in the environment variable CMAKE_PREFIX_PATH doesn't exist
[2.335s] WARNING:colcon.colcon_ros.prefix_path.catkin:The path '/home/jetros/ros2_ws/install/nav2_bringup' in the environment variable CMAKE_PREFIX_PATH doesn't exist
[2.335s] WARNING:colcon.colcon_ros.prefix_path.catkin:The path '/home/jetros/ros2_ws/install/slam_toolbox' in the environment variable CMAKE_PREFIX_PATH doesn't exist
[2.335s] WARNING:colcon.colcon_ros.prefix_path.catkin:The path '/home/jetros/ros2_ws/install/slam_gmapping' in the environment variable CMAKE_PREFIX_PATH doesn't exist
[2.335s] WARNING:colcon.colcon_ros.prefix_path.catkin:The path '/home/jetros/ros2_ws/install/safety_sensor' in the environment variable CMAKE_PREFIX_PATH doesn't exist
[2.335s] WARNING:colcon.colcon_ros.prefix_path.catkin:The path '/home/jetros/ros2_ws/install/rosidl_typesupport_microxrcedds_test_msg' in the environment variable CMAKE_PREFIX_PATH doesn't exist
[2.335s] WARNING:colcon.colcon_ros.prefix_path.catkin:The path '/home/jetros/ros2_ws/install/rosidl_typesupport_microxrcedds_cpp_tests' in the environment variable CMAKE_PREFIX_PATH doesn't exist
[2.335s] WARNING:colcon.colcon_ros.prefix_path.catkin:The path '/home/jetros/ros2_ws/install/micro_ros_demos_rclc' in the environment variable CMAKE_PREFIX_PATH doesn't exist
[2.335s] WARNING:colcon.colcon_ros.prefix_path.catkin:The path '/home/jetros/ros2_ws/install/rmw_microxrcedds' in the environment variable CMAKE_PREFIX_PATH doesn't exist
[2.335s] WARNING:colcon.colcon_ros.prefix_path.catkin:The path '/home/jetros/ros2_ws/install/rosidl_typesupport_microxrcedds_cpp' in the environment variable CMAKE_PREFIX_PATH doesn't exist
[2.335s] WARNING:colcon.colcon_ros.prefix_path.catkin:The path '/home/jetros/ros2_ws/install/rosidl_typesupport_microxrcedds_c_tests' in the environment variable CMAKE_PREFIX_PATH doesn't exist
[2.335s] WARNING:colcon.colcon_ros.prefix_path.catkin:The path '/home/jetros/ros2_ws/install/rosidl_typesupport_microxrcedds_c' in the environment variable CMAKE_PREFIX_PATH doesn't exist
[2.336s] WARNING:colcon.colcon_ros.prefix_path.catkin:The path '/home/jetros/ros2_ws/install/ros2_rs_pcl' in the environment variable CMAKE_PREFIX_PATH doesn't exist
[2.336s] WARNING:colcon.colcon_ros.prefix_path.catkin:The path '/home/jetros/ros2_ws/install/ros2_laser_scan_merger' in the environment variable CMAKE_PREFIX_PATH doesn't exist
[2.336s] WARNING:colcon.colcon_ros.prefix_path.catkin:The path '/home/jetros/ros2_ws/install/rf2o_laser_odometry' in the environment variable CMAKE_PREFIX_PATH doesn't exist
[2.336s] WARNING:colcon.colcon_ros.prefix_path.catkin:The path '/home/jetros/ros2_ws/install/rclc_examples' in the environment variable CMAKE_PREFIX_PATH doesn't exist
[2.336s] WARNING:colcon.colcon_ros.prefix_path.catkin:The path '/home/jetros/ros2_ws/install/rclc_parameter' in the environment variable CMAKE_PREFIX_PATH doesn't exist
[2.336s] WARNING:colcon.colcon_ros.prefix_path.catkin:The path '/home/jetros/ros2_ws/install/rclc_lifecycle' in the environment variable CMAKE_PREFIX_PATH doesn't exist
[2.336s] WARNING:colcon.colcon_ros.prefix_path.catkin:The path '/home/jetros/ros2_ws/install/rclc' in the environment variable CMAKE_PREFIX_PATH doesn't exist
[2.336s] WARNING:colcon.colcon_ros.prefix_path.catkin:The path '/home/jetros/ros2_ws/install/posedetection_msgs' in the environment variable CMAKE_PREFIX_PATH doesn't exist
[2.336s] WARNING:colcon.colcon_ros.prefix_path.catkin:The path '/home/jetros/ros2_ws/install/orange_gazebo' in the environment variable CMAKE_PREFIX_PATH doesn't exist
[2.336s] WARNING:colcon.colcon_ros.prefix_path.catkin:The path '/home/jetros/ros2_ws/install/orange_description' in the environment variable CMAKE_PREFIX_PATH doesn't exist
[2.337s] WARNING:colcon.colcon_ros.prefix_path.catkin:The path '/home/jetros/ros2_ws/install/orange_sensor_tools' in the environment variable CMAKE_PREFIX_PATH doesn't exist
[2.337s] WARNING:colcon.colcon_ros.prefix_path.catkin:The path '/home/jetros/ros2_ws/install/pointcloud_to_laserscan' in the environment variable CMAKE_PREFIX_PATH doesn't exist
[2.337s] WARNING:colcon.colcon_ros.prefix_path.catkin:The path '/home/jetros/ros2_ws/install/openslam_gmapping' in the environment variable CMAKE_PREFIX_PATH doesn't exist
[2.337s] WARNING:colcon.colcon_ros.prefix_path.catkin:The path '/home/jetros/ros2_ws/install/odom_publisher' in the environment variable CMAKE_PREFIX_PATH doesn't exist
[2.337s] WARNING:colcon.colcon_ros.prefix_path.catkin:The path '/home/jetros/ros2_ws/install/navigation2' in the environment variable CMAKE_PREFIX_PATH doesn't exist
[2.337s] WARNING:colcon.colcon_ros.prefix_path.catkin:The path '/home/jetros/ros2_ws/install/nav2_smoother' in the environment variable CMAKE_PREFIX_PATH doesn't exist
[2.337s] WARNING:colcon.colcon_ros.prefix_path.catkin:The path '/home/jetros/ros2_ws/install/nav2_rotation_shim_controller' in the environment variable CMAKE_PREFIX_PATH doesn't exist
[2.337s] WARNING:colcon.colcon_ros.prefix_path.catkin:The path '/home/jetros/ros2_ws/install/nav2_graceful_controller' in the environment variable CMAKE_PREFIX_PATH doesn't exist
[2.337s] WARNING:colcon.colcon_ros.prefix_path.catkin:The path '/home/jetros/ros2_ws/install/nav2_dwb_controller' in the environment variable CMAKE_PREFIX_PATH doesn't exist
[2.337s] WARNING:colcon.colcon_ros.prefix_path.catkin:The path '/home/jetros/ros2_ws/install/nav2_controller' in the environment variable CMAKE_PREFIX_PATH doesn't exist
[2.337s] WARNING:colcon.colcon_ros.prefix_path.catkin:The path '/home/jetros/ros2_ws/install/dwb_plugins' in the environment variable CMAKE_PREFIX_PATH doesn't exist
[2.337s] WARNING:colcon.colcon_ros.prefix_path.catkin:The path '/home/jetros/ros2_ws/install/dwb_critics' in the environment variable CMAKE_PREFIX_PATH doesn't exist
[2.337s] WARNING:colcon.colcon_ros.prefix_path.catkin:The path '/home/jetros/ros2_ws/install/dwb_core' in the environment variable CMAKE_PREFIX_PATH doesn't exist
[2.338s] WARNING:colcon.colcon_ros.prefix_path.catkin:The path '/home/jetros/ros2_ws/install/nav_2d_utils' in the environment variable CMAKE_PREFIX_PATH doesn't exist
[2.338s] WARNING:colcon.colcon_ros.prefix_path.catkin:The path '/home/jetros/ros2_ws/install/dwb_msgs' in the environment variable CMAKE_PREFIX_PATH doesn't exist
[2.338s] WARNING:colcon.colcon_ros.prefix_path.catkin:The path '/home/jetros/ros2_ws/install/nav_2d_msgs' in the environment variable CMAKE_PREFIX_PATH doesn't exist
[2.338s] WARNING:colcon.colcon_ros.prefix_path.catkin:The path '/home/jetros/ros2_ws/install/nav2_waypoint_follower' in the environment variable CMAKE_PREFIX_PATH doesn't exist
[2.338s] WARNING:colcon.colcon_ros.prefix_path.catkin:The path '/home/jetros/ros2_ws/install/nav2_theta_star_planner' in the environment variable CMAKE_PREFIX_PATH doesn't exist
[2.338s] WARNING:colcon.colcon_ros.prefix_path.catkin:The path '/home/jetros/ros2_ws/install/nav2_smac_planner' in the environment variable CMAKE_PREFIX_PATH doesn't exist
[2.338s] WARNING:colcon.colcon_ros.prefix_path.catkin:The path '/home/jetros/ros2_ws/install/nav2_route' in the environment variable CMAKE_PREFIX_PATH doesn't exist
[2.338s] WARNING:colcon.colcon_ros.prefix_path.catkin:The path '/home/jetros/ros2_ws/install/nav2_regulated_pure_pursuit_controller' in the environment variable CMAKE_PREFIX_PATH doesn't exist
[2.338s] WARNING:colcon.colcon_ros.prefix_path.catkin:The path '/home/jetros/ros2_ws/install/nav2_planner' in the environment variable CMAKE_PREFIX_PATH doesn't exist
[2.338s] WARNING:colcon.colcon_ros.prefix_path.catkin:The path '/home/jetros/ros2_ws/install/nav2_navfn_planner' in the environment variable CMAKE_PREFIX_PATH doesn't exist
[2.338s] WARNING:colcon.colcon_ros.prefix_path.catkin:The path '/home/jetros/ros2_ws/install/nav2_mppi_controller' in the environment variable CMAKE_PREFIX_PATH doesn't exist
[2.339s] WARNING:colcon.colcon_ros.prefix_path.catkin:The path '/home/jetros/ros2_ws/install/nav2_constrained_smoother' in the environment variable CMAKE_PREFIX_PATH doesn't exist
[2.339s] WARNING:colcon.colcon_ros.prefix_path.catkin:The path '/home/jetros/ros2_ws/install/nav2_bt_navigator' in the environment variable CMAKE_PREFIX_PATH doesn't exist
[2.339s] WARNING:colcon.colcon_ros.prefix_path.catkin:The path '/home/jetros/ros2_ws/install/nav2_behaviors' in the environment variable CMAKE_PREFIX_PATH doesn't exist
[2.339s] WARNING:colcon.colcon_ros.prefix_path.catkin:The path '/home/jetros/ros2_ws/install/nav2_core' in the environment variable CMAKE_PREFIX_PATH doesn't exist
[2.339s] WARNING:colcon.colcon_ros.prefix_path.catkin:The path '/home/jetros/ros2_ws/install/nav2_collision_monitor' in the environment variable CMAKE_PREFIX_PATH doesn't exist
[2.339s] WARNING:colcon.colcon_ros.prefix_path.catkin:The path '/home/jetros/ros2_ws/install/costmap_queue' in the environment variable CMAKE_PREFIX_PATH doesn't exist
[2.339s] WARNING:colcon.colcon_ros.prefix_path.catkin:The path '/home/jetros/ros2_ws/install/nav2_costmap_2d' in the environment variable CMAKE_PREFIX_PATH doesn't exist
[2.339s] WARNING:colcon.colcon_ros.prefix_path.catkin:The path '/home/jetros/ros2_ws/install/nav2_voxel_grid' in the environment variable CMAKE_PREFIX_PATH doesn't exist
[2.340s] WARNING:colcon.colcon_ros.prefix_path.catkin:The path '/home/jetros/ros2_ws/install/nav2_velocity_smoother' in the environment variable CMAKE_PREFIX_PATH doesn't exist
[2.340s] WARNING:colcon.colcon_ros.prefix_path.catkin:The path '/home/jetros/ros2_ws/install/nav2_rviz_plugins' in the environment variable CMAKE_PREFIX_PATH doesn't exist
[2.340s] WARNING:colcon.colcon_ros.prefix_path.catkin:The path '/home/jetros/ros2_ws/install/nav2_map_server' in the environment variable CMAKE_PREFIX_PATH doesn't exist
[2.340s] WARNING:colcon.colcon_ros.prefix_path.catkin:The path '/home/jetros/ros2_ws/install/nav2_lifecycle_manager' in the environment variable CMAKE_PREFIX_PATH doesn't exist
[2.340s] WARNING:colcon.colcon_ros.prefix_path.catkin:The path '/home/jetros/ros2_ws/install/nav2_behavior_tree' in the environment variable CMAKE_PREFIX_PATH doesn't exist
[2.340s] WARNING:colcon.colcon_ros.prefix_path.catkin:The path '/home/jetros/ros2_ws/install/nav2_amcl' in the environment variable CMAKE_PREFIX_PATH doesn't exist
[2.340s] WARNING:colcon.colcon_ros.prefix_path.catkin:The path '/home/jetros/ros2_ws/install/nav2_util' in the environment variable CMAKE_PREFIX_PATH doesn't exist
[2.340s] WARNING:colcon.colcon_ros.prefix_path.catkin:The path '/home/jetros/ros2_ws/install/nav2_msgs' in the environment variable CMAKE_PREFIX_PATH doesn't exist
[2.340s] WARNING:colcon.colcon_ros.prefix_path.catkin:The path '/home/jetros/ros2_ws/install/nav2_common' in the environment variable CMAKE_PREFIX_PATH doesn't exist
[2.340s] WARNING:colcon.colcon_ros.prefix_path.catkin:The path '/home/jetros/ros2_ws/install/microxrcedds_client' in the environment variable CMAKE_PREFIX_PATH doesn't exist
[2.341s] WARNING:colcon.colcon_ros.prefix_path.catkin:The path '/home/jetros/ros2_ws/install/microcdr' in the environment variable CMAKE_PREFIX_PATH doesn't exist
[2.341s] WARNING:colcon.colcon_ros.prefix_path.catkin:The path '/home/jetros/ros2_ws/install/micro_ros_utilities' in the environment variable CMAKE_PREFIX_PATH doesn't exist
[2.341s] WARNING:colcon.colcon_ros.prefix_path.catkin:The path '/home/jetros/ros2_ws/install/micro_ros_setup' in the environment variable CMAKE_PREFIX_PATH doesn't exist
[2.341s] WARNING:colcon.colcon_ros.prefix_path.catkin:The path '/home/jetros/ros2_ws/install/micro_ros_agent' in the environment variable CMAKE_PREFIX_PATH doesn't exist
[2.341s] WARNING:colcon.colcon_ros.prefix_path.catkin:The path '/home/jetros/ros2_ws/install/micro_ros_msgs' in the environment variable CMAKE_PREFIX_PATH doesn't exist
[2.341s] WARNING:colcon.colcon_ros.prefix_path.catkin:The path '/home/jetros/ros2_ws/install/mark3_urdf' in the environment variable CMAKE_PREFIX_PATH doesn't exist
[2.341s] WARNING:colcon.colcon_ros.prefix_path.catkin:The path '/home/jetros/ros2_ws/install/ldlidar_stl_ros2' in the environment variable CMAKE_PREFIX_PATH doesn't exist
[2.341s] WARNING:colcon.colcon_ros.prefix_path.catkin:The path '/home/jetros/ros2_ws/install/ldlidar' in the environment variable CMAKE_PREFIX_PATH doesn't exist
[2.341s] WARNING:colcon.colcon_ros.prefix_path.catkin:The path '/home/jetros/ros2_ws/install/laser_merger2' in the environment variable CMAKE_PREFIX_PATH doesn't exist
[2.341s] WARNING:colcon.colcon_ros.prefix_path.catkin:The path '/home/jetros/ros2_ws/install/laser_filters' in the environment variable CMAKE_PREFIX_PATH doesn't exist
[2.341s] WARNING:colcon.colcon_ros.prefix_path.catkin:The path '/home/jetros/ros2_ws/install/jsk_visualization' in the environment variable CMAKE_PREFIX_PATH doesn't exist
[2.341s] WARNING:colcon.colcon_ros.prefix_path.catkin:The path '/home/jetros/ros2_ws/install/jsk_rviz_plugins' in the environment variable CMAKE_PREFIX_PATH doesn't exist
[2.342s] WARNING:colcon.colcon_ros.prefix_path.catkin:The path '/home/jetros/ros2_ws/install/jsk_topic_tools' in the environment variable CMAKE_PREFIX_PATH doesn't exist
[2.342s] WARNING:colcon.colcon_ros.prefix_path.catkin:The path '/home/jetros/ros2_ws/install/jsk_rviz_plugin_msgs' in the environment variable CMAKE_PREFIX_PATH doesn't exist
[2.342s] WARNING:colcon.colcon_ros.prefix_path.catkin:The path '/home/jetros/ros2_ws/install/jsk_recognition_msgs' in the environment variable CMAKE_PREFIX_PATH doesn't exist
[2.342s] WARNING:colcon.colcon_ros.prefix_path.catkin:The path '/home/jetros/ros2_ws/install/jsk_hark_msgs' in the environment variable CMAKE_PREFIX_PATH doesn't exist
[2.342s] WARNING:colcon.colcon_ros.prefix_path.catkin:The path '/home/jetros/ros2_ws/install/jsk_gui_msgs' in the environment variable CMAKE_PREFIX_PATH doesn't exist
[2.342s] WARNING:colcon.colcon_ros.prefix_path.catkin:The path '/home/jetros/ros2_ws/install/jsk_footstep_msgs' in the environment variable CMAKE_PREFIX_PATH doesn't exist
[2.342s] WARNING:colcon.colcon_ros.prefix_path.catkin:The path '/home/jetros/ros2_ws/install/joy_mecanum_controller' in the environment variable CMAKE_PREFIX_PATH doesn't exist
[2.342s] WARNING:colcon.colcon_ros.prefix_path.catkin:The path '/home/jetros/ros2_ws/install/gazebo_ros_pkgs' in the environment variable CMAKE_PREFIX_PATH doesn't exist
[2.342s] WARNING:colcon.colcon_ros.prefix_path.catkin:The path '/home/jetros/ros2_ws/install/gazebo_msgs' in the environment variable CMAKE_PREFIX_PATH doesn't exist
[2.342s] WARNING:colcon.colcon_ros.prefix_path.catkin:The path '/home/jetros/ros2_ws/install/gazebo_dev' in the environment variable CMAKE_PREFIX_PATH doesn't exist
[2.342s] WARNING:colcon.colcon_ros.prefix_path.catkin:The path '/home/jetros/ros2_ws/install/emcl2' in the environment variable CMAKE_PREFIX_PATH doesn't exist
[2.342s] WARNING:colcon.colcon_ros.prefix_path.catkin:The path '/home/jetros/ros2_ws/install/complex_msgs' in the environment variable CMAKE_PREFIX_PATH doesn't exist
[2.343s] WARNING:colcon.colcon_ros.prefix_path.catkin:The path '/home/jetros/ros2_ws/install/cmd_vel_float_changer' in the environment variable CMAKE_PREFIX_PATH doesn't exist
[2.343s] WARNING:colcon.colcon_ros.prefix_path.catkin:The path '/home/jetros/ros2_ws/install/cartographer_rviz' in the environment variable CMAKE_PREFIX_PATH doesn't exist
[2.343s] WARNING:colcon.colcon_ros.prefix_path.catkin:The path '/home/jetros/ros2_ws/install/cartographer_ros' in the environment variable CMAKE_PREFIX_PATH doesn't exist
[2.343s] WARNING:colcon.colcon_ros.prefix_path.catkin:The path '/home/jetros/ros2_ws/install/cartographer_ros_msgs' in the environment variable CMAKE_PREFIX_PATH doesn't exist
[2.343s] WARNING:colcon.colcon_ros.prefix_path.catkin:The path '/home/jetros/ros2_ws/install/bringup' in the environment variable CMAKE_PREFIX_PATH doesn't exist
Starting >>> isaac_ros_apriltag
[2.489s] ERROR:colcon.colcon_cmake.task.cmake.build:Failed to find the following files:
- /home/jetros/ros2_ws/install/negotiated_interfaces/share/negotiated_interfaces/package.sh
- /home/jetros/ros2_ws/install/isaac_ros_apriltag_interfaces/share/isaac_ros_apriltag_interfaces/package.sh
- /home/jetros/ros2_ws/install/isaac_ros_gxf/share/isaac_ros_gxf/package.sh
- /home/jetros/ros2_ws/install/negotiated/share/negotiated/package.sh
- /home/jetros/ros2_ws/install/gxf_isaac_gems/share/gxf_isaac_gems/package.sh
- /home/jetros/ros2_ws/install/gxf_isaac_message_compositor/share/gxf_isaac_message_compositor/package.sh
- /home/jetros/ros2_ws/install/gxf_isaac_optimizer/share/gxf_isaac_optimizer/package.sh
- /home/jetros/ros2_ws/install/gxf_isaac_sight/share/gxf_isaac_sight/package.sh
- /home/jetros/ros2_ws/install/gxf_isaac_atlas/share/gxf_isaac_atlas/package.sh
- /home/jetros/ros2_ws/install/gxf_isaac_gxf_helpers/share/gxf_isaac_gxf_helpers/package.sh
- /home/jetros/ros2_ws/install/gxf_isaac_messages/share/gxf_isaac_messages/package.sh
- /home/jetros/ros2_ws/install/gxf_isaac_tensorops/share/gxf_isaac_tensorops/package.sh
- /home/jetros/ros2_ws/install/isaac_ros_nitros/share/isaac_ros_nitros/package.sh
- /home/jetros/ros2_ws/install/isaac_ros_nitros_camera_info_type/share/isaac_ros_nitros_camera_info_type/package.sh
- /home/jetros/ros2_ws/install/isaac_ros_nitros_image_type/share/isaac_ros_nitros_image_type/package.sh
- /home/jetros/ros2_ws/install/isaac_ros_nitros_tensor_list_type/share/isaac_ros_nitros_tensor_list_type/package.sh
- /home/jetros/ros2_ws/install/isaac_ros_managed_nitros/share/isaac_ros_managed_nitros/package.sh
- /home/jetros/ros2_ws/install/isaac_ros_image_proc/share/isaac_ros_image_proc/package.sh
Check that the following packages have been built:
- negotiated_interfaces
- isaac_ros_apriltag_interfaces
- isaac_ros_gxf
- negotiated
- gxf_isaac_gems
- gxf_isaac_message_compositor
- gxf_isaac_optimizer
- gxf_isaac_sight
- gxf_isaac_atlas
- gxf_isaac_gxf_helpers
- gxf_isaac_messages
- gxf_isaac_tensorops
- isaac_ros_nitros
- isaac_ros_nitros_camera_info_type
- isaac_ros_nitros_image_type
- isaac_ros_nitros_tensor_list_type
- isaac_ros_managed_nitros
- isaac_ros_image_proc
Failed   <<< isaac_ros_apriltag [0.02s, exited with code 1]

Summary: 0 packages finished [2.30s]
  1 package failed: isaac_ros_apriltag
[0;32m[INFO][0m Stage 11: Building Isaac ROS Visual SLAM...
[2.247s] WARNING:colcon.colcon_ros.prefix_path.ament:The path '/home/jetros/ros2_ws/install/zed_ros2' in the environment variable AMENT_PREFIX_PATH doesn't exist
[2.248s] WARNING:colcon.colcon_ros.prefix_path.ament:The path '/home/jetros/ros2_ws/install/zed_robot_integration' in the environment variable AMENT_PREFIX_PATH doesn't exist
[2.248s] WARNING:colcon.colcon_ros.prefix_path.ament:The path '/home/jetros/ros2_ws/install/zed_ipc' in the environment variable AMENT_PREFIX_PATH doesn't exist
[2.248s] WARNING:colcon.colcon_ros.prefix_path.ament:The path '/home/jetros/ros2_ws/install/zed_multi_camera' in the environment variable AMENT_PREFIX_PATH doesn't exist
[2.248s] WARNING:colcon.colcon_ros.prefix_path.ament:The path '/home/jetros/ros2_ws/install/zed_display_rviz2' in the environment variable AMENT_PREFIX_PATH doesn't exist
[2.248s] WARNING:colcon.colcon_ros.prefix_path.ament:The path '/home/jetros/ros2_ws/install/zed_depth_to_laserscan' in the environment variable AMENT_PREFIX_PATH doesn't exist
[2.248s] WARNING:colcon.colcon_ros.prefix_path.ament:The path '/home/jetros/ros2_ws/install/zed_wrapper' in the environment variable AMENT_PREFIX_PATH doesn't exist
[2.248s] WARNING:colcon.colcon_ros.prefix_path.ament:The path '/home/jetros/ros2_ws/install/zed_tutorial_video' in the environment variable AMENT_PREFIX_PATH doesn't exist
[2.248s] WARNING:colcon.colcon_ros.prefix_path.ament:The path '/home/jetros/ros2_ws/install/zed_tutorial_pos_tracking' in the environment variable AMENT_PREFIX_PATH doesn't exist
[2.249s] WARNING:colcon.colcon_ros.prefix_path.ament:The path '/home/jetros/ros2_ws/install/zed_tutorial_depth' in the environment variable AMENT_PREFIX_PATH doesn't exist
[2.249s] WARNING:colcon.colcon_ros.prefix_path.ament:The path '/home/jetros/ros2_ws/install/zed_topic_benchmark' in the environment variable AMENT_PREFIX_PATH doesn't exist
[2.249s] WARNING:colcon.colcon_ros.prefix_path.ament:The path '/home/jetros/ros2_ws/install/zed_topic_benchmark_component' in the environment variable AMENT_PREFIX_PATH doesn't exist
[2.249s] WARNING:colcon.colcon_ros.prefix_path.ament:The path '/home/jetros/ros2_ws/install/zed_topic_benchmark_interfaces' in the environment variable AMENT_PREFIX_PATH doesn't exist
[2.249s] WARNING:colcon.colcon_ros.prefix_path.ament:The path '/home/jetros/ros2_ws/install/zed_rgb_convert' in the environment variable AMENT_PREFIX_PATH doesn't exist
[2.249s] WARNING:colcon.colcon_ros.prefix_path.ament:The path '/home/jetros/ros2_ws/install/zed_odom_watcher' in the environment variable AMENT_PREFIX_PATH doesn't exist
[2.249s] WARNING:colcon.colcon_ros.prefix_path.ament:The path '/home/jetros/ros2_ws/install/zed_human_tracker' in the environment variable AMENT_PREFIX_PATH doesn't exist
[2.249s] WARNING:colcon.colcon_ros.prefix_path.ament:The path '/home/jetros/ros2_ws/install/zed_aruco_localization' in the environment variable AMENT_PREFIX_PATH doesn't exist
[2.249s] WARNING:colcon.colcon_ros.prefix_path.ament:The path '/home/jetros/ros2_ws/install/zed_components' in the environment variable AMENT_PREFIX_PATH doesn't exist
[2.249s] WARNING:colcon.colcon_ros.prefix_path.ament:The path '/home/jetros/ros2_ws/install/rviz_plugin_zed_od' in the environment variable AMENT_PREFIX_PATH doesn't exist
[2.249s] WARNING:colcon.colcon_ros.prefix_path.ament:The path '/home/jetros/ros2_ws/install/zed_msgs' in the environment variable AMENT_PREFIX_PATH doesn't exist
[2.249s] WARNING:colcon.colcon_ros.prefix_path.ament:The path '/home/jetros/ros2_ws/install/zed_imu_republisher' in the environment variable AMENT_PREFIX_PATH doesn't exist
[2.249s] WARNING:colcon.colcon_ros.prefix_path.ament:The path '/home/jetros/ros2_ws/install/zed_goal_publisher' in the environment variable AMENT_PREFIX_PATH doesn't exist
[2.250s] WARNING:colcon.colcon_ros.prefix_path.ament:The path '/home/jetros/ros2_ws/install/voicevox_ros2' in the environment variable AMENT_PREFIX_PATH doesn't exist
[2.250s] WARNING:colcon.colcon_ros.prefix_path.ament:The path '/home/jetros/ros2_ws/install/voicevox_ros2_msgs' in the environment variable AMENT_PREFIX_PATH doesn't exist
[2.250s] WARNING:colcon.colcon_ros.prefix_path.ament:The path '/home/jetros/ros2_ws/install/orange_slam' in the environment variable AMENT_PREFIX_PATH doesn't exist
[2.250s] WARNING:colcon.colcon_ros.prefix_path.ament:The path '/home/jetros/ros2_ws/install/orange_navigation' in the environment variable AMENT_PREFIX_PATH doesn't exist
[2.250s] WARNING:colcon.colcon_ros.prefix_path.ament:The path '/home/jetros/ros2_ws/install/orange_bringup' in the environment variable AMENT_PREFIX_PATH doesn't exist
[2.250s] WARNING:colcon.colcon_ros.prefix_path.ament:The path '/home/jetros/ros2_ws/install/velodyne' in the environment variable AMENT_PREFIX_PATH doesn't exist
[2.250s] WARNING:colcon.colcon_ros.prefix_path.ament:The path '/home/jetros/ros2_ws/install/velodyne_pointcloud' in the environment variable AMENT_PREFIX_PATH doesn't exist
[2.250s] WARNING:colcon.colcon_ros.prefix_path.ament:The path '/home/jetros/ros2_ws/install/velodyne_driver' in the environment variable AMENT_PREFIX_PATH doesn't exist
[2.250s] WARNING:colcon.colcon_ros.prefix_path.ament:The path '/home/jetros/ros2_ws/install/velodyne_msgs' in the environment variable AMENT_PREFIX_PATH doesn't exist
[2.250s] WARNING:colcon.colcon_ros.prefix_path.ament:The path '/home/jetros/ros2_ws/install/velodyne_laserscan' in the environment variable AMENT_PREFIX_PATH doesn't exist
[2.251s] WARNING:colcon.colcon_ros.prefix_path.ament:The path '/home/jetros/ros2_ws/install/speech_recognition_msgs' in the environment variable AMENT_PREFIX_PATH doesn't exist
[2.251s] WARNING:colcon.colcon_ros.prefix_path.ament:The path '/home/jetros/ros2_ws/install/sllidar_ros2' in the environment variable AMENT_PREFIX_PATH doesn't exist
[2.251s] WARNING:colcon.colcon_ros.prefix_path.ament:The path '/home/jetros/ros2_ws/install/nav2_system_tests' in the environment variable AMENT_PREFIX_PATH doesn't exist
[2.251s] WARNING:colcon.colcon_ros.prefix_path.ament:The path '/home/jetros/ros2_ws/install/nav2_bringup' in the environment variable AMENT_PREFIX_PATH doesn't exist
[2.251s] WARNING:colcon.colcon_ros.prefix_path.ament:The path '/home/jetros/ros2_ws/install/slam_toolbox' in the environment variable AMENT_PREFIX_PATH doesn't exist
[2.251s] WARNING:colcon.colcon_ros.prefix_path.ament:The path '/home/jetros/ros2_ws/install/slam_gmapping' in the environment variable AMENT_PREFIX_PATH doesn't exist
[2.251s] WARNING:colcon.colcon_ros.prefix_path.ament:The path '/home/jetros/ros2_ws/install/safety_sensor' in the environment variable AMENT_PREFIX_PATH doesn't exist
[2.251s] WARNING:colcon.colcon_ros.prefix_path.ament:The path '/home/jetros/ros2_ws/install/rosidl_typesupport_microxrcedds_test_msg' in the environment variable AMENT_PREFIX_PATH doesn't exist
[2.251s] WARNING:colcon.colcon_ros.prefix_path.ament:The path '/home/jetros/ros2_ws/install/rosidl_typesupport_microxrcedds_cpp_tests' in the environment variable AMENT_PREFIX_PATH doesn't exist
[2.251s] WARNING:colcon.colcon_ros.prefix_path.ament:The path '/home/jetros/ros2_ws/install/micro_ros_demos_rclc' in the environment variable AMENT_PREFIX_PATH doesn't exist
[2.251s] WARNING:colcon.colcon_ros.prefix_path.ament:The path '/home/jetros/ros2_ws/install/rmw_microxrcedds' in the environment variable AMENT_PREFIX_PATH doesn't exist
[2.252s] WARNING:colcon.colcon_ros.prefix_path.ament:The path '/home/jetros/ros2_ws/install/rosidl_typesupport_microxrcedds_cpp' in the environment variable AMENT_PREFIX_PATH doesn't exist
[2.252s] WARNING:colcon.colcon_ros.prefix_path.ament:The path '/home/jetros/ros2_ws/install/rosidl_typesupport_microxrcedds_c_tests' in the environment variable AMENT_PREFIX_PATH doesn't exist
[2.252s] WARNING:colcon.colcon_ros.prefix_path.ament:The path '/home/jetros/ros2_ws/install/rosidl_typesupport_microxrcedds_c' in the environment variable AMENT_PREFIX_PATH doesn't exist
[2.252s] WARNING:colcon.colcon_ros.prefix_path.ament:The path '/home/jetros/ros2_ws/install/ros2_rs_pcl' in the environment variable AMENT_PREFIX_PATH doesn't exist
[2.252s] WARNING:colcon.colcon_ros.prefix_path.ament:The path '/home/jetros/ros2_ws/install/ros2_laser_scan_merger' in the environment variable AMENT_PREFIX_PATH doesn't exist
[2.252s] WARNING:colcon.colcon_ros.prefix_path.ament:The path '/home/jetros/ros2_ws/install/rf2o_laser_odometry' in the environment variable AMENT_PREFIX_PATH doesn't exist
[2.252s] WARNING:colcon.colcon_ros.prefix_path.ament:The path '/home/jetros/ros2_ws/install/rclc_examples' in the environment variable AMENT_PREFIX_PATH doesn't exist
[2.252s] WARNING:colcon.colcon_ros.prefix_path.ament:The path '/home/jetros/ros2_ws/install/rclc_parameter' in the environment variable AMENT_PREFIX_PATH doesn't exist
[2.252s] WARNING:colcon.colcon_ros.prefix_path.ament:The path '/home/jetros/ros2_ws/install/rclc_lifecycle' in the environment variable AMENT_PREFIX_PATH doesn't exist
[2.252s] WARNING:colcon.colcon_ros.prefix_path.ament:The path '/home/jetros/ros2_ws/install/rclc' in the environment variable AMENT_PREFIX_PATH doesn't exist
[2.252s] WARNING:colcon.colcon_ros.prefix_path.ament:The path '/home/jetros/ros2_ws/install/posedetection_msgs' in the environment variable AMENT_PREFIX_PATH doesn't exist
[2.253s] WARNING:colcon.colcon_ros.prefix_path.ament:The path '/home/jetros/ros2_ws/install/orange_gazebo' in the environment variable AMENT_PREFIX_PATH doesn't exist
[2.253s] WARNING:colcon.colcon_ros.prefix_path.ament:The path '/home/jetros/ros2_ws/install/orange_description' in the environment variable AMENT_PREFIX_PATH doesn't exist
[2.253s] WARNING:colcon.colcon_ros.prefix_path.ament:The path '/home/jetros/ros2_ws/install/orange_sensor_tools' in the environment variable AMENT_PREFIX_PATH doesn't exist
[2.253s] WARNING:colcon.colcon_ros.prefix_path.ament:The path '/home/jetros/ros2_ws/install/pointcloud_to_laserscan' in the environment variable AMENT_PREFIX_PATH doesn't exist
[2.253s] WARNING:colcon.colcon_ros.prefix_path.ament:The path '/home/jetros/ros2_ws/install/orange_teleop' in the environment variable AMENT_PREFIX_PATH doesn't exist
[2.253s] WARNING:colcon.colcon_ros.prefix_path.ament:The path '/home/jetros/ros2_ws/install/openslam_gmapping' in the environment variable AMENT_PREFIX_PATH doesn't exist
[2.253s] WARNING:colcon.colcon_ros.prefix_path.ament:The path '/home/jetros/ros2_ws/install/odom_publisher' in the environment variable AMENT_PREFIX_PATH doesn't exist
[2.253s] WARNING:colcon.colcon_ros.prefix_path.ament:The path '/home/jetros/ros2_ws/install/navigation2' in the environment variable AMENT_PREFIX_PATH doesn't exist
[2.253s] WARNING:colcon.colcon_ros.prefix_path.ament:The path '/home/jetros/ros2_ws/install/nav2_smoother' in the environment variable AMENT_PREFIX_PATH doesn't exist
[2.253s] WARNING:colcon.colcon_ros.prefix_path.ament:The path '/home/jetros/ros2_ws/install/nav2_rotation_shim_controller' in the environment variable AMENT_PREFIX_PATH doesn't exist
[2.253s] WARNING:colcon.colcon_ros.prefix_path.ament:The path '/home/jetros/ros2_ws/install/nav2_graceful_controller' in the environment variable AMENT_PREFIX_PATH doesn't exist
[2.253s] WARNING:colcon.colcon_ros.prefix_path.ament:The path '/home/jetros/ros2_ws/install/nav2_dwb_controller' in the environment variable AMENT_PREFIX_PATH doesn't exist
[2.253s] WARNING:colcon.colcon_ros.prefix_path.ament:The path '/home/jetros/ros2_ws/install/nav2_controller' in the environment variable AMENT_PREFIX_PATH doesn't exist
[2.253s] WARNING:colcon.colcon_ros.prefix_path.ament:The path '/home/jetros/ros2_ws/install/dwb_plugins' in the environment variable AMENT_PREFIX_PATH doesn't exist
[2.254s] WARNING:colcon.colcon_ros.prefix_path.ament:The path '/home/jetros/ros2_ws/install/dwb_critics' in the environment variable AMENT_PREFIX_PATH doesn't exist
[2.254s] WARNING:colcon.colcon_ros.prefix_path.ament:The path '/home/jetros/ros2_ws/install/dwb_core' in the environment variable AMENT_PREFIX_PATH doesn't exist
[2.254s] WARNING:colcon.colcon_ros.prefix_path.ament:The path '/home/jetros/ros2_ws/install/nav_2d_utils' in the environment variable AMENT_PREFIX_PATH doesn't exist
[2.254s] WARNING:colcon.colcon_ros.prefix_path.ament:The path '/home/jetros/ros2_ws/install/dwb_msgs' in the environment variable AMENT_PREFIX_PATH doesn't exist
[2.254s] WARNING:colcon.colcon_ros.prefix_path.ament:The path '/home/jetros/ros2_ws/install/nav_2d_msgs' in the environment variable AMENT_PREFIX_PATH doesn't exist
[2.254s] WARNING:colcon.colcon_ros.prefix_path.ament:The path '/home/jetros/ros2_ws/install/nav2_waypoint_follower' in the environment variable AMENT_PREFIX_PATH doesn't exist
[2.254s] WARNING:colcon.colcon_ros.prefix_path.ament:The path '/home/jetros/ros2_ws/install/nav2_theta_star_planner' in the environment variable AMENT_PREFIX_PATH doesn't exist
[2.254s] WARNING:colcon.colcon_ros.prefix_path.ament:The path '/home/jetros/ros2_ws/install/nav2_smac_planner' in the environment variable AMENT_PREFIX_PATH doesn't exist
[2.254s] WARNING:colcon.colcon_ros.prefix_path.ament:The path '/home/jetros/ros2_ws/install/nav2_route' in the environment variable AMENT_PREFIX_PATH doesn't exist
[2.254s] WARNING:colcon.colcon_ros.prefix_path.ament:The path '/home/jetros/ros2_ws/install/nav2_regulated_pure_pursuit_controller' in the environment variable AMENT_PREFIX_PATH doesn't exist
[2.254s] WARNING:colcon.colcon_ros.prefix_path.ament:The path '/home/jetros/ros2_ws/install/nav2_planner' in the environment variable AMENT_PREFIX_PATH doesn't exist
[2.254s] WARNING:colcon.colcon_ros.prefix_path.ament:The path '/home/jetros/ros2_ws/install/nav2_navfn_planner' in the environment variable AMENT_PREFIX_PATH doesn't exist
[2.254s] WARNING:colcon.colcon_ros.prefix_path.ament:The path '/home/jetros/ros2_ws/install/nav2_mppi_controller' in the environment variable AMENT_PREFIX_PATH doesn't exist
[2.254s] WARNING:colcon.colcon_ros.prefix_path.ament:The path '/home/jetros/ros2_ws/install/nav2_constrained_smoother' in the environment variable AMENT_PREFIX_PATH doesn't exist
[2.255s] WARNING:colcon.colcon_ros.prefix_path.ament:The path '/home/jetros/ros2_ws/install/nav2_bt_navigator' in the environment variable AMENT_PREFIX_PATH doesn't exist
[2.255s] WARNING:colcon.colcon_ros.prefix_path.ament:The path '/home/jetros/ros2_ws/install/nav2_behaviors' in the environment variable AMENT_PREFIX_PATH doesn't exist
[2.255s] WARNING:colcon.colcon_ros.prefix_path.ament:The path '/home/jetros/ros2_ws/install/nav2_core' in the environment variable AMENT_PREFIX_PATH doesn't exist
[2.255s] WARNING:colcon.colcon_ros.prefix_path.ament:The path '/home/jetros/ros2_ws/install/nav2_collision_monitor' in the environment variable AMENT_PREFIX_PATH doesn't exist
[2.255s] WARNING:colcon.colcon_ros.prefix_path.ament:The path '/home/jetros/ros2_ws/install/costmap_queue' in the environment variable AMENT_PREFIX_PATH doesn't exist
[2.255s] WARNING:colcon.colcon_ros.prefix_path.ament:The path '/home/jetros/ros2_ws/install/nav2_costmap_2d' in the environment variable AMENT_PREFIX_PATH doesn't exist
[2.255s] WARNING:colcon.colcon_ros.prefix_path.ament:The path '/home/jetros/ros2_ws/install/nav2_voxel_grid' in the environment variable AMENT_PREFIX_PATH doesn't exist
[2.255s] WARNING:colcon.colcon_ros.prefix_path.ament:The path '/home/jetros/ros2_ws/install/nav2_velocity_smoother' in the environment variable AMENT_PREFIX_PATH doesn't exist
[2.255s] WARNING:colcon.colcon_ros.prefix_path.ament:The path '/home/jetros/ros2_ws/install/nav2_rviz_plugins' in the environment variable AMENT_PREFIX_PATH doesn't exist
[2.255s] WARNING:colcon.colcon_ros.prefix_path.ament:The path '/home/jetros/ros2_ws/install/nav2_map_server' in the environment variable AMENT_PREFIX_PATH doesn't exist
[2.255s] WARNING:colcon.colcon_ros.prefix_path.ament:The path '/home/jetros/ros2_ws/install/nav2_lifecycle_manager' in the environment variable AMENT_PREFIX_PATH doesn't exist
[2.255s] WARNING:colcon.colcon_ros.prefix_path.ament:The path '/home/jetros/ros2_ws/install/nav2_behavior_tree' in the environment variable AMENT_PREFIX_PATH doesn't exist
[2.255s] WARNING:colcon.colcon_ros.prefix_path.ament:The path '/home/jetros/ros2_ws/install/nav2_amcl' in the environment variable AMENT_PREFIX_PATH doesn't exist
[2.255s] WARNING:colcon.colcon_ros.prefix_path.ament:The path '/home/jetros/ros2_ws/install/nav2_util' in the environment variable AMENT_PREFIX_PATH doesn't exist
[2.255s] WARNING:colcon.colcon_ros.prefix_path.ament:The path '/home/jetros/ros2_ws/install/nav2_simple_commander' in the environment variable AMENT_PREFIX_PATH doesn't exist
[2.256s] WARNING:colcon.colcon_ros.prefix_path.ament:The path '/home/jetros/ros2_ws/install/nav2_msgs' in the environment variable AMENT_PREFIX_PATH doesn't exist
[2.256s] WARNING:colcon.colcon_ros.prefix_path.ament:The path '/home/jetros/ros2_ws/install/nav2_common' in the environment variable AMENT_PREFIX_PATH doesn't exist
[2.256s] WARNING:colcon.colcon_ros.prefix_path.ament:The path '/home/jetros/ros2_ws/install/micro_ros_utilities' in the environment variable AMENT_PREFIX_PATH doesn't exist
[2.256s] WARNING:colcon.colcon_ros.prefix_path.ament:The path '/home/jetros/ros2_ws/install/micro_ros_setup' in the environment variable AMENT_PREFIX_PATH doesn't exist
[2.256s] WARNING:colcon.colcon_ros.prefix_path.ament:The path '/home/jetros/ros2_ws/install/micro_ros_agent' in the environment variable AMENT_PREFIX_PATH doesn't exist
[2.256s] WARNING:colcon.colcon_ros.prefix_path.ament:The path '/home/jetros/ros2_ws/install/micro_ros_msgs' in the environment variable AMENT_PREFIX_PATH doesn't exist
[2.256s] WARNING:colcon.colcon_ros.prefix_path.ament:The path '/home/jetros/ros2_ws/install/mark3_urdf' in the environment variable AMENT_PREFIX_PATH doesn't exist
[2.256s] WARNING:colcon.colcon_ros.prefix_path.ament:The path '/home/jetros/ros2_ws/install/ldlidar_stl_ros2' in the environment variable AMENT_PREFIX_PATH doesn't exist
[2.256s] WARNING:colcon.colcon_ros.prefix_path.ament:The path '/home/jetros/ros2_ws/install/ldlidar' in the environment variable AMENT_PREFIX_PATH doesn't exist
[2.256s] WARNING:colcon.colcon_ros.prefix_path.ament:The path '/home/jetros/ros2_ws/install/laser_merger2' in the environment variable AMENT_PREFIX_PATH doesn't exist
[2.256s] WARNING:colcon.colcon_ros.prefix_path.ament:The path '/home/jetros/ros2_ws/install/laser_filters' in the environment variable AMENT_PREFIX_PATH doesn't exist
[2.256s] WARNING:colcon.colcon_ros.prefix_path.ament:The path '/home/jetros/ros2_ws/install/jsk_visualization' in the environment variable AMENT_PREFIX_PATH doesn't exist
[2.256s] WARNING:colcon.colcon_ros.prefix_path.ament:The path '/home/jetros/ros2_ws/install/jsk_rviz_plugins' in the environment variable AMENT_PREFIX_PATH doesn't exist
[2.256s] WARNING:colcon.colcon_ros.prefix_path.ament:The path '/home/jetros/ros2_ws/install/jsk_topic_tools' in the environment variable AMENT_PREFIX_PATH doesn't exist
[2.256s] WARNING:colcon.colcon_ros.prefix_path.ament:The path '/home/jetros/ros2_ws/install/jsk_rviz_plugin_msgs' in the environment variable AMENT_PREFIX_PATH doesn't exist
[2.257s] WARNING:colcon.colcon_ros.prefix_path.ament:The path '/home/jetros/ros2_ws/install/jsk_recognition_msgs' in the environment variable AMENT_PREFIX_PATH doesn't exist
[2.257s] WARNING:colcon.colcon_ros.prefix_path.ament:The path '/home/jetros/ros2_ws/install/jsk_hark_msgs' in the environment variable AMENT_PREFIX_PATH doesn't exist
[2.257s] WARNING:colcon.colcon_ros.prefix_path.ament:The path '/home/jetros/ros2_ws/install/jsk_gui_msgs' in the environment variable AMENT_PREFIX_PATH doesn't exist
[2.257s] WARNING:colcon.colcon_ros.prefix_path.ament:The path '/home/jetros/ros2_ws/install/jsk_footstep_msgs' in the environment variable AMENT_PREFIX_PATH doesn't exist
[2.257s] WARNING:colcon.colcon_ros.prefix_path.ament:The path '/home/jetros/ros2_ws/install/joy_mecanum_controller' in the environment variable AMENT_PREFIX_PATH doesn't exist
[2.257s] WARNING:colcon.colcon_ros.prefix_path.ament:The path '/home/jetros/ros2_ws/install/gazebo_ros_pkgs' in the environment variable AMENT_PREFIX_PATH doesn't exist
[2.257s] WARNING:colcon.colcon_ros.prefix_path.ament:The path '/home/jetros/ros2_ws/install/gazebo_msgs' in the environment variable AMENT_PREFIX_PATH doesn't exist
[2.258s] WARNING:colcon.colcon_ros.prefix_path.ament:The path '/home/jetros/ros2_ws/install/gazebo_dev' in the environment variable AMENT_PREFIX_PATH doesn't exist
[2.258s] WARNING:colcon.colcon_ros.prefix_path.ament:The path '/home/jetros/ros2_ws/install/emcl2' in the environment variable AMENT_PREFIX_PATH doesn't exist
[2.258s] WARNING:colcon.colcon_ros.prefix_path.ament:The path '/home/jetros/ros2_ws/install/complex_msgs' in the environment variable AMENT_PREFIX_PATH doesn't exist
[2.258s] WARNING:colcon.colcon_ros.prefix_path.ament:The path '/home/jetros/ros2_ws/install/cmd_vel_float_changer' in the environment variable AMENT_PREFIX_PATH doesn't exist
[2.258s] WARNING:colcon.colcon_ros.prefix_path.ament:The path '/home/jetros/ros2_ws/install/cartographer_rviz' in the environment variable AMENT_PREFIX_PATH doesn't exist
[2.258s] WARNING:colcon.colcon_ros.prefix_path.ament:The path '/home/jetros/ros2_ws/install/cartographer_ros' in the environment variable AMENT_PREFIX_PATH doesn't exist
[2.258s] WARNING:colcon.colcon_ros.prefix_path.ament:The path '/home/jetros/ros2_ws/install/cartographer_ros_msgs' in the environment variable AMENT_PREFIX_PATH doesn't exist
[2.258s] WARNING:colcon.colcon_ros.prefix_path.ament:The path '/home/jetros/ros2_ws/install/bringup' in the environment variable AMENT_PREFIX_PATH doesn't exist
[2.258s] WARNING:colcon.colcon_ros.prefix_path.catkin:The path '/home/jetros/ros2_ws/install/zed_ros2' in the environment variable CMAKE_PREFIX_PATH doesn't exist
[2.259s] WARNING:colcon.colcon_ros.prefix_path.catkin:The path '/home/jetros/ros2_ws/install/zed_robot_integration' in the environment variable CMAKE_PREFIX_PATH doesn't exist
[2.259s] WARNING:colcon.colcon_ros.prefix_path.catkin:The path '/home/jetros/ros2_ws/install/zed_ipc' in the environment variable CMAKE_PREFIX_PATH doesn't exist
[2.259s] WARNING:colcon.colcon_ros.prefix_path.catkin:The path '/home/jetros/ros2_ws/install/zed_multi_camera' in the environment variable CMAKE_PREFIX_PATH doesn't exist
[2.259s] WARNING:colcon.colcon_ros.prefix_path.catkin:The path '/home/jetros/ros2_ws/install/zed_display_rviz2' in the environment variable CMAKE_PREFIX_PATH doesn't exist
[2.259s] WARNING:colcon.colcon_ros.prefix_path.catkin:The path '/home/jetros/ros2_ws/install/zed_depth_to_laserscan' in the environment variable CMAKE_PREFIX_PATH doesn't exist
[2.259s] WARNING:colcon.colcon_ros.prefix_path.catkin:The path '/home/jetros/ros2_ws/install/zed_wrapper' in the environment variable CMAKE_PREFIX_PATH doesn't exist
[2.259s] WARNING:colcon.colcon_ros.prefix_path.catkin:The path '/home/jetros/ros2_ws/install/zed_tutorial_video' in the environment variable CMAKE_PREFIX_PATH doesn't exist
[2.260s] WARNING:colcon.colcon_ros.prefix_path.catkin:The path '/home/jetros/ros2_ws/install/zed_tutorial_pos_tracking' in the environment variable CMAKE_PREFIX_PATH doesn't exist
[2.260s] WARNING:colcon.colcon_ros.prefix_path.catkin:The path '/home/jetros/ros2_ws/install/zed_tutorial_depth' in the environment variable CMAKE_PREFIX_PATH doesn't exist
[2.260s] WARNING:colcon.colcon_ros.prefix_path.catkin:The path '/home/jetros/ros2_ws/install/zed_topic_benchmark' in the environment variable CMAKE_PREFIX_PATH doesn't exist
[2.260s] WARNING:colcon.colcon_ros.prefix_path.catkin:The path '/home/jetros/ros2_ws/install/zed_topic_benchmark_component' in the environment variable CMAKE_PREFIX_PATH doesn't exist
[2.260s] WARNING:colcon.colcon_ros.prefix_path.catkin:The path '/home/jetros/ros2_ws/install/zed_topic_benchmark_interfaces' in the environment variable CMAKE_PREFIX_PATH doesn't exist
[2.260s] WARNING:colcon.colcon_ros.prefix_path.catkin:The path '/home/jetros/ros2_ws/install/zed_rgb_convert' in the environment variable CMAKE_PREFIX_PATH doesn't exist
[2.260s] WARNING:colcon.colcon_ros.prefix_path.catkin:The path '/home/jetros/ros2_ws/install/zed_odom_watcher' in the environment variable CMAKE_PREFIX_PATH doesn't exist
[2.260s] WARNING:colcon.colcon_ros.prefix_path.catkin:The path '/home/jetros/ros2_ws/install/zed_human_tracker' in the environment variable CMAKE_PREFIX_PATH doesn't exist
[2.260s] WARNING:colcon.colcon_ros.prefix_path.catkin:The path '/home/jetros/ros2_ws/install/zed_aruco_localization' in the environment variable CMAKE_PREFIX_PATH doesn't exist
[2.260s] WARNING:colcon.colcon_ros.prefix_path.catkin:The path '/home/jetros/ros2_ws/install/zed_components' in the environment variable CMAKE_PREFIX_PATH doesn't exist
[2.261s] WARNING:colcon.colcon_ros.prefix_path.catkin:The path '/home/jetros/ros2_ws/install/rviz_plugin_zed_od' in the environment variable CMAKE_PREFIX_PATH doesn't exist
[2.261s] WARNING:colcon.colcon_ros.prefix_path.catkin:The path '/home/jetros/ros2_ws/install/zed_msgs' in the environment variable CMAKE_PREFIX_PATH doesn't exist
[2.261s] WARNING:colcon.colcon_ros.prefix_path.catkin:The path '/home/jetros/ros2_ws/install/zed_imu_republisher' in the environment variable CMAKE_PREFIX_PATH doesn't exist
[2.261s] WARNING:colcon.colcon_ros.prefix_path.catkin:The path '/home/jetros/ros2_ws/install/zed_goal_publisher' in the environment variable CMAKE_PREFIX_PATH doesn't exist
[2.261s] WARNING:colcon.colcon_ros.prefix_path.catkin:The path '/home/jetros/ros2_ws/install/voicevox_ros2_msgs' in the environment variable CMAKE_PREFIX_PATH doesn't exist
[2.261s] WARNING:colcon.colcon_ros.prefix_path.catkin:The path '/home/jetros/ros2_ws/install/orange_slam' in the environment variable CMAKE_PREFIX_PATH doesn't exist
[2.261s] WARNING:colcon.colcon_ros.prefix_path.catkin:The path '/home/jetros/ros2_ws/install/orange_navigation' in the environment variable CMAKE_PREFIX_PATH doesn't exist
[2.261s] WARNING:colcon.colcon_ros.prefix_path.catkin:The path '/home/jetros/ros2_ws/install/velodyne' in the environment variable CMAKE_PREFIX_PATH doesn't exist
[2.261s] WARNING:colcon.colcon_ros.prefix_path.catkin:The path '/home/jetros/ros2_ws/install/velodyne_pointcloud' in the environment variable CMAKE_PREFIX_PATH doesn't exist
[2.261s] WARNING:colcon.colcon_ros.prefix_path.catkin:The path '/home/jetros/ros2_ws/install/velodyne_driver' in the environment variable CMAKE_PREFIX_PATH doesn't exist
[2.261s] WARNING:colcon.colcon_ros.prefix_path.catkin:The path '/home/jetros/ros2_ws/install/velodyne_msgs' in the environment variable CMAKE_PREFIX_PATH doesn't exist
[2.261s] WARNING:colcon.colcon_ros.prefix_path.catkin:The path '/home/jetros/ros2_ws/install/velodyne_laserscan' in the environment variable CMAKE_PREFIX_PATH doesn't exist
[2.261s] WARNING:colcon.colcon_ros.prefix_path.catkin:The path '/home/jetros/ros2_ws/install/speech_recognition_msgs' in the environment variable CMAKE_PREFIX_PATH doesn't exist
[2.261s] WARNING:colcon.colcon_ros.prefix_path.catkin:The path '/home/jetros/ros2_ws/install/sllidar_ros2' in the environment variable CMAKE_PREFIX_PATH doesn't exist
[2.262s] WARNING:colcon.colcon_ros.prefix_path.catkin:The path '/home/jetros/ros2_ws/install/nav2_system_tests' in the environment variable CMAKE_PREFIX_PATH doesn't exist
[2.262s] WARNING:colcon.colcon_ros.prefix_path.catkin:The path '/home/jetros/ros2_ws/install/nav2_bringup' in the environment variable CMAKE_PREFIX_PATH doesn't exist
[2.262s] WARNING:colcon.colcon_ros.prefix_path.catkin:The path '/home/jetros/ros2_ws/install/slam_toolbox' in the environment variable CMAKE_PREFIX_PATH doesn't exist
[2.262s] WARNING:colcon.colcon_ros.prefix_path.catkin:The path '/home/jetros/ros2_ws/install/slam_gmapping' in the environment variable CMAKE_PREFIX_PATH doesn't exist
[2.262s] WARNING:colcon.colcon_ros.prefix_path.catkin:The path '/home/jetros/ros2_ws/install/safety_sensor' in the environment variable CMAKE_PREFIX_PATH doesn't exist
[2.262s] WARNING:colcon.colcon_ros.prefix_path.catkin:The path '/home/jetros/ros2_ws/install/rosidl_typesupport_microxrcedds_test_msg' in the environment variable CMAKE_PREFIX_PATH doesn't exist
[2.262s] WARNING:colcon.colcon_ros.prefix_path.catkin:The path '/home/jetros/ros2_ws/install/rosidl_typesupport_microxrcedds_cpp_tests' in the environment variable CMAKE_PREFIX_PATH doesn't exist
[2.262s] WARNING:colcon.colcon_ros.prefix_path.catkin:The path '/home/jetros/ros2_ws/install/micro_ros_demos_rclc' in the environment variable CMAKE_PREFIX_PATH doesn't exist
[2.262s] WARNING:colcon.colcon_ros.prefix_path.catkin:The path '/home/jetros/ros2_ws/install/rmw_microxrcedds' in the environment variable CMAKE_PREFIX_PATH doesn't exist
[2.262s] WARNING:colcon.colcon_ros.prefix_path.catkin:The path '/home/jetros/ros2_ws/install/rosidl_typesupport_microxrcedds_cpp' in the environment variable CMAKE_PREFIX_PATH doesn't exist
[2.262s] WARNING:colcon.colcon_ros.prefix_path.catkin:The path '/home/jetros/ros2_ws/install/rosidl_typesupport_microxrcedds_c_tests' in the environment variable CMAKE_PREFIX_PATH doesn't exist
[2.262s] WARNING:colcon.colcon_ros.prefix_path.catkin:The path '/home/jetros/ros2_ws/install/rosidl_typesupport_microxrcedds_c' in the environment variable CMAKE_PREFIX_PATH doesn't exist
[2.262s] WARNING:colcon.colcon_ros.prefix_path.catkin:The path '/home/jetros/ros2_ws/install/ros2_rs_pcl' in the environment variable CMAKE_PREFIX_PATH doesn't exist
[2.262s] WARNING:colcon.colcon_ros.prefix_path.catkin:The path '/home/jetros/ros2_ws/install/ros2_laser_scan_merger' in the environment variable CMAKE_PREFIX_PATH doesn't exist
[2.263s] WARNING:colcon.colcon_ros.prefix_path.catkin:The path '/home/jetros/ros2_ws/install/rf2o_laser_odometry' in the environment variable CMAKE_PREFIX_PATH doesn't exist
[2.263s] WARNING:colcon.colcon_ros.prefix_path.catkin:The path '/home/jetros/ros2_ws/install/rclc_examples' in the environment variable CMAKE_PREFIX_PATH doesn't exist
[2.263s] WARNING:colcon.colcon_ros.prefix_path.catkin:The path '/home/jetros/ros2_ws/install/rclc_parameter' in the environment variable CMAKE_PREFIX_PATH doesn't exist
[2.263s] WARNING:colcon.colcon_ros.prefix_path.catkin:The path '/home/jetros/ros2_ws/install/rclc_lifecycle' in the environment variable CMAKE_PREFIX_PATH doesn't exist
[2.263s] WARNING:colcon.colcon_ros.prefix_path.catkin:The path '/home/jetros/ros2_ws/install/rclc' in the environment variable CMAKE_PREFIX_PATH doesn't exist
[2.263s] WARNING:colcon.colcon_ros.prefix_path.catkin:The path '/home/jetros/ros2_ws/install/posedetection_msgs' in the environment variable CMAKE_PREFIX_PATH doesn't exist
[2.263s] WARNING:colcon.colcon_ros.prefix_path.catkin:The path '/home/jetros/ros2_ws/install/orange_gazebo' in the environment variable CMAKE_PREFIX_PATH doesn't exist
[2.263s] WARNING:colcon.colcon_ros.prefix_path.catkin:The path '/home/jetros/ros2_ws/install/orange_description' in the environment variable CMAKE_PREFIX_PATH doesn't exist
[2.263s] WARNING:colcon.colcon_ros.prefix_path.catkin:The path '/home/jetros/ros2_ws/install/orange_sensor_tools' in the environment variable CMAKE_PREFIX_PATH doesn't exist
[2.263s] WARNING:colcon.colcon_ros.prefix_path.catkin:The path '/home/jetros/ros2_ws/install/pointcloud_to_laserscan' in the environment variable CMAKE_PREFIX_PATH doesn't exist
[2.263s] WARNING:colcon.colcon_ros.prefix_path.catkin:The path '/home/jetros/ros2_ws/install/openslam_gmapping' in the environment variable CMAKE_PREFIX_PATH doesn't exist
[2.263s] WARNING:colcon.colcon_ros.prefix_path.catkin:The path '/home/jetros/ros2_ws/install/odom_publisher' in the environment variable CMAKE_PREFIX_PATH doesn't exist
[2.263s] WARNING:colcon.colcon_ros.prefix_path.catkin:The path '/home/jetros/ros2_ws/install/navigation2' in the environment variable CMAKE_PREFIX_PATH doesn't exist
[2.264s] WARNING:colcon.colcon_ros.prefix_path.catkin:The path '/home/jetros/ros2_ws/install/nav2_smoother' in the environment variable CMAKE_PREFIX_PATH doesn't exist
[2.264s] WARNING:colcon.colcon_ros.prefix_path.catkin:The path '/home/jetros/ros2_ws/install/nav2_rotation_shim_controller' in the environment variable CMAKE_PREFIX_PATH doesn't exist
[2.264s] WARNING:colcon.colcon_ros.prefix_path.catkin:The path '/home/jetros/ros2_ws/install/nav2_graceful_controller' in the environment variable CMAKE_PREFIX_PATH doesn't exist
[2.264s] WARNING:colcon.colcon_ros.prefix_path.catkin:The path '/home/jetros/ros2_ws/install/nav2_dwb_controller' in the environment variable CMAKE_PREFIX_PATH doesn't exist
[2.264s] WARNING:colcon.colcon_ros.prefix_path.catkin:The path '/home/jetros/ros2_ws/install/nav2_controller' in the environment variable CMAKE_PREFIX_PATH doesn't exist
[2.264s] WARNING:colcon.colcon_ros.prefix_path.catkin:The path '/home/jetros/ros2_ws/install/dwb_plugins' in the environment variable CMAKE_PREFIX_PATH doesn't exist
[2.264s] WARNING:colcon.colcon_ros.prefix_path.catkin:The path '/home/jetros/ros2_ws/install/dwb_critics' in the environment variable CMAKE_PREFIX_PATH doesn't exist
[2.264s] WARNING:colcon.colcon_ros.prefix_path.catkin:The path '/home/jetros/ros2_ws/install/dwb_core' in the environment variable CMAKE_PREFIX_PATH doesn't exist
[2.264s] WARNING:colcon.colcon_ros.prefix_path.catkin:The path '/home/jetros/ros2_ws/install/nav_2d_utils' in the environment variable CMAKE_PREFIX_PATH doesn't exist
[2.264s] WARNING:colcon.colcon_ros.prefix_path.catkin:The path '/home/jetros/ros2_ws/install/dwb_msgs' in the environment variable CMAKE_PREFIX_PATH doesn't exist
[2.264s] WARNING:colcon.colcon_ros.prefix_path.catkin:The path '/home/jetros/ros2_ws/install/nav_2d_msgs' in the environment variable CMAKE_PREFIX_PATH doesn't exist
[2.264s] WARNING:colcon.colcon_ros.prefix_path.catkin:The path '/home/jetros/ros2_ws/install/nav2_waypoint_follower' in the environment variable CMAKE_PREFIX_PATH doesn't exist
[2.264s] WARNING:colcon.colcon_ros.prefix_path.catkin:The path '/home/jetros/ros2_ws/install/nav2_theta_star_planner' in the environment variable CMAKE_PREFIX_PATH doesn't exist
[2.265s] WARNING:colcon.colcon_ros.prefix_path.catkin:The path '/home/jetros/ros2_ws/install/nav2_smac_planner' in the environment variable CMAKE_PREFIX_PATH doesn't exist
[2.265s] WARNING:colcon.colcon_ros.prefix_path.catkin:The path '/home/jetros/ros2_ws/install/nav2_route' in the environment variable CMAKE_PREFIX_PATH doesn't exist
[2.265s] WARNING:colcon.colcon_ros.prefix_path.catkin:The path '/home/jetros/ros2_ws/install/nav2_regulated_pure_pursuit_controller' in the environment variable CMAKE_PREFIX_PATH doesn't exist
[2.265s] WARNING:colcon.colcon_ros.prefix_path.catkin:The path '/home/jetros/ros2_ws/install/nav2_planner' in the environment variable CMAKE_PREFIX_PATH doesn't exist
[2.265s] WARNING:colcon.colcon_ros.prefix_path.catkin:The path '/home/jetros/ros2_ws/install/nav2_navfn_planner' in the environment variable CMAKE_PREFIX_PATH doesn't exist
[2.265s] WARNING:colcon.colcon_ros.prefix_path.catkin:The path '/home/jetros/ros2_ws/install/nav2_mppi_controller' in the environment variable CMAKE_PREFIX_PATH doesn't exist
[2.265s] WARNING:colcon.colcon_ros.prefix_path.catkin:The path '/home/jetros/ros2_ws/install/nav2_constrained_smoother' in the environment variable CMAKE_PREFIX_PATH doesn't exist
[2.265s] WARNING:colcon.colcon_ros.prefix_path.catkin:The path '/home/jetros/ros2_ws/install/nav2_bt_navigator' in the environment variable CMAKE_PREFIX_PATH doesn't exist
[2.265s] WARNING:colcon.colcon_ros.prefix_path.catkin:The path '/home/jetros/ros2_ws/install/nav2_behaviors' in the environment variable CMAKE_PREFIX_PATH doesn't exist
[2.265s] WARNING:colcon.colcon_ros.prefix_path.catkin:The path '/home/jetros/ros2_ws/install/nav2_core' in the environment variable CMAKE_PREFIX_PATH doesn't exist
[2.265s] WARNING:colcon.colcon_ros.prefix_path.catkin:The path '/home/jetros/ros2_ws/install/nav2_collision_monitor' in the environment variable CMAKE_PREFIX_PATH doesn't exist
[2.265s] WARNING:colcon.colcon_ros.prefix_path.catkin:The path '/home/jetros/ros2_ws/install/costmap_queue' in the environment variable CMAKE_PREFIX_PATH doesn't exist
[2.266s] WARNING:colcon.colcon_ros.prefix_path.catkin:The path '/home/jetros/ros2_ws/install/nav2_costmap_2d' in the environment variable CMAKE_PREFIX_PATH doesn't exist
[2.266s] WARNING:colcon.colcon_ros.prefix_path.catkin:The path '/home/jetros/ros2_ws/install/nav2_voxel_grid' in the environment variable CMAKE_PREFIX_PATH doesn't exist
[2.266s] WARNING:colcon.colcon_ros.prefix_path.catkin:The path '/home/jetros/ros2_ws/install/nav2_velocity_smoother' in the environment variable CMAKE_PREFIX_PATH doesn't exist
[2.266s] WARNING:colcon.colcon_ros.prefix_path.catkin:The path '/home/jetros/ros2_ws/install/nav2_rviz_plugins' in the environment variable CMAKE_PREFIX_PATH doesn't exist
[2.266s] WARNING:colcon.colcon_ros.prefix_path.catkin:The path '/home/jetros/ros2_ws/install/nav2_map_server' in the environment variable CMAKE_PREFIX_PATH doesn't exist
[2.266s] WARNING:colcon.colcon_ros.prefix_path.catkin:The path '/home/jetros/ros2_ws/install/nav2_lifecycle_manager' in the environment variable CMAKE_PREFIX_PATH doesn't exist
[2.266s] WARNING:colcon.colcon_ros.prefix_path.catkin:The path '/home/jetros/ros2_ws/install/nav2_behavior_tree' in the environment variable CMAKE_PREFIX_PATH doesn't exist
[2.266s] WARNING:colcon.colcon_ros.prefix_path.catkin:The path '/home/jetros/ros2_ws/install/nav2_amcl' in the environment variable CMAKE_PREFIX_PATH doesn't exist
[2.266s] WARNING:colcon.colcon_ros.prefix_path.catkin:The path '/home/jetros/ros2_ws/install/nav2_util' in the environment variable CMAKE_PREFIX_PATH doesn't exist
[2.266s] WARNING:colcon.colcon_ros.prefix_path.catkin:The path '/home/jetros/ros2_ws/install/nav2_msgs' in the environment variable CMAKE_PREFIX_PATH doesn't exist
[2.266s] WARNING:colcon.colcon_ros.prefix_path.catkin:The path '/home/jetros/ros2_ws/install/nav2_common' in the environment variable CMAKE_PREFIX_PATH doesn't exist
[2.267s] WARNING:colcon.colcon_ros.prefix_path.catkin:The path '/home/jetros/ros2_ws/install/microxrcedds_client' in the environment variable CMAKE_PREFIX_PATH doesn't exist
[2.267s] WARNING:colcon.colcon_ros.prefix_path.catkin:The path '/home/jetros/ros2_ws/install/microcdr' in the environment variable CMAKE_PREFIX_PATH doesn't exist
[2.267s] WARNING:colcon.colcon_ros.prefix_path.catkin:The path '/home/jetros/ros2_ws/install/micro_ros_utilities' in the environment variable CMAKE_PREFIX_PATH doesn't exist
[2.267s] WARNING:colcon.colcon_ros.prefix_path.catkin:The path '/home/jetros/ros2_ws/install/micro_ros_setup' in the environment variable CMAKE_PREFIX_PATH doesn't exist
[2.267s] WARNING:colcon.colcon_ros.prefix_path.catkin:The path '/home/jetros/ros2_ws/install/micro_ros_agent' in the environment variable CMAKE_PREFIX_PATH doesn't exist
[2.267s] WARNING:colcon.colcon_ros.prefix_path.catkin:The path '/home/jetros/ros2_ws/install/micro_ros_msgs' in the environment variable CMAKE_PREFIX_PATH doesn't exist
[2.267s] WARNING:colcon.colcon_ros.prefix_path.catkin:The path '/home/jetros/ros2_ws/install/mark3_urdf' in the environment variable CMAKE_PREFIX_PATH doesn't exist
[2.267s] WARNING:colcon.colcon_ros.prefix_path.catkin:The path '/home/jetros/ros2_ws/install/ldlidar_stl_ros2' in the environment variable CMAKE_PREFIX_PATH doesn't exist
[2.267s] WARNING:colcon.colcon_ros.prefix_path.catkin:The path '/home/jetros/ros2_ws/install/ldlidar' in the environment variable CMAKE_PREFIX_PATH doesn't exist
[2.267s] WARNING:colcon.colcon_ros.prefix_path.catkin:The path '/home/jetros/ros2_ws/install/laser_merger2' in the environment variable CMAKE_PREFIX_PATH doesn't exist
[2.267s] WARNING:colcon.colcon_ros.prefix_path.catkin:The path '/home/jetros/ros2_ws/install/laser_filters' in the environment variable CMAKE_PREFIX_PATH doesn't exist
[2.267s] WARNING:colcon.colcon_ros.prefix_path.catkin:The path '/home/jetros/ros2_ws/install/jsk_visualization' in the environment variable CMAKE_PREFIX_PATH doesn't exist
[2.267s] WARNING:colcon.colcon_ros.prefix_path.catkin:The path '/home/jetros/ros2_ws/install/jsk_rviz_plugins' in the environment variable CMAKE_PREFIX_PATH doesn't exist
[2.267s] WARNING:colcon.colcon_ros.prefix_path.catkin:The path '/home/jetros/ros2_ws/install/jsk_topic_tools' in the environment variable CMAKE_PREFIX_PATH doesn't exist
[2.267s] WARNING:colcon.colcon_ros.prefix_path.catkin:The path '/home/jetros/ros2_ws/install/jsk_rviz_plugin_msgs' in the environment variable CMAKE_PREFIX_PATH doesn't exist
[2.268s] WARNING:colcon.colcon_ros.prefix_path.catkin:The path '/home/jetros/ros2_ws/install/jsk_recognition_msgs' in the environment variable CMAKE_PREFIX_PATH doesn't exist
[2.268s] WARNING:colcon.colcon_ros.prefix_path.catkin:The path '/home/jetros/ros2_ws/install/jsk_hark_msgs' in the environment variable CMAKE_PREFIX_PATH doesn't exist
[2.268s] WARNING:colcon.colcon_ros.prefix_path.catkin:The path '/home/jetros/ros2_ws/install/jsk_gui_msgs' in the environment variable CMAKE_PREFIX_PATH doesn't exist
[2.268s] WARNING:colcon.colcon_ros.prefix_path.catkin:The path '/home/jetros/ros2_ws/install/jsk_footstep_msgs' in the environment variable CMAKE_PREFIX_PATH doesn't exist
[2.268s] WARNING:colcon.colcon_ros.prefix_path.catkin:The path '/home/jetros/ros2_ws/install/joy_mecanum_controller' in the environment variable CMAKE_PREFIX_PATH doesn't exist
[2.268s] WARNING:colcon.colcon_ros.prefix_path.catkin:The path '/home/jetros/ros2_ws/install/gazebo_ros_pkgs' in the environment variable CMAKE_PREFIX_PATH doesn't exist
[2.268s] WARNING:colcon.colcon_ros.prefix_path.catkin:The path '/home/jetros/ros2_ws/install/gazebo_msgs' in the environment variable CMAKE_PREFIX_PATH doesn't exist
[2.268s] WARNING:colcon.colcon_ros.prefix_path.catkin:The path '/home/jetros/ros2_ws/install/gazebo_dev' in the environment variable CMAKE_PREFIX_PATH doesn't exist
[2.268s] WARNING:colcon.colcon_ros.prefix_path.catkin:The path '/home/jetros/ros2_ws/install/emcl2' in the environment variable CMAKE_PREFIX_PATH doesn't exist
[2.268s] WARNING:colcon.colcon_ros.prefix_path.catkin:The path '/home/jetros/ros2_ws/install/complex_msgs' in the environment variable CMAKE_PREFIX_PATH doesn't exist
[2.268s] WARNING:colcon.colcon_ros.prefix_path.catkin:The path '/home/jetros/ros2_ws/install/cmd_vel_float_changer' in the environment variable CMAKE_PREFIX_PATH doesn't exist
[2.269s] WARNING:colcon.colcon_ros.prefix_path.catkin:The path '/home/jetros/ros2_ws/install/cartographer_rviz' in the environment variable CMAKE_PREFIX_PATH doesn't exist
[2.269s] WARNING:colcon.colcon_ros.prefix_path.catkin:The path '/home/jetros/ros2_ws/install/cartographer_ros' in the environment variable CMAKE_PREFIX_PATH doesn't exist
[2.269s] WARNING:colcon.colcon_ros.prefix_path.catkin:The path '/home/jetros/ros2_ws/install/cartographer_ros_msgs' in the environment variable CMAKE_PREFIX_PATH doesn't exist
[2.269s] WARNING:colcon.colcon_ros.prefix_path.catkin:The path '/home/jetros/ros2_ws/install/bringup' in the environment variable CMAKE_PREFIX_PATH doesn't exist
Starting >>> isaac_ros_visual_slam_interfaces
Finished <<< isaac_ros_visual_slam_interfaces [22.7s]
Starting >>> isaac_ros_visual_slam
[25.166s] ERROR:colcon.colcon_cmake.task.cmake.build:Failed to find the following files:
- /home/jetros/ros2_ws/install/negotiated_interfaces/share/negotiated_interfaces/package.sh
- /home/jetros/ros2_ws/install/isaac_ros_gxf/share/isaac_ros_gxf/package.sh
- /home/jetros/ros2_ws/install/negotiated/share/negotiated/package.sh
- /home/jetros/ros2_ws/install/gxf_isaac_gems/share/gxf_isaac_gems/package.sh
- /home/jetros/ros2_ws/install/gxf_isaac_message_compositor/share/gxf_isaac_message_compositor/package.sh
- /home/jetros/ros2_ws/install/gxf_isaac_optimizer/share/gxf_isaac_optimizer/package.sh
- /home/jetros/ros2_ws/install/gxf_isaac_sight/share/gxf_isaac_sight/package.sh
- /home/jetros/ros2_ws/install/gxf_isaac_atlas/share/gxf_isaac_atlas/package.sh
- /home/jetros/ros2_ws/install/gxf_isaac_gxf_helpers/share/gxf_isaac_gxf_helpers/package.sh
- /home/jetros/ros2_ws/install/gxf_isaac_messages/share/gxf_isaac_messages/package.sh
- /home/jetros/ros2_ws/install/gxf_isaac_tensorops/share/gxf_isaac_tensorops/package.sh
- /home/jetros/ros2_ws/install/isaac_ros_nitros/share/isaac_ros_nitros/package.sh
- /home/jetros/ros2_ws/install/isaac_ros_nitros_camera_info_type/share/isaac_ros_nitros_camera_info_type/package.sh
- /home/jetros/ros2_ws/install/isaac_ros_nitros_image_type/share/isaac_ros_nitros_image_type/package.sh
- /home/jetros/ros2_ws/install/isaac_ros_nitros_tensor_list_type/share/isaac_ros_nitros_tensor_list_type/package.sh
- /home/jetros/ros2_ws/install/isaac_ros_managed_nitros/share/isaac_ros_managed_nitros/package.sh
- /home/jetros/ros2_ws/install/isaac_ros_image_proc/share/isaac_ros_image_proc/package.sh
Check that the following packages have been built:
- negotiated_interfaces
- isaac_ros_gxf
- negotiated
- gxf_isaac_gems
- gxf_isaac_message_compositor
- gxf_isaac_optimizer
- gxf_isaac_sight
- gxf_isaac_atlas
- gxf_isaac_gxf_helpers
- gxf_isaac_messages
- gxf_isaac_tensorops
- isaac_ros_nitros
- isaac_ros_nitros_camera_info_type
- isaac_ros_nitros_image_type
- isaac_ros_nitros_tensor_list_type
- isaac_ros_managed_nitros
- isaac_ros_image_proc
Failed   <<< isaac_ros_visual_slam [0.03s, exited with code 1]

Summary: 1 package finished [25.0s]
  1 package failed: isaac_ros_visual_slam
[0;32m[INFO][0m Stage 12: Building Isaac ROS Nvblox...
                                                                                                                                                                                                                                                                                                                                                                                                         